  Determining projects to restore...
  All projects are up-to-date for restore.
E:\vs\Projects\PlatformIndependentNuGetPackages\SunamoFileSystem\SunamoFileSystem\_sunamo\SunamoCollections\CA.cs(79,54): warning CS8625: Cannot convert null literal to non-nullable reference type. [E:\vs\Projects\PlatformIndependentNuGetPackages\SunamoFileSystem\SunamoFileSystem\SunamoFileSystem.csproj::TargetFramework=net8.0]
E:\vs\Projects\PlatformIndependentNuGetPackages\SunamoFileSystem\SunamoFileSystem\_sunamo\SunamoGetFolders\FSGetFolders.cs(16,100): warning CS8625: Cannot convert null literal to non-nullable reference type. [E:\vs\Projects\PlatformIndependentNuGetPackages\SunamoFileSystem\SunamoFileSystem\SunamoFileSystem.csproj::TargetFramework=net8.0]
E:\vs\Projects\PlatformIndependentNuGetPackages\SunamoFileSystem\SunamoFileSystem\_sunamo\SunamoGetFolders\FSGetFolders.cs(70,90): warning CS8625: Cannot convert null literal to non-nullable reference type. [E:\vs\Projects\PlatformIndependentNuGetPackages\SunamoFileSystem\SunamoFileSystem\SunamoFileSystem.csproj::TargetFramework=net8.0]
E:\vs\Projects\PlatformIndependentNuGetPackages\SunamoFileSystem\SunamoFileSystem\_sunamo\SunamoGetFiles\FSGetFiles.cs(206,28): warning CS8625: Cannot convert null literal to non-nullable reference type. [E:\vs\Projects\PlatformIndependentNuGetPackages\SunamoFileSystem\SunamoFileSystem\SunamoFileSystem.csproj::TargetFramework=net8.0]
E:\vs\Projects\PlatformIndependentNuGetPackages\SunamoFileSystem\SunamoFileSystem\_sunamo\SunamoGetFiles\FSGetFiles.cs(57,39): warning CS8625: Cannot convert null literal to non-nullable reference type. [E:\vs\Projects\PlatformIndependentNuGetPackages\SunamoFileSystem\SunamoFileSystem\SunamoFileSystem.csproj::TargetFramework=net8.0]
E:\vs\Projects\PlatformIndependentNuGetPackages\SunamoFileSystem\SunamoFileSystem\_sunamo\SunamoGetFiles\FSGetFiles.cs(289,34): warning CS8625: Cannot convert null literal to non-nullable reference type. [E:\vs\Projects\PlatformIndependentNuGetPackages\SunamoFileSystem\SunamoFileSystem\SunamoFileSystem.csproj::TargetFramework=net8.0]
E:\vs\Projects\PlatformIndependentNuGetPackages\SunamoFileSystem\SunamoFileSystem\_sunamo\SunamoGetFiles\FSGetFiles.cs(410,28): warning CS8625: Cannot convert null literal to non-nullable reference type. [E:\vs\Projects\PlatformIndependentNuGetPackages\SunamoFileSystem\SunamoFileSystem\SunamoFileSystem.csproj::TargetFramework=net8.0]
E:\vs\Projects\PlatformIndependentNuGetPackages\SunamoFileSystem\SunamoFileSystem\FS.cs(269,77): warning CS8625: Cannot convert null literal to non-nullable reference type. [E:\vs\Projects\PlatformIndependentNuGetPackages\SunamoFileSystem\SunamoFileSystem\SunamoFileSystem.csproj::TargetFramework=net8.0]
E:\vs\Projects\PlatformIndependentNuGetPackages\SunamoFileSystem\SunamoFileSystem\FS.cs(1238,161): warning CS8625: Cannot convert null literal to non-nullable reference type. [E:\vs\Projects\PlatformIndependentNuGetPackages\SunamoFileSystem\SunamoFileSystem\SunamoFileSystem.csproj::TargetFramework=net8.0]
E:\vs\Projects\PlatformIndependentNuGetPackages\SunamoFileSystem\SunamoFileSystem\FS.cs(1409,98): warning CS8625: Cannot convert null literal to non-nullable reference type. [E:\vs\Projects\PlatformIndependentNuGetPackages\SunamoFileSystem\SunamoFileSystem\SunamoFileSystem.csproj::TargetFramework=net8.0]
E:\vs\Projects\PlatformIndependentNuGetPackages\SunamoFileSystem\SunamoFileSystem\FS.cs(1444,103): warning CS8625: Cannot convert null literal to non-nullable reference type. [E:\vs\Projects\PlatformIndependentNuGetPackages\SunamoFileSystem\SunamoFileSystem\SunamoFileSystem.csproj::TargetFramework=net8.0]
E:\vs\Projects\PlatformIndependentNuGetPackages\SunamoFileSystem\SunamoFileSystem\FS.cs(2599,147): warning CS8625: Cannot convert null literal to non-nullable reference type. [E:\vs\Projects\PlatformIndependentNuGetPackages\SunamoFileSystem\SunamoFileSystem\SunamoFileSystem.csproj::TargetFramework=net8.0]
E:\vs\Projects\PlatformIndependentNuGetPackages\SunamoFileSystem\SunamoFileSystem\FS.cs(2610,136): warning CS8625: Cannot convert null literal to non-nullable reference type. [E:\vs\Projects\PlatformIndependentNuGetPackages\SunamoFileSystem\SunamoFileSystem\SunamoFileSystem.csproj::TargetFramework=net8.0]
E:\vs\Projects\PlatformIndependentNuGetPackages\SunamoFileSystem\SunamoFileSystem\_sunamo\SunamoArgs\GetFilesBaseArgsFS.cs(10,51): warning CS8625: Cannot convert null literal to non-nullable reference type. [E:\vs\Projects\PlatformIndependentNuGetPackages\SunamoFileSystem\SunamoFileSystem\SunamoFileSystem.csproj::TargetFramework=net8.0]
E:\vs\Projects\PlatformIndependentNuGetPackages\SunamoFileSystem\SunamoFileSystem\_public\SunamoData\Data\TWithInt.cs(28,16): warning CS8603: Possible null reference return. [E:\vs\Projects\PlatformIndependentNuGetPackages\SunamoFileSystem\SunamoFileSystem\SunamoFileSystem.csproj::TargetFramework=net8.0]
E:\vs\Projects\PlatformIndependentNuGetPackages\SunamoFileSystem\SunamoFileSystem\_public\SunamoCollectionsGeneric\Collections\FsWatcherDictionary.cs(14,20): warning CS8603: Possible null reference return. [E:\vs\Projects\PlatformIndependentNuGetPackages\SunamoFileSystem\SunamoFileSystem\SunamoFileSystem.csproj::TargetFramework=net8.0]
E:\vs\Projects\PlatformIndependentNuGetPackages\SunamoFileSystem\SunamoFileSystem\FS.cs(20,17): warning CS8602: Dereference of a possibly null reference. [E:\vs\Projects\PlatformIndependentNuGetPackages\SunamoFileSystem\SunamoFileSystem\SunamoFileSystem.csproj::TargetFramework=net8.0]
E:\vs\Projects\PlatformIndependentNuGetPackages\SunamoFileSystem\SunamoFileSystem\_sunamo\SunamoCollections\CA.cs(17,50): warning CS8604: Possible null reference argument for parameter 'item' in 'void List<T>.Add(T item)'. [E:\vs\Projects\PlatformIndependentNuGetPackages\SunamoFileSystem\SunamoFileSystem\SunamoFileSystem.csproj::TargetFramework=net8.0]
E:\vs\Projects\PlatformIndependentNuGetPackages\SunamoFileSystem\SunamoFileSystem\_sunamo\SunamoCollectionsChangeContent\CAChangeContent.cs(20,47): warning CS8625: Cannot convert null literal to non-nullable reference type. [E:\vs\Projects\PlatformIndependentNuGetPackages\SunamoFileSystem\SunamoFileSystem\SunamoFileSystem.csproj::TargetFramework=net8.0]
E:\vs\Projects\PlatformIndependentNuGetPackages\SunamoFileSystem\SunamoFileSystem\_sunamo\SunamoGetFolders\FSGetFolders.cs(18,32): warning CS8600: Converting null literal or possible null value to non-nullable type. [E:\vs\Projects\PlatformIndependentNuGetPackages\SunamoFileSystem\SunamoFileSystem\SunamoFileSystem.csproj::TargetFramework=net8.0]
E:\vs\Projects\PlatformIndependentNuGetPackages\SunamoFileSystem\SunamoFileSystem\_sunamo\SunamoGetFolders\FSGetFolders.cs(23,54): warning CS8625: Cannot convert null literal to non-nullable reference type. [E:\vs\Projects\PlatformIndependentNuGetPackages\SunamoFileSystem\SunamoFileSystem\SunamoFileSystem.csproj::TargetFramework=net8.0]
E:\vs\Projects\PlatformIndependentNuGetPackages\SunamoFileSystem\SunamoFileSystem\_sunamo\SunamoGetFolders\Args\GetFoldersEveryFolderArgs.cs(14,62): warning CS8625: Cannot convert null literal to non-nullable reference type. [E:\vs\Projects\PlatformIndependentNuGetPackages\SunamoFileSystem\SunamoFileSystem\SunamoFileSystem.csproj::TargetFramework=net8.0]
E:\vs\Projects\PlatformIndependentNuGetPackages\SunamoFileSystem\SunamoFileSystem\_sunamo\SunamoStringParts\SHParts.cs(8,36): warning CS8604: Possible null reference argument for parameter 'value' in 'int string.LastIndexOf(string value)'. [E:\vs\Projects\PlatformIndependentNuGetPackages\SunamoFileSystem\SunamoFileSystem\SunamoFileSystem.csproj::TargetFramework=net8.0]
E:\vs\Projects\PlatformIndependentNuGetPackages\SunamoFileSystem\SunamoFileSystem\_public\SunamoCollectionsGeneric\Collections\FsWatcherDictionary.cs(74,45): warning CS8601: Possible null reference assignment. [E:\vs\Projects\PlatformIndependentNuGetPackages\SunamoFileSystem\SunamoFileSystem\SunamoFileSystem.csproj::TargetFramework=net8.0]
E:\vs\Projects\PlatformIndependentNuGetPackages\SunamoFileSystem\SunamoFileSystem\FS.cs(72,44): warning CS8604: Possible null reference argument for parameter 'path' in 'void FS.CreateFoldersPsysicallyUnlessThere(string path)'. [E:\vs\Projects\PlatformIndependentNuGetPackages\SunamoFileSystem\SunamoFileSystem\SunamoFileSystem.csproj::TargetFramework=net8.0]
E:\vs\Projects\PlatformIndependentNuGetPackages\SunamoFileSystem\SunamoFileSystem\FS.cs(92,20): warning CS8600: Converting null literal or possible null value to non-nullable type. [E:\vs\Projects\PlatformIndependentNuGetPackages\SunamoFileSystem\SunamoFileSystem\SunamoFileSystem.csproj::TargetFramework=net8.0]
E:\vs\Projects\PlatformIndependentNuGetPackages\SunamoFileSystem\SunamoFileSystem\FS.cs(95,33): warning CS8604: Possible null reference argument for parameter 'item' in 'void List<string>.Add(string item)'. [E:\vs\Projects\PlatformIndependentNuGetPackages\SunamoFileSystem\SunamoFileSystem\SunamoFileSystem.csproj::TargetFramework=net8.0]
E:\vs\Projects\PlatformIndependentNuGetPackages\SunamoFileSystem\SunamoFileSystem\_sunamo\SunamoDictionary\DictionaryHelper.cs(73,21): warning CS8604: Possible null reference argument for parameter 'first' in 'bool Enumerable.SequenceEqual<ColType>(IEnumerable<ColType> first, IEnumerable<ColType> second)'. [E:\vs\Projects\PlatformIndependentNuGetPackages\SunamoFileSystem\SunamoFileSystem\SunamoFileSystem.csproj::TargetFramework=net8.0]
E:\vs\Projects\PlatformIndependentNuGetPackages\SunamoFileSystem\SunamoFileSystem\_sunamo\SunamoDictionary\DictionaryHelper.cs(73,55): warning CS8604: Possible null reference argument for parameter 'second' in 'bool Enumerable.SequenceEqual<ColType>(IEnumerable<ColType> first, IEnumerable<ColType> second)'. [E:\vs\Projects\PlatformIndependentNuGetPackages\SunamoFileSystem\SunamoFileSystem\SunamoFileSystem.csproj::TargetFramework=net8.0]
E:\vs\Projects\PlatformIndependentNuGetPackages\SunamoFileSystem\SunamoFileSystem\_sunamo\SunamoDictionary\DictionaryHelper.cs(81,25): warning CS8604: Possible null reference argument for parameter 'first' in 'bool Enumerable.SequenceEqual<ColType>(IEnumerable<ColType> first, IEnumerable<ColType> second)'. [E:\vs\Projects\PlatformIndependentNuGetPackages\SunamoFileSystem\SunamoFileSystem\SunamoFileSystem.csproj::TargetFramework=net8.0]
E:\vs\Projects\PlatformIndependentNuGetPackages\SunamoFileSystem\SunamoFileSystem\_sunamo\SunamoDictionary\DictionaryHelper.cs(81,59): warning CS8604: Possible null reference argument for parameter 'second' in 'bool Enumerable.SequenceEqual<ColType>(IEnumerable<ColType> first, IEnumerable<ColType> second)'. [E:\vs\Projects\PlatformIndependentNuGetPackages\SunamoFileSystem\SunamoFileSystem\SunamoFileSystem.csproj::TargetFramework=net8.0]
E:\vs\Projects\PlatformIndependentNuGetPackages\SunamoFileSystem\SunamoFileSystem\_sunamo\SunamoDictionary\DictionaryHelper.cs(99,36): warning CS8602: Dereference of a possibly null reference. [E:\vs\Projects\PlatformIndependentNuGetPackages\SunamoFileSystem\SunamoFileSystem\SunamoFileSystem.csproj::TargetFramework=net8.0]
E:\vs\Projects\PlatformIndependentNuGetPackages\SunamoFileSystem\SunamoFileSystem\_sunamo\SunamoDictionary\DictionaryHelper.cs(99,36): warning CS8604: Possible null reference argument for parameter 'item' in 'void List<string>.Add(string item)'. [E:\vs\Projects\PlatformIndependentNuGetPackages\SunamoFileSystem\SunamoFileSystem\SunamoFileSystem.csproj::TargetFramework=net8.0]
E:\vs\Projects\PlatformIndependentNuGetPackages\SunamoFileSystem\SunamoFileSystem\_sunamo\SunamoDictionary\DictionaryHelper.cs(100,21): warning CS8602: Dereference of a possibly null reference. [E:\vs\Projects\PlatformIndependentNuGetPackages\SunamoFileSystem\SunamoFileSystem\SunamoFileSystem.csproj::TargetFramework=net8.0]
E:\vs\Projects\PlatformIndependentNuGetPackages\SunamoFileSystem\SunamoFileSystem\_sunamo\SunamoDictionary\DictionaryHelper.cs(116,33): warning CS8602: Dereference of a possibly null reference. [E:\vs\Projects\PlatformIndependentNuGetPackages\SunamoFileSystem\SunamoFileSystem\SunamoFileSystem.csproj::TargetFramework=net8.0]
E:\vs\Projects\PlatformIndependentNuGetPackages\SunamoFileSystem\SunamoFileSystem\_sunamo\SunamoDictionary\DictionaryHelper.cs(116,58): warning CS8602: Dereference of a possibly null reference. [E:\vs\Projects\PlatformIndependentNuGetPackages\SunamoFileSystem\SunamoFileSystem\SunamoFileSystem.csproj::TargetFramework=net8.0]
E:\vs\Projects\PlatformIndependentNuGetPackages\SunamoFileSystem\SunamoFileSystem\_sunamo\SunamoDictionary\DictionaryHelper.cs(116,58): warning CS8604: Possible null reference argument for parameter 'item' in 'bool List<string>.Contains(string item)'. [E:\vs\Projects\PlatformIndependentNuGetPackages\SunamoFileSystem\SunamoFileSystem\SunamoFileSystem.csproj::TargetFramework=net8.0]
E:\vs\Projects\PlatformIndependentNuGetPackages\SunamoFileSystem\SunamoFileSystem\_sunamo\SunamoDictionary\DictionaryHelper.cs(128,56): warning CS8602: Dereference of a possibly null reference. [E:\vs\Projects\PlatformIndependentNuGetPackages\SunamoFileSystem\SunamoFileSystem\SunamoFileSystem.csproj::TargetFramework=net8.0]
E:\vs\Projects\PlatformIndependentNuGetPackages\SunamoFileSystem\SunamoFileSystem\_sunamo\SunamoDictionary\DictionaryHelper.cs(130,82): warning CS8602: Dereference of a possibly null reference. [E:\vs\Projects\PlatformIndependentNuGetPackages\SunamoFileSystem\SunamoFileSystem\SunamoFileSystem.csproj::TargetFramework=net8.0]
E:\vs\Projects\PlatformIndependentNuGetPackages\SunamoFileSystem\SunamoFileSystem\_sunamo\SunamoDictionary\DictionaryHelper.cs(130,82): warning CS8604: Possible null reference argument for parameter 'item' in 'void List<string>.Add(string item)'. [E:\vs\Projects\PlatformIndependentNuGetPackages\SunamoFileSystem\SunamoFileSystem\SunamoFileSystem.csproj::TargetFramework=net8.0]
E:\vs\Projects\PlatformIndependentNuGetPackages\SunamoFileSystem\SunamoFileSystem\_sunamo\SunamoDictionary\DictionaryHelper.cs(149,30): warning CS8602: Dereference of a possibly null reference. [E:\vs\Projects\PlatformIndependentNuGetPackages\SunamoFileSystem\SunamoFileSystem\SunamoFileSystem.csproj::TargetFramework=net8.0]
E:\vs\Projects\PlatformIndependentNuGetPackages\SunamoFileSystem\SunamoFileSystem\_sunamo\SunamoDictionary\DictionaryHelper.cs(152,44): warning CS8602: Dereference of a possibly null reference. [E:\vs\Projects\PlatformIndependentNuGetPackages\SunamoFileSystem\SunamoFileSystem\SunamoFileSystem.csproj::TargetFramework=net8.0]
E:\vs\Projects\PlatformIndependentNuGetPackages\SunamoFileSystem\SunamoFileSystem\_sunamo\SunamoDictionary\DictionaryHelper.cs(152,44): warning CS8604: Possible null reference argument for parameter 'item' in 'void List<string>.Add(string item)'. [E:\vs\Projects\PlatformIndependentNuGetPackages\SunamoFileSystem\SunamoFileSystem\SunamoFileSystem.csproj::TargetFramework=net8.0]
E:\vs\Projects\PlatformIndependentNuGetPackages\SunamoFileSystem\SunamoFileSystem\_sunamo\SunamoDictionary\DictionaryHelper.cs(157,49): warning CS8602: Dereference of a possibly null reference. [E:\vs\Projects\PlatformIndependentNuGetPackages\SunamoFileSystem\SunamoFileSystem\SunamoFileSystem.csproj::TargetFramework=net8.0]
E:\vs\Projects\PlatformIndependentNuGetPackages\SunamoFileSystem\SunamoFileSystem\_sunamo\SunamoDictionary\DictionaryHelper.cs(157,49): warning CS8604: Possible null reference argument for parameter 'item' in 'void List<string>.Add(string item)'. [E:\vs\Projects\PlatformIndependentNuGetPackages\SunamoFileSystem\SunamoFileSystem\SunamoFileSystem.csproj::TargetFramework=net8.0]
E:\vs\Projects\PlatformIndependentNuGetPackages\SunamoFileSystem\SunamoFileSystem\_sunamo\SunamoGetFiles\FSGetFiles.cs(64,29): warning CS8600: Converting null literal or possible null value to non-nullable type. [E:\vs\Projects\PlatformIndependentNuGetPackages\SunamoFileSystem\SunamoFileSystem\SunamoFileSystem.csproj::TargetFramework=net8.0]
E:\vs\Projects\PlatformIndependentNuGetPackages\SunamoFileSystem\SunamoFileSystem\_sunamo\SunamoGetFiles\FSGetFiles.cs(76,13): warning CS8602: Dereference of a possibly null reference. [E:\vs\Projects\PlatformIndependentNuGetPackages\SunamoFileSystem\SunamoFileSystem\SunamoFileSystem.csproj::TargetFramework=net8.0]
E:\vs\Projects\PlatformIndependentNuGetPackages\SunamoFileSystem\SunamoFileSystem\_sunamo\SunamoGetFiles\FSGetFiles.cs(77,13): warning CS8602: Dereference of a possibly null reference. [E:\vs\Projects\PlatformIndependentNuGetPackages\SunamoFileSystem\SunamoFileSystem\SunamoFileSystem.csproj::TargetFramework=net8.0]
E:\vs\Projects\PlatformIndependentNuGetPackages\SunamoFileSystem\SunamoFileSystem\_sunamo\SunamoGetFiles\FSGetFiles.cs(86,25): warning CS8600: Converting null literal or possible null value to non-nullable type. [E:\vs\Projects\PlatformIndependentNuGetPackages\SunamoFileSystem\SunamoFileSystem\SunamoFileSystem.csproj::TargetFramework=net8.0]
E:\vs\Projects\PlatformIndependentNuGetPackages\SunamoFileSystem\SunamoFileSystem\_sunamo\SunamoGetFiles\FSGetFiles.cs(122,13): warning CS8602: Dereference of a possibly null reference. [E:\vs\Projects\PlatformIndependentNuGetPackages\SunamoFileSystem\SunamoFileSystem\SunamoFileSystem.csproj::TargetFramework=net8.0]
E:\vs\Projects\PlatformIndependentNuGetPackages\SunamoFileSystem\SunamoFileSystem\_sunamo\SunamoGetFiles\FSGetFiles.cs(123,13): warning CS8602: Dereference of a possibly null reference. [E:\vs\Projects\PlatformIndependentNuGetPackages\SunamoFileSystem\SunamoFileSystem\SunamoFileSystem.csproj::TargetFramework=net8.0]
E:\vs\Projects\PlatformIndependentNuGetPackages\SunamoFileSystem\SunamoFileSystem\_sunamo\SunamoGetFiles\FSGetFiles.cs(147,47): warning CS8602: Dereference of a possibly null reference. [E:\vs\Projects\PlatformIndependentNuGetPackages\SunamoFileSystem\SunamoFileSystem\SunamoFileSystem.csproj::TargetFramework=net8.0]
E:\vs\Projects\PlatformIndependentNuGetPackages\SunamoFileSystem\SunamoFileSystem\_sunamo\SunamoGetFiles\FSGetFiles.cs(148,32): warning CS8603: Possible null reference return. [E:\vs\Projects\PlatformIndependentNuGetPackages\SunamoFileSystem\SunamoFileSystem\SunamoFileSystem.csproj::TargetFramework=net8.0]
E:\vs\Projects\PlatformIndependentNuGetPackages\SunamoFileSystem\SunamoFileSystem\_sunamo\SunamoGetFiles\FSGetFiles.cs(158,35): warning CS8602: Dereference of a possibly null reference. [E:\vs\Projects\PlatformIndependentNuGetPackages\SunamoFileSystem\SunamoFileSystem\SunamoFileSystem.csproj::TargetFramework=net8.0]
E:\vs\Projects\PlatformIndependentNuGetPackages\SunamoFileSystem\SunamoFileSystem\_sunamo\SunamoGetFiles\FSGetFiles.cs(177,31): warning CS8602: Dereference of a possibly null reference. [E:\vs\Projects\PlatformIndependentNuGetPackages\SunamoFileSystem\SunamoFileSystem\SunamoFileSystem.csproj::TargetFramework=net8.0]
E:\vs\Projects\PlatformIndependentNuGetPackages\SunamoFileSystem\SunamoFileSystem\_sunamo\SunamoGetFiles\FSGetFiles.cs(65,13): warning CS0219: The variable 'measureTime' is assigned but its value is never used [E:\vs\Projects\PlatformIndependentNuGetPackages\SunamoFileSystem\SunamoFileSystem\SunamoFileSystem.csproj::TargetFramework=net8.0]
E:\vs\Projects\PlatformIndependentNuGetPackages\SunamoFileSystem\SunamoFileSystem\_sunamo\SunamoStringSplit\SHSplit.cs(16,28): warning CS8600: Converting null literal or possible null value to non-nullable type. [E:\vs\Projects\PlatformIndependentNuGetPackages\SunamoFileSystem\SunamoFileSystem\SunamoFileSystem.csproj::TargetFramework=net8.0]
E:\vs\Projects\PlatformIndependentNuGetPackages\SunamoFileSystem\SunamoFileSystem\_sunamo\SunamoStringSplit\SHSplit.cs(17,37): warning CS8600: Converting null literal or possible null value to non-nullable type. [E:\vs\Projects\PlatformIndependentNuGetPackages\SunamoFileSystem\SunamoFileSystem\SunamoFileSystem.csproj::TargetFramework=net8.0]
E:\vs\Projects\PlatformIndependentNuGetPackages\SunamoFileSystem\SunamoFileSystem\_sunamo\SunamoStringSplit\SHSplit.cs(18,39): warning CS8600: Converting null literal or possible null value to non-nullable type. [E:\vs\Projects\PlatformIndependentNuGetPackages\SunamoFileSystem\SunamoFileSystem\SunamoFileSystem.csproj::TargetFramework=net8.0]
E:\vs\Projects\PlatformIndependentNuGetPackages\SunamoFileSystem\SunamoFileSystem\FS.cs(223,33): warning CS8604: Possible null reference argument for parameter 'path1' in 'string Path.Combine(string path1, string path2)'. [E:\vs\Projects\PlatformIndependentNuGetPackages\SunamoFileSystem\SunamoFileSystem\SunamoFileSystem.csproj::TargetFramework=net8.0]
E:\vs\Projects\PlatformIndependentNuGetPackages\SunamoFileSystem\SunamoFileSystem\_sunamo\SunamoGetFiles\FSGetFiles.cs(293,23): warning CS8600: Converting null literal or possible null value to non-nullable type. [E:\vs\Projects\PlatformIndependentNuGetPackages\SunamoFileSystem\SunamoFileSystem\SunamoFileSystem.csproj::TargetFramework=net8.0]
E:\vs\Projects\PlatformIndependentNuGetPackages\SunamoFileSystem\SunamoFileSystem\_sunamo\SunamoGetFiles\FSGetFiles.cs(356,40): warning CS8625: Cannot convert null literal to non-nullable reference type. [E:\vs\Projects\PlatformIndependentNuGetPackages\SunamoFileSystem\SunamoFileSystem\SunamoFileSystem.csproj::TargetFramework=net8.0]
E:\vs\Projects\PlatformIndependentNuGetPackages\SunamoFileSystem\SunamoFileSystem\FS.cs(364,43): warning CS8604: Possible null reference argument for parameter 'path1' in 'string Path.Combine(string path1, string path2)'. [E:\vs\Projects\PlatformIndependentNuGetPackages\SunamoFileSystem\SunamoFileSystem\SunamoFileSystem.csproj::TargetFramework=net8.0]
E:\vs\Projects\PlatformIndependentNuGetPackages\SunamoFileSystem\SunamoFileSystem\_sunamo\SunamoGetFiles\FSGetFiles.cs(368,40): warning CS8625: Cannot convert null literal to non-nullable reference type. [E:\vs\Projects\PlatformIndependentNuGetPackages\SunamoFileSystem\SunamoFileSystem\SunamoFileSystem.csproj::TargetFramework=net8.0]
E:\vs\Projects\PlatformIndependentNuGetPackages\SunamoFileSystem\SunamoFileSystem\_sunamo\SunamoGetFiles\FSGetFiles.cs(371,55): warning CS8625: Cannot convert null literal to non-nullable reference type. [E:\vs\Projects\PlatformIndependentNuGetPackages\SunamoFileSystem\SunamoFileSystem\SunamoFileSystem.csproj::TargetFramework=net8.0]
E:\vs\Projects\PlatformIndependentNuGetPackages\SunamoFileSystem\SunamoFileSystem\_sunamo\SunamoGetFiles\FSGetFiles.cs(374,55): warning CS8625: Cannot convert null literal to non-nullable reference type. [E:\vs\Projects\PlatformIndependentNuGetPackages\SunamoFileSystem\SunamoFileSystem\SunamoFileSystem.csproj::TargetFramework=net8.0]
E:\vs\Projects\PlatformIndependentNuGetPackages\SunamoFileSystem\SunamoFileSystem\_sunamo\SunamoGetFiles\FSGetFiles.cs(380,57): warning CS8600: Converting null literal or possible null value to non-nullable type. [E:\vs\Projects\PlatformIndependentNuGetPackages\SunamoFileSystem\SunamoFileSystem\SunamoFileSystem.csproj::TargetFramework=net8.0]
E:\vs\Projects\PlatformIndependentNuGetPackages\SunamoFileSystem\SunamoFileSystem\_sunamo\SunamoGetFiles\FSGetFiles.cs(388,48): warning CS8602: Dereference of a possibly null reference. [E:\vs\Projects\PlatformIndependentNuGetPackages\SunamoFileSystem\SunamoFileSystem\SunamoFileSystem.csproj::TargetFramework=net8.0]
E:\vs\Projects\PlatformIndependentNuGetPackages\SunamoFileSystem\SunamoFileSystem\FS.cs(451,39): warning CS8603: Possible null reference return. [E:\vs\Projects\PlatformIndependentNuGetPackages\SunamoFileSystem\SunamoFileSystem\SunamoFileSystem.csproj::TargetFramework=net8.0]
E:\vs\Projects\PlatformIndependentNuGetPackages\SunamoFileSystem\SunamoFileSystem\FS.cs(522,56): warning CS8604: Possible null reference argument for parameter 'path1' in 'string Path.Combine(string path1, string path2)'. [E:\vs\Projects\PlatformIndependentNuGetPackages\SunamoFileSystem\SunamoFileSystem\SunamoFileSystem.csproj::TargetFramework=net8.0]
E:\vs\Projects\PlatformIndependentNuGetPackages\SunamoFileSystem\SunamoFileSystem\FS.cs(580,42): warning CS8600: Converting null literal or possible null value to non-nullable type. [E:\vs\Projects\PlatformIndependentNuGetPackages\SunamoFileSystem\SunamoFileSystem\SunamoFileSystem.csproj::TargetFramework=net8.0]
E:\vs\Projects\PlatformIndependentNuGetPackages\SunamoFileSystem\SunamoFileSystem\FS.cs(582,78): warning CS8604: Possible null reference argument for parameter 'wasntExistsInFrom' in 'void FS.CopyMoveFilesInList(ILogger logger, List<string> filesFrom, string folderFrom, string folderTo, List<string> wasntExistsInFrom, bool mustExistsInTarget, bool copy, Dictionary<string, List<string>> files, bool overwrite = true)'. [E:\vs\Projects\PlatformIndependentNuGetPackages\SunamoFileSystem\SunamoFileSystem\SunamoFileSystem.csproj::TargetFramework=net8.0]
E:\vs\Projects\PlatformIndependentNuGetPackages\SunamoFileSystem\SunamoFileSystem\FS.cs(582,123): warning CS8625: Cannot convert null literal to non-nullable reference type. [E:\vs\Projects\PlatformIndependentNuGetPackages\SunamoFileSystem\SunamoFileSystem\SunamoFileSystem.csproj::TargetFramework=net8.0]
E:\vs\Projects\PlatformIndependentNuGetPackages\SunamoFileSystem\SunamoFileSystem\FS.cs(751,49): warning CS8604: Possible null reference argument for parameter 'args' in 'Task FS.ReplaceInAllFiles(IList<string> replaceFrom, IList<string> replaceTo, ReplaceInAllFilesArgsBase args, Func<string, bool> EncodingHelperIsBinary)'. [E:\vs\Projects\PlatformIndependentNuGetPackages\SunamoFileSystem\SunamoFileSystem\SunamoFileSystem.csproj::TargetFramework=net8.0]
E:\vs\Projects\PlatformIndependentNuGetPackages\SunamoFileSystem\SunamoFileSystem\FS.cs(756,19): warning CS8604: Possible null reference argument for parameter 'args' in 'Task FS.ReplaceInAllFiles(IList<string> replaceFrom, IList<string> replaceTo, ReplaceInAllFilesArgsBase args, Func<string, bool> EncodingHelperIsBinary)'. [E:\vs\Projects\PlatformIndependentNuGetPackages\SunamoFileSystem\SunamoFileSystem\SunamoFileSystem.csproj::TargetFramework=net8.0]
E:\vs\Projects\PlatformIndependentNuGetPackages\SunamoFileSystem\SunamoFileSystem\FS.cs(774,101): warning CS8600: Converting null literal or possible null value to non-nullable type. [E:\vs\Projects\PlatformIndependentNuGetPackages\SunamoFileSystem\SunamoFileSystem\SunamoFileSystem.csproj::TargetFramework=net8.0]
E:\vs\Projects\PlatformIndependentNuGetPackages\SunamoFileSystem\SunamoFileSystem\FS.cs(812,13): warning CS8602: Dereference of a possibly null reference. [E:\vs\Projects\PlatformIndependentNuGetPackages\SunamoFileSystem\SunamoFileSystem\SunamoFileSystem.csproj::TargetFramework=net8.0]
E:\vs\Projects\PlatformIndependentNuGetPackages\SunamoFileSystem\SunamoFileSystem\FS.cs(905,51): warning CS8600: Converting null literal or possible null value to non-nullable type. [E:\vs\Projects\PlatformIndependentNuGetPackages\SunamoFileSystem\SunamoFileSystem\SunamoFileSystem.csproj::TargetFramework=net8.0]
E:\vs\Projects\PlatformIndependentNuGetPackages\SunamoFileSystem\SunamoFileSystem\FS.cs(906,38): warning CS8604: Possible null reference argument for parameter 'value' in 'string FS.WithoutEndSlash(string value)'. [E:\vs\Projects\PlatformIndependentNuGetPackages\SunamoFileSystem\SunamoFileSystem\SunamoFileSystem.csproj::TargetFramework=net8.0]
E:\vs\Projects\PlatformIndependentNuGetPackages\SunamoFileSystem\SunamoFileSystem\FS.cs(1022,35): warning CS0618: 'string.Copy(string)' is obsolete: 'This API should not be used to create mutable strings. See https://go.microsoft.com/fwlink/?linkid=2084035 for alternatives.' [E:\vs\Projects\PlatformIndependentNuGetPackages\SunamoFileSystem\SunamoFileSystem\SunamoFileSystem.csproj::TargetFramework=net8.0]
E:\vs\Projects\PlatformIndependentNuGetPackages\SunamoFileSystem\SunamoFileSystem\FS.cs(991,44): warning CS8604: Possible null reference argument for parameter 'path1' in 'string Path.Combine(string path1, string path2)'. [E:\vs\Projects\PlatformIndependentNuGetPackages\SunamoFileSystem\SunamoFileSystem\SunamoFileSystem.csproj::TargetFramework=net8.0]
E:\vs\Projects\PlatformIndependentNuGetPackages\SunamoFileSystem\SunamoFileSystem\FS.cs(1011,34): warning CS8600: Converting null literal or possible null value to non-nullable type. [E:\vs\Projects\PlatformIndependentNuGetPackages\SunamoFileSystem\SunamoFileSystem\SunamoFileSystem.csproj::TargetFramework=net8.0]
E:\vs\Projects\PlatformIndependentNuGetPackages\SunamoFileSystem\SunamoFileSystem\FS.cs(1014,44): warning CS8604: Possible null reference argument for parameter 'path1' in 'string Path.Combine(string path1, string path2)'. [E:\vs\Projects\PlatformIndependentNuGetPackages\SunamoFileSystem\SunamoFileSystem\SunamoFileSystem.csproj::TargetFramework=net8.0]
E:\vs\Projects\PlatformIndependentNuGetPackages\SunamoFileSystem\SunamoFileSystem\FS.cs(1035,44): warning CS8604: Possible null reference argument for parameter 'folder' in 'List<string> FSGetFiles.FilesOfExtension(string folder, string fileExt)'. [E:\vs\Projects\PlatformIndependentNuGetPackages\SunamoFileSystem\SunamoFileSystem\SunamoFileSystem.csproj::TargetFramework=net8.0]
E:\vs\Projects\PlatformIndependentNuGetPackages\SunamoFileSystem\SunamoFileSystem\FS.cs(1037,41): warning CS8603: Possible null reference return. [E:\vs\Projects\PlatformIndependentNuGetPackages\SunamoFileSystem\SunamoFileSystem\SunamoFileSystem.csproj::TargetFramework=net8.0]
E:\vs\Projects\PlatformIndependentNuGetPackages\SunamoFileSystem\SunamoFileSystem\FS.cs(1038,20): warning CS8600: Converting null literal or possible null value to non-nullable type. [E:\vs\Projects\PlatformIndependentNuGetPackages\SunamoFileSystem\SunamoFileSystem\SunamoFileSystem.csproj::TargetFramework=net8.0]
E:\vs\Projects\PlatformIndependentNuGetPackages\SunamoFileSystem\SunamoFileSystem\FS.cs(1166,32): warning CS8600: Converting null literal or possible null value to non-nullable type. [E:\vs\Projects\PlatformIndependentNuGetPackages\SunamoFileSystem\SunamoFileSystem\SunamoFileSystem.csproj::TargetFramework=net8.0]
E:\vs\Projects\PlatformIndependentNuGetPackages\SunamoFileSystem\SunamoFileSystem\FS.cs(1187,24): warning CS8603: Possible null reference return. [E:\vs\Projects\PlatformIndependentNuGetPackages\SunamoFileSystem\SunamoFileSystem\SunamoFileSystem.csproj::TargetFramework=net8.0]
E:\vs\Projects\PlatformIndependentNuGetPackages\SunamoFileSystem\SunamoFileSystem\FS.cs(1213,16): warning CS8603: Possible null reference return. [E:\vs\Projects\PlatformIndependentNuGetPackages\SunamoFileSystem\SunamoFileSystem\SunamoFileSystem.csproj::TargetFramework=net8.0]
E:\vs\Projects\PlatformIndependentNuGetPackages\SunamoFileSystem\SunamoFileSystem\FS.cs(1208,26): warning CS0168: The variable 'ex' is declared but never used [E:\vs\Projects\PlatformIndependentNuGetPackages\SunamoFileSystem\SunamoFileSystem\SunamoFileSystem.csproj::TargetFramework=net8.0]
E:\vs\Projects\PlatformIndependentNuGetPackages\SunamoFileSystem\SunamoFileSystem\FS.cs(1232,9): warning CS0618: 'FS.MoveAllFilesRecursively(ILogger, string, string, FileMoveCollisionOption, string)' is obsolete: 'Use MoveDirectoryNoRecursive instead' [E:\vs\Projects\PlatformIndependentNuGetPackages\SunamoFileSystem\SunamoFileSystem\SunamoFileSystem.csproj::TargetFramework=net8.0]
E:\vs\Projects\PlatformIndependentNuGetPackages\SunamoFileSystem\SunamoFileSystem\FS.cs(1270,27): warning CS8714: The type 'TContent' cannot be used as type parameter 'T' in the generic type or method 'DictionaryHelper.GroupByValues<U, T, ColType>(Dictionary<U, T>)'. Nullability of type argument 'TContent' doesn't match 'notnull' constraint. [E:\vs\Projects\PlatformIndependentNuGetPackages\SunamoFileSystem\SunamoFileSystem\SunamoFileSystem.csproj::TargetFramework=net8.0]
E:\vs\Projects\PlatformIndependentNuGetPackages\SunamoFileSystem\SunamoFileSystem\FS.cs(1333,31): warning CS8600: Converting null literal or possible null value to non-nullable type. [E:\vs\Projects\PlatformIndependentNuGetPackages\SunamoFileSystem\SunamoFileSystem\SunamoFileSystem.csproj::TargetFramework=net8.0]
E:\vs\Projects\PlatformIndependentNuGetPackages\SunamoFileSystem\SunamoFileSystem\FS.cs(1554,32): warning CS8600: Converting null literal or possible null value to non-nullable type. [E:\vs\Projects\PlatformIndependentNuGetPackages\SunamoFileSystem\SunamoFileSystem\SunamoFileSystem.csproj::TargetFramework=net8.0]
E:\vs\Projects\PlatformIndependentNuGetPackages\SunamoFileSystem\SunamoFileSystem\FS.cs(1557,36): warning CS8604: Possible null reference argument for parameter 'path1' in 'string Path.Combine(string path1, string path2)'. [E:\vs\Projects\PlatformIndependentNuGetPackages\SunamoFileSystem\SunamoFileSystem\SunamoFileSystem.csproj::TargetFramework=net8.0]
E:\vs\Projects\PlatformIndependentNuGetPackages\SunamoFileSystem\SunamoFileSystem\FS.cs(1640,18): warning CS8602: Dereference of a possibly null reference. [E:\vs\Projects\PlatformIndependentNuGetPackages\SunamoFileSystem\SunamoFileSystem\SunamoFileSystem.csproj::TargetFramework=net8.0]
E:\vs\Projects\PlatformIndependentNuGetPackages\SunamoFileSystem\SunamoFileSystem\FS.cs(1641,55): warning CS8602: Dereference of a possibly null reference. [E:\vs\Projects\PlatformIndependentNuGetPackages\SunamoFileSystem\SunamoFileSystem\SunamoFileSystem.csproj::TargetFramework=net8.0]
E:\vs\Projects\PlatformIndependentNuGetPackages\SunamoFileSystem\SunamoFileSystem\FS.cs(1766,29): warning CS8604: Possible null reference argument for parameter 'value' in 'string FS.WithEndSlash(string value)'. [E:\vs\Projects\PlatformIndependentNuGetPackages\SunamoFileSystem\SunamoFileSystem\SunamoFileSystem.csproj::TargetFramework=net8.0]
E:\vs\Projects\PlatformIndependentNuGetPackages\SunamoFileSystem\SunamoFileSystem\FS.cs(1890,44): warning CS8600: Converting null literal or possible null value to non-nullable type. [E:\vs\Projects\PlatformIndependentNuGetPackages\SunamoFileSystem\SunamoFileSystem\SunamoFileSystem.csproj::TargetFramework=net8.0]
E:\vs\Projects\PlatformIndependentNuGetPackages\SunamoFileSystem\SunamoFileSystem\FS.cs(2014,36): warning CS8604: Possible null reference argument for parameter 'path1' in 'string Path.Combine(string path1, string path2)'. [E:\vs\Projects\PlatformIndependentNuGetPackages\SunamoFileSystem\SunamoFileSystem\SunamoFileSystem.csproj::TargetFramework=net8.0]
E:\vs\Projects\PlatformIndependentNuGetPackages\SunamoFileSystem\SunamoFileSystem\FS.cs(2150,36): warning CS8604: Possible null reference argument for parameter 'path1' in 'string Path.Combine(string path1, string path2)'. [E:\vs\Projects\PlatformIndependentNuGetPackages\SunamoFileSystem\SunamoFileSystem\SunamoFileSystem.csproj::TargetFramework=net8.0]
E:\vs\Projects\PlatformIndependentNuGetPackages\SunamoFileSystem\SunamoFileSystem\FS.cs(2186,25): warning CS8600: Converting null literal or possible null value to non-nullable type. [E:\vs\Projects\PlatformIndependentNuGetPackages\SunamoFileSystem\SunamoFileSystem\SunamoFileSystem.csproj::TargetFramework=net8.0]
E:\vs\Projects\PlatformIndependentNuGetPackages\SunamoFileSystem\SunamoFileSystem\FS.cs(2217,19): warning CS8625: Cannot convert null literal to non-nullable reference type. [E:\vs\Projects\PlatformIndependentNuGetPackages\SunamoFileSystem\SunamoFileSystem\SunamoFileSystem.csproj::TargetFramework=net8.0]
E:\vs\Projects\PlatformIndependentNuGetPackages\SunamoFileSystem\SunamoFileSystem\FS.cs(2402,50): warning CS8600: Converting null literal or possible null value to non-nullable type. [E:\vs\Projects\PlatformIndependentNuGetPackages\SunamoFileSystem\SunamoFileSystem\SunamoFileSystem.csproj::TargetFramework=net8.0]
E:\vs\Projects\PlatformIndependentNuGetPackages\SunamoFileSystem\SunamoFileSystem\FS.cs(2403,41): warning CS8604: Possible null reference argument for parameter 'path1' in 'string Path.Combine(string path1, string path2)'. [E:\vs\Projects\PlatformIndependentNuGetPackages\SunamoFileSystem\SunamoFileSystem\SunamoFileSystem.csproj::TargetFramework=net8.0]
E:\vs\Projects\PlatformIndependentNuGetPackages\SunamoFileSystem\SunamoFileSystem\FS.cs(2586,23): warning CS8600: Converting null literal or possible null value to non-nullable type. [E:\vs\Projects\PlatformIndependentNuGetPackages\SunamoFileSystem\SunamoFileSystem\SunamoFileSystem.csproj::TargetFramework=net8.0]
E:\vs\Projects\PlatformIndependentNuGetPackages\SunamoFileSystem\SunamoFileSystem\FS.cs(2591,26): warning CS0168: The variable 'ex' is declared but never used [E:\vs\Projects\PlatformIndependentNuGetPackages\SunamoFileSystem\SunamoFileSystem\SunamoFileSystem.csproj::TargetFramework=net8.0]
E:\vs\Projects\PlatformIndependentNuGetPackages\SunamoFileSystem\SunamoFileSystem\FS.cs(2773,34): warning CS8602: Dereference of a possibly null reference. [E:\vs\Projects\PlatformIndependentNuGetPackages\SunamoFileSystem\SunamoFileSystem\SunamoFileSystem.csproj::TargetFramework=net8.0]
E:\vs\Projects\PlatformIndependentNuGetPackages\SunamoFileSystem\SunamoFileSystem\FS.cs(2885,25): warning CS8602: Dereference of a possibly null reference. [E:\vs\Projects\PlatformIndependentNuGetPackages\SunamoFileSystem\SunamoFileSystem\SunamoFileSystem.csproj::TargetFramework=net8.0]
E:\vs\Projects\PlatformIndependentNuGetPackages\SunamoFileSystem\SunamoFileSystem\FS.cs(2819,26): warning CS0168: The variable 'ex' is declared but never used [E:\vs\Projects\PlatformIndependentNuGetPackages\SunamoFileSystem\SunamoFileSystem\SunamoFileSystem.csproj::TargetFramework=net8.0]
E:\vs\Projects\PlatformIndependentNuGetPackages\SunamoFileSystem\SunamoFileSystem\FS.cs(2836,26): warning CS0168: The variable 'ex' is declared but never used [E:\vs\Projects\PlatformIndependentNuGetPackages\SunamoFileSystem\SunamoFileSystem\SunamoFileSystem.csproj::TargetFramework=net8.0]
E:\vs\Projects\PlatformIndependentNuGetPackages\SunamoFileSystem\SunamoFileSystem\FS.cs(3366,16): warning CS8603: Possible null reference return. [E:\vs\Projects\PlatformIndependentNuGetPackages\SunamoFileSystem\SunamoFileSystem\SunamoFileSystem.csproj::TargetFramework=net8.0]
E:\vs\Projects\PlatformIndependentNuGetPackages\SunamoFileSystem\SunamoFileSystem\FS.cs(3837,52): warning CS8604: Possible null reference argument for parameter 'value' in 'string FS.WithEndSlash(string value)'. [E:\vs\Projects\PlatformIndependentNuGetPackages\SunamoFileSystem\SunamoFileSystem\SunamoFileSystem.csproj::TargetFramework=net8.0]
E:\vs\Projects\PlatformIndependentNuGetPackages\SunamoFileSystem\SunamoFileSystem\FS.cs(4117,28): warning CS8600: Converting null literal or possible null value to non-nullable type. [E:\vs\Projects\PlatformIndependentNuGetPackages\SunamoFileSystem\SunamoFileSystem\SunamoFileSystem.csproj::TargetFramework=net8.0]
E:\vs\Projects\PlatformIndependentNuGetPackages\SunamoFileSystem\SunamoFileSystem\FS.cs(4129,42): warning CS8600: Converting null literal or possible null value to non-nullable type. [E:\vs\Projects\PlatformIndependentNuGetPackages\SunamoFileSystem\SunamoFileSystem\SunamoFileSystem.csproj::TargetFramework=net8.0]
E:\vs\Projects\PlatformIndependentNuGetPackages\SunamoFileSystem\SunamoFileSystem\FS.cs(4122,43): warning CS0168: The variable 'ex' is declared but never used [E:\vs\Projects\PlatformIndependentNuGetPackages\SunamoFileSystem\SunamoFileSystem\SunamoFileSystem.csproj::TargetFramework=net8.0]
E:\vs\Projects\PlatformIndependentNuGetPackages\SunamoFileSystem\SunamoFileSystem\FS.cs(4134,43): warning CS0168: The variable 'ex' is declared but never used [E:\vs\Projects\PlatformIndependentNuGetPackages\SunamoFileSystem\SunamoFileSystem\SunamoFileSystem.csproj::TargetFramework=net8.0]
E:\vs\Projects\PlatformIndependentNuGetPackages\SunamoFileSystem\SunamoFileSystem\FS.cs(4153,16): warning CS8603: Possible null reference return. [E:\vs\Projects\PlatformIndependentNuGetPackages\SunamoFileSystem\SunamoFileSystem\SunamoFileSystem.csproj::TargetFramework=net8.0]
E:\vs\Projects\PlatformIndependentNuGetPackages\SunamoFileSystem\SunamoFileSystem\_sunamo\SunamoArgs\GetFilesEveryFolderArgsFS.cs(20,34): warning CS0649: Field 'GetFilesEveryFolderArgsFS.FilterFoundedFolders' is never assigned to, and will always have its default value null [E:\vs\Projects\PlatformIndependentNuGetPackages\SunamoFileSystem\SunamoFileSystem\SunamoFileSystem.csproj::TargetFramework=net8.0]
E:\vs\Projects\PlatformIndependentNuGetPackages\SunamoFileSystem\SunamoFileSystem\_sunamo\SunamoData\Data\ReplaceInAllFilesArgs.cs(12,19): warning CS0649: Field 'ReplaceInAllFilesArgs.ReplaceWithEmpty' is never assigned to, and will always have its default value false [E:\vs\Projects\PlatformIndependentNuGetPackages\SunamoFileSystem\SunamoFileSystem\SunamoFileSystem.csproj::TargetFramework=net8.0]
E:\vs\Projects\PlatformIndependentNuGetPackages\SunamoFileSystem\SunamoFileSystem\_sunamo\SunamoArgs\GetFilesEveryFolderArgsFS.cs(9,22): warning CS0649: Field 'GetFilesEveryFolderArgsFS.Done' is never assigned to, and will always have its default value null [E:\vs\Projects\PlatformIndependentNuGetPackages\SunamoFileSystem\SunamoFileSystem\SunamoFileSystem.csproj::TargetFramework=net8.0]
E:\vs\Projects\PlatformIndependentNuGetPackages\SunamoFileSystem\SunamoFileSystem\_sunamo\SunamoArgs\GetFilesEveryFolderArgsFS.cs(15,34): warning CS0649: Field 'GetFilesEveryFolderArgsFS.FilterFoundedFiles' is never assigned to, and will always have its default value null [E:\vs\Projects\PlatformIndependentNuGetPackages\SunamoFileSystem\SunamoFileSystem\SunamoFileSystem.csproj::TargetFramework=net8.0]
E:\vs\Projects\PlatformIndependentNuGetPackages\SunamoFileSystem\SunamoFileSystem\_sunamo\SunamoArgs\GetFilesEveryFolderArgsFS.cs(10,22): warning CS0649: Field 'GetFilesEveryFolderArgsFS.DoneOnePercent' is never assigned to, and will always have its default value null [E:\vs\Projects\PlatformIndependentNuGetPackages\SunamoFileSystem\SunamoFileSystem\SunamoFileSystem.csproj::TargetFramework=net8.0]
E:\vs\Projects\PlatformIndependentNuGetPackages\SunamoFileSystem\SunamoFileSystem\_sunamo\SunamoData\Data\ReplaceInAllFilesArgs.cs(11,19): warning CS0649: Field 'ReplaceInAllFilesArgs.PairLinesInFromAndTo' is never assigned to, and will always have its default value false [E:\vs\Projects\PlatformIndependentNuGetPackages\SunamoFileSystem\SunamoFileSystem\SunamoFileSystem.csproj::TargetFramework=net8.0]
E:\vs\Projects\PlatformIndependentNuGetPackages\SunamoFileSystem\SunamoFileSystem\_sunamo\SunamoData\Data\ReplaceInAllFilesArgs.cs(10,19): warning CS0649: Field 'ReplaceInAllFilesArgs.IsNotReplaceInTemporaryFiles' is never assigned to, and will always have its default value false [E:\vs\Projects\PlatformIndependentNuGetPackages\SunamoFileSystem\SunamoFileSystem\SunamoFileSystem.csproj::TargetFramework=net8.0]
E:\vs\Projects\PlatformIndependentNuGetPackages\SunamoFileSystem\SunamoFileSystem\_sunamo\SunamoArgs\GetFilesArgsFS.cs(22,39): warning CS0649: Field 'GetFilesArgsFS.LastModifiedFromFn' is never assigned to, and will always have its default value null [E:\vs\Projects\PlatformIndependentNuGetPackages\SunamoFileSystem\SunamoFileSystem\SunamoFileSystem.csproj::TargetFramework=net8.0]
E:\vs\Projects\PlatformIndependentNuGetPackages\SunamoFileSystem\SunamoFileSystem\_sunamo\SunamoTextOutputGenerator\TextOutputGenerator.cs(11,36): warning CS0414: The field 'TextOutputGenerator.HeadingCharacter' is assigned but its value is never used [E:\vs\Projects\PlatformIndependentNuGetPackages\SunamoFileSystem\SunamoFileSystem\SunamoFileSystem.csproj::TargetFramework=net8.0]
E:\vs\Projects\PlatformIndependentNuGetPackages\SunamoFileSystem\SunamoFileSystem\Enums\ComputerSizeUnits.cs(4,13): warning CS1591: Missing XML comment for publicly visible type or member 'ComputerSizeUnits' [E:\vs\Projects\PlatformIndependentNuGetPackages\SunamoFileSystem\SunamoFileSystem\SunamoFileSystem.csproj::TargetFramework=net8.0]
E:\vs\Projects\PlatformIndependentNuGetPackages\SunamoFileSystem\SunamoFileSystem\Enums\ComputerSizeUnits.cs(6,5): warning CS1591: Missing XML comment for publicly visible type or member 'ComputerSizeUnits.Auto' [E:\vs\Projects\PlatformIndependentNuGetPackages\SunamoFileSystem\SunamoFileSystem\SunamoFileSystem.csproj::TargetFramework=net8.0]
E:\vs\Projects\PlatformIndependentNuGetPackages\SunamoFileSystem\SunamoFileSystem\Enums\ComputerSizeUnits.cs(7,5): warning CS1591: Missing XML comment for publicly visible type or member 'ComputerSizeUnits.B' [E:\vs\Projects\PlatformIndependentNuGetPackages\SunamoFileSystem\SunamoFileSystem\SunamoFileSystem.csproj::TargetFramework=net8.0]
E:\vs\Projects\PlatformIndependentNuGetPackages\SunamoFileSystem\SunamoFileSystem\Enums\ComputerSizeUnits.cs(8,5): warning CS1591: Missing XML comment for publicly visible type or member 'ComputerSizeUnits.KB' [E:\vs\Projects\PlatformIndependentNuGetPackages\SunamoFileSystem\SunamoFileSystem\SunamoFileSystem.csproj::TargetFramework=net8.0]
E:\vs\Projects\PlatformIndependentNuGetPackages\SunamoFileSystem\SunamoFileSystem\Enums\ComputerSizeUnits.cs(9,5): warning CS1591: Missing XML comment for publicly visible type or member 'ComputerSizeUnits.MB' [E:\vs\Projects\PlatformIndependentNuGetPackages\SunamoFileSystem\SunamoFileSystem\SunamoFileSystem.csproj::TargetFramework=net8.0]
E:\vs\Projects\PlatformIndependentNuGetPackages\SunamoFileSystem\SunamoFileSystem\Enums\ComputerSizeUnits.cs(10,5): warning CS1591: Missing XML comment for publicly visible type or member 'ComputerSizeUnits.GB' [E:\vs\Projects\PlatformIndependentNuGetPackages\SunamoFileSystem\SunamoFileSystem\SunamoFileSystem.csproj::TargetFramework=net8.0]
E:\vs\Projects\PlatformIndependentNuGetPackages\SunamoFileSystem\SunamoFileSystem\Enums\ComputerSizeUnits.cs(11,5): warning CS1591: Missing XML comment for publicly visible type or member 'ComputerSizeUnits.TB' [E:\vs\Projects\PlatformIndependentNuGetPackages\SunamoFileSystem\SunamoFileSystem\SunamoFileSystem.csproj::TargetFramework=net8.0]
E:\vs\Projects\PlatformIndependentNuGetPackages\SunamoFileSystem\SunamoFileSystem\Enums\DirectoryMoveCollisionOption.cs(4,13): warning CS1591: Missing XML comment for publicly visible type or member 'DirectoryMoveCollisionOption' [E:\vs\Projects\PlatformIndependentNuGetPackages\SunamoFileSystem\SunamoFileSystem\SunamoFileSystem.csproj::TargetFramework=net8.0]
E:\vs\Projects\PlatformIndependentNuGetPackages\SunamoFileSystem\SunamoFileSystem\Enums\DirectoryMoveCollisionOption.cs(6,5): warning CS1591: Missing XML comment for publicly visible type or member 'DirectoryMoveCollisionOption.AddSerie' [E:\vs\Projects\PlatformIndependentNuGetPackages\SunamoFileSystem\SunamoFileSystem\SunamoFileSystem.csproj::TargetFramework=net8.0]
E:\vs\Projects\PlatformIndependentNuGetPackages\SunamoFileSystem\SunamoFileSystem\Enums\DirectoryMoveCollisionOption.cs(7,5): warning CS1591: Missing XML comment for publicly visible type or member 'DirectoryMoveCollisionOption.Overwrite' [E:\vs\Projects\PlatformIndependentNuGetPackages\SunamoFileSystem\SunamoFileSystem\SunamoFileSystem.csproj::TargetFramework=net8.0]
E:\vs\Projects\PlatformIndependentNuGetPackages\SunamoFileSystem\SunamoFileSystem\Enums\DirectoryMoveCollisionOption.cs(8,5): warning CS1591: Missing XML comment for publicly visible type or member 'DirectoryMoveCollisionOption.DiscardFrom' [E:\vs\Projects\PlatformIndependentNuGetPackages\SunamoFileSystem\SunamoFileSystem\SunamoFileSystem.csproj::TargetFramework=net8.0]
E:\vs\Projects\PlatformIndependentNuGetPackages\SunamoFileSystem\SunamoFileSystem\Enums\DirectoryMoveCollisionOption.cs(9,5): warning CS1591: Missing XML comment for publicly visible type or member 'DirectoryMoveCollisionOption.ThrowEx' [E:\vs\Projects\PlatformIndependentNuGetPackages\SunamoFileSystem\SunamoFileSystem\SunamoFileSystem.csproj::TargetFramework=net8.0]
E:\vs\Projects\PlatformIndependentNuGetPackages\SunamoFileSystem\SunamoFileSystem\Enums\FileMoveCollisionOption.cs(4,13): warning CS1591: Missing XML comment for publicly visible type or member 'FileMoveCollisionOption' [E:\vs\Projects\PlatformIndependentNuGetPackages\SunamoFileSystem\SunamoFileSystem\SunamoFileSystem.csproj::TargetFramework=net8.0]
E:\vs\Projects\PlatformIndependentNuGetPackages\SunamoFileSystem\SunamoFileSystem\Enums\FileMoveCollisionOption.cs(6,5): warning CS1591: Missing XML comment for publicly visible type or member 'FileMoveCollisionOption.AddSerie' [E:\vs\Projects\PlatformIndependentNuGetPackages\SunamoFileSystem\SunamoFileSystem\SunamoFileSystem.csproj::TargetFramework=net8.0]
E:\vs\Projects\PlatformIndependentNuGetPackages\SunamoFileSystem\SunamoFileSystem\Enums\FileMoveCollisionOption.cs(7,5): warning CS1591: Missing XML comment for publicly visible type or member 'FileMoveCollisionOption.AddFileSize' [E:\vs\Projects\PlatformIndependentNuGetPackages\SunamoFileSystem\SunamoFileSystem\SunamoFileSystem.csproj::TargetFramework=net8.0]
E:\vs\Projects\PlatformIndependentNuGetPackages\SunamoFileSystem\SunamoFileSystem\Enums\FileMoveCollisionOption.cs(8,5): warning CS1591: Missing XML comment for publicly visible type or member 'FileMoveCollisionOption.Overwrite' [E:\vs\Projects\PlatformIndependentNuGetPackages\SunamoFileSystem\SunamoFileSystem\SunamoFileSystem.csproj::TargetFramework=net8.0]
E:\vs\Projects\PlatformIndependentNuGetPackages\SunamoFileSystem\SunamoFileSystem\Enums\FileMoveCollisionOption.cs(9,5): warning CS1591: Missing XML comment for publicly visible type or member 'FileMoveCollisionOption.DiscardFrom' [E:\vs\Projects\PlatformIndependentNuGetPackages\SunamoFileSystem\SunamoFileSystem\SunamoFileSystem.csproj::TargetFramework=net8.0]
E:\vs\Projects\PlatformIndependentNuGetPackages\SunamoFileSystem\SunamoFileSystem\Enums\FileMoveCollisionOption.cs(10,5): warning CS1591: Missing XML comment for publicly visible type or member 'FileMoveCollisionOption.LeaveLarger' [E:\vs\Projects\PlatformIndependentNuGetPackages\SunamoFileSystem\SunamoFileSystem\SunamoFileSystem.csproj::TargetFramework=net8.0]
E:\vs\Projects\PlatformIndependentNuGetPackages\SunamoFileSystem\SunamoFileSystem\Enums\FileMoveCollisionOption.cs(11,5): warning CS1591: Missing XML comment for publicly visible type or member 'FileMoveCollisionOption.DontManipulate' [E:\vs\Projects\PlatformIndependentNuGetPackages\SunamoFileSystem\SunamoFileSystem\SunamoFileSystem.csproj::TargetFramework=net8.0]
E:\vs\Projects\PlatformIndependentNuGetPackages\SunamoFileSystem\SunamoFileSystem\Enums\FileMoveCollisionOption.cs(12,5): warning CS1591: Missing XML comment for publicly visible type or member 'FileMoveCollisionOption.ThrowEx' [E:\vs\Projects\PlatformIndependentNuGetPackages\SunamoFileSystem\SunamoFileSystem\SunamoFileSystem.csproj::TargetFramework=net8.0]
E:\vs\Projects\PlatformIndependentNuGetPackages\SunamoFileSystem\SunamoFileSystem\FS.cs(12,25): warning CS1591: Missing XML comment for publicly visible type or member 'FS.DEndsWithReplaceInFile' [E:\vs\Projects\PlatformIndependentNuGetPackages\SunamoFileSystem\SunamoFileSystem\SunamoFileSystem.csproj::TargetFramework=net8.0]
E:\vs\Projects\PlatformIndependentNuGetPackages\SunamoFileSystem\SunamoFileSystem\FS.cs(13,42): warning CS1591: Missing XML comment for publicly visible type or member 'FS.invalidFileNameCharsReadonly' [E:\vs\Projects\PlatformIndependentNuGetPackages\SunamoFileSystem\SunamoFileSystem\SunamoFileSystem.csproj::TargetFramework=net8.0]
E:\vs\Projects\PlatformIndependentNuGetPackages\SunamoFileSystem\SunamoFileSystem\FS.cs(14,44): warning CS1591: Missing XML comment for publicly visible type or member 'FS.invalidFileNameStringsReadonly' [E:\vs\Projects\PlatformIndependentNuGetPackages\SunamoFileSystem\SunamoFileSystem\SunamoFileSystem.csproj::TargetFramework=net8.0]
E:\vs\Projects\PlatformIndependentNuGetPackages\SunamoFileSystem\SunamoFileSystem\FS.cs(15,24): warning CS1591: Missing XML comment for publicly visible type or member 'FS.IsAbsolutePath(string)' [E:\vs\Projects\PlatformIndependentNuGetPackages\SunamoFileSystem\SunamoFileSystem\SunamoFileSystem.csproj::TargetFramework=net8.0]
E:\vs\Projects\PlatformIndependentNuGetPackages\SunamoFileSystem\SunamoFileSystem\FS.cs(35,33): warning CS1591: Missing XML comment for publicly visible type or member 'FS.invalidPathChars' [E:\vs\Projects\PlatformIndependentNuGetPackages\SunamoFileSystem\SunamoFileSystem\SunamoFileSystem.csproj::TargetFramework=net8.0]
E:\vs\Projects\PlatformIndependentNuGetPackages\SunamoFileSystem\SunamoFileSystem\FS.cs(40,30): warning CS1591: Missing XML comment for publicly visible type or member 'FS.InvalidFileNameChars' [E:\vs\Projects\PlatformIndependentNuGetPackages\SunamoFileSystem\SunamoFileSystem\SunamoFileSystem.csproj::TargetFramework=net8.0]
E:\vs\Projects\PlatformIndependentNuGetPackages\SunamoFileSystem\SunamoFileSystem\FS.cs(41,33): warning CS1591: Missing XML comment for publicly visible type or member 'FS.invalidCharsForMapPath' [E:\vs\Projects\PlatformIndependentNuGetPackages\SunamoFileSystem\SunamoFileSystem\SunamoFileSystem.csproj::TargetFramework=net8.0]
E:\vs\Projects\PlatformIndependentNuGetPackages\SunamoFileSystem\SunamoFileSystem\FS.cs(42,33): warning CS1591: Missing XML comment for publicly visible type or member 'FS.invalidFileNameCharsWithoutDelimiterOfFolders' [E:\vs\Projects\PlatformIndependentNuGetPackages\SunamoFileSystem\SunamoFileSystem\SunamoFileSystem.csproj::TargetFramework=net8.0]
E:\vs\Projects\PlatformIndependentNuGetPackages\SunamoFileSystem\SunamoFileSystem\FS.cs(43,26): warning CS1591: Missing XML comment for publicly visible type or member 'FS.ReplaceIncorrectFor' [E:\vs\Projects\PlatformIndependentNuGetPackages\SunamoFileSystem\SunamoFileSystem\SunamoFileSystem.csproj::TargetFramework=net8.0]
E:\vs\Projects\PlatformIndependentNuGetPackages\SunamoFileSystem\SunamoFileSystem\FS.cs(44,35): warning CS1591: Missing XML comment for publicly visible type or member 'FS.DeleteFileMaybeLocked' [E:\vs\Projects\PlatformIndependentNuGetPackages\SunamoFileSystem\SunamoFileSystem\SunamoFileSystem.csproj::TargetFramework=net8.0]
E:\vs\Projects\PlatformIndependentNuGetPackages\SunamoFileSystem\SunamoFileSystem\FS.cs(45,54): warning CS1591: Missing XML comment for publicly visible type or member 'FS.FileUtilWhoIsLocking' [E:\vs\Projects\PlatformIndependentNuGetPackages\SunamoFileSystem\SunamoFileSystem\SunamoFileSystem.csproj::TargetFramework=net8.0]
E:\vs\Projects\PlatformIndependentNuGetPackages\SunamoFileSystem\SunamoFileSystem\FS.cs(74,24): warning CS1591: Missing XML comment for publicly visible type or member 'FS.ExistsDirectory(string)' [E:\vs\Projects\PlatformIndependentNuGetPackages\SunamoFileSystem\SunamoFileSystem\SunamoFileSystem.csproj::TargetFramework=net8.0]
E:\vs\Projects\PlatformIndependentNuGetPackages\SunamoFileSystem\SunamoFileSystem\FS.cs(106,22): warning CS1572: XML comment has a param tag for 'v', but there is no parameter by that name [E:\vs\Projects\PlatformIndependentNuGetPackages\SunamoFileSystem\SunamoFileSystem\SunamoFileSystem.csproj::TargetFramework=net8.0]
E:\vs\Projects\PlatformIndependentNuGetPackages\SunamoFileSystem\SunamoFileSystem\FS.cs(107,47): warning CS1573: Parameter 'value' has no matching param tag in the XML comment for 'FS.CreateDirectory(string)' (but other parameters do) [E:\vs\Projects\PlatformIndependentNuGetPackages\SunamoFileSystem\SunamoFileSystem\SunamoFileSystem.csproj::TargetFramework=net8.0]
E:\vs\Projects\PlatformIndependentNuGetPackages\SunamoFileSystem\SunamoFileSystem\FS.cs(117,24): warning CS1591: Missing XML comment for publicly visible type or member 'FS.CreateDirectoryIfNotExists(string)' [E:\vs\Projects\PlatformIndependentNuGetPackages\SunamoFileSystem\SunamoFileSystem\SunamoFileSystem.csproj::TargetFramework=net8.0]
E:\vs\Projects\PlatformIndependentNuGetPackages\SunamoFileSystem\SunamoFileSystem\FS.cs(122,26): warning CS1591: Missing XML comment for publicly visible type or member 'FS.WithEndSlash(string)' [E:\vs\Projects\PlatformIndependentNuGetPackages\SunamoFileSystem\SunamoFileSystem\SunamoFileSystem.csproj::TargetFramework=net8.0]
E:\vs\Projects\PlatformIndependentNuGetPackages\SunamoFileSystem\SunamoFileSystem\FS.cs(129,22): warning CS1572: XML comment has a param tag for 'v', but there is no parameter by that name [E:\vs\Projects\PlatformIndependentNuGetPackages\SunamoFileSystem\SunamoFileSystem\SunamoFileSystem.csproj::TargetFramework=net8.0]
E:\vs\Projects\PlatformIndependentNuGetPackages\SunamoFileSystem\SunamoFileSystem\FS.cs(131,50): warning CS1573: Parameter 'value' has no matching param tag in the XML comment for 'FS.WithEndSlash(ref string)' (but other parameters do) [E:\vs\Projects\PlatformIndependentNuGetPackages\SunamoFileSystem\SunamoFileSystem\SunamoFileSystem.csproj::TargetFramework=net8.0]
E:\vs\Projects\PlatformIndependentNuGetPackages\SunamoFileSystem\SunamoFileSystem\FS.cs(137,32): warning CS1591: Missing XML comment for publicly visible type or member 'FS.FoldersWithSubfolder(string, string)' [E:\vs\Projects\PlatformIndependentNuGetPackages\SunamoFileSystem\SunamoFileSystem\SunamoFileSystem.csproj::TargetFramework=net8.0]
E:\vs\Projects\PlatformIndependentNuGetPackages\SunamoFileSystem\SunamoFileSystem\FS.cs(166,24): warning CS1591: Missing XML comment for publicly visible type or member 'FS.TryDeleteFile(string)' [E:\vs\Projects\PlatformIndependentNuGetPackages\SunamoFileSystem\SunamoFileSystem\SunamoFileSystem.csproj::TargetFramework=net8.0]
E:\vs\Projects\PlatformIndependentNuGetPackages\SunamoFileSystem\SunamoFileSystem\FS.cs(197,30): warning CS1591: Missing XML comment for publicly visible type or member 'FS.CreateFileIfDoesntExists(string)' [E:\vs\Projects\PlatformIndependentNuGetPackages\SunamoFileSystem\SunamoFileSystem\SunamoFileSystem.csproj::TargetFramework=net8.0]
E:\vs\Projects\PlatformIndependentNuGetPackages\SunamoFileSystem\SunamoFileSystem\FS.cs(212,26): warning CS1591: Missing XML comment for publicly visible type or member 'FS.InsertBetweenFileNameAndExtension(string, string)' [E:\vs\Projects\PlatformIndependentNuGetPackages\SunamoFileSystem\SunamoFileSystem\SunamoFileSystem.csproj::TargetFramework=net8.0]
E:\vs\Projects\PlatformIndependentNuGetPackages\SunamoFileSystem\SunamoFileSystem\FS.cs(242,5): warning CS1587: XML comment is not placed on a valid language element [E:\vs\Projects\PlatformIndependentNuGetPackages\SunamoFileSystem\SunamoFileSystem\SunamoFileSystem.csproj::TargetFramework=net8.0]
E:\vs\Projects\PlatformIndependentNuGetPackages\SunamoFileSystem\SunamoFileSystem\FS.cs(288,24): warning CS1591: Missing XML comment for publicly visible type or member 'FS.IsExtension(string)' [E:\vs\Projects\PlatformIndependentNuGetPackages\SunamoFileSystem\SunamoFileSystem\SunamoFileSystem.csproj::TargetFramework=net8.0]
E:\vs\Projects\PlatformIndependentNuGetPackages\SunamoFileSystem\SunamoFileSystem\FS.cs(303,24): warning CS1591: Missing XML comment for publicly visible type or member 'FS.ExistsFile(string)' [E:\vs\Projects\PlatformIndependentNuGetPackages\SunamoFileSystem\SunamoFileSystem\SunamoFileSystem.csproj::TargetFramework=net8.0]
E:\vs\Projects\PlatformIndependentNuGetPackages\SunamoFileSystem\SunamoFileSystem\FS.cs(307,24): warning CS1591: Missing XML comment for publicly visible type or member 'FS.MoveSubfoldersToFolder(ILogger, List<string>, string, string, FileMoveCollisionOption)' [E:\vs\Projects\PlatformIndependentNuGetPackages\SunamoFileSystem\SunamoFileSystem\SunamoFileSystem.csproj::TargetFramework=net8.0]
E:\vs\Projects\PlatformIndependentNuGetPackages\SunamoFileSystem\SunamoFileSystem\FS.cs(317,24): warning CS1591: Missing XML comment for publicly visible type or member 'FS.TrimBasePathAndTrailingBs(List<string>, string)' [E:\vs\Projects\PlatformIndependentNuGetPackages\SunamoFileSystem\SunamoFileSystem\SunamoFileSystem.csproj::TargetFramework=net8.0]
E:\vs\Projects\PlatformIndependentNuGetPackages\SunamoFileSystem\SunamoFileSystem\FS.cs(325,26): warning CS1591: Missing XML comment for publicly visible type or member 'FS.GetFileNameWithoutOneExtension(string)' [E:\vs\Projects\PlatformIndependentNuGetPackages\SunamoFileSystem\SunamoFileSystem\SunamoFileSystem.csproj::TargetFramework=net8.0]
E:\vs\Projects\PlatformIndependentNuGetPackages\SunamoFileSystem\SunamoFileSystem\FS.cs(329,26): warning CS1591: Missing XML comment for publicly visible type or member 'FS.GetActualDateTime()' [E:\vs\Projects\PlatformIndependentNuGetPackages\SunamoFileSystem\SunamoFileSystem\SunamoFileSystem.csproj::TargetFramework=net8.0]
E:\vs\Projects\PlatformIndependentNuGetPackages\SunamoFileSystem\SunamoFileSystem\FS.cs(340,9): warning CS1591: Missing XML comment for publicly visible type or member 'FS.KeepOnlyWhichIsNotInFiles(List<string>, List<string>)' [E:\vs\Projects\PlatformIndependentNuGetPackages\SunamoFileSystem\SunamoFileSystem\SunamoFileSystem.csproj::TargetFramework=net8.0]
E:\vs\Projects\PlatformIndependentNuGetPackages\SunamoFileSystem\SunamoFileSystem\FS.cs(403,32): warning CS1591: Missing XML comment for publicly visible type or member 'FS.FilterInRootAndInSubFolder(string, List<string>)' [E:\vs\Projects\PlatformIndependentNuGetPackages\SunamoFileSystem\SunamoFileSystem\SunamoFileSystem.csproj::TargetFramework=net8.0]
E:\vs\Projects\PlatformIndependentNuGetPackages\SunamoFileSystem\SunamoFileSystem\FS.cs(419,24): warning CS1591: Missing XML comment for publicly visible type or member 'FS.OnlyNames(List<string>)' [E:\vs\Projects\PlatformIndependentNuGetPackages\SunamoFileSystem\SunamoFileSystem\SunamoFileSystem.csproj::TargetFramework=net8.0]
E:\vs\Projects\PlatformIndependentNuGetPackages\SunamoFileSystem\SunamoFileSystem\FS.cs(423,32): warning CS1591: Missing XML comment for publicly visible type or member 'FS.FilesWhichContainsAll(object, string, params string[])' [E:\vs\Projects\PlatformIndependentNuGetPackages\SunamoFileSystem\SunamoFileSystem\SunamoFileSystem.csproj::TargetFramework=net8.0]
E:\vs\Projects\PlatformIndependentNuGetPackages\SunamoFileSystem\SunamoFileSystem\FS.cs(427,26): warning CS1591: Missing XML comment for publicly visible type or member 'FS.PathSpecialAndLevel(string, string, int)' [E:\vs\Projects\PlatformIndependentNuGetPackages\SunamoFileSystem\SunamoFileSystem\SunamoFileSystem.csproj::TargetFramework=net8.0]
E:\vs\Projects\PlatformIndependentNuGetPackages\SunamoFileSystem\SunamoFileSystem\FS.cs(449,26): warning CS1591: Missing XML comment for publicly visible type or member 'FS.GetDirectoryNameIfIsFile(string)' [E:\vs\Projects\PlatformIndependentNuGetPackages\SunamoFileSystem\SunamoFileSystem\SunamoFileSystem.csproj::TargetFramework=net8.0]
E:\vs\Projects\PlatformIndependentNuGetPackages\SunamoFileSystem\SunamoFileSystem\FS.cs(454,26): warning CS1591: Missing XML comment for publicly visible type or member 'FS.MaskFromExtensions(List<string>)' [E:\vs\Projects\PlatformIndependentNuGetPackages\SunamoFileSystem\SunamoFileSystem\SunamoFileSystem.csproj::TargetFramework=net8.0]
E:\vs\Projects\PlatformIndependentNuGetPackages\SunamoFileSystem\SunamoFileSystem\FS.cs(538,52): warning CS1573: Parameter 'logger' has no matching param tag in the XML comment for 'FS.CopyMoveFilesInList(ILogger, List<string>, string, string, List<string>, bool, bool, Dictionary<string, List<string>>, bool)' (but other parameters do) [E:\vs\Projects\PlatformIndependentNuGetPackages\SunamoFileSystem\SunamoFileSystem\SunamoFileSystem.csproj::TargetFramework=net8.0]
E:\vs\Projects\PlatformIndependentNuGetPackages\SunamoFileSystem\SunamoFileSystem\FS.cs(539,110): warning CS1573: Parameter 'files' has no matching param tag in the XML comment for 'FS.CopyMoveFilesInList(ILogger, List<string>, string, string, List<string>, bool, bool, Dictionary<string, List<string>>, bool)' (but other parameters do) [E:\vs\Projects\PlatformIndependentNuGetPackages\SunamoFileSystem\SunamoFileSystem\SunamoFileSystem.csproj::TargetFramework=net8.0]
E:\vs\Projects\PlatformIndependentNuGetPackages\SunamoFileSystem\SunamoFileSystem\FS.cs(540,14): warning CS1573: Parameter 'overwrite' has no matching param tag in the XML comment for 'FS.CopyMoveFilesInList(ILogger, List<string>, string, string, List<string>, bool, bool, Dictionary<string, List<string>>, bool)' (but other parameters do) [E:\vs\Projects\PlatformIndependentNuGetPackages\SunamoFileSystem\SunamoFileSystem\SunamoFileSystem.csproj::TargetFramework=net8.0]
E:\vs\Projects\PlatformIndependentNuGetPackages\SunamoFileSystem\SunamoFileSystem\FS.cs(577,24): warning CS1591: Missing XML comment for publicly visible type or member 'FS.CopyMoveFilesInListSimple(ILogger, List<string>, string, string, bool, bool)' [E:\vs\Projects\PlatformIndependentNuGetPackages\SunamoFileSystem\SunamoFileSystem\SunamoFileSystem.csproj::TargetFramework=net8.0]
E:\vs\Projects\PlatformIndependentNuGetPackages\SunamoFileSystem\SunamoFileSystem\FS.cs(585,24): warning CS1591: Missing XML comment for publicly visible type or member 'FS.CreateInOtherLocationSameFolderStructure(string, string)' [E:\vs\Projects\PlatformIndependentNuGetPackages\SunamoFileSystem\SunamoFileSystem\SunamoFileSystem.csproj::TargetFramework=net8.0]
E:\vs\Projects\PlatformIndependentNuGetPackages\SunamoFileSystem\SunamoFileSystem\FS.cs(602,65): warning CS1573: Parameter 'logger' has no matching param tag in the XML comment for 'FS.CopyMoveFromMultiLocationIntoOne(ILogger, List<string>, string, string)' (but other parameters do) [E:\vs\Projects\PlatformIndependentNuGetPackages\SunamoFileSystem\SunamoFileSystem\SunamoFileSystem.csproj::TargetFramework=net8.0]
E:\vs\Projects\PlatformIndependentNuGetPackages\SunamoFileSystem\SunamoFileSystem\FS.cs(683,22): warning CS1572: XML comment has a param tag for 'v', but there is no parameter by that name [E:\vs\Projects\PlatformIndependentNuGetPackages\SunamoFileSystem\SunamoFileSystem\SunamoFileSystem.csproj::TargetFramework=net8.0]
E:\vs\Projects\PlatformIndependentNuGetPackages\SunamoFileSystem\SunamoFileSystem\FS.cs(698,54): warning CS1573: Parameter 'so' has no matching param tag in the XML comment for 'FS.DeleteEmptyFiles(string, SearchOption)' (but other parameters do) [E:\vs\Projects\PlatformIndependentNuGetPackages\SunamoFileSystem\SunamoFileSystem\SunamoFileSystem.csproj::TargetFramework=net8.0]
E:\vs\Projects\PlatformIndependentNuGetPackages\SunamoFileSystem\SunamoFileSystem\FS.cs(759,30): warning CS1591: Missing XML comment for publicly visible type or member 'FS.ReplaceInAllFiles(string, string, ReplaceInAllFilesArgsBase, Func<string, bool>)' [E:\vs\Projects\PlatformIndependentNuGetPackages\SunamoFileSystem\SunamoFileSystem\SunamoFileSystem.csproj::TargetFramework=net8.0]
E:\vs\Projects\PlatformIndependentNuGetPackages\SunamoFileSystem\SunamoFileSystem\FS.cs(769,30): warning CS1591: Missing XML comment for publicly visible type or member 'FS.ReplaceInAllFiles(string, string, List<string>, List<string>, bool, Func<string, bool>)' [E:\vs\Projects\PlatformIndependentNuGetPackages\SunamoFileSystem\SunamoFileSystem\SunamoFileSystem.csproj::TargetFramework=net8.0]
E:\vs\Projects\PlatformIndependentNuGetPackages\SunamoFileSystem\SunamoFileSystem\FS.cs(788,22): warning CS1572: XML comment has a param tag for 'files', but there is no parameter by that name [E:\vs\Projects\PlatformIndependentNuGetPackages\SunamoFileSystem\SunamoFileSystem\SunamoFileSystem.csproj::TargetFramework=net8.0]
E:\vs\Projects\PlatformIndependentNuGetPackages\SunamoFileSystem\SunamoFileSystem\FS.cs(789,22): warning CS1572: XML comment has a param tag for 'dontReplaceAll', but there is no parameter by that name [E:\vs\Projects\PlatformIndependentNuGetPackages\SunamoFileSystem\SunamoFileSystem\SunamoFileSystem.csproj::TargetFramework=net8.0]
E:\vs\Projects\PlatformIndependentNuGetPackages\SunamoFileSystem\SunamoFileSystem\FS.cs(796,105): warning CS1573: Parameter 'args' has no matching param tag in the XML comment for 'FS.ReplaceInAllFiles(IList<string>, IList<string>, ReplaceInAllFilesArgsBase, Func<string, bool>)' (but other parameters do) [E:\vs\Projects\PlatformIndependentNuGetPackages\SunamoFileSystem\SunamoFileSystem\SunamoFileSystem.csproj::TargetFramework=net8.0]
E:\vs\Projects\PlatformIndependentNuGetPackages\SunamoFileSystem\SunamoFileSystem\FS.cs(797,32): warning CS1573: Parameter 'EncodingHelperIsBinary' has no matching param tag in the XML comment for 'FS.ReplaceInAllFiles(IList<string>, IList<string>, ReplaceInAllFilesArgsBase, Func<string, bool>)' (but other parameters do) [E:\vs\Projects\PlatformIndependentNuGetPackages\SunamoFileSystem\SunamoFileSystem\SunamoFileSystem.csproj::TargetFramework=net8.0]
E:\vs\Projects\PlatformIndependentNuGetPackages\SunamoFileSystem\SunamoFileSystem\FS.cs(857,22): warning CS1572: XML comment has a param tag for 'v', but there is no parameter by that name [E:\vs\Projects\PlatformIndependentNuGetPackages\SunamoFileSystem\SunamoFileSystem\SunamoFileSystem.csproj::TargetFramework=net8.0]
E:\vs\Projects\PlatformIndependentNuGetPackages\SunamoFileSystem\SunamoFileSystem\FS.cs(858,54): warning CS1573: Parameter 'value' has no matching param tag in the XML comment for 'FS.GetFileInStartupPath(string)' (but other parameters do) [E:\vs\Projects\PlatformIndependentNuGetPackages\SunamoFileSystem\SunamoFileSystem\SunamoFileSystem.csproj::TargetFramework=net8.0]
E:\vs\Projects\PlatformIndependentNuGetPackages\SunamoFileSystem\SunamoFileSystem\FS.cs(868,9): warning CS1591: Missing XML comment for publicly visible type or member 'FS.RemoveDiacriticInFileContents(string, string)' [E:\vs\Projects\PlatformIndependentNuGetPackages\SunamoFileSystem\SunamoFileSystem\SunamoFileSystem.csproj::TargetFramework=net8.0]
E:\vs\Projects\PlatformIndependentNuGetPackages\SunamoFileSystem\SunamoFileSystem\FS.cs(901,26): warning CS1591: Missing XML comment for publicly visible type or member 'FS.RemoveFile(string)' [E:\vs\Projects\PlatformIndependentNuGetPackages\SunamoFileSystem\SunamoFileSystem\SunamoFileSystem.csproj::TargetFramework=net8.0]
E:\vs\Projects\PlatformIndependentNuGetPackages\SunamoFileSystem\SunamoFileSystem\FS.cs(910,26): warning CS1591: Missing XML comment for publicly visible type or member 'FS.MakeFromLastPartFile(string, string)' [E:\vs\Projects\PlatformIndependentNuGetPackages\SunamoFileSystem\SunamoFileSystem\SunamoFileSystem.csproj::TargetFramework=net8.0]
E:\vs\Projects\PlatformIndependentNuGetPackages\SunamoFileSystem\SunamoFileSystem\FS.cs(924,24): warning CS1591: Missing XML comment for publicly visible type or member 'FS.CopyAs0KbFilesSubfolders(string, string)' [E:\vs\Projects\PlatformIndependentNuGetPackages\SunamoFileSystem\SunamoFileSystem\SunamoFileSystem.csproj::TargetFramework=net8.0]
E:\vs\Projects\PlatformIndependentNuGetPackages\SunamoFileSystem\SunamoFileSystem\FS.cs(932,24): warning CS1591: Missing XML comment for publicly visible type or member 'FS.CopyAs0KbFiles(string, string)' [E:\vs\Projects\PlatformIndependentNuGetPackages\SunamoFileSystem\SunamoFileSystem\SunamoFileSystem.csproj::TargetFramework=net8.0]
E:\vs\Projects\PlatformIndependentNuGetPackages\SunamoFileSystem\SunamoFileSystem\FS.cs(944,26): warning CS1591: Missing XML comment for publicly visible type or member 'FS.ShrinkLongPath(string)' [E:\vs\Projects\PlatformIndependentNuGetPackages\SunamoFileSystem\SunamoFileSystem\SunamoFileSystem.csproj::TargetFramework=net8.0]
E:\vs\Projects\PlatformIndependentNuGetPackages\SunamoFileSystem\SunamoFileSystem\FS.cs(954,26): warning CS1591: Missing XML comment for publicly visible type or member 'FS.CreateNewFolderPathWithEndingNextTo(string, string)' [E:\vs\Projects\PlatformIndependentNuGetPackages\SunamoFileSystem\SunamoFileSystem\SunamoFileSystem.csproj::TargetFramework=net8.0]
E:\vs\Projects\PlatformIndependentNuGetPackages\SunamoFileSystem\SunamoFileSystem\FS.cs(962,24): warning CS1591: Missing XML comment for publicly visible type or member 'FS.CopyFilesOfExtensions(string, string, params string[])' [E:\vs\Projects\PlatformIndependentNuGetPackages\SunamoFileSystem\SunamoFileSystem\SunamoFileSystem.csproj::TargetFramework=net8.0]
E:\vs\Projects\PlatformIndependentNuGetPackages\SunamoFileSystem\SunamoFileSystem\FS.cs(1033,26): warning CS1591: Missing XML comment for publicly visible type or member 'FS.GetUpFolderWhichContainsExtension(string, string)' [E:\vs\Projects\PlatformIndependentNuGetPackages\SunamoFileSystem\SunamoFileSystem\SunamoFileSystem.csproj::TargetFramework=net8.0]
E:\vs\Projects\PlatformIndependentNuGetPackages\SunamoFileSystem\SunamoFileSystem\FS.cs(1042,24): warning CS1591: Missing XML comment for publicly visible type or member 'FS.TrimContentInFilesOfFolder(string, string, SearchOption)' [E:\vs\Projects\PlatformIndependentNuGetPackages\SunamoFileSystem\SunamoFileSystem\SunamoFileSystem.csproj::TargetFramework=net8.0]
E:\vs\Projects\PlatformIndependentNuGetPackages\SunamoFileSystem\SunamoFileSystem\FS.cs(1073,24): warning CS1591: Missing XML comment for publicly visible type or member 'FS.GetSizeIn(long, ComputerSizeUnits, ComputerSizeUnits)' [E:\vs\Projects\PlatformIndependentNuGetPackages\SunamoFileSystem\SunamoFileSystem\SunamoFileSystem.csproj::TargetFramework=net8.0]
E:\vs\Projects\PlatformIndependentNuGetPackages\SunamoFileSystem\SunamoFileSystem\FS.cs(1125,23): warning CS1591: Missing XML comment for publicly visible type or member 'FS.CompareTWithInt<T>(TWithInt<T>, TWithInt<T>)' [E:\vs\Projects\PlatformIndependentNuGetPackages\SunamoFileSystem\SunamoFileSystem\SunamoFileSystem.csproj::TargetFramework=net8.0]
E:\vs\Projects\PlatformIndependentNuGetPackages\SunamoFileSystem\SunamoFileSystem\FS.cs(1132,42): warning CS1591: Missing XML comment for publicly visible type or member 'FS.DirectoriesWithToken(string, AscDesc)' [E:\vs\Projects\PlatformIndependentNuGetPackages\SunamoFileSystem\SunamoFileSystem\SunamoFileSystem.csproj::TargetFramework=net8.0]
E:\vs\Projects\PlatformIndependentNuGetPackages\SunamoFileSystem\SunamoFileSystem\FS.cs(1238,24): warning CS1591: Missing XML comment for publicly visible type or member 'FS.MoveAllFilesRecursively(ILogger, string, string, FileMoveCollisionOption, string)' [E:\vs\Projects\PlatformIndependentNuGetPackages\SunamoFileSystem\SunamoFileSystem\SunamoFileSystem.csproj::TargetFramework=net8.0]
E:\vs\Projects\PlatformIndependentNuGetPackages\SunamoFileSystem\SunamoFileSystem\FS.cs(1327,52): warning CS1591: Missing XML comment for publicly visible type or member 'FS.SortPathsByFileName(List<string>, bool)' [E:\vs\Projects\PlatformIndependentNuGetPackages\SunamoFileSystem\SunamoFileSystem\SunamoFileSystem.csproj::TargetFramework=net8.0]
E:\vs\Projects\PlatformIndependentNuGetPackages\SunamoFileSystem\SunamoFileSystem\FS.cs(1342,24): warning CS1591: Missing XML comment for publicly visible type or member 'FS.DeleteAllRecursively(string, bool)' [E:\vs\Projects\PlatformIndependentNuGetPackages\SunamoFileSystem\SunamoFileSystem\SunamoFileSystem.csproj::TargetFramework=net8.0]
E:\vs\Projects\PlatformIndependentNuGetPackages\SunamoFileSystem\SunamoFileSystem\FS.cs(1355,24): warning CS1591: Missing XML comment for publicly visible type or member 'FS.DeleteFoldersWhichNotContains(string, string, IList<string>)' [E:\vs\Projects\PlatformIndependentNuGetPackages\SunamoFileSystem\SunamoFileSystem\SunamoFileSystem.csproj::TargetFramework=net8.0]
E:\vs\Projects\PlatformIndependentNuGetPackages\SunamoFileSystem\SunamoFileSystem\FS.cs(1378,32): warning CS1591: Missing XML comment for publicly visible type or member 'FS.OnlyExtensions(List<string>)' [E:\vs\Projects\PlatformIndependentNuGetPackages\SunamoFileSystem\SunamoFileSystem\SunamoFileSystem.csproj::TargetFramework=net8.0]
E:\vs\Projects\PlatformIndependentNuGetPackages\SunamoFileSystem\SunamoFileSystem\FS.cs(1409,32): warning CS1591: Missing XML comment for publicly visible type or member 'FS.OnlyExtensionsToLower(List<string>, GetExtensionArgs)' [E:\vs\Projects\PlatformIndependentNuGetPackages\SunamoFileSystem\SunamoFileSystem\SunamoFileSystem.csproj::TargetFramework=net8.0]
E:\vs\Projects\PlatformIndependentNuGetPackages\SunamoFileSystem\SunamoFileSystem\FS.cs(1419,32): warning CS1591: Missing XML comment for publicly visible type or member 'FS.OnlyExtensionsToLowerWithPath(List<string>)' [E:\vs\Projects\PlatformIndependentNuGetPackages\SunamoFileSystem\SunamoFileSystem\SunamoFileSystem.csproj::TargetFramework=net8.0]
E:\vs\Projects\PlatformIndependentNuGetPackages\SunamoFileSystem\SunamoFileSystem\FS.cs(1426,26): warning CS1591: Missing XML comment for publicly visible type or member 'FS.OnlyExtensionToLowerWithPath(string)' [E:\vs\Projects\PlatformIndependentNuGetPackages\SunamoFileSystem\SunamoFileSystem\SunamoFileSystem.csproj::TargetFramework=net8.0]
E:\vs\Projects\PlatformIndependentNuGetPackages\SunamoFileSystem\SunamoFileSystem\FS.cs(1433,32): warning CS1591: Missing XML comment for publicly visible type or member 'FS.AllExtensionsInFolders(SearchOption, params string[])' [E:\vs\Projects\PlatformIndependentNuGetPackages\SunamoFileSystem\SunamoFileSystem\SunamoFileSystem.csproj::TargetFramework=net8.0]
E:\vs\Projects\PlatformIndependentNuGetPackages\SunamoFileSystem\SunamoFileSystem\FS.cs(1442,22): warning CS1572: XML comment has a param tag for 'so', but there is no parameter by that name [E:\vs\Projects\PlatformIndependentNuGetPackages\SunamoFileSystem\SunamoFileSystem\SunamoFileSystem.csproj::TargetFramework=net8.0]
E:\vs\Projects\PlatformIndependentNuGetPackages\SunamoFileSystem\SunamoFileSystem\FS.cs(1443,22): warning CS1572: XML comment has a param tag for 'folders', but there is no parameter by that name [E:\vs\Projects\PlatformIndependentNuGetPackages\SunamoFileSystem\SunamoFileSystem\SunamoFileSystem.csproj::TargetFramework=net8.0]
E:\vs\Projects\PlatformIndependentNuGetPackages\SunamoFileSystem\SunamoFileSystem\FS.cs(1444,68): warning CS1573: Parameter 'filesFull' has no matching param tag in the XML comment for 'FS.AllExtensionsInFolders(List<string>, GetExtensionArgs)' (but other parameters do) [E:\vs\Projects\PlatformIndependentNuGetPackages\SunamoFileSystem\SunamoFileSystem\SunamoFileSystem.csproj::TargetFramework=net8.0]
E:\vs\Projects\PlatformIndependentNuGetPackages\SunamoFileSystem\SunamoFileSystem\FS.cs(1444,96): warning CS1573: Parameter 'args' has no matching param tag in the XML comment for 'FS.AllExtensionsInFolders(List<string>, GetExtensionArgs)' (but other parameters do) [E:\vs\Projects\PlatformIndependentNuGetPackages\SunamoFileSystem\SunamoFileSystem\SunamoFileSystem.csproj::TargetFramework=net8.0]
E:\vs\Projects\PlatformIndependentNuGetPackages\SunamoFileSystem\SunamoFileSystem\FS.cs(1462,26): warning CS1591: Missing XML comment for publicly visible type or member 'FS.ExpandEnvironmentVariables(EnvironmentVariables)' [E:\vs\Projects\PlatformIndependentNuGetPackages\SunamoFileSystem\SunamoFileSystem\SunamoFileSystem.csproj::TargetFramework=net8.0]
E:\vs\Projects\PlatformIndependentNuGetPackages\SunamoFileSystem\SunamoFileSystem\FS.cs(1474,26): warning CS1591: Missing XML comment for publicly visible type or member 'FS.AddUpfoldersToRelativePath(int, string, char)' [E:\vs\Projects\PlatformIndependentNuGetPackages\SunamoFileSystem\SunamoFileSystem\SunamoFileSystem.csproj::TargetFramework=net8.0]
E:\vs\Projects\PlatformIndependentNuGetPackages\SunamoFileSystem\SunamoFileSystem\FS.cs(1486,22): warning CS1572: XML comment has a param tag for 'item', but there is no parameter by that name [E:\vs\Projects\PlatformIndependentNuGetPackages\SunamoFileSystem\SunamoFileSystem\SunamoFileSystem.csproj::TargetFramework=net8.0]
E:\vs\Projects\PlatformIndependentNuGetPackages\SunamoFileSystem\SunamoFileSystem\FS.cs(1488,52): warning CS1573: Parameter 'extension' has no matching param tag in the XML comment for 'FS.NormalizeExtension(string)' (but other parameters do) [E:\vs\Projects\PlatformIndependentNuGetPackages\SunamoFileSystem\SunamoFileSystem\SunamoFileSystem.csproj::TargetFramework=net8.0]
E:\vs\Projects\PlatformIndependentNuGetPackages\SunamoFileSystem\SunamoFileSystem\FS.cs(1492,26): warning CS1591: Missing XML comment for publicly visible type or member 'FS.GetNormalizedExtension(string)' [E:\vs\Projects\PlatformIndependentNuGetPackages\SunamoFileSystem\SunamoFileSystem\SunamoFileSystem.csproj::TargetFramework=net8.0]
E:\vs\Projects\PlatformIndependentNuGetPackages\SunamoFileSystem\SunamoFileSystem\FS.cs(1496,24): warning CS1591: Missing XML comment for publicly visible type or member 'FS.ModifiedinUnix(string)' [E:\vs\Projects\PlatformIndependentNuGetPackages\SunamoFileSystem\SunamoFileSystem\SunamoFileSystem.csproj::TargetFramework=net8.0]
E:\vs\Projects\PlatformIndependentNuGetPackages\SunamoFileSystem\SunamoFileSystem\FS.cs(1500,24): warning CS1591: Missing XML comment for publicly visible type or member 'FS.ReplaceDiacriticRecursive(ILogger, string, bool, bool, DirectoryMoveCollisionOption, FileMoveCollisionOption)' [E:\vs\Projects\PlatformIndependentNuGetPackages\SunamoFileSystem\SunamoFileSystem\SunamoFileSystem.csproj::TargetFramework=net8.0]
E:\vs\Projects\PlatformIndependentNuGetPackages\SunamoFileSystem\SunamoFileSystem\FS.cs(1540,43): warning CS1573: Parameter 'logger' has no matching param tag in the XML comment for 'FS.RenameFile(ILogger, string, string, FileMoveCollisionOption)' (but other parameters do) [E:\vs\Projects\PlatformIndependentNuGetPackages\SunamoFileSystem\SunamoFileSystem\SunamoFileSystem.csproj::TargetFramework=net8.0]
E:\vs\Projects\PlatformIndependentNuGetPackages\SunamoFileSystem\SunamoFileSystem\FS.cs(1551,50): warning CS1573: Parameter 'logger' has no matching param tag in the XML comment for 'FS.RenameDirectory(ILogger, string, string, DirectoryMoveCollisionOption, FileMoveCollisionOption)' (but other parameters do) [E:\vs\Projects\PlatformIndependentNuGetPackages\SunamoFileSystem\SunamoFileSystem\SunamoFileSystem.csproj::TargetFramework=net8.0]
E:\vs\Projects\PlatformIndependentNuGetPackages\SunamoFileSystem\SunamoFileSystem\FS.cs(1551,116): warning CS1573: Parameter 'directoryCollisionOption' has no matching param tag in the XML comment for 'FS.RenameDirectory(ILogger, string, string, DirectoryMoveCollisionOption, FileMoveCollisionOption)' (but other parameters do) [E:\vs\Projects\PlatformIndependentNuGetPackages\SunamoFileSystem\SunamoFileSystem\SunamoFileSystem.csproj::TargetFramework=net8.0]
E:\vs\Projects\PlatformIndependentNuGetPackages\SunamoFileSystem\SunamoFileSystem\FS.cs(1552,33): warning CS1573: Parameter 'fileCollisionOption' has no matching param tag in the XML comment for 'FS.RenameDirectory(ILogger, string, string, DirectoryMoveCollisionOption, FileMoveCollisionOption)' (but other parameters do) [E:\vs\Projects\PlatformIndependentNuGetPackages\SunamoFileSystem\SunamoFileSystem\SunamoFileSystem.csproj::TargetFramework=net8.0]
E:\vs\Projects\PlatformIndependentNuGetPackages\SunamoFileSystem\SunamoFileSystem\FS.cs(1572,22): warning CS1572: XML comment has a param tag for 'fn', but there is no parameter by that name [E:\vs\Projects\PlatformIndependentNuGetPackages\SunamoFileSystem\SunamoFileSystem\SunamoFileSystem.csproj::TargetFramework=net8.0]
E:\vs\Projects\PlatformIndependentNuGetPackages\SunamoFileSystem\SunamoFileSystem\FS.cs(1573,22): warning CS1572: XML comment has a param tag for 'path', but there is no parameter by that name [E:\vs\Projects\PlatformIndependentNuGetPackages\SunamoFileSystem\SunamoFileSystem\SunamoFileSystem.csproj::TargetFramework=net8.0]
E:\vs\Projects\PlatformIndependentNuGetPackages\SunamoFileSystem\SunamoFileSystem\FS.cs(1576,71): warning CS1573: Parameter 'filePath' has no matching param tag in the XML comment for 'FS.GetFileNameWithoutExtensionAndExtension(string, out string, out string)' (but other parameters do) [E:\vs\Projects\PlatformIndependentNuGetPackages\SunamoFileSystem\SunamoFileSystem\SunamoFileSystem.csproj::TargetFramework=net8.0]
E:\vs\Projects\PlatformIndependentNuGetPackages\SunamoFileSystem\SunamoFileSystem\FS.cs(1581,24): warning CS1591: Missing XML comment for publicly visible type or member 'FS.SaveStream(string, Stream)' [E:\vs\Projects\PlatformIndependentNuGetPackages\SunamoFileSystem\SunamoFileSystem\SunamoFileSystem.csproj::TargetFramework=net8.0]
E:\vs\Projects\PlatformIndependentNuGetPackages\SunamoFileSystem\SunamoFileSystem\FS.cs(1589,32): warning CS1591: Missing XML comment for publicly visible type or member 'FS.OnlyNamesWithoutExtensionCopy(List<string>)' [E:\vs\Projects\PlatformIndependentNuGetPackages\SunamoFileSystem\SunamoFileSystem\SunamoFileSystem.csproj::TargetFramework=net8.0]
E:\vs\Projects\PlatformIndependentNuGetPackages\SunamoFileSystem\SunamoFileSystem\FS.cs(1595,24): warning CS1591: Missing XML comment for publicly visible type or member 'FS.DirectoryExistsAndIsNotEmpty(string)' [E:\vs\Projects\PlatformIndependentNuGetPackages\SunamoFileSystem\SunamoFileSystem\SunamoFileSystem.csproj::TargetFramework=net8.0]
E:\vs\Projects\PlatformIndependentNuGetPackages\SunamoFileSystem\SunamoFileSystem\FS.cs(1600,32): warning CS1591: Missing XML comment for publicly visible type or member 'FS.OnlyNamesWithoutExtension(string, List<string>)' [E:\vs\Projects\PlatformIndependentNuGetPackages\SunamoFileSystem\SunamoFileSystem\SunamoFileSystem.csproj::TargetFramework=net8.0]
E:\vs\Projects\PlatformIndependentNuGetPackages\SunamoFileSystem\SunamoFileSystem\FS.cs(1607,26): warning CS1591: Missing XML comment for publicly visible type or member 'FS.Postfix(string, string)' [E:\vs\Projects\PlatformIndependentNuGetPackages\SunamoFileSystem\SunamoFileSystem\SunamoFileSystem.csproj::TargetFramework=net8.0]
E:\vs\Projects\PlatformIndependentNuGetPackages\SunamoFileSystem\SunamoFileSystem\FS.cs(1619,9): warning CS1591: Missing XML comment for publicly visible type or member 'FS.ReadAllText(string)' [E:\vs\Projects\PlatformIndependentNuGetPackages\SunamoFileSystem\SunamoFileSystem\SunamoFileSystem.csproj::TargetFramework=net8.0]
E:\vs\Projects\PlatformIndependentNuGetPackages\SunamoFileSystem\SunamoFileSystem\FS.cs(1627,26): warning CS1591: Missing XML comment for publicly visible type or member 'FS.GetFileNameWithoutExtension(string)' [E:\vs\Projects\PlatformIndependentNuGetPackages\SunamoFileSystem\SunamoFileSystem\SunamoFileSystem.csproj::TargetFramework=net8.0]
E:\vs\Projects\PlatformIndependentNuGetPackages\SunamoFileSystem\SunamoFileSystem\FS.cs(1636,22): warning CS1572: XML comment has a param tag for 's', but there is no parameter by that name [E:\vs\Projects\PlatformIndependentNuGetPackages\SunamoFileSystem\SunamoFileSystem\SunamoFileSystem.csproj::TargetFramework=net8.0]
E:\vs\Projects\PlatformIndependentNuGetPackages\SunamoFileSystem\SunamoFileSystem\FS.cs(1638,88): warning CS1573: Parameter 'text' has no matching param tag in the XML comment for 'FS.GetFileNameWithoutExtensionNoAc<StorageFile>(StorageFile)' (but other parameters do) [E:\vs\Projects\PlatformIndependentNuGetPackages\SunamoFileSystem\SunamoFileSystem\SunamoFileSystem.csproj::TargetFramework=net8.0]
E:\vs\Projects\PlatformIndependentNuGetPackages\SunamoFileSystem\SunamoFileSystem\FS.cs(1665,24): warning CS1591: Missing XML comment for publicly visible type or member 'FS.ThrowNotImplementedUwp()' [E:\vs\Projects\PlatformIndependentNuGetPackages\SunamoFileSystem\SunamoFileSystem\SunamoFileSystem.csproj::TargetFramework=net8.0]
E:\vs\Projects\PlatformIndependentNuGetPackages\SunamoFileSystem\SunamoFileSystem\FS.cs(1669,24): warning CS1591: Missing XML comment for publicly visible type or member 'FS.IsFileOlderThanXHours(string, int, bool)' [E:\vs\Projects\PlatformIndependentNuGetPackages\SunamoFileSystem\SunamoFileSystem\SunamoFileSystem.csproj::TargetFramework=net8.0]
E:\vs\Projects\PlatformIndependentNuGetPackages\SunamoFileSystem\SunamoFileSystem\FS.cs(1684,32): warning CS1591: Missing XML comment for publicly visible type or member 'FS.GetFileNamesWoExtension(List<string>)' [E:\vs\Projects\PlatformIndependentNuGetPackages\SunamoFileSystem\SunamoFileSystem\SunamoFileSystem.csproj::TargetFramework=net8.0]
E:\vs\Projects\PlatformIndependentNuGetPackages\SunamoFileSystem\SunamoFileSystem\FS.cs(1702,93): warning CS1573: Parameter 'collisionOption' has no matching param tag in the XML comment for 'FS.CopyTo(string, string, FileMoveCollisionOption)' (but other parameters do) [E:\vs\Projects\PlatformIndependentNuGetPackages\SunamoFileSystem\SunamoFileSystem\SunamoFileSystem.csproj::TargetFramework=net8.0]
E:\vs\Projects\PlatformIndependentNuGetPackages\SunamoFileSystem\SunamoFileSystem\FS.cs(1731,22): warning CS1572: XML comment has a param tag for 'p', but there is no parameter by that name [E:\vs\Projects\PlatformIndependentNuGetPackages\SunamoFileSystem\SunamoFileSystem\SunamoFileSystem.csproj::TargetFramework=net8.0]
E:\vs\Projects\PlatformIndependentNuGetPackages\SunamoFileSystem\SunamoFileSystem\FS.cs(1734,82): warning CS1573: Parameter 'path' has no matching param tag in the XML comment for 'FS.ReplaceDirectoryThrowExceptionIfFromDoesntExists(string, string, string)' (but other parameters do) [E:\vs\Projects\PlatformIndependentNuGetPackages\SunamoFileSystem\SunamoFileSystem\SunamoFileSystem.csproj::TargetFramework=net8.0]
E:\vs\Projects\PlatformIndependentNuGetPackages\SunamoFileSystem\SunamoFileSystem\FS.cs(1750,22): warning CS1572: XML comment has a param tag for 'p', but there is no parameter by that name [E:\vs\Projects\PlatformIndependentNuGetPackages\SunamoFileSystem\SunamoFileSystem\SunamoFileSystem.csproj::TargetFramework=net8.0]
E:\vs\Projects\PlatformIndependentNuGetPackages\SunamoFileSystem\SunamoFileSystem\FS.cs(1752,71): warning CS1573: Parameter 'path' has no matching param tag in the XML comment for 'FS.OnlyNamesWithoutExtension(List<string>)' (but other parameters do) [E:\vs\Projects\PlatformIndependentNuGetPackages\SunamoFileSystem\SunamoFileSystem\SunamoFileSystem.csproj::TargetFramework=net8.0]
E:\vs\Projects\PlatformIndependentNuGetPackages\SunamoFileSystem\SunamoFileSystem\FS.cs(1760,22): warning CS1572: XML comment has a param tag for 'fn', but there is no parameter by that name [E:\vs\Projects\PlatformIndependentNuGetPackages\SunamoFileSystem\SunamoFileSystem\SunamoFileSystem.csproj::TargetFramework=net8.0]
E:\vs\Projects\PlatformIndependentNuGetPackages\SunamoFileSystem\SunamoFileSystem\FS.cs(1764,50): warning CS1573: Parameter 'filePath' has no matching param tag in the XML comment for 'FS.GetPathAndFileName(string, out string, out string, out string)' (but other parameters do) [E:\vs\Projects\PlatformIndependentNuGetPackages\SunamoFileSystem\SunamoFileSystem\SunamoFileSystem.csproj::TargetFramework=net8.0]
E:\vs\Projects\PlatformIndependentNuGetPackages\SunamoFileSystem\SunamoFileSystem\FS.cs(1815,32): warning CS1591: Missing XML comment for publicly visible type or member 'FS.GetTokens(string)' [E:\vs\Projects\PlatformIndependentNuGetPackages\SunamoFileSystem\SunamoFileSystem\SunamoFileSystem.csproj::TargetFramework=net8.0]
E:\vs\Projects\PlatformIndependentNuGetPackages\SunamoFileSystem\SunamoFileSystem\FS.cs(1827,24): warning CS1591: Missing XML comment for publicly visible type or member 'FS.CopyStream(Stream, Stream)' [E:\vs\Projects\PlatformIndependentNuGetPackages\SunamoFileSystem\SunamoFileSystem\SunamoFileSystem.csproj::TargetFramework=net8.0]
E:\vs\Projects\PlatformIndependentNuGetPackages\SunamoFileSystem\SunamoFileSystem\FS.cs(1836,22): warning CS1572: XML comment has a param tag for 's', but there is no parameter by that name [E:\vs\Projects\PlatformIndependentNuGetPackages\SunamoFileSystem\SunamoFileSystem\SunamoFileSystem.csproj::TargetFramework=net8.0]
E:\vs\Projects\PlatformIndependentNuGetPackages\SunamoFileSystem\SunamoFileSystem\FS.cs(1837,71): warning CS1573: Parameter 'text' has no matching param tag in the XML comment for 'FS.CombineWithoutFirstCharUpper(params string[])' (but other parameters do) [E:\vs\Projects\PlatformIndependentNuGetPackages\SunamoFileSystem\SunamoFileSystem\SunamoFileSystem.csproj::TargetFramework=net8.0]
E:\vs\Projects\PlatformIndependentNuGetPackages\SunamoFileSystem\SunamoFileSystem\FS.cs(1841,24): warning CS1591: Missing XML comment for publicly visible type or member 'FS.SaveMemoryStream(MemoryStream, string)' [E:\vs\Projects\PlatformIndependentNuGetPackages\SunamoFileSystem\SunamoFileSystem\SunamoFileSystem.csproj::TargetFramework=net8.0]
E:\vs\Projects\PlatformIndependentNuGetPackages\SunamoFileSystem\SunamoFileSystem\FS.cs(1878,26): warning CS1591: Missing XML comment for publicly visible type or member 'FS.DeleteWrongCharsInDirectoryName(string)' [E:\vs\Projects\PlatformIndependentNuGetPackages\SunamoFileSystem\SunamoFileSystem\SunamoFileSystem.csproj::TargetFramework=net8.0]
E:\vs\Projects\PlatformIndependentNuGetPackages\SunamoFileSystem\SunamoFileSystem\FS.cs(1888,26): warning CS1591: Missing XML comment for publicly visible type or member 'FS.DeleteWrongCharsInFileName(string, bool)' [E:\vs\Projects\PlatformIndependentNuGetPackages\SunamoFileSystem\SunamoFileSystem\SunamoFileSystem.csproj::TargetFramework=net8.0]
E:\vs\Projects\PlatformIndependentNuGetPackages\SunamoFileSystem\SunamoFileSystem\FS.cs(1903,24): warning CS1591: Missing XML comment for publicly visible type or member 'FS.ContainsInvalidPathCharForPartOfMapPath(string)' [E:\vs\Projects\PlatformIndependentNuGetPackages\SunamoFileSystem\SunamoFileSystem\SunamoFileSystem.csproj::TargetFramework=net8.0]
E:\vs\Projects\PlatformIndependentNuGetPackages\SunamoFileSystem\SunamoFileSystem\FS.cs(1933,22): warning CS1572: XML comment has a param tag for 'files', but there is no parameter by that name [E:\vs\Projects\PlatformIndependentNuGetPackages\SunamoFileSystem\SunamoFileSystem\SunamoFileSystem.csproj::TargetFramework=net8.0]
E:\vs\Projects\PlatformIndependentNuGetPackages\SunamoFileSystem\SunamoFileSystem\FS.cs(1934,67): warning CS1573: Parameter 'files2' has no matching param tag in the XML comment for 'FS.OnlyNamesNoDirectEdit(List<string>)' (but other parameters do) [E:\vs\Projects\PlatformIndependentNuGetPackages\SunamoFileSystem\SunamoFileSystem\SunamoFileSystem.csproj::TargetFramework=net8.0]
E:\vs\Projects\PlatformIndependentNuGetPackages\SunamoFileSystem\SunamoFileSystem\FS.cs(1955,22): warning CS1572: XML comment has a param tag for 'item', but there is no parameter by that name [E:\vs\Projects\PlatformIndependentNuGetPackages\SunamoFileSystem\SunamoFileSystem\SunamoFileSystem.csproj::TargetFramework=net8.0]
E:\vs\Projects\PlatformIndependentNuGetPackages\SunamoFileSystem\SunamoFileSystem\FS.cs(1956,22): warning CS1572: XML comment has a param tag for 'fileTo', but there is no parameter by that name [E:\vs\Projects\PlatformIndependentNuGetPackages\SunamoFileSystem\SunamoFileSystem\SunamoFileSystem.csproj::TargetFramework=net8.0]
E:\vs\Projects\PlatformIndependentNuGetPackages\SunamoFileSystem\SunamoFileSystem\FS.cs(1957,22): warning CS1572: XML comment has a param tag for 'co', but there is no parameter by that name [E:\vs\Projects\PlatformIndependentNuGetPackages\SunamoFileSystem\SunamoFileSystem\SunamoFileSystem.csproj::TargetFramework=net8.0]
E:\vs\Projects\PlatformIndependentNuGetPackages\SunamoFileSystem\SunamoFileSystem\FS.cs(2006,49): warning CS1573: Parameter 'filePath' has no matching param tag in the XML comment for 'FS.ChangeExtension(string, string, bool)' (but other parameters do) [E:\vs\Projects\PlatformIndependentNuGetPackages\SunamoFileSystem\SunamoFileSystem\SunamoFileSystem.csproj::TargetFramework=net8.0]
E:\vs\Projects\PlatformIndependentNuGetPackages\SunamoFileSystem\SunamoFileSystem\FS.cs(2006,66): warning CS1573: Parameter 'newExt' has no matching param tag in the XML comment for 'FS.ChangeExtension(string, string, bool)' (but other parameters do) [E:\vs\Projects\PlatformIndependentNuGetPackages\SunamoFileSystem\SunamoFileSystem\SunamoFileSystem.csproj::TargetFramework=net8.0]
E:\vs\Projects\PlatformIndependentNuGetPackages\SunamoFileSystem\SunamoFileSystem\FS.cs(2006,79): warning CS1573: Parameter 'physically' has no matching param tag in the XML comment for 'FS.ChangeExtension(string, string, bool)' (but other parameters do) [E:\vs\Projects\PlatformIndependentNuGetPackages\SunamoFileSystem\SunamoFileSystem\SunamoFileSystem.csproj::TargetFramework=net8.0]
E:\vs\Projects\PlatformIndependentNuGetPackages\SunamoFileSystem\SunamoFileSystem\FS.cs(2027,26): warning CS1591: Missing XML comment for publicly visible type or member 'FS.CreateDirectory(string, DirectoryCreateCollisionOption, SerieStyleFS, bool)' [E:\vs\Projects\PlatformIndependentNuGetPackages\SunamoFileSystem\SunamoFileSystem\SunamoFileSystem.csproj::TargetFramework=net8.0]
E:\vs\Projects\PlatformIndependentNuGetPackages\SunamoFileSystem\SunamoFileSystem\FS.cs(2070,26): warning CS1591: Missing XML comment for publicly visible type or member 'FS.StreamToArrayBytes(Stream)' [E:\vs\Projects\PlatformIndependentNuGetPackages\SunamoFileSystem\SunamoFileSystem\SunamoFileSystem.csproj::TargetFramework=net8.0]
E:\vs\Projects\PlatformIndependentNuGetPackages\SunamoFileSystem\SunamoFileSystem\FS.cs(2113,26): warning CS1591: Missing XML comment for publicly visible type or member 'FS.AddExtensionIfDontHave(string, string)' [E:\vs\Projects\PlatformIndependentNuGetPackages\SunamoFileSystem\SunamoFileSystem\SunamoFileSystem.csproj::TargetFramework=net8.0]
E:\vs\Projects\PlatformIndependentNuGetPackages\SunamoFileSystem\SunamoFileSystem\FS.cs(2135,22): warning CS1572: XML comment has a param tag for 'linesFiles', but there is no parameter by that name [E:\vs\Projects\PlatformIndependentNuGetPackages\SunamoFileSystem\SunamoFileSystem\SunamoFileSystem.csproj::TargetFramework=net8.0]
E:\vs\Projects\PlatformIndependentNuGetPackages\SunamoFileSystem\SunamoFileSystem\FS.cs(2136,22): warning CS1572: XML comment has a param tag for 'searchOnlyWithExtension', but there is no parameter by that name [E:\vs\Projects\PlatformIndependentNuGetPackages\SunamoFileSystem\SunamoFileSystem\SunamoFileSystem.csproj::TargetFramework=net8.0]
E:\vs\Projects\PlatformIndependentNuGetPackages\SunamoFileSystem\SunamoFileSystem\FS.cs(2137,102): warning CS1573: Parameter 'files' has no matching param tag in the XML comment for 'FS.GetDictionaryByFileNameWithExtension(List<string>)' (but other parameters do) [E:\vs\Projects\PlatformIndependentNuGetPackages\SunamoFileSystem\SunamoFileSystem\SunamoFileSystem.csproj::TargetFramework=net8.0]
E:\vs\Projects\PlatformIndependentNuGetPackages\SunamoFileSystem\SunamoFileSystem\FS.cs(2147,26): warning CS1591: Missing XML comment for publicly visible type or member 'FS.ChangeFilename(string, string, bool)' [E:\vs\Projects\PlatformIndependentNuGetPackages\SunamoFileSystem\SunamoFileSystem\SunamoFileSystem.csproj::TargetFramework=net8.0]
E:\vs\Projects\PlatformIndependentNuGetPackages\SunamoFileSystem\SunamoFileSystem\FS.cs(2162,5): warning CS1587: XML comment is not placed on a valid language element [E:\vs\Projects\PlatformIndependentNuGetPackages\SunamoFileSystem\SunamoFileSystem\SunamoFileSystem.csproj::TargetFramework=net8.0]
E:\vs\Projects\PlatformIndependentNuGetPackages\SunamoFileSystem\SunamoFileSystem\FS.cs(2215,24): warning CS1591: Missing XML comment for publicly visible type or member 'FS.TryDeleteFile(string, out string)' [E:\vs\Projects\PlatformIndependentNuGetPackages\SunamoFileSystem\SunamoFileSystem\SunamoFileSystem.csproj::TargetFramework=net8.0]
E:\vs\Projects\PlatformIndependentNuGetPackages\SunamoFileSystem\SunamoFileSystem\FS.cs(2229,26): warning CS1591: Missing XML comment for publicly visible type or member 'FS.GetSizeInAutoString(double)' [E:\vs\Projects\PlatformIndependentNuGetPackages\SunamoFileSystem\SunamoFileSystem\SunamoFileSystem.csproj::TargetFramework=net8.0]
E:\vs\Projects\PlatformIndependentNuGetPackages\SunamoFileSystem\SunamoFileSystem\FS.cs(2254,26): warning CS1591: Missing XML comment for publicly visible type or member 'FS.GetSizeInAutoString(long, ComputerSizeUnits)' [E:\vs\Projects\PlatformIndependentNuGetPackages\SunamoFileSystem\SunamoFileSystem\SunamoFileSystem.csproj::TargetFramework=net8.0]
E:\vs\Projects\PlatformIndependentNuGetPackages\SunamoFileSystem\SunamoFileSystem\FS.cs(2262,22): warning CS1572: XML comment has a param tag for 'b', but there is no parameter by that name [E:\vs\Projects\PlatformIndependentNuGetPackages\SunamoFileSystem\SunamoFileSystem\SunamoFileSystem.csproj::TargetFramework=net8.0]
E:\vs\Projects\PlatformIndependentNuGetPackages\SunamoFileSystem\SunamoFileSystem\FS.cs(2264,78): warning CS1573: Parameter 'fromUnit' has no matching param tag in the XML comment for 'FS.GetSizeInAutoString(double, ComputerSizeUnits)' (but other parameters do) [E:\vs\Projects\PlatformIndependentNuGetPackages\SunamoFileSystem\SunamoFileSystem\SunamoFileSystem.csproj::TargetFramework=net8.0]
E:\vs\Projects\PlatformIndependentNuGetPackages\SunamoFileSystem\SunamoFileSystem\FS.cs(2418,32): warning CS1591: Missing XML comment for publicly visible type or member 'FS.DirectoryListing(string, string, SearchOption)' [E:\vs\Projects\PlatformIndependentNuGetPackages\SunamoFileSystem\SunamoFileSystem\SunamoFileSystem.csproj::TargetFramework=net8.0]
E:\vs\Projects\PlatformIndependentNuGetPackages\SunamoFileSystem\SunamoFileSystem\FS.cs(2423,26): warning CS1591: Missing XML comment for publicly visible type or member 'FS.WithoutEndSlash(string)' [E:\vs\Projects\PlatformIndependentNuGetPackages\SunamoFileSystem\SunamoFileSystem\SunamoFileSystem.csproj::TargetFramework=net8.0]
E:\vs\Projects\PlatformIndependentNuGetPackages\SunamoFileSystem\SunamoFileSystem\FS.cs(2427,26): warning CS1591: Missing XML comment for publicly visible type or member 'FS.WithoutEndSlash(ref string)' [E:\vs\Projects\PlatformIndependentNuGetPackages\SunamoFileSystem\SunamoFileSystem\SunamoFileSystem.csproj::TargetFramework=net8.0]
E:\vs\Projects\PlatformIndependentNuGetPackages\SunamoFileSystem\SunamoFileSystem\FS.cs(2432,26): warning CS1591: Missing XML comment for publicly visible type or member 'FS.MascFromExtension(string)' [E:\vs\Projects\PlatformIndependentNuGetPackages\SunamoFileSystem\SunamoFileSystem\SunamoFileSystem.csproj::TargetFramework=net8.0]
E:\vs\Projects\PlatformIndependentNuGetPackages\SunamoFileSystem\SunamoFileSystem\FS.cs(2470,24): warning CS1591: Missing XML comment for publicly visible type or member 'FS.IsCountOfFilesMoreThan(string, string, int)' [E:\vs\Projects\PlatformIndependentNuGetPackages\SunamoFileSystem\SunamoFileSystem\SunamoFileSystem.csproj::TargetFramework=net8.0]
E:\vs\Projects\PlatformIndependentNuGetPackages\SunamoFileSystem\SunamoFileSystem\FS.cs(2476,32): warning CS1591: Missing XML comment for publicly visible type or member 'FS.GetFiles(string, bool)' [E:\vs\Projects\PlatformIndependentNuGetPackages\SunamoFileSystem\SunamoFileSystem\SunamoFileSystem.csproj::TargetFramework=net8.0]
E:\vs\Projects\PlatformIndependentNuGetPackages\SunamoFileSystem\SunamoFileSystem\FS.cs(2498,22): warning CS1572: XML comment has a param tag for 'item', but there is no parameter by that name [E:\vs\Projects\PlatformIndependentNuGetPackages\SunamoFileSystem\SunamoFileSystem\SunamoFileSystem.csproj::TargetFramework=net8.0]
E:\vs\Projects\PlatformIndependentNuGetPackages\SunamoFileSystem\SunamoFileSystem\FS.cs(2501,41): warning CS1573: Parameter 'logger' has no matching param tag in the XML comment for 'FS.MoveFile(ILogger, string, string, FileMoveCollisionOption)' (but other parameters do) [E:\vs\Projects\PlatformIndependentNuGetPackages\SunamoFileSystem\SunamoFileSystem\SunamoFileSystem.csproj::TargetFramework=net8.0]
E:\vs\Projects\PlatformIndependentNuGetPackages\SunamoFileSystem\SunamoFileSystem\FS.cs(2501,56): warning CS1573: Parameter 'sourceFilePath' has no matching param tag in the XML comment for 'FS.MoveFile(ILogger, string, string, FileMoveCollisionOption)' (but other parameters do) [E:\vs\Projects\PlatformIndependentNuGetPackages\SunamoFileSystem\SunamoFileSystem\SunamoFileSystem.csproj::TargetFramework=net8.0]
E:\vs\Projects\PlatformIndependentNuGetPackages\SunamoFileSystem\SunamoFileSystem\FS.cs(2516,24): warning CS1591: Missing XML comment for publicly visible type or member 'FS.CopyMoveFilePrepare(ref string, ref string, FileMoveCollisionOption)' [E:\vs\Projects\PlatformIndependentNuGetPackages\SunamoFileSystem\SunamoFileSystem\SunamoFileSystem.csproj::TargetFramework=net8.0]
E:\vs\Projects\PlatformIndependentNuGetPackages\SunamoFileSystem\SunamoFileSystem\FS.cs(2584,24): warning CS1591: Missing XML comment for publicly visible type or member 'FS.GetFileSize(string)' [E:\vs\Projects\PlatformIndependentNuGetPackages\SunamoFileSystem\SunamoFileSystem\SunamoFileSystem.csproj::TargetFramework=net8.0]
E:\vs\Projects\PlatformIndependentNuGetPackages\SunamoFileSystem\SunamoFileSystem\FS.cs(2599,24): warning CS1591: Missing XML comment for publicly visible type or member 'FS.CopyAllFilesRecursively(ILogger, string, string, FileMoveCollisionOption, string)' [E:\vs\Projects\PlatformIndependentNuGetPackages\SunamoFileSystem\SunamoFileSystem\SunamoFileSystem.csproj::TargetFramework=net8.0]
E:\vs\Projects\PlatformIndependentNuGetPackages\SunamoFileSystem\SunamoFileSystem\FS.cs(2606,22): warning CS1572: XML comment has a param tag for 'p', but there is no parameter by that name [E:\vs\Projects\PlatformIndependentNuGetPackages\SunamoFileSystem\SunamoFileSystem\SunamoFileSystem.csproj::TargetFramework=net8.0]
E:\vs\Projects\PlatformIndependentNuGetPackages\SunamoFileSystem\SunamoFileSystem\FS.cs(2610,45): warning CS1573: Parameter 'logger' has no matching param tag in the XML comment for 'FS.CopyAllFiles(ILogger, string, string, FileMoveCollisionOption, string)' (but other parameters do) [E:\vs\Projects\PlatformIndependentNuGetPackages\SunamoFileSystem\SunamoFileSystem\SunamoFileSystem.csproj::TargetFramework=net8.0]
E:\vs\Projects\PlatformIndependentNuGetPackages\SunamoFileSystem\SunamoFileSystem\FS.cs(2610,60): warning CS1573: Parameter 'path' has no matching param tag in the XML comment for 'FS.CopyAllFiles(ILogger, string, string, FileMoveCollisionOption, string)' (but other parameters do) [E:\vs\Projects\PlatformIndependentNuGetPackages\SunamoFileSystem\SunamoFileSystem\SunamoFileSystem.csproj::TargetFramework=net8.0]
E:\vs\Projects\PlatformIndependentNuGetPackages\SunamoFileSystem\SunamoFileSystem\FS.cs(2617,22): warning CS1572: XML comment has a param tag for 'p', but there is no parameter by that name [E:\vs\Projects\PlatformIndependentNuGetPackages\SunamoFileSystem\SunamoFileSystem\SunamoFileSystem.csproj::TargetFramework=net8.0]
E:\vs\Projects\PlatformIndependentNuGetPackages\SunamoFileSystem\SunamoFileSystem\FS.cs(2619,22): warning CS1572: XML comment has a param tag for 'co', but there is no parameter by that name [E:\vs\Projects\PlatformIndependentNuGetPackages\SunamoFileSystem\SunamoFileSystem\SunamoFileSystem.csproj::TargetFramework=net8.0]
E:\vs\Projects\PlatformIndependentNuGetPackages\SunamoFileSystem\SunamoFileSystem\FS.cs(2621,61): warning CS1573: Parameter 'logger' has no matching param tag in the XML comment for 'FS.CopyMoveAllFilesRecursively(ILogger, string, string, FileMoveCollisionOption, bool, string, SearchOption)' (but other parameters do) [E:\vs\Projects\PlatformIndependentNuGetPackages\SunamoFileSystem\SunamoFileSystem\SunamoFileSystem.csproj::TargetFramework=net8.0]
E:\vs\Projects\PlatformIndependentNuGetPackages\SunamoFileSystem\SunamoFileSystem\FS.cs(2621,76): warning CS1573: Parameter 'path' has no matching param tag in the XML comment for 'FS.CopyMoveAllFilesRecursively(ILogger, string, string, FileMoveCollisionOption, bool, string, SearchOption)' (but other parameters do) [E:\vs\Projects\PlatformIndependentNuGetPackages\SunamoFileSystem\SunamoFileSystem\SunamoFileSystem.csproj::TargetFramework=net8.0]
E:\vs\Projects\PlatformIndependentNuGetPackages\SunamoFileSystem\SunamoFileSystem\FS.cs(2621,117): warning CS1573: Parameter 'collisionOption' has no matching param tag in the XML comment for 'FS.CopyMoveAllFilesRecursively(ILogger, string, string, FileMoveCollisionOption, bool, string, SearchOption)' (but other parameters do) [E:\vs\Projects\PlatformIndependentNuGetPackages\SunamoFileSystem\SunamoFileSystem\SunamoFileSystem.csproj::TargetFramework=net8.0]
E:\vs\Projects\PlatformIndependentNuGetPackages\SunamoFileSystem\SunamoFileSystem\FS.cs(2621,139): warning CS1573: Parameter 'move' has no matching param tag in the XML comment for 'FS.CopyMoveAllFilesRecursively(ILogger, string, string, FileMoveCollisionOption, bool, string, SearchOption)' (but other parameters do) [E:\vs\Projects\PlatformIndependentNuGetPackages\SunamoFileSystem\SunamoFileSystem\SunamoFileSystem.csproj::TargetFramework=net8.0]
E:\vs\Projects\PlatformIndependentNuGetPackages\SunamoFileSystem\SunamoFileSystem\FS.cs(2622,43): warning CS1573: Parameter 'so' has no matching param tag in the XML comment for 'FS.CopyMoveAllFilesRecursively(ILogger, string, string, FileMoveCollisionOption, bool, string, SearchOption)' (but other parameters do) [E:\vs\Projects\PlatformIndependentNuGetPackages\SunamoFileSystem\SunamoFileSystem\SunamoFileSystem.csproj::TargetFramework=net8.0]
E:\vs\Projects\PlatformIndependentNuGetPackages\SunamoFileSystem\SunamoFileSystem\FS.cs(2648,9): warning CS1591: Missing XML comment for publicly visible type or member 'FS.CopyFile(ILogger, string, string, FileMoveCollisionOption, bool)' [E:\vs\Projects\PlatformIndependentNuGetPackages\SunamoFileSystem\SunamoFileSystem\SunamoFileSystem.csproj::TargetFramework=net8.0]
E:\vs\Projects\PlatformIndependentNuGetPackages\SunamoFileSystem\SunamoFileSystem\_sunamo\SunamoCollections\CA.cs(79,54): warning CS8625: Cannot convert null literal to non-nullable reference type. [E:\vs\Projects\PlatformIndependentNuGetPackages\SunamoFileSystem\SunamoFileSystem\SunamoFileSystem.csproj::TargetFramework=net10.0]
E:\vs\Projects\PlatformIndependentNuGetPackages\SunamoFileSystem\SunamoFileSystem\FS.cs(2669,22): warning CS1572: XML comment has a param tag for 'v', but there is no parameter by that name [E:\vs\Projects\PlatformIndependentNuGetPackages\SunamoFileSystem\SunamoFileSystem\SunamoFileSystem.csproj::TargetFramework=net8.0]
E:\vs\Projects\PlatformIndependentNuGetPackages\SunamoFileSystem\SunamoFileSystem\FS.cs(2670,41): warning CS1573: Parameter 'logger' has no matching param tag in the XML comment for 'FS.CopyFile(ILogger, string, string, bool)' (but other parameters do) [E:\vs\Projects\PlatformIndependentNuGetPackages\SunamoFileSystem\SunamoFileSystem\SunamoFileSystem.csproj::TargetFramework=net8.0]
E:\vs\Projects\PlatformIndependentNuGetPackages\SunamoFileSystem\SunamoFileSystem\FS.cs(2670,72): warning CS1573: Parameter 'value' has no matching param tag in the XML comment for 'FS.CopyFile(ILogger, string, string, bool)' (but other parameters do) [E:\vs\Projects\PlatformIndependentNuGetPackages\SunamoFileSystem\SunamoFileSystem\SunamoFileSystem.csproj::TargetFramework=net8.0]
E:\vs\Projects\PlatformIndependentNuGetPackages\SunamoFileSystem\SunamoFileSystem\FS.cs(2670,84): warning CS1573: Parameter 'terminateProcessIfIsInUsed' has no matching param tag in the XML comment for 'FS.CopyFile(ILogger, string, string, bool)' (but other parameters do) [E:\vs\Projects\PlatformIndependentNuGetPackages\SunamoFileSystem\SunamoFileSystem\SunamoFileSystem.csproj::TargetFramework=net8.0]
E:\vs\Projects\PlatformIndependentNuGetPackages\SunamoFileSystem\SunamoFileSystem\FS.cs(2702,24): warning CS1591: Missing XML comment for publicly visible type or member 'FS.CopyFile(string, string, FileMoveCollisionOption)' [E:\vs\Projects\PlatformIndependentNuGetPackages\SunamoFileSystem\SunamoFileSystem\SunamoFileSystem.csproj::TargetFramework=net8.0]
E:\vs\Projects\PlatformIndependentNuGetPackages\SunamoFileSystem\SunamoFileSystem\_sunamo\SunamoGetFiles\FSGetFiles.cs(206,28): warning CS8625: Cannot convert null literal to non-nullable reference type. [E:\vs\Projects\PlatformIndependentNuGetPackages\SunamoFileSystem\SunamoFileSystem\SunamoFileSystem.csproj::TargetFramework=net10.0]
E:\vs\Projects\PlatformIndependentNuGetPackages\SunamoFileSystem\SunamoFileSystem\FS.cs(2711,28): warning CS1591: Missing XML comment for publicly visible type or member 'FS.LastModified(string)' [E:\vs\Projects\PlatformIndependentNuGetPackages\SunamoFileSystem\SunamoFileSystem\SunamoFileSystem.csproj::TargetFramework=net8.0]
E:\vs\Projects\PlatformIndependentNuGetPackages\SunamoFileSystem\SunamoFileSystem\FS.cs(2720,24): warning CS1591: Missing XML comment for publicly visible type or member 'FS.TryDeleteDirectoryOrFile(string)' [E:\vs\Projects\PlatformIndependentNuGetPackages\SunamoFileSystem\SunamoFileSystem\SunamoFileSystem.csproj::TargetFramework=net8.0]
E:\vs\Projects\PlatformIndependentNuGetPackages\SunamoFileSystem\SunamoFileSystem\FS.cs(2809,22): warning CS1572: XML comment has a param tag for 'v', but there is no parameter by that name [E:\vs\Projects\PlatformIndependentNuGetPackages\SunamoFileSystem\SunamoFileSystem\SunamoFileSystem.csproj::TargetFramework=net8.0]
E:\vs\Projects\PlatformIndependentNuGetPackages\SunamoFileSystem\SunamoFileSystem\FS.cs(2811,50): warning CS1573: Parameter 'value' has no matching param tag in the XML comment for 'FS.TryDeleteDirectory(string)' (but other parameters do) [E:\vs\Projects\PlatformIndependentNuGetPackages\SunamoFileSystem\SunamoFileSystem\SunamoFileSystem.csproj::TargetFramework=net8.0]
E:\vs\Projects\PlatformIndependentNuGetPackages\SunamoFileSystem\SunamoFileSystem\FS.cs(2895,26): warning CS1591: Missing XML comment for publicly visible type or member 'FS.AllIncludeIfOnlyLetters(string)' [E:\vs\Projects\PlatformIndependentNuGetPackages\SunamoFileSystem\SunamoFileSystem\SunamoFileSystem.csproj::TargetFramework=net8.0]
E:\vs\Projects\PlatformIndependentNuGetPackages\SunamoFileSystem\SunamoFileSystem\FS.cs(2929,22): warning CS1572: XML comment has a param tag for 'fn', but there is no parameter by that name [E:\vs\Projects\PlatformIndependentNuGetPackages\SunamoFileSystem\SunamoFileSystem\SunamoFileSystem.csproj::TargetFramework=net8.0]
E:\vs\Projects\PlatformIndependentNuGetPackages\SunamoFileSystem\SunamoFileSystem\FS.cs(2931,62): warning CS1573: Parameter 'fileName' has no matching param tag in the XML comment for 'FS.GetFileSeries(string, string, string)' (but other parameters do) [E:\vs\Projects\PlatformIndependentNuGetPackages\SunamoFileSystem\SunamoFileSystem\SunamoFileSystem.csproj::TargetFramework=net8.0]
E:\vs\Projects\PlatformIndependentNuGetPackages\SunamoFileSystem\SunamoFileSystem\FS.cs(2995,22): warning CS1572: XML comment has a param tag for 'selectedFile', but there is no parameter by that name [E:\vs\Projects\PlatformIndependentNuGetPackages\SunamoFileSystem\SunamoFileSystem\SunamoFileSystem.csproj::TargetFramework=net8.0]
E:\vs\Projects\PlatformIndependentNuGetPackages\SunamoFileSystem\SunamoFileSystem\FS.cs(3044,52): warning CS1573: Parameter 'directoryPath' has no matching param tag in the XML comment for 'FS.ExistsDirectoryNull(string)' (but other parameters do) [E:\vs\Projects\PlatformIndependentNuGetPackages\SunamoFileSystem\SunamoFileSystem\SunamoFileSystem.csproj::TargetFramework=net8.0]
E:\vs\Projects\PlatformIndependentNuGetPackages\SunamoFileSystem\SunamoFileSystem\FS.cs(3048,25): warning CS1591: Missing XML comment for publicly visible type or member 'FS.ExistsDirectoryNull(string, bool)' [E:\vs\Projects\PlatformIndependentNuGetPackages\SunamoFileSystem\SunamoFileSystem\SunamoFileSystem.csproj::TargetFramework=net8.0]
E:\vs\Projects\PlatformIndependentNuGetPackages\SunamoFileSystem\SunamoFileSystem\FS.cs(3052,24): warning CS1591: Missing XML comment for publicly visible type or member 'FS.ExistsDirectory(string, bool)' [E:\vs\Projects\PlatformIndependentNuGetPackages\SunamoFileSystem\SunamoFileSystem\SunamoFileSystem.csproj::TargetFramework=net8.0]
E:\vs\Projects\PlatformIndependentNuGetPackages\SunamoFileSystem\SunamoFileSystem\FS.cs(3129,32): warning CS1591: Missing XML comment for publicly visible type or member 'FS.ToSearchOption(bool?)' [E:\vs\Projects\PlatformIndependentNuGetPackages\SunamoFileSystem\SunamoFileSystem\SunamoFileSystem.csproj::TargetFramework=net8.0]
E:\vs\Projects\PlatformIndependentNuGetPackages\SunamoFileSystem\SunamoFileSystem\FS.cs(3133,30): warning CS1591: Missing XML comment for publicly visible type or member 'FS.WriteAllText(string, string)' [E:\vs\Projects\PlatformIndependentNuGetPackages\SunamoFileSystem\SunamoFileSystem\SunamoFileSystem.csproj::TargetFramework=net8.0]
E:\vs\Projects\PlatformIndependentNuGetPackages\SunamoFileSystem\SunamoFileSystem\FS.cs(3137,24): warning CS1591: Missing XML comment for publicly visible type or member 'FS.IsAllInSameFolder(List<string>)' [E:\vs\Projects\PlatformIndependentNuGetPackages\SunamoFileSystem\SunamoFileSystem\SunamoFileSystem.csproj::TargetFramework=net8.0]
E:\vs\Projects\PlatformIndependentNuGetPackages\SunamoFileSystem\SunamoFileSystem\FS.cs(3148,24): warning CS1591: Missing XML comment for publicly visible type or member 'FS.CreateFileWithTemplateContent(string, string, string, string)' [E:\vs\Projects\PlatformIndependentNuGetPackages\SunamoFileSystem\SunamoFileSystem\SunamoFileSystem.csproj::TargetFramework=net8.0]
E:\vs\Projects\PlatformIndependentNuGetPackages\SunamoFileSystem\SunamoFileSystem\_sunamo\SunamoGetFiles\FSGetFiles.cs(57,39): warning CS8625: Cannot convert null literal to non-nullable reference type. [E:\vs\Projects\PlatformIndependentNuGetPackages\SunamoFileSystem\SunamoFileSystem\SunamoFileSystem.csproj::TargetFramework=net10.0]
E:\vs\Projects\PlatformIndependentNuGetPackages\SunamoFileSystem\SunamoFileSystem\FS.cs(3158,24): warning CS1591: Missing XML comment for publicly visible type or member 'FS.ContainsInvalidFileNameChars(string)' [E:\vs\Projects\PlatformIndependentNuGetPackages\SunamoFileSystem\SunamoFileSystem\SunamoFileSystem.csproj::TargetFramework=net8.0]
E:\vs\Projects\PlatformIndependentNuGetPackages\SunamoFileSystem\SunamoFileSystem\_sunamo\SunamoGetFiles\FSGetFiles.cs(289,34): warning CS8625: Cannot convert null literal to non-nullable reference type. [E:\vs\Projects\PlatformIndependentNuGetPackages\SunamoFileSystem\SunamoFileSystem\SunamoFileSystem.csproj::TargetFramework=net10.0]
E:\vs\Projects\PlatformIndependentNuGetPackages\SunamoFileSystem\SunamoFileSystem\FS.cs(3165,24): warning CS1591: Missing XML comment for publicly visible type or member 'FS.NumberByDateModified(ILogger, string, string, SearchOption)' [E:\vs\Projects\PlatformIndependentNuGetPackages\SunamoFileSystem\SunamoFileSystem\SunamoFileSystem.csproj::TargetFramework=net8.0]
E:\vs\Projects\PlatformIndependentNuGetPackages\SunamoFileSystem\SunamoFileSystem\FS.cs(3180,22): warning CS1572: XML comment has a param tag for 'rp', but there is no parameter by that name [E:\vs\Projects\PlatformIndependentNuGetPackages\SunamoFileSystem\SunamoFileSystem\SunamoFileSystem.csproj::TargetFramework=net8.0]
E:\vs\Projects\PlatformIndependentNuGetPackages\SunamoFileSystem\SunamoFileSystem\FS.cs(3182,50): warning CS1573: Parameter 'path' has no matching param tag in the XML comment for 'FS.GetDirectoryName(string)' (but other parameters do) [E:\vs\Projects\PlatformIndependentNuGetPackages\SunamoFileSystem\SunamoFileSystem\SunamoFileSystem.csproj::TargetFramework=net8.0]
E:\vs\Projects\PlatformIndependentNuGetPackages\SunamoFileSystem\SunamoFileSystem\FS.cs(3198,37): warning CS1591: Missing XML comment for publicly visible type or member 'FS.DetectPathDelimiter(string)' [E:\vs\Projects\PlatformIndependentNuGetPackages\SunamoFileSystem\SunamoFileSystem\SunamoFileSystem.csproj::TargetFramework=net8.0]
E:\vs\Projects\PlatformIndependentNuGetPackages\SunamoFileSystem\SunamoFileSystem\FS.cs(3205,24): warning CS1591: Missing XML comment for publicly visible type or member 'FS.DetectPathDelimiterChar(string)' [E:\vs\Projects\PlatformIndependentNuGetPackages\SunamoFileSystem\SunamoFileSystem\SunamoFileSystem.csproj::TargetFramework=net8.0]
E:\vs\Projects\PlatformIndependentNuGetPackages\SunamoFileSystem\SunamoFileSystem\FS.cs(3231,26): warning CS1591: Missing XML comment for publicly visible type or member 'FS.MakeUncLongPath(string)' [E:\vs\Projects\PlatformIndependentNuGetPackages\SunamoFileSystem\SunamoFileSystem\SunamoFileSystem.csproj::TargetFramework=net8.0]
E:\vs\Projects\PlatformIndependentNuGetPackages\SunamoFileSystem\SunamoFileSystem\FS.cs(3235,26): warning CS1591: Missing XML comment for publicly visible type or member 'FS.MakeUncLongPath(ref string)' [E:\vs\Projects\PlatformIndependentNuGetPackages\SunamoFileSystem\SunamoFileSystem\SunamoFileSystem.csproj::TargetFramework=net8.0]
E:\vs\Projects\PlatformIndependentNuGetPackages\SunamoFileSystem\SunamoFileSystem\FS.cs(3353,26): warning CS1591: Missing XML comment for publicly visible type or member 'FS.FirstCharUpper(ref string)' [E:\vs\Projects\PlatformIndependentNuGetPackages\SunamoFileSystem\SunamoFileSystem\SunamoFileSystem.csproj::TargetFramework=net8.0]
E:\vs\Projects\PlatformIndependentNuGetPackages\SunamoFileSystem\SunamoFileSystem\_sunamo\SunamoGetFiles\FSGetFiles.cs(410,28): warning CS8625: Cannot convert null literal to non-nullable reference type. [E:\vs\Projects\PlatformIndependentNuGetPackages\SunamoFileSystem\SunamoFileSystem\SunamoFileSystem.csproj::TargetFramework=net10.0]
E:\vs\Projects\PlatformIndependentNuGetPackages\SunamoFileSystem\SunamoFileSystem\FS.cs(3358,26): warning CS1591: Missing XML comment for publicly visible type or member 'FS.FirstCharUpper(string, bool)' [E:\vs\Projects\PlatformIndependentNuGetPackages\SunamoFileSystem\SunamoFileSystem\SunamoFileSystem.csproj::TargetFramework=net8.0]
E:\vs\Projects\PlatformIndependentNuGetPackages\SunamoFileSystem\SunamoFileSystem\FS.cs(3372,22): warning CS1572: XML comment has a param tag for 'fn', but there is no parameter by that name [E:\vs\Projects\PlatformIndependentNuGetPackages\SunamoFileSystem\SunamoFileSystem\SunamoFileSystem.csproj::TargetFramework=net8.0]
E:\vs\Projects\PlatformIndependentNuGetPackages\SunamoFileSystem\SunamoFileSystem\FS.cs(3375,50): warning CS1573: Parameter 'filePath' has no matching param tag in the XML comment for 'FS.GetPathAndFileName(string, out string, out string)' (but other parameters do) [E:\vs\Projects\PlatformIndependentNuGetPackages\SunamoFileSystem\SunamoFileSystem\SunamoFileSystem.csproj::TargetFramework=net8.0]
E:\vs\Projects\PlatformIndependentNuGetPackages\SunamoFileSystem\SunamoFileSystem\_sunamo\SunamoGetFolders\FSGetFolders.cs(16,100): warning CS8625: Cannot convert null literal to non-nullable reference type. [E:\vs\Projects\PlatformIndependentNuGetPackages\SunamoFileSystem\SunamoFileSystem\SunamoFileSystem.csproj::TargetFramework=net10.0]
E:\vs\Projects\PlatformIndependentNuGetPackages\SunamoFileSystem\SunamoFileSystem\_sunamo\SunamoGetFolders\FSGetFolders.cs(70,90): warning CS8625: Cannot convert null literal to non-nullable reference type. [E:\vs\Projects\PlatformIndependentNuGetPackages\SunamoFileSystem\SunamoFileSystem\SunamoFileSystem.csproj::TargetFramework=net10.0]
E:\vs\Projects\PlatformIndependentNuGetPackages\SunamoFileSystem\SunamoFileSystem\FS.cs(3380,26): warning CS1591: Missing XML comment for publicly visible type or member 'FS.GetFileName(string)' [E:\vs\Projects\PlatformIndependentNuGetPackages\SunamoFileSystem\SunamoFileSystem\SunamoFileSystem.csproj::TargetFramework=net8.0]
E:\vs\Projects\PlatformIndependentNuGetPackages\SunamoFileSystem\SunamoFileSystem\FS.cs(269,77): warning CS8625: Cannot convert null literal to non-nullable reference type. [E:\vs\Projects\PlatformIndependentNuGetPackages\SunamoFileSystem\SunamoFileSystem\SunamoFileSystem.csproj::TargetFramework=net10.0]
E:\vs\Projects\PlatformIndependentNuGetPackages\SunamoFileSystem\SunamoFileSystem\FS.cs(3385,26): warning CS1591: Missing XML comment for publicly visible type or member 'FS.NormalizeExtension2(string)' [E:\vs\Projects\PlatformIndependentNuGetPackages\SunamoFileSystem\SunamoFileSystem\SunamoFileSystem.csproj::TargetFramework=net8.0]
E:\vs\Projects\PlatformIndependentNuGetPackages\SunamoFileSystem\SunamoFileSystem\FS.cs(3665,5): warning CS1587: XML comment is not placed on a valid language element [E:\vs\Projects\PlatformIndependentNuGetPackages\SunamoFileSystem\SunamoFileSystem\SunamoFileSystem.csproj::TargetFramework=net8.0]
E:\vs\Projects\PlatformIndependentNuGetPackages\SunamoFileSystem\SunamoFileSystem\FS.cs(1238,161): warning CS8625: Cannot convert null literal to non-nullable reference type. [E:\vs\Projects\PlatformIndependentNuGetPackages\SunamoFileSystem\SunamoFileSystem\SunamoFileSystem.csproj::TargetFramework=net10.0]
E:\vs\Projects\PlatformIndependentNuGetPackages\SunamoFileSystem\SunamoFileSystem\FS.cs(1409,98): warning CS8625: Cannot convert null literal to non-nullable reference type. [E:\vs\Projects\PlatformIndependentNuGetPackages\SunamoFileSystem\SunamoFileSystem\SunamoFileSystem.csproj::TargetFramework=net10.0]
E:\vs\Projects\PlatformIndependentNuGetPackages\SunamoFileSystem\SunamoFileSystem\FS.cs(3703,22): warning CS1572: XML comment has a param tag for 'fn', but there is no parameter by that name [E:\vs\Projects\PlatformIndependentNuGetPackages\SunamoFileSystem\SunamoFileSystem\SunamoFileSystem.csproj::TargetFramework=net8.0]
E:\vs\Projects\PlatformIndependentNuGetPackages\SunamoFileSystem\SunamoFileSystem\FS.cs(1444,103): warning CS8625: Cannot convert null literal to non-nullable reference type. [E:\vs\Projects\PlatformIndependentNuGetPackages\SunamoFileSystem\SunamoFileSystem\SunamoFileSystem.csproj::TargetFramework=net10.0]
E:\vs\Projects\PlatformIndependentNuGetPackages\SunamoFileSystem\SunamoFileSystem\FS.cs(3704,22): warning CS1572: XML comment has a param tag for 'path', but there is no parameter by that name [E:\vs\Projects\PlatformIndependentNuGetPackages\SunamoFileSystem\SunamoFileSystem\SunamoFileSystem.csproj::TargetFramework=net8.0]
E:\vs\Projects\PlatformIndependentNuGetPackages\SunamoFileSystem\SunamoFileSystem\FS.cs(2599,147): warning CS8625: Cannot convert null literal to non-nullable reference type. [E:\vs\Projects\PlatformIndependentNuGetPackages\SunamoFileSystem\SunamoFileSystem\SunamoFileSystem.csproj::TargetFramework=net10.0]
E:\vs\Projects\PlatformIndependentNuGetPackages\SunamoFileSystem\SunamoFileSystem\FS.cs(3705,22): warning CS1572: XML comment has a param tag for 'file', but there is no parameter by that name [E:\vs\Projects\PlatformIndependentNuGetPackages\SunamoFileSystem\SunamoFileSystem\SunamoFileSystem.csproj::TargetFramework=net8.0]
E:\vs\Projects\PlatformIndependentNuGetPackages\SunamoFileSystem\SunamoFileSystem\FS.cs(2610,136): warning CS8625: Cannot convert null literal to non-nullable reference type. [E:\vs\Projects\PlatformIndependentNuGetPackages\SunamoFileSystem\SunamoFileSystem\SunamoFileSystem.csproj::TargetFramework=net10.0]
E:\vs\Projects\PlatformIndependentNuGetPackages\SunamoFileSystem\SunamoFileSystem\FS.cs(3767,51): warning CS1573: Parameter 'folder' has no matching param tag in the XML comment for 'FS.FilesWithSameName(string, string, SearchOption)' (but other parameters do) [E:\vs\Projects\PlatformIndependentNuGetPackages\SunamoFileSystem\SunamoFileSystem\SunamoFileSystem.csproj::TargetFramework=net8.0]
E:\vs\Projects\PlatformIndependentNuGetPackages\SunamoFileSystem\SunamoFileSystem\_public\SunamoCollectionsGeneric\Collections\FsWatcherDictionary.cs(14,20): warning CS8603: Possible null reference return. [E:\vs\Projects\PlatformIndependentNuGetPackages\SunamoFileSystem\SunamoFileSystem\SunamoFileSystem.csproj::TargetFramework=net10.0]
E:\vs\Projects\PlatformIndependentNuGetPackages\SunamoFileSystem\SunamoFileSystem\FS.cs(3767,66): warning CS1573: Parameter 'searchPattern' has no matching param tag in the XML comment for 'FS.FilesWithSameName(string, string, SearchOption)' (but other parameters do) [E:\vs\Projects\PlatformIndependentNuGetPackages\SunamoFileSystem\SunamoFileSystem\SunamoFileSystem.csproj::TargetFramework=net8.0]
E:\vs\Projects\PlatformIndependentNuGetPackages\SunamoFileSystem\SunamoFileSystem\FS.cs(20,17): warning CS8602: Dereference of a possibly null reference. [E:\vs\Projects\PlatformIndependentNuGetPackages\SunamoFileSystem\SunamoFileSystem\SunamoFileSystem.csproj::TargetFramework=net10.0]
E:\vs\Projects\PlatformIndependentNuGetPackages\SunamoFileSystem\SunamoFileSystem\FS.cs(3767,94): warning CS1573: Parameter 'searchOption' has no matching param tag in the XML comment for 'FS.FilesWithSameName(string, string, SearchOption)' (but other parameters do) [E:\vs\Projects\PlatformIndependentNuGetPackages\SunamoFileSystem\SunamoFileSystem\SunamoFileSystem.csproj::TargetFramework=net8.0]
E:\vs\Projects\PlatformIndependentNuGetPackages\SunamoFileSystem\SunamoFileSystem\_public\SunamoData\Data\TWithInt.cs(28,16): warning CS8603: Possible null reference return. [E:\vs\Projects\PlatformIndependentNuGetPackages\SunamoFileSystem\SunamoFileSystem\SunamoFileSystem.csproj::TargetFramework=net10.0]
E:\vs\Projects\PlatformIndependentNuGetPackages\SunamoFileSystem\SunamoFileSystem\FS.cs(3806,22): warning CS1572: XML comment has a param tag for 'p', but there is no parameter by that name [E:\vs\Projects\PlatformIndependentNuGetPackages\SunamoFileSystem\SunamoFileSystem\SunamoFileSystem.csproj::TargetFramework=net8.0]
E:\vs\Projects\PlatformIndependentNuGetPackages\SunamoFileSystem\SunamoFileSystem\_public\SunamoCollectionsGeneric\Collections\FsWatcherDictionary.cs(74,45): warning CS8601: Possible null reference assignment. [E:\vs\Projects\PlatformIndependentNuGetPackages\SunamoFileSystem\SunamoFileSystem\SunamoFileSystem.csproj::TargetFramework=net10.0]
E:\vs\Projects\PlatformIndependentNuGetPackages\SunamoFileSystem\SunamoFileSystem\FS.cs(3810,78): warning CS1573: Parameter 'a1IsWithPath' has no matching param tag in the XML comment for 'FS.GetNameWithoutSeriesNoOut(string, bool, SerieStyleFS)' (but other parameters do) [E:\vs\Projects\PlatformIndependentNuGetPackages\SunamoFileSystem\SunamoFileSystem\SunamoFileSystem.csproj::TargetFramework=net8.0]
E:\vs\Projects\PlatformIndependentNuGetPackages\SunamoFileSystem\SunamoFileSystem\_sunamo\SunamoArgs\GetFilesBaseArgsFS.cs(10,51): warning CS8625: Cannot convert null literal to non-nullable reference type. [E:\vs\Projects\PlatformIndependentNuGetPackages\SunamoFileSystem\SunamoFileSystem\SunamoFileSystem.csproj::TargetFramework=net10.0]
E:\vs\Projects\PlatformIndependentNuGetPackages\SunamoFileSystem\SunamoFileSystem\FS.cs(3816,26): warning CS1591: Missing XML comment for publicly visible type or member 'FS.GetNameWithoutSeries(string, bool, out bool, SerieStyleFS)' [E:\vs\Projects\PlatformIndependentNuGetPackages\SunamoFileSystem\SunamoFileSystem\SunamoFileSystem.csproj::TargetFramework=net8.0]
E:\vs\Projects\PlatformIndependentNuGetPackages\SunamoFileSystem\SunamoFileSystem\FS.cs(3828,22): warning CS1572: XML comment has a param tag for 'p', but there is no parameter by that name [E:\vs\Projects\PlatformIndependentNuGetPackages\SunamoFileSystem\SunamoFileSystem\SunamoFileSystem.csproj::TargetFramework=net8.0]
E:\vs\Projects\PlatformIndependentNuGetPackages\SunamoFileSystem\SunamoFileSystem\_sunamo\SunamoStringParts\SHParts.cs(8,36): warning CS8604: Possible null reference argument for parameter 'value' in 'int string.LastIndexOf(string value)'. [E:\vs\Projects\PlatformIndependentNuGetPackages\SunamoFileSystem\SunamoFileSystem\SunamoFileSystem.csproj::TargetFramework=net10.0]
E:\vs\Projects\PlatformIndependentNuGetPackages\SunamoFileSystem\SunamoFileSystem\FS.cs(3831,54): warning CS1573: Parameter 'path' has no matching param tag in the XML comment for 'FS.GetNameWithoutSeries(string, bool, out bool, SerieStyleFS, out int)' (but other parameters do) [E:\vs\Projects\PlatformIndependentNuGetPackages\SunamoFileSystem\SunamoFileSystem\SunamoFileSystem.csproj::TargetFramework=net8.0]
E:\vs\Projects\PlatformIndependentNuGetPackages\SunamoFileSystem\SunamoFileSystem\FS.cs(72,44): warning CS8604: Possible null reference argument for parameter 'path' in 'void FS.CreateFoldersPsysicallyUnlessThere(string path)'. [E:\vs\Projects\PlatformIndependentNuGetPackages\SunamoFileSystem\SunamoFileSystem\SunamoFileSystem.csproj::TargetFramework=net10.0]
E:\vs\Projects\PlatformIndependentNuGetPackages\SunamoFileSystem\SunamoFileSystem\FS.cs(92,20): warning CS8600: Converting null literal or possible null value to non-nullable type. [E:\vs\Projects\PlatformIndependentNuGetPackages\SunamoFileSystem\SunamoFileSystem\SunamoFileSystem.csproj::TargetFramework=net10.0]
E:\vs\Projects\PlatformIndependentNuGetPackages\SunamoFileSystem\SunamoFileSystem\FS.cs(3831,111): warning CS1573: Parameter 'serieStyle' has no matching param tag in the XML comment for 'FS.GetNameWithoutSeries(string, bool, out bool, SerieStyleFS, out int)' (but other parameters do) [E:\vs\Projects\PlatformIndependentNuGetPackages\SunamoFileSystem\SunamoFileSystem\SunamoFileSystem.csproj::TargetFramework=net8.0]
E:\vs\Projects\PlatformIndependentNuGetPackages\SunamoFileSystem\SunamoFileSystem\FS.cs(95,33): warning CS8604: Possible null reference argument for parameter 'item' in 'void List<string>.Add(string item)'. [E:\vs\Projects\PlatformIndependentNuGetPackages\SunamoFileSystem\SunamoFileSystem\SunamoFileSystem.csproj::TargetFramework=net10.0]
E:\vs\Projects\PlatformIndependentNuGetPackages\SunamoFileSystem\SunamoFileSystem\FS.cs(3832,17): warning CS1573: Parameter 'serie' has no matching param tag in the XML comment for 'FS.GetNameWithoutSeries(string, bool, out bool, SerieStyleFS, out int)' (but other parameters do) [E:\vs\Projects\PlatformIndependentNuGetPackages\SunamoFileSystem\SunamoFileSystem\SunamoFileSystem.csproj::TargetFramework=net8.0]
E:\vs\Projects\PlatformIndependentNuGetPackages\SunamoFileSystem\SunamoFileSystem\_sunamo\SunamoGetFolders\FSGetFolders.cs(18,32): warning CS8600: Converting null literal or possible null value to non-nullable type. [E:\vs\Projects\PlatformIndependentNuGetPackages\SunamoFileSystem\SunamoFileSystem\SunamoFileSystem.csproj::TargetFramework=net10.0]
E:\vs\Projects\PlatformIndependentNuGetPackages\SunamoFileSystem\SunamoFileSystem\_sunamo\SunamoGetFolders\FSGetFolders.cs(23,54): warning CS8625: Cannot convert null literal to non-nullable reference type. [E:\vs\Projects\PlatformIndependentNuGetPackages\SunamoFileSystem\SunamoFileSystem\SunamoFileSystem.csproj::TargetFramework=net10.0]
E:\vs\Projects\PlatformIndependentNuGetPackages\SunamoFileSystem\SunamoFileSystem\_sunamo\SunamoCollections\CA.cs(17,50): warning CS8604: Possible null reference argument for parameter 'item' in 'void List<T>.Add(T item)'. [E:\vs\Projects\PlatformIndependentNuGetPackages\SunamoFileSystem\SunamoFileSystem\SunamoFileSystem.csproj::TargetFramework=net10.0]
E:\vs\Projects\PlatformIndependentNuGetPackages\SunamoFileSystem\SunamoFileSystem\FS.cs(3903,26): warning CS1591: Missing XML comment for publicly visible type or member 'FS.RemoveSerieUnderscore(string)' [E:\vs\Projects\PlatformIndependentNuGetPackages\SunamoFileSystem\SunamoFileSystem\SunamoFileSystem.csproj::TargetFramework=net8.0]
E:\vs\Projects\PlatformIndependentNuGetPackages\SunamoFileSystem\SunamoFileSystem\_sunamo\SunamoStringSplit\SHSplit.cs(16,28): warning CS8600: Converting null literal or possible null value to non-nullable type. [E:\vs\Projects\PlatformIndependentNuGetPackages\SunamoFileSystem\SunamoFileSystem\SunamoFileSystem.csproj::TargetFramework=net10.0]
E:\vs\Projects\PlatformIndependentNuGetPackages\SunamoFileSystem\SunamoFileSystem\FS.cs(3929,24): warning CS1591: Missing XML comment for publicly visible type or member 'FS.DeleteFile(string)' [E:\vs\Projects\PlatformIndependentNuGetPackages\SunamoFileSystem\SunamoFileSystem\SunamoFileSystem.csproj::TargetFramework=net8.0]
E:\vs\Projects\PlatformIndependentNuGetPackages\SunamoFileSystem\SunamoFileSystem\_sunamo\SunamoStringSplit\SHSplit.cs(17,37): warning CS8600: Converting null literal or possible null value to non-nullable type. [E:\vs\Projects\PlatformIndependentNuGetPackages\SunamoFileSystem\SunamoFileSystem\SunamoFileSystem.csproj::TargetFramework=net10.0]
E:\vs\Projects\PlatformIndependentNuGetPackages\SunamoFileSystem\SunamoFileSystem\FS.cs(3955,22): warning CS1572: XML comment has a param tag for 'fn', but there is no parameter by that name [E:\vs\Projects\PlatformIndependentNuGetPackages\SunamoFileSystem\SunamoFileSystem\SunamoFileSystem.csproj::TargetFramework=net8.0]
E:\vs\Projects\PlatformIndependentNuGetPackages\SunamoFileSystem\SunamoFileSystem\_sunamo\SunamoStringSplit\SHSplit.cs(18,39): warning CS8600: Converting null literal or possible null value to non-nullable type. [E:\vs\Projects\PlatformIndependentNuGetPackages\SunamoFileSystem\SunamoFileSystem\SunamoFileSystem.csproj::TargetFramework=net10.0]
E:\vs\Projects\PlatformIndependentNuGetPackages\SunamoFileSystem\SunamoFileSystem\FS.cs(3959,66): warning CS1573: Parameter 'filePath' has no matching param tag in the XML comment for 'FS.GetPathAndFileNameWithoutExtension(string, out string, out string, out string)' (but other parameters do) [E:\vs\Projects\PlatformIndependentNuGetPackages\SunamoFileSystem\SunamoFileSystem\SunamoFileSystem.csproj::TargetFramework=net8.0]
E:\vs\Projects\PlatformIndependentNuGetPackages\SunamoFileSystem\SunamoFileSystem\_sunamo\SunamoGetFolders\Args\GetFoldersEveryFolderArgs.cs(14,62): warning CS8625: Cannot convert null literal to non-nullable reference type. [E:\vs\Projects\PlatformIndependentNuGetPackages\SunamoFileSystem\SunamoFileSystem\SunamoFileSystem.csproj::TargetFramework=net10.0]
E:\vs\Projects\PlatformIndependentNuGetPackages\SunamoFileSystem\SunamoFileSystem\FS.cs(3965,26): warning CS1591: Missing XML comment for publicly visible type or member 'FS.PathWithoutExtension(string)' [E:\vs\Projects\PlatformIndependentNuGetPackages\SunamoFileSystem\SunamoFileSystem\SunamoFileSystem.csproj::TargetFramework=net8.0]
E:\vs\Projects\PlatformIndependentNuGetPackages\SunamoFileSystem\SunamoFileSystem\_sunamo\SunamoGetFiles\FSGetFiles.cs(64,29): warning CS8600: Converting null literal or possible null value to non-nullable type. [E:\vs\Projects\PlatformIndependentNuGetPackages\SunamoFileSystem\SunamoFileSystem\SunamoFileSystem.csproj::TargetFramework=net10.0]
E:\vs\Projects\PlatformIndependentNuGetPackages\SunamoFileSystem\SunamoFileSystem\FS.cs(3971,26): warning CS1591: Missing XML comment for publicly visible type or member 'FS.GetFullPath(string)' [E:\vs\Projects\PlatformIndependentNuGetPackages\SunamoFileSystem\SunamoFileSystem\SunamoFileSystem.csproj::TargetFramework=net8.0]
E:\vs\Projects\PlatformIndependentNuGetPackages\SunamoFileSystem\SunamoFileSystem\_sunamo\SunamoGetFiles\FSGetFiles.cs(76,13): warning CS8602: Dereference of a possibly null reference. [E:\vs\Projects\PlatformIndependentNuGetPackages\SunamoFileSystem\SunamoFileSystem\SunamoFileSystem.csproj::TargetFramework=net10.0]
E:\vs\Projects\PlatformIndependentNuGetPackages\SunamoFileSystem\SunamoFileSystem\_sunamo\SunamoGetFiles\FSGetFiles.cs(77,13): warning CS8602: Dereference of a possibly null reference. [E:\vs\Projects\PlatformIndependentNuGetPackages\SunamoFileSystem\SunamoFileSystem\SunamoFileSystem.csproj::TargetFramework=net10.0]
E:\vs\Projects\PlatformIndependentNuGetPackages\SunamoFileSystem\SunamoFileSystem\FS.cs(3977,24): warning CS1591: Missing XML comment for publicly visible type or member 'FS.FileToDirectory(ref string)' [E:\vs\Projects\PlatformIndependentNuGetPackages\SunamoFileSystem\SunamoFileSystem\SunamoFileSystem.csproj::TargetFramework=net8.0]
E:\vs\Projects\PlatformIndependentNuGetPackages\SunamoFileSystem\SunamoFileSystem\_sunamo\SunamoGetFiles\FSGetFiles.cs(86,25): warning CS8600: Converting null literal or possible null value to non-nullable type. [E:\vs\Projects\PlatformIndependentNuGetPackages\SunamoFileSystem\SunamoFileSystem\SunamoFileSystem.csproj::TargetFramework=net10.0]
E:\vs\Projects\PlatformIndependentNuGetPackages\SunamoFileSystem\SunamoFileSystem\FS.cs(4017,32): warning CS1591: Missing XML comment for publicly visible type or member 'FS.FilesWhichSurelyExists' [E:\vs\Projects\PlatformIndependentNuGetPackages\SunamoFileSystem\SunamoFileSystem\SunamoFileSystem.csproj::TargetFramework=net8.0]
E:\vs\Projects\PlatformIndependentNuGetPackages\SunamoFileSystem\SunamoFileSystem\_sunamo\SunamoGetFiles\FSGetFiles.cs(122,13): warning CS8602: Dereference of a possibly null reference. [E:\vs\Projects\PlatformIndependentNuGetPackages\SunamoFileSystem\SunamoFileSystem\SunamoFileSystem.csproj::TargetFramework=net10.0]
E:\vs\Projects\PlatformIndependentNuGetPackages\SunamoFileSystem\SunamoFileSystem\_sunamo\SunamoGetFiles\FSGetFiles.cs(123,13): warning CS8602: Dereference of a possibly null reference. [E:\vs\Projects\PlatformIndependentNuGetPackages\SunamoFileSystem\SunamoFileSystem\SunamoFileSystem.csproj::TargetFramework=net10.0]
E:\vs\Projects\PlatformIndependentNuGetPackages\SunamoFileSystem\SunamoFileSystem\_sunamo\SunamoGetFiles\FSGetFiles.cs(147,47): warning CS8602: Dereference of a possibly null reference. [E:\vs\Projects\PlatformIndependentNuGetPackages\SunamoFileSystem\SunamoFileSystem\SunamoFileSystem.csproj::TargetFramework=net10.0]
E:\vs\Projects\PlatformIndependentNuGetPackages\SunamoFileSystem\SunamoFileSystem\_sunamo\SunamoGetFiles\FSGetFiles.cs(148,32): warning CS8603: Possible null reference return. [E:\vs\Projects\PlatformIndependentNuGetPackages\SunamoFileSystem\SunamoFileSystem\SunamoFileSystem.csproj::TargetFramework=net10.0]
E:\vs\Projects\PlatformIndependentNuGetPackages\SunamoFileSystem\SunamoFileSystem\_sunamo\SunamoGetFiles\FSGetFiles.cs(158,35): warning CS8602: Dereference of a possibly null reference. [E:\vs\Projects\PlatformIndependentNuGetPackages\SunamoFileSystem\SunamoFileSystem\SunamoFileSystem.csproj::TargetFramework=net10.0]
E:\vs\Projects\PlatformIndependentNuGetPackages\SunamoFileSystem\SunamoFileSystem\_sunamo\SunamoGetFiles\FSGetFiles.cs(177,31): warning CS8602: Dereference of a possibly null reference. [E:\vs\Projects\PlatformIndependentNuGetPackages\SunamoFileSystem\SunamoFileSystem\SunamoFileSystem.csproj::TargetFramework=net10.0]
E:\vs\Projects\PlatformIndependentNuGetPackages\SunamoFileSystem\SunamoFileSystem\FS.cs(4034,46): warning CS1573: Parameter 'falseIfSizeZeroOrEmpty' has no matching param tag in the XML comment for 'FS.ExistsFile(string, bool)' (but other parameters do) [E:\vs\Projects\PlatformIndependentNuGetPackages\SunamoFileSystem\SunamoFileSystem\SunamoFileSystem.csproj::TargetFramework=net8.0]
E:\vs\Projects\PlatformIndependentNuGetPackages\SunamoFileSystem\SunamoFileSystem\_sunamo\SunamoGetFiles\FSGetFiles.cs(65,13): warning CS0219: The variable 'measureTime' is assigned but its value is never used [E:\vs\Projects\PlatformIndependentNuGetPackages\SunamoFileSystem\SunamoFileSystem\SunamoFileSystem.csproj::TargetFramework=net10.0]
E:\vs\Projects\PlatformIndependentNuGetPackages\SunamoFileSystem\SunamoFileSystem\FS.cs(4072,22): warning CS1572: XML comment has a param tag for 'upFolderName', but there is no parameter by that name [E:\vs\Projects\PlatformIndependentNuGetPackages\SunamoFileSystem\SunamoFileSystem\SunamoFileSystem.csproj::TargetFramework=net8.0]
E:\vs\Projects\PlatformIndependentNuGetPackages\SunamoFileSystem\SunamoFileSystem\_sunamo\SunamoCollectionsChangeContent\CAChangeContent.cs(20,47): warning CS8625: Cannot convert null literal to non-nullable reference type. [E:\vs\Projects\PlatformIndependentNuGetPackages\SunamoFileSystem\SunamoFileSystem\SunamoFileSystem.csproj::TargetFramework=net10.0]
E:\vs\Projects\PlatformIndependentNuGetPackages\SunamoFileSystem\SunamoFileSystem\FS.cs(4073,22): warning CS1572: XML comment has a param tag for 'dirNameDecoded', but there is no parameter by that name [E:\vs\Projects\PlatformIndependentNuGetPackages\SunamoFileSystem\SunamoFileSystem\SunamoFileSystem.csproj::TargetFramework=net8.0]
E:\vs\Projects\PlatformIndependentNuGetPackages\SunamoFileSystem\SunamoFileSystem\FS.cs(4074,50): warning CS1573: Parameter 'parts' has no matching param tag in the XML comment for 'FS.Combine(params string[])' (but other parameters do) [E:\vs\Projects\PlatformIndependentNuGetPackages\SunamoFileSystem\SunamoFileSystem\SunamoFileSystem.csproj::TargetFramework=net8.0]
E:\vs\Projects\PlatformIndependentNuGetPackages\SunamoFileSystem\SunamoFileSystem\FS.cs(223,33): warning CS8604: Possible null reference argument for parameter 'path1' in 'string Path.Combine(string path1, string path2)'. [E:\vs\Projects\PlatformIndependentNuGetPackages\SunamoFileSystem\SunamoFileSystem\SunamoFileSystem.csproj::TargetFramework=net10.0]
E:\vs\Projects\PlatformIndependentNuGetPackages\SunamoFileSystem\SunamoFileSystem\FS.cs(4079,26): warning CS1591: Missing XML comment for publicly visible type or member 'FS.CombineFile(params string[])' [E:\vs\Projects\PlatformIndependentNuGetPackages\SunamoFileSystem\SunamoFileSystem\SunamoFileSystem.csproj::TargetFramework=net8.0]
E:\vs\Projects\PlatformIndependentNuGetPackages\SunamoFileSystem\SunamoFileSystem\_sunamo\SunamoDictionary\DictionaryHelper.cs(73,21): warning CS8604: Possible null reference argument for parameter 'first' in 'bool Enumerable.SequenceEqual<ColType>(IEnumerable<ColType> first, IEnumerable<ColType> second)'. [E:\vs\Projects\PlatformIndependentNuGetPackages\SunamoFileSystem\SunamoFileSystem\SunamoFileSystem.csproj::TargetFramework=net10.0]
E:\vs\Projects\PlatformIndependentNuGetPackages\SunamoFileSystem\SunamoFileSystem\_sunamo\SunamoDictionary\DictionaryHelper.cs(73,55): warning CS8604: Possible null reference argument for parameter 'second' in 'bool Enumerable.SequenceEqual<ColType>(IEnumerable<ColType> first, IEnumerable<ColType> second)'. [E:\vs\Projects\PlatformIndependentNuGetPackages\SunamoFileSystem\SunamoFileSystem\SunamoFileSystem.csproj::TargetFramework=net10.0]
E:\vs\Projects\PlatformIndependentNuGetPackages\SunamoFileSystem\SunamoFileSystem\FS.cs(4083,26): warning CS1591: Missing XML comment for publicly visible type or member 'FS.CombineDir(params string[])' [E:\vs\Projects\PlatformIndependentNuGetPackages\SunamoFileSystem\SunamoFileSystem\SunamoFileSystem.csproj::TargetFramework=net8.0]
E:\vs\Projects\PlatformIndependentNuGetPackages\SunamoFileSystem\SunamoFileSystem\_sunamo\SunamoDictionary\DictionaryHelper.cs(81,25): warning CS8604: Possible null reference argument for parameter 'first' in 'bool Enumerable.SequenceEqual<ColType>(IEnumerable<ColType> first, IEnumerable<ColType> second)'. [E:\vs\Projects\PlatformIndependentNuGetPackages\SunamoFileSystem\SunamoFileSystem\SunamoFileSystem.csproj::TargetFramework=net10.0]
E:\vs\Projects\PlatformIndependentNuGetPackages\SunamoFileSystem\SunamoFileSystem\FS.cs(4108,24): warning CS1591: Missing XML comment for publicly visible type or member 'FS.GetFolderSize(string)' [E:\vs\Projects\PlatformIndependentNuGetPackages\SunamoFileSystem\SunamoFileSystem\SunamoFileSystem.csproj::TargetFramework=net8.0]
E:\vs\Projects\PlatformIndependentNuGetPackages\SunamoFileSystem\SunamoFileSystem\FS.cs(4112,24): warning CS1591: Missing XML comment for publicly visible type or member 'FS.GetFolderSize(DirectoryInfo)' [E:\vs\Projects\PlatformIndependentNuGetPackages\SunamoFileSystem\SunamoFileSystem\SunamoFileSystem.csproj::TargetFramework=net8.0]
E:\vs\Projects\PlatformIndependentNuGetPackages\SunamoFileSystem\SunamoFileSystem\_sunamo\SunamoDictionary\DictionaryHelper.cs(81,59): warning CS8604: Possible null reference argument for parameter 'second' in 'bool Enumerable.SequenceEqual<ColType>(IEnumerable<ColType> first, IEnumerable<ColType> second)'. [E:\vs\Projects\PlatformIndependentNuGetPackages\SunamoFileSystem\SunamoFileSystem\SunamoFileSystem.csproj::TargetFramework=net10.0]
E:\vs\Projects\PlatformIndependentNuGetPackages\SunamoFileSystem\SunamoFileSystem\FS.cs(4142,52): warning CS1591: Missing XML comment for publicly visible type or member 'FS.GroupFilesByName(List<string>)' [E:\vs\Projects\PlatformIndependentNuGetPackages\SunamoFileSystem\SunamoFileSystem\SunamoFileSystem.csproj::TargetFramework=net8.0]
E:\vs\Projects\PlatformIndependentNuGetPackages\SunamoFileSystem\SunamoFileSystem\_sunamo\SunamoDictionary\DictionaryHelper.cs(99,36): warning CS8602: Dereference of a possibly null reference. [E:\vs\Projects\PlatformIndependentNuGetPackages\SunamoFileSystem\SunamoFileSystem\SunamoFileSystem.csproj::TargetFramework=net10.0]
E:\vs\Projects\PlatformIndependentNuGetPackages\SunamoFileSystem\SunamoFileSystem\FS.cs(4148,26): warning CS1591: Missing XML comment for publicly visible type or member 'FS.BasePath(List<string>, string)' [E:\vs\Projects\PlatformIndependentNuGetPackages\SunamoFileSystem\SunamoFileSystem\SunamoFileSystem.csproj::TargetFramework=net8.0]
E:\vs\Projects\PlatformIndependentNuGetPackages\SunamoFileSystem\SunamoFileSystem\_sunamo\SunamoDictionary\DictionaryHelper.cs(99,36): warning CS8604: Possible null reference argument for parameter 'item' in 'void List<string>.Add(string item)'. [E:\vs\Projects\PlatformIndependentNuGetPackages\SunamoFileSystem\SunamoFileSystem\SunamoFileSystem.csproj::TargetFramework=net10.0]
E:\vs\Projects\PlatformIndependentNuGetPackages\SunamoFileSystem\SunamoFileSystem\FS.cs(4155,24): warning CS1591: Missing XML comment for publicly visible type or member 'FS.HasAnyFoldersOrFiles(string)' [E:\vs\Projects\PlatformIndependentNuGetPackages\SunamoFileSystem\SunamoFileSystem\SunamoFileSystem.csproj::TargetFramework=net8.0]
E:\vs\Projects\PlatformIndependentNuGetPackages\SunamoFileSystem\SunamoFileSystem\_sunamo\SunamoDictionary\DictionaryHelper.cs(100,21): warning CS8602: Dereference of a possibly null reference. [E:\vs\Projects\PlatformIndependentNuGetPackages\SunamoFileSystem\SunamoFileSystem\SunamoFileSystem.csproj::TargetFramework=net10.0]
E:\vs\Projects\PlatformIndependentNuGetPackages\SunamoFileSystem\SunamoFileSystem\FS.cs(4160,24): warning CS1591: Missing XML comment for publicly visible type or member 'FS.MoveDirectoryNoRecursive(string, string, DirectoryMoveCollisionOption, object)' [E:\vs\Projects\PlatformIndependentNuGetPackages\SunamoFileSystem\SunamoFileSystem\SunamoFileSystem.csproj::TargetFramework=net8.0]
E:\vs\Projects\PlatformIndependentNuGetPackages\SunamoFileSystem\SunamoFileSystem\_sunamo\SunamoDictionary\DictionaryHelper.cs(116,33): warning CS8602: Dereference of a possibly null reference. [E:\vs\Projects\PlatformIndependentNuGetPackages\SunamoFileSystem\SunamoFileSystem\SunamoFileSystem.csproj::TargetFramework=net10.0]
E:\vs\Projects\PlatformIndependentNuGetPackages\SunamoFileSystem\SunamoFileSystem\SerieStyleFS.cs(25,5): warning CS1591: Missing XML comment for publicly visible type or member 'SerieStyleFS.All' [E:\vs\Projects\PlatformIndependentNuGetPackages\SunamoFileSystem\SunamoFileSystem\SunamoFileSystem.csproj::TargetFramework=net8.0]
E:\vs\Projects\PlatformIndependentNuGetPackages\SunamoFileSystem\SunamoFileSystem\_sunamo\SunamoDictionary\DictionaryHelper.cs(116,58): warning CS8602: Dereference of a possibly null reference. [E:\vs\Projects\PlatformIndependentNuGetPackages\SunamoFileSystem\SunamoFileSystem\SunamoFileSystem.csproj::TargetFramework=net10.0]
E:\vs\Projects\PlatformIndependentNuGetPackages\SunamoFileSystem\SunamoFileSystem\Services\PathFormatDetectorService.cs(4,14): warning CS1591: Missing XML comment for publicly visible type or member 'PathFormatDetectorService' [E:\vs\Projects\PlatformIndependentNuGetPackages\SunamoFileSystem\SunamoFileSystem\SunamoFileSystem.csproj::TargetFramework=net8.0]
E:\vs\Projects\PlatformIndependentNuGetPackages\SunamoFileSystem\SunamoFileSystem\Services\PathFormatDetectorService.cs(4,14): warning CS1591: Missing XML comment for publicly visible type or member 'PathFormatDetectorService.PathFormatDetectorService(ILogger)' [E:\vs\Projects\PlatformIndependentNuGetPackages\SunamoFileSystem\SunamoFileSystem\SunamoFileSystem.csproj::TargetFramework=net8.0]
E:\vs\Projects\PlatformIndependentNuGetPackages\SunamoFileSystem\SunamoFileSystem\Services\PathFormatDetectorService.cs(6,17): warning CS1591: Missing XML comment for publicly visible type or member 'PathFormatDetectorService.IsWindowsPathFormat(string)' [E:\vs\Projects\PlatformIndependentNuGetPackages\SunamoFileSystem\SunamoFileSystem\SunamoFileSystem.csproj::TargetFramework=net8.0]
E:\vs\Projects\PlatformIndependentNuGetPackages\SunamoFileSystem\SunamoFileSystem\_public\SunamoCollectionsGeneric\Collections\FsWatcherDictionary.cs(4,14): warning CS1591: Missing XML comment for publicly visible type or member 'FsWatcherDictionary<T, U>' [E:\vs\Projects\PlatformIndependentNuGetPackages\SunamoFileSystem\SunamoFileSystem\SunamoFileSystem.csproj::TargetFramework=net8.0]
E:\vs\Projects\PlatformIndependentNuGetPackages\SunamoFileSystem\SunamoFileSystem\_public\SunamoCollectionsGeneric\Collections\FsWatcherDictionary.cs(9,14): warning CS1591: Missing XML comment for publicly visible type or member 'FsWatcherDictionary<T, U>.this[T]' [E:\vs\Projects\PlatformIndependentNuGetPackages\SunamoFileSystem\SunamoFileSystem\SunamoFileSystem.csproj::TargetFramework=net8.0]
E:\vs\Projects\PlatformIndependentNuGetPackages\SunamoFileSystem\SunamoFileSystem\_public\SunamoCollectionsGeneric\Collections\FsWatcherDictionary.cs(19,27): warning CS1591: Missing XML comment for publicly visible type or member 'FsWatcherDictionary<T, U>.Keys' [E:\vs\Projects\PlatformIndependentNuGetPackages\SunamoFileSystem\SunamoFileSystem\SunamoFileSystem.csproj::TargetFramework=net8.0]
E:\vs\Projects\PlatformIndependentNuGetPackages\SunamoFileSystem\SunamoFileSystem\_public\SunamoCollectionsGeneric\Collections\FsWatcherDictionary.cs(20,27): warning CS1591: Missing XML comment for publicly visible type or member 'FsWatcherDictionary<T, U>.Values' [E:\vs\Projects\PlatformIndependentNuGetPackages\SunamoFileSystem\SunamoFileSystem\SunamoFileSystem.csproj::TargetFramework=net8.0]
E:\vs\Projects\PlatformIndependentNuGetPackages\SunamoFileSystem\SunamoFileSystem\_public\SunamoCollectionsGeneric\Collections\FsWatcherDictionary.cs(21,16): warning CS1591: Missing XML comment for publicly visible type or member 'FsWatcherDictionary<T, U>.Count' [E:\vs\Projects\PlatformIndependentNuGetPackages\SunamoFileSystem\SunamoFileSystem\SunamoFileSystem.csproj::TargetFramework=net8.0]
E:\vs\Projects\PlatformIndependentNuGetPackages\SunamoFileSystem\SunamoFileSystem\_public\SunamoCollectionsGeneric\Collections\FsWatcherDictionary.cs(22,17): warning CS1591: Missing XML comment for publicly visible type or member 'FsWatcherDictionary<T, U>.IsReadOnly' [E:\vs\Projects\PlatformIndependentNuGetPackages\SunamoFileSystem\SunamoFileSystem\SunamoFileSystem.csproj::TargetFramework=net8.0]
E:\vs\Projects\PlatformIndependentNuGetPackages\SunamoFileSystem\SunamoFileSystem\_public\SunamoCollectionsGeneric\Collections\FsWatcherDictionary.cs(24,17): warning CS1591: Missing XML comment for publicly visible type or member 'FsWatcherDictionary<T, U>.Add(T, U)' [E:\vs\Projects\PlatformIndependentNuGetPackages\SunamoFileSystem\SunamoFileSystem\SunamoFileSystem.csproj::TargetFramework=net8.0]
E:\vs\Projects\PlatformIndependentNuGetPackages\SunamoFileSystem\SunamoFileSystem\_public\SunamoCollectionsGeneric\Collections\FsWatcherDictionary.cs(32,17): warning CS1591: Missing XML comment for publicly visible type or member 'FsWatcherDictionary<T, U>.Add(KeyValuePair<T, U>)' [E:\vs\Projects\PlatformIndependentNuGetPackages\SunamoFileSystem\SunamoFileSystem\SunamoFileSystem.csproj::TargetFramework=net8.0]
E:\vs\Projects\PlatformIndependentNuGetPackages\SunamoFileSystem\SunamoFileSystem\_public\SunamoCollectionsGeneric\Collections\FsWatcherDictionary.cs(37,17): warning CS1591: Missing XML comment for publicly visible type or member 'FsWatcherDictionary<T, U>.Clear()' [E:\vs\Projects\PlatformIndependentNuGetPackages\SunamoFileSystem\SunamoFileSystem\SunamoFileSystem.csproj::TargetFramework=net8.0]
E:\vs\Projects\PlatformIndependentNuGetPackages\SunamoFileSystem\SunamoFileSystem\_public\SunamoCollectionsGeneric\Collections\FsWatcherDictionary.cs(42,17): warning CS1591: Missing XML comment for publicly visible type or member 'FsWatcherDictionary<T, U>.Contains(KeyValuePair<T, U>)' [E:\vs\Projects\PlatformIndependentNuGetPackages\SunamoFileSystem\SunamoFileSystem\SunamoFileSystem.csproj::TargetFramework=net8.0]
E:\vs\Projects\PlatformIndependentNuGetPackages\SunamoFileSystem\SunamoFileSystem\_public\SunamoCollectionsGeneric\Collections\FsWatcherDictionary.cs(47,17): warning CS1591: Missing XML comment for publicly visible type or member 'FsWatcherDictionary<T, U>.ContainsKey(T)' [E:\vs\Projects\PlatformIndependentNuGetPackages\SunamoFileSystem\SunamoFileSystem\SunamoFileSystem.csproj::TargetFramework=net8.0]
E:\vs\Projects\PlatformIndependentNuGetPackages\SunamoFileSystem\SunamoFileSystem\_public\SunamoCollectionsGeneric\Collections\FsWatcherDictionary.cs(52,17): warning CS1591: Missing XML comment for publicly visible type or member 'FsWatcherDictionary<T, U>.CopyTo(KeyValuePair<T, U>[], int)' [E:\vs\Projects\PlatformIndependentNuGetPackages\SunamoFileSystem\SunamoFileSystem\SunamoFileSystem.csproj::TargetFramework=net8.0]
E:\vs\Projects\PlatformIndependentNuGetPackages\SunamoFileSystem\SunamoFileSystem\_public\SunamoCollectionsGeneric\Collections\FsWatcherDictionary.cs(57,44): warning CS1591: Missing XML comment for publicly visible type or member 'FsWatcherDictionary<T, U>.GetEnumerator()' [E:\vs\Projects\PlatformIndependentNuGetPackages\SunamoFileSystem\SunamoFileSystem\SunamoFileSystem.csproj::TargetFramework=net8.0]
E:\vs\Projects\PlatformIndependentNuGetPackages\SunamoFileSystem\SunamoFileSystem\_public\SunamoCollectionsGeneric\Collections\FsWatcherDictionary.cs(62,17): warning CS1591: Missing XML comment for publicly visible type or member 'FsWatcherDictionary<T, U>.Remove(T)' [E:\vs\Projects\PlatformIndependentNuGetPackages\SunamoFileSystem\SunamoFileSystem\SunamoFileSystem.csproj::TargetFramework=net8.0]
E:\vs\Projects\PlatformIndependentNuGetPackages\SunamoFileSystem\SunamoFileSystem\_public\SunamoCollectionsGeneric\Collections\FsWatcherDictionary.cs(67,17): warning CS1591: Missing XML comment for publicly visible type or member 'FsWatcherDictionary<T, U>.Remove(KeyValuePair<T, U>)' [E:\vs\Projects\PlatformIndependentNuGetPackages\SunamoFileSystem\SunamoFileSystem\SunamoFileSystem.csproj::TargetFramework=net8.0]
E:\vs\Projects\PlatformIndependentNuGetPackages\SunamoFileSystem\SunamoFileSystem\_public\SunamoCollectionsGeneric\Collections\FsWatcherDictionary.cs(72,17): warning CS1591: Missing XML comment for publicly visible type or member 'FsWatcherDictionary<T, U>.TryGetValue(T, out U)' [E:\vs\Projects\PlatformIndependentNuGetPackages\SunamoFileSystem\SunamoFileSystem\SunamoFileSystem.csproj::TargetFramework=net8.0]
E:\vs\Projects\PlatformIndependentNuGetPackages\SunamoFileSystem\SunamoFileSystem\_public\SunamoEnums\Enums\AscDesc.cs(4,13): warning CS1591: Missing XML comment for publicly visible type or member 'AscDesc' [E:\vs\Projects\PlatformIndependentNuGetPackages\SunamoFileSystem\SunamoFileSystem\SunamoFileSystem.csproj::TargetFramework=net8.0]
E:\vs\Projects\PlatformIndependentNuGetPackages\SunamoFileSystem\SunamoFileSystem\_public\SunamoEnums\Enums\AscDesc.cs(6,5): warning CS1591: Missing XML comment for publicly visible type or member 'AscDesc.Asc' [E:\vs\Projects\PlatformIndependentNuGetPackages\SunamoFileSystem\SunamoFileSystem\SunamoFileSystem.csproj::TargetFramework=net8.0]
E:\vs\Projects\PlatformIndependentNuGetPackages\SunamoFileSystem\SunamoFileSystem\_public\SunamoEnums\Enums\AscDesc.cs(7,5): warning CS1591: Missing XML comment for publicly visible type or member 'AscDesc.Desc' [E:\vs\Projects\PlatformIndependentNuGetPackages\SunamoFileSystem\SunamoFileSystem\SunamoFileSystem.csproj::TargetFramework=net8.0]
E:\vs\Projects\PlatformIndependentNuGetPackages\SunamoFileSystem\SunamoFileSystem\_public\SunamoEnums\Enums\DirectoryCreateCollisionOption.cs(4,13): warning CS1591: Missing XML comment for publicly visible type or member 'DirectoryCreateCollisionOption' [E:\vs\Projects\PlatformIndependentNuGetPackages\SunamoFileSystem\SunamoFileSystem\SunamoFileSystem.csproj::TargetFramework=net8.0]
E:\vs\Projects\PlatformIndependentNuGetPackages\SunamoFileSystem\SunamoFileSystem\_public\SunamoEnums\Enums\DirectoryCreateCollisionOption.cs(6,5): warning CS1591: Missing XML comment for publicly visible type or member 'DirectoryCreateCollisionOption.Delete' [E:\vs\Projects\PlatformIndependentNuGetPackages\SunamoFileSystem\SunamoFileSystem\SunamoFileSystem.csproj::TargetFramework=net8.0]
E:\vs\Projects\PlatformIndependentNuGetPackages\SunamoFileSystem\SunamoFileSystem\_public\SunamoEnums\Enums\DirectoryCreateCollisionOption.cs(7,5): warning CS1591: Missing XML comment for publicly visible type or member 'DirectoryCreateCollisionOption.Overwrite' [E:\vs\Projects\PlatformIndependentNuGetPackages\SunamoFileSystem\SunamoFileSystem\SunamoFileSystem.csproj::TargetFramework=net8.0]
E:\vs\Projects\PlatformIndependentNuGetPackages\SunamoFileSystem\SunamoFileSystem\_public\SunamoEnums\Enums\DirectoryCreateCollisionOption.cs(8,5): warning CS1591: Missing XML comment for publicly visible type or member 'DirectoryCreateCollisionOption.AddSerie' [E:\vs\Projects\PlatformIndependentNuGetPackages\SunamoFileSystem\SunamoFileSystem\SunamoFileSystem.csproj::TargetFramework=net8.0]
E:\vs\Projects\PlatformIndependentNuGetPackages\SunamoFileSystem\SunamoFileSystem\_public\SunamoEnums\Enums\EnvironmentVariables.cs(4,13): warning CS1591: Missing XML comment for publicly visible type or member 'EnvironmentVariables' [E:\vs\Projects\PlatformIndependentNuGetPackages\SunamoFileSystem\SunamoFileSystem\SunamoFileSystem.csproj::TargetFramework=net8.0]
E:\vs\Projects\PlatformIndependentNuGetPackages\SunamoFileSystem\SunamoFileSystem\_public\SunamoEnums\Enums\EnvironmentVariables.cs(6,5): warning CS1591: Missing XML comment for publicly visible type or member 'EnvironmentVariables.userprofile' [E:\vs\Projects\PlatformIndependentNuGetPackages\SunamoFileSystem\SunamoFileSystem\SunamoFileSystem.csproj::TargetFramework=net8.0]
E:\vs\Projects\PlatformIndependentNuGetPackages\SunamoFileSystem\SunamoFileSystem\_sunamo\SunamoDictionary\DictionaryHelper.cs(29,22): warning CS1572: XML comment has a param tag for 'sl', but there is no parameter by that name [E:\vs\Projects\PlatformIndependentNuGetPackages\SunamoFileSystem\SunamoFileSystem\SunamoFileSystem.csproj::TargetFramework=net8.0]
E:\vs\Projects\PlatformIndependentNuGetPackages\SunamoFileSystem\SunamoFileSystem\_sunamo\SunamoDictionary\DictionaryHelper.cs(32,91): warning CS1573: Parameter 'dictionary' has no matching param tag in the XML comment for 'DictionaryHelper.AddOrCreateIfDontExists<Key, Value>(Dictionary<Key, List<Value>>, Key, Value)' (but other parameters do) [E:\vs\Projects\PlatformIndependentNuGetPackages\SunamoFileSystem\SunamoFileSystem\SunamoFileSystem.csproj::TargetFramework=net8.0]
E:\vs\Projects\PlatformIndependentNuGetPackages\SunamoFileSystem\SunamoFileSystem\_sunamo\SunamoDictionary\DictionaryHelper.cs(57,22): warning CS1572: XML comment has a param tag for 'sl', but there is no parameter by that name [E:\vs\Projects\PlatformIndependentNuGetPackages\SunamoFileSystem\SunamoFileSystem\SunamoFileSystem.csproj::TargetFramework=net8.0]
E:\vs\Projects\PlatformIndependentNuGetPackages\SunamoFileSystem\SunamoFileSystem\_sunamo\SunamoDictionary\DictionaryHelper.cs(60,89): warning CS1573: Parameter 'dictionary' has no matching param tag in the XML comment for 'DictionaryHelper.AddOrCreate<Key, Value, ColType>(IDictionary<Key, List<Value>>, Key, Value, bool, Dictionary<Key, List<string>>?)' (but other parameters do) [E:\vs\Projects\PlatformIndependentNuGetPackages\SunamoFileSystem\SunamoFileSystem\SunamoFileSystem.csproj::TargetFramework=net8.0]
E:\vs\Projects\PlatformIndependentNuGetPackages\SunamoFileSystem\SunamoFileSystem\_sunamo\SunamoDictionary\DictionaryHelper.cs(61,14): warning CS1573: Parameter 'withoutDuplicitiesInValue' has no matching param tag in the XML comment for 'DictionaryHelper.AddOrCreate<Key, Value, ColType>(IDictionary<Key, List<Value>>, Key, Value, bool, Dictionary<Key, List<string>>?)' (but other parameters do) [E:\vs\Projects\PlatformIndependentNuGetPackages\SunamoFileSystem\SunamoFileSystem\SunamoFileSystem.csproj::TargetFramework=net8.0]
E:\vs\Projects\PlatformIndependentNuGetPackages\SunamoFileSystem\SunamoFileSystem\_sunamo\SunamoDictionary\DictionaryHelper.cs(61,80): warning CS1573: Parameter 'stringDict' has no matching param tag in the XML comment for 'DictionaryHelper.AddOrCreate<Key, Value, ColType>(IDictionary<Key, List<Value>>, Key, Value, bool, Dictionary<Key, List<string>>?)' (but other parameters do) [E:\vs\Projects\PlatformIndependentNuGetPackages\SunamoFileSystem\SunamoFileSystem\SunamoFileSystem.csproj::TargetFramework=net8.0]
E:\vs\Projects\PlatformIndependentNuGetPackages\SunamoFileSystem\SunamoFileSystem\_sunamo\SunamoGetFiles\FSGetFiles.cs(53,22): warning CS1572: XML comment has a param tag for 'ask', but there is no parameter by that name [E:\vs\Projects\PlatformIndependentNuGetPackages\SunamoFileSystem\SunamoFileSystem\SunamoFileSystem.csproj::TargetFramework=net8.0]
E:\vs\Projects\PlatformIndependentNuGetPackages\SunamoFileSystem\SunamoFileSystem\_sunamo\SunamoDictionary\DictionaryHelper.cs(116,58): warning CS8604: Possible null reference argument for parameter 'item' in 'bool List<string>.Contains(string item)'. [E:\vs\Projects\PlatformIndependentNuGetPackages\SunamoFileSystem\SunamoFileSystem\SunamoFileSystem.csproj::TargetFramework=net10.0]
E:\vs\Projects\PlatformIndependentNuGetPackages\SunamoFileSystem\SunamoFileSystem\_sunamo\SunamoGetFiles\FSGetFiles.cs(55,22): warning CS1572: XML comment has a param tag for '_trimA1', but there is no parameter by that name [E:\vs\Projects\PlatformIndependentNuGetPackages\SunamoFileSystem\SunamoFileSystem\SunamoFileSystem.csproj::TargetFramework=net8.0]
E:\vs\Projects\PlatformIndependentNuGetPackages\SunamoFileSystem\SunamoFileSystem\_sunamo\SunamoDictionary\DictionaryHelper.cs(128,56): warning CS8602: Dereference of a possibly null reference. [E:\vs\Projects\PlatformIndependentNuGetPackages\SunamoFileSystem\SunamoFileSystem\SunamoFileSystem.csproj::TargetFramework=net10.0]
E:\vs\Projects\PlatformIndependentNuGetPackages\SunamoFileSystem\SunamoFileSystem\_sunamo\SunamoGetFiles\FSGetFiles.cs(56,76): warning CS1573: Parameter 'mask' has no matching param tag in the XML comment for 'FSGetFiles.GetFilesEveryFolder(string, string, SearchOption, GetFilesEveryFolderArgsFS)' (but other parameters do) [E:\vs\Projects\PlatformIndependentNuGetPackages\SunamoFileSystem\SunamoFileSystem\SunamoFileSystem.csproj::TargetFramework=net8.0]
E:\vs\Projects\PlatformIndependentNuGetPackages\SunamoFileSystem\SunamoFileSystem\_sunamo\SunamoDictionary\DictionaryHelper.cs(130,82): warning CS8602: Dereference of a possibly null reference. [E:\vs\Projects\PlatformIndependentNuGetPackages\SunamoFileSystem\SunamoFileSystem\SunamoFileSystem.csproj::TargetFramework=net10.0]
E:\vs\Projects\PlatformIndependentNuGetPackages\SunamoFileSystem\SunamoFileSystem\_sunamo\SunamoGetFiles\FSGetFiles.cs(57,35): warning CS1573: Parameter 'e' has no matching param tag in the XML comment for 'FSGetFiles.GetFilesEveryFolder(string, string, SearchOption, GetFilesEveryFolderArgsFS)' (but other parameters do) [E:\vs\Projects\PlatformIndependentNuGetPackages\SunamoFileSystem\SunamoFileSystem\SunamoFileSystem.csproj::TargetFramework=net8.0]
E:\vs\Projects\PlatformIndependentNuGetPackages\SunamoFileSystem\SunamoFileSystem\_sunamo\SunamoDictionary\DictionaryHelper.cs(130,82): warning CS8604: Possible null reference argument for parameter 'item' in 'void List<string>.Add(string item)'. [E:\vs\Projects\PlatformIndependentNuGetPackages\SunamoFileSystem\SunamoFileSystem\SunamoFileSystem.csproj::TargetFramework=net10.0]
E:\vs\Projects\PlatformIndependentNuGetPackages\SunamoFileSystem\SunamoFileSystem\_sunamo\SunamoGetFiles\FSGetFiles.cs(202,22): warning CS1572: XML comment has a param tag for 'folder', but there is no parameter by that name [E:\vs\Projects\PlatformIndependentNuGetPackages\SunamoFileSystem\SunamoFileSystem\SunamoFileSystem.csproj::TargetFramework=net8.0]
E:\vs\Projects\PlatformIndependentNuGetPackages\SunamoFileSystem\SunamoFileSystem\_sunamo\SunamoDictionary\DictionaryHelper.cs(149,30): warning CS8602: Dereference of a possibly null reference. [E:\vs\Projects\PlatformIndependentNuGetPackages\SunamoFileSystem\SunamoFileSystem\SunamoFileSystem.csproj::TargetFramework=net10.0]
E:\vs\Projects\PlatformIndependentNuGetPackages\SunamoFileSystem\SunamoFileSystem\_sunamo\SunamoGetFiles\FSGetFiles.cs(205,50): warning CS1573: Parameter 'folder2' has no matching param tag in the XML comment for 'FSGetFiles.GetFiles(string, string, SearchOption, GetFilesArgsFS)' (but other parameters do) [E:\vs\Projects\PlatformIndependentNuGetPackages\SunamoFileSystem\SunamoFileSystem\SunamoFileSystem.csproj::TargetFramework=net8.0]
E:\vs\Projects\PlatformIndependentNuGetPackages\SunamoFileSystem\SunamoFileSystem\_sunamo\SunamoDictionary\DictionaryHelper.cs(152,44): warning CS8602: Dereference of a possibly null reference. [E:\vs\Projects\PlatformIndependentNuGetPackages\SunamoFileSystem\SunamoFileSystem\SunamoFileSystem.csproj::TargetFramework=net10.0]
E:\vs\Projects\PlatformIndependentNuGetPackages\SunamoFileSystem\SunamoFileSystem\_sunamo\SunamoDictionary\DictionaryHelper.cs(152,44): warning CS8604: Possible null reference argument for parameter 'item' in 'void List<string>.Add(string item)'. [E:\vs\Projects\PlatformIndependentNuGetPackages\SunamoFileSystem\SunamoFileSystem\SunamoFileSystem.csproj::TargetFramework=net10.0]
E:\vs\Projects\PlatformIndependentNuGetPackages\SunamoFileSystem\SunamoFileSystem\_sunamo\SunamoGetFiles\FSGetFiles.cs(206,24): warning CS1573: Parameter 'a' has no matching param tag in the XML comment for 'FSGetFiles.GetFiles(string, string, SearchOption, GetFilesArgsFS)' (but other parameters do) [E:\vs\Projects\PlatformIndependentNuGetPackages\SunamoFileSystem\SunamoFileSystem\SunamoFileSystem.csproj::TargetFramework=net8.0]
E:\vs\Projects\PlatformIndependentNuGetPackages\SunamoFileSystem\SunamoFileSystem\_sunamo\SunamoDictionary\DictionaryHelper.cs(157,49): warning CS8602: Dereference of a possibly null reference. [E:\vs\Projects\PlatformIndependentNuGetPackages\SunamoFileSystem\SunamoFileSystem\SunamoFileSystem.csproj::TargetFramework=net10.0]
E:\vs\Projects\PlatformIndependentNuGetPackages\SunamoFileSystem\SunamoFileSystem\_sunamo\SunamoGetFolders\FSGetFolders.cs(69,22): warning CS1572: XML comment has a param tag for 'mask', but there is no parameter by that name [E:\vs\Projects\PlatformIndependentNuGetPackages\SunamoFileSystem\SunamoFileSystem\SunamoFileSystem.csproj::TargetFramework=net8.0]
E:\vs\Projects\PlatformIndependentNuGetPackages\SunamoFileSystem\SunamoFileSystem\_sunamo\SunamoDictionary\DictionaryHelper.cs(157,49): warning CS8604: Possible null reference argument for parameter 'item' in 'void List<string>.Add(string item)'. [E:\vs\Projects\PlatformIndependentNuGetPackages\SunamoFileSystem\SunamoFileSystem\SunamoFileSystem.csproj::TargetFramework=net10.0]
E:\vs\Projects\PlatformIndependentNuGetPackages\SunamoFileSystem\SunamoFileSystem\_sunamo\SunamoGetFolders\FSGetFolders.cs(70,86): warning CS1573: Parameter 'e' has no matching param tag in the XML comment for 'FSGetFolders.GetFoldersEveryFolder(string, GetFilesArgsFS)' (but other parameters do) [E:\vs\Projects\PlatformIndependentNuGetPackages\SunamoFileSystem\SunamoFileSystem\SunamoFileSystem.csproj::TargetFramework=net8.0]
E:\vs\Projects\PlatformIndependentNuGetPackages\SunamoFileSystem\SunamoFileSystem\_sunamo\SunamoGetFiles\FSGetFiles.cs(293,23): warning CS8600: Converting null literal or possible null value to non-nullable type. [E:\vs\Projects\PlatformIndependentNuGetPackages\SunamoFileSystem\SunamoFileSystem\SunamoFileSystem.csproj::TargetFramework=net10.0]
E:\vs\Projects\PlatformIndependentNuGetPackages\SunamoFileSystem\SunamoFileSystem\FS.cs(556,13): warning CS1587: XML comment is not placed on a valid language element [E:\vs\Projects\PlatformIndependentNuGetPackages\SunamoFileSystem\SunamoFileSystem\SunamoFileSystem.csproj::TargetFramework=net8.0]
E:\vs\Projects\PlatformIndependentNuGetPackages\SunamoFileSystem\SunamoFileSystem\_sunamo\SunamoGetFiles\FSGetFiles.cs(356,40): warning CS8625: Cannot convert null literal to non-nullable reference type. [E:\vs\Projects\PlatformIndependentNuGetPackages\SunamoFileSystem\SunamoFileSystem\SunamoFileSystem.csproj::TargetFramework=net10.0]
E:\vs\Projects\PlatformIndependentNuGetPackages\SunamoFileSystem\SunamoFileSystem\FS.cs(364,43): warning CS8604: Possible null reference argument for parameter 'path1' in 'string Path.Combine(string path1, string path2)'. [E:\vs\Projects\PlatformIndependentNuGetPackages\SunamoFileSystem\SunamoFileSystem\SunamoFileSystem.csproj::TargetFramework=net10.0]
E:\vs\Projects\PlatformIndependentNuGetPackages\SunamoFileSystem\SunamoFileSystem\_sunamo\SunamoGetFiles\FSGetFiles.cs(368,40): warning CS8625: Cannot convert null literal to non-nullable reference type. [E:\vs\Projects\PlatformIndependentNuGetPackages\SunamoFileSystem\SunamoFileSystem\SunamoFileSystem.csproj::TargetFramework=net10.0]
E:\vs\Projects\PlatformIndependentNuGetPackages\SunamoFileSystem\SunamoFileSystem\_sunamo\SunamoGetFiles\FSGetFiles.cs(371,55): warning CS8625: Cannot convert null literal to non-nullable reference type. [E:\vs\Projects\PlatformIndependentNuGetPackages\SunamoFileSystem\SunamoFileSystem\SunamoFileSystem.csproj::TargetFramework=net10.0]
E:\vs\Projects\PlatformIndependentNuGetPackages\SunamoFileSystem\SunamoFileSystem\_sunamo\SunamoGetFiles\FSGetFiles.cs(374,55): warning CS8625: Cannot convert null literal to non-nullable reference type. [E:\vs\Projects\PlatformIndependentNuGetPackages\SunamoFileSystem\SunamoFileSystem\SunamoFileSystem.csproj::TargetFramework=net10.0]
E:\vs\Projects\PlatformIndependentNuGetPackages\SunamoFileSystem\SunamoFileSystem\_sunamo\SunamoGetFiles\FSGetFiles.cs(380,57): warning CS8600: Converting null literal or possible null value to non-nullable type. [E:\vs\Projects\PlatformIndependentNuGetPackages\SunamoFileSystem\SunamoFileSystem\SunamoFileSystem.csproj::TargetFramework=net10.0]
E:\vs\Projects\PlatformIndependentNuGetPackages\SunamoFileSystem\SunamoFileSystem\_sunamo\SunamoGetFiles\FSGetFiles.cs(388,48): warning CS8602: Dereference of a possibly null reference. [E:\vs\Projects\PlatformIndependentNuGetPackages\SunamoFileSystem\SunamoFileSystem\SunamoFileSystem.csproj::TargetFramework=net10.0]
E:\vs\Projects\PlatformIndependentNuGetPackages\SunamoFileSystem\SunamoFileSystem\FS.cs(451,39): warning CS8603: Possible null reference return. [E:\vs\Projects\PlatformIndependentNuGetPackages\SunamoFileSystem\SunamoFileSystem\SunamoFileSystem.csproj::TargetFramework=net10.0]
E:\vs\Projects\PlatformIndependentNuGetPackages\SunamoFileSystem\SunamoFileSystem\FS.cs(522,56): warning CS8604: Possible null reference argument for parameter 'path1' in 'string Path.Combine(string path1, string path2)'. [E:\vs\Projects\PlatformIndependentNuGetPackages\SunamoFileSystem\SunamoFileSystem\SunamoFileSystem.csproj::TargetFramework=net10.0]
E:\vs\Projects\PlatformIndependentNuGetPackages\SunamoFileSystem\SunamoFileSystem\FS.cs(580,42): warning CS8600: Converting null literal or possible null value to non-nullable type. [E:\vs\Projects\PlatformIndependentNuGetPackages\SunamoFileSystem\SunamoFileSystem\SunamoFileSystem.csproj::TargetFramework=net10.0]
E:\vs\Projects\PlatformIndependentNuGetPackages\SunamoFileSystem\SunamoFileSystem\FS.cs(582,78): warning CS8604: Possible null reference argument for parameter 'wasntExistsInFrom' in 'void FS.CopyMoveFilesInList(ILogger logger, List<string> filesFrom, string folderFrom, string folderTo, List<string> wasntExistsInFrom, bool mustExistsInTarget, bool copy, Dictionary<string, List<string>> files, bool overwrite = true)'. [E:\vs\Projects\PlatformIndependentNuGetPackages\SunamoFileSystem\SunamoFileSystem\SunamoFileSystem.csproj::TargetFramework=net10.0]
E:\vs\Projects\PlatformIndependentNuGetPackages\SunamoFileSystem\SunamoFileSystem\FS.cs(582,123): warning CS8625: Cannot convert null literal to non-nullable reference type. [E:\vs\Projects\PlatformIndependentNuGetPackages\SunamoFileSystem\SunamoFileSystem\SunamoFileSystem.csproj::TargetFramework=net10.0]
E:\vs\Projects\PlatformIndependentNuGetPackages\SunamoFileSystem\SunamoFileSystem\FS.cs(751,49): warning CS8604: Possible null reference argument for parameter 'args' in 'Task FS.ReplaceInAllFiles(IList<string> replaceFrom, IList<string> replaceTo, ReplaceInAllFilesArgsBase args, Func<string, bool> EncodingHelperIsBinary)'. [E:\vs\Projects\PlatformIndependentNuGetPackages\SunamoFileSystem\SunamoFileSystem\SunamoFileSystem.csproj::TargetFramework=net10.0]
E:\vs\Projects\PlatformIndependentNuGetPackages\SunamoFileSystem\SunamoFileSystem\FS.cs(756,19): warning CS8604: Possible null reference argument for parameter 'args' in 'Task FS.ReplaceInAllFiles(IList<string> replaceFrom, IList<string> replaceTo, ReplaceInAllFilesArgsBase args, Func<string, bool> EncodingHelperIsBinary)'. [E:\vs\Projects\PlatformIndependentNuGetPackages\SunamoFileSystem\SunamoFileSystem\SunamoFileSystem.csproj::TargetFramework=net10.0]
E:\vs\Projects\PlatformIndependentNuGetPackages\SunamoFileSystem\SunamoFileSystem\FS.cs(774,101): warning CS8600: Converting null literal or possible null value to non-nullable type. [E:\vs\Projects\PlatformIndependentNuGetPackages\SunamoFileSystem\SunamoFileSystem\SunamoFileSystem.csproj::TargetFramework=net10.0]
E:\vs\Projects\PlatformIndependentNuGetPackages\SunamoFileSystem\SunamoFileSystem\FS.cs(812,13): warning CS8602: Dereference of a possibly null reference. [E:\vs\Projects\PlatformIndependentNuGetPackages\SunamoFileSystem\SunamoFileSystem\SunamoFileSystem.csproj::TargetFramework=net10.0]
E:\vs\Projects\PlatformIndependentNuGetPackages\SunamoFileSystem\SunamoFileSystem\FS.cs(905,51): warning CS8600: Converting null literal or possible null value to non-nullable type. [E:\vs\Projects\PlatformIndependentNuGetPackages\SunamoFileSystem\SunamoFileSystem\SunamoFileSystem.csproj::TargetFramework=net10.0]
E:\vs\Projects\PlatformIndependentNuGetPackages\SunamoFileSystem\SunamoFileSystem\FS.cs(906,38): warning CS8604: Possible null reference argument for parameter 'value' in 'string FS.WithoutEndSlash(string value)'. [E:\vs\Projects\PlatformIndependentNuGetPackages\SunamoFileSystem\SunamoFileSystem\SunamoFileSystem.csproj::TargetFramework=net10.0]
E:\vs\Projects\PlatformIndependentNuGetPackages\SunamoFileSystem\SunamoFileSystem\FS.cs(1022,35): warning CS0618: 'string.Copy(string)' is obsolete: 'This API should not be used to create mutable strings. See https://go.microsoft.com/fwlink/?linkid=2084035 for alternatives.' [E:\vs\Projects\PlatformIndependentNuGetPackages\SunamoFileSystem\SunamoFileSystem\SunamoFileSystem.csproj::TargetFramework=net10.0]
E:\vs\Projects\PlatformIndependentNuGetPackages\SunamoFileSystem\SunamoFileSystem\FS.cs(991,44): warning CS8604: Possible null reference argument for parameter 'path1' in 'string Path.Combine(string path1, string path2)'. [E:\vs\Projects\PlatformIndependentNuGetPackages\SunamoFileSystem\SunamoFileSystem\SunamoFileSystem.csproj::TargetFramework=net10.0]
E:\vs\Projects\PlatformIndependentNuGetPackages\SunamoFileSystem\SunamoFileSystem\FS.cs(1011,34): warning CS8600: Converting null literal or possible null value to non-nullable type. [E:\vs\Projects\PlatformIndependentNuGetPackages\SunamoFileSystem\SunamoFileSystem\SunamoFileSystem.csproj::TargetFramework=net10.0]
E:\vs\Projects\PlatformIndependentNuGetPackages\SunamoFileSystem\SunamoFileSystem\FS.cs(1014,44): warning CS8604: Possible null reference argument for parameter 'path1' in 'string Path.Combine(string path1, string path2)'. [E:\vs\Projects\PlatformIndependentNuGetPackages\SunamoFileSystem\SunamoFileSystem\SunamoFileSystem.csproj::TargetFramework=net10.0]
E:\vs\Projects\PlatformIndependentNuGetPackages\SunamoFileSystem\SunamoFileSystem\FS.cs(1035,44): warning CS8604: Possible null reference argument for parameter 'folder' in 'List<string> FSGetFiles.FilesOfExtension(string folder, string fileExt)'. [E:\vs\Projects\PlatformIndependentNuGetPackages\SunamoFileSystem\SunamoFileSystem\SunamoFileSystem.csproj::TargetFramework=net10.0]
E:\vs\Projects\PlatformIndependentNuGetPackages\SunamoFileSystem\SunamoFileSystem\FS.cs(1037,41): warning CS8603: Possible null reference return. [E:\vs\Projects\PlatformIndependentNuGetPackages\SunamoFileSystem\SunamoFileSystem\SunamoFileSystem.csproj::TargetFramework=net10.0]
E:\vs\Projects\PlatformIndependentNuGetPackages\SunamoFileSystem\SunamoFileSystem\FS.cs(1038,20): warning CS8600: Converting null literal or possible null value to non-nullable type. [E:\vs\Projects\PlatformIndependentNuGetPackages\SunamoFileSystem\SunamoFileSystem\SunamoFileSystem.csproj::TargetFramework=net10.0]
E:\vs\Projects\PlatformIndependentNuGetPackages\SunamoFileSystem\SunamoFileSystem\FS.cs(1166,32): warning CS8600: Converting null literal or possible null value to non-nullable type. [E:\vs\Projects\PlatformIndependentNuGetPackages\SunamoFileSystem\SunamoFileSystem\SunamoFileSystem.csproj::TargetFramework=net10.0]
E:\vs\Projects\PlatformIndependentNuGetPackages\SunamoFileSystem\SunamoFileSystem\FS.cs(1187,24): warning CS8603: Possible null reference return. [E:\vs\Projects\PlatformIndependentNuGetPackages\SunamoFileSystem\SunamoFileSystem\SunamoFileSystem.csproj::TargetFramework=net10.0]
E:\vs\Projects\PlatformIndependentNuGetPackages\SunamoFileSystem\SunamoFileSystem\FS.cs(1213,16): warning CS8603: Possible null reference return. [E:\vs\Projects\PlatformIndependentNuGetPackages\SunamoFileSystem\SunamoFileSystem\SunamoFileSystem.csproj::TargetFramework=net10.0]
E:\vs\Projects\PlatformIndependentNuGetPackages\SunamoFileSystem\SunamoFileSystem\FS.cs(1208,26): warning CS0168: The variable 'ex' is declared but never used [E:\vs\Projects\PlatformIndependentNuGetPackages\SunamoFileSystem\SunamoFileSystem\SunamoFileSystem.csproj::TargetFramework=net10.0]
E:\vs\Projects\PlatformIndependentNuGetPackages\SunamoFileSystem\SunamoFileSystem\FS.cs(1232,9): warning CS0618: 'FS.MoveAllFilesRecursively(ILogger, string, string, FileMoveCollisionOption, string)' is obsolete: 'Use MoveDirectoryNoRecursive instead' [E:\vs\Projects\PlatformIndependentNuGetPackages\SunamoFileSystem\SunamoFileSystem\SunamoFileSystem.csproj::TargetFramework=net10.0]
E:\vs\Projects\PlatformIndependentNuGetPackages\SunamoFileSystem\SunamoFileSystem\FS.cs(1270,27): warning CS8714: The type 'TContent' cannot be used as type parameter 'T' in the generic type or method 'DictionaryHelper.GroupByValues<U, T, ColType>(Dictionary<U, T>)'. Nullability of type argument 'TContent' doesn't match 'notnull' constraint. [E:\vs\Projects\PlatformIndependentNuGetPackages\SunamoFileSystem\SunamoFileSystem\SunamoFileSystem.csproj::TargetFramework=net10.0]
E:\vs\Projects\PlatformIndependentNuGetPackages\SunamoFileSystem\SunamoFileSystem\FS.cs(1333,31): warning CS8600: Converting null literal or possible null value to non-nullable type. [E:\vs\Projects\PlatformIndependentNuGetPackages\SunamoFileSystem\SunamoFileSystem\SunamoFileSystem.csproj::TargetFramework=net10.0]
E:\vs\Projects\PlatformIndependentNuGetPackages\SunamoFileSystem\SunamoFileSystem\FS.cs(1554,32): warning CS8600: Converting null literal or possible null value to non-nullable type. [E:\vs\Projects\PlatformIndependentNuGetPackages\SunamoFileSystem\SunamoFileSystem\SunamoFileSystem.csproj::TargetFramework=net10.0]
E:\vs\Projects\PlatformIndependentNuGetPackages\SunamoFileSystem\SunamoFileSystem\FS.cs(1557,36): warning CS8604: Possible null reference argument for parameter 'path1' in 'string Path.Combine(string path1, string path2)'. [E:\vs\Projects\PlatformIndependentNuGetPackages\SunamoFileSystem\SunamoFileSystem\SunamoFileSystem.csproj::TargetFramework=net10.0]
E:\vs\Projects\PlatformIndependentNuGetPackages\SunamoFileSystem\SunamoFileSystem\FS.cs(1640,18): warning CS8602: Dereference of a possibly null reference. [E:\vs\Projects\PlatformIndependentNuGetPackages\SunamoFileSystem\SunamoFileSystem\SunamoFileSystem.csproj::TargetFramework=net10.0]
E:\vs\Projects\PlatformIndependentNuGetPackages\SunamoFileSystem\SunamoFileSystem\FS.cs(1641,55): warning CS8602: Dereference of a possibly null reference. [E:\vs\Projects\PlatformIndependentNuGetPackages\SunamoFileSystem\SunamoFileSystem\SunamoFileSystem.csproj::TargetFramework=net10.0]
E:\vs\Projects\PlatformIndependentNuGetPackages\SunamoFileSystem\SunamoFileSystem\FS.cs(1766,29): warning CS8604: Possible null reference argument for parameter 'value' in 'string FS.WithEndSlash(string value)'. [E:\vs\Projects\PlatformIndependentNuGetPackages\SunamoFileSystem\SunamoFileSystem\SunamoFileSystem.csproj::TargetFramework=net10.0]
E:\vs\Projects\PlatformIndependentNuGetPackages\SunamoFileSystem\SunamoFileSystem\FS.cs(1890,44): warning CS8600: Converting null literal or possible null value to non-nullable type. [E:\vs\Projects\PlatformIndependentNuGetPackages\SunamoFileSystem\SunamoFileSystem\SunamoFileSystem.csproj::TargetFramework=net10.0]
E:\vs\Projects\PlatformIndependentNuGetPackages\SunamoFileSystem\SunamoFileSystem\FS.cs(2014,36): warning CS8604: Possible null reference argument for parameter 'path1' in 'string Path.Combine(string path1, string path2)'. [E:\vs\Projects\PlatformIndependentNuGetPackages\SunamoFileSystem\SunamoFileSystem\SunamoFileSystem.csproj::TargetFramework=net10.0]
E:\vs\Projects\PlatformIndependentNuGetPackages\SunamoFileSystem\SunamoFileSystem\FS.cs(2150,36): warning CS8604: Possible null reference argument for parameter 'path1' in 'string Path.Combine(string path1, string path2)'. [E:\vs\Projects\PlatformIndependentNuGetPackages\SunamoFileSystem\SunamoFileSystem\SunamoFileSystem.csproj::TargetFramework=net10.0]
E:\vs\Projects\PlatformIndependentNuGetPackages\SunamoFileSystem\SunamoFileSystem\FS.cs(2186,25): warning CS8600: Converting null literal or possible null value to non-nullable type. [E:\vs\Projects\PlatformIndependentNuGetPackages\SunamoFileSystem\SunamoFileSystem\SunamoFileSystem.csproj::TargetFramework=net10.0]
E:\vs\Projects\PlatformIndependentNuGetPackages\SunamoFileSystem\SunamoFileSystem\FS.cs(2217,19): warning CS8625: Cannot convert null literal to non-nullable reference type. [E:\vs\Projects\PlatformIndependentNuGetPackages\SunamoFileSystem\SunamoFileSystem\SunamoFileSystem.csproj::TargetFramework=net10.0]
E:\vs\Projects\PlatformIndependentNuGetPackages\SunamoFileSystem\SunamoFileSystem\FS.cs(2402,50): warning CS8600: Converting null literal or possible null value to non-nullable type. [E:\vs\Projects\PlatformIndependentNuGetPackages\SunamoFileSystem\SunamoFileSystem\SunamoFileSystem.csproj::TargetFramework=net10.0]
E:\vs\Projects\PlatformIndependentNuGetPackages\SunamoFileSystem\SunamoFileSystem\FS.cs(2403,41): warning CS8604: Possible null reference argument for parameter 'path1' in 'string Path.Combine(string path1, string path2)'. [E:\vs\Projects\PlatformIndependentNuGetPackages\SunamoFileSystem\SunamoFileSystem\SunamoFileSystem.csproj::TargetFramework=net10.0]
E:\vs\Projects\PlatformIndependentNuGetPackages\SunamoFileSystem\SunamoFileSystem\FS.cs(2586,23): warning CS8600: Converting null literal or possible null value to non-nullable type. [E:\vs\Projects\PlatformIndependentNuGetPackages\SunamoFileSystem\SunamoFileSystem\SunamoFileSystem.csproj::TargetFramework=net10.0]
E:\vs\Projects\PlatformIndependentNuGetPackages\SunamoFileSystem\SunamoFileSystem\FS.cs(2591,26): warning CS0168: The variable 'ex' is declared but never used [E:\vs\Projects\PlatformIndependentNuGetPackages\SunamoFileSystem\SunamoFileSystem\SunamoFileSystem.csproj::TargetFramework=net10.0]
E:\vs\Projects\PlatformIndependentNuGetPackages\SunamoFileSystem\SunamoFileSystem\FS.cs(2773,34): warning CS8602: Dereference of a possibly null reference. [E:\vs\Projects\PlatformIndependentNuGetPackages\SunamoFileSystem\SunamoFileSystem\SunamoFileSystem.csproj::TargetFramework=net10.0]
E:\vs\Projects\PlatformIndependentNuGetPackages\SunamoFileSystem\SunamoFileSystem\FS.cs(2885,25): warning CS8602: Dereference of a possibly null reference. [E:\vs\Projects\PlatformIndependentNuGetPackages\SunamoFileSystem\SunamoFileSystem\SunamoFileSystem.csproj::TargetFramework=net10.0]
E:\vs\Projects\PlatformIndependentNuGetPackages\SunamoFileSystem\SunamoFileSystem\FS.cs(2819,26): warning CS0168: The variable 'ex' is declared but never used [E:\vs\Projects\PlatformIndependentNuGetPackages\SunamoFileSystem\SunamoFileSystem\SunamoFileSystem.csproj::TargetFramework=net10.0]
E:\vs\Projects\PlatformIndependentNuGetPackages\SunamoFileSystem\SunamoFileSystem\FS.cs(2836,26): warning CS0168: The variable 'ex' is declared but never used [E:\vs\Projects\PlatformIndependentNuGetPackages\SunamoFileSystem\SunamoFileSystem\SunamoFileSystem.csproj::TargetFramework=net10.0]
E:\vs\Projects\PlatformIndependentNuGetPackages\SunamoFileSystem\SunamoFileSystem\FS.cs(3366,16): warning CS8603: Possible null reference return. [E:\vs\Projects\PlatformIndependentNuGetPackages\SunamoFileSystem\SunamoFileSystem\SunamoFileSystem.csproj::TargetFramework=net10.0]
E:\vs\Projects\PlatformIndependentNuGetPackages\SunamoFileSystem\SunamoFileSystem\FS.cs(3837,52): warning CS8604: Possible null reference argument for parameter 'value' in 'string FS.WithEndSlash(string value)'. [E:\vs\Projects\PlatformIndependentNuGetPackages\SunamoFileSystem\SunamoFileSystem\SunamoFileSystem.csproj::TargetFramework=net10.0]
E:\vs\Projects\PlatformIndependentNuGetPackages\SunamoFileSystem\SunamoFileSystem\FS.cs(4117,28): warning CS8600: Converting null literal or possible null value to non-nullable type. [E:\vs\Projects\PlatformIndependentNuGetPackages\SunamoFileSystem\SunamoFileSystem\SunamoFileSystem.csproj::TargetFramework=net10.0]
E:\vs\Projects\PlatformIndependentNuGetPackages\SunamoFileSystem\SunamoFileSystem\FS.cs(4129,42): warning CS8600: Converting null literal or possible null value to non-nullable type. [E:\vs\Projects\PlatformIndependentNuGetPackages\SunamoFileSystem\SunamoFileSystem\SunamoFileSystem.csproj::TargetFramework=net10.0]
E:\vs\Projects\PlatformIndependentNuGetPackages\SunamoFileSystem\SunamoFileSystem\FS.cs(4122,43): warning CS0168: The variable 'ex' is declared but never used [E:\vs\Projects\PlatformIndependentNuGetPackages\SunamoFileSystem\SunamoFileSystem\SunamoFileSystem.csproj::TargetFramework=net10.0]
E:\vs\Projects\PlatformIndependentNuGetPackages\SunamoFileSystem\SunamoFileSystem\FS.cs(4134,43): warning CS0168: The variable 'ex' is declared but never used [E:\vs\Projects\PlatformIndependentNuGetPackages\SunamoFileSystem\SunamoFileSystem\SunamoFileSystem.csproj::TargetFramework=net10.0]
E:\vs\Projects\PlatformIndependentNuGetPackages\SunamoFileSystem\SunamoFileSystem\FS.cs(4153,16): warning CS8603: Possible null reference return. [E:\vs\Projects\PlatformIndependentNuGetPackages\SunamoFileSystem\SunamoFileSystem\SunamoFileSystem.csproj::TargetFramework=net10.0]
E:\vs\Projects\PlatformIndependentNuGetPackages\SunamoFileSystem\SunamoFileSystem\_sunamo\SunamoData\Data\ReplaceInAllFilesArgs.cs(10,19): warning CS0649: Field 'ReplaceInAllFilesArgs.IsNotReplaceInTemporaryFiles' is never assigned to, and will always have its default value false [E:\vs\Projects\PlatformIndependentNuGetPackages\SunamoFileSystem\SunamoFileSystem\SunamoFileSystem.csproj::TargetFramework=net10.0]
E:\vs\Projects\PlatformIndependentNuGetPackages\SunamoFileSystem\SunamoFileSystem\_sunamo\SunamoArgs\GetFilesArgsFS.cs(22,39): warning CS0649: Field 'GetFilesArgsFS.LastModifiedFromFn' is never assigned to, and will always have its default value null [E:\vs\Projects\PlatformIndependentNuGetPackages\SunamoFileSystem\SunamoFileSystem\SunamoFileSystem.csproj::TargetFramework=net10.0]
E:\vs\Projects\PlatformIndependentNuGetPackages\SunamoFileSystem\SunamoFileSystem\_sunamo\SunamoArgs\GetFilesEveryFolderArgsFS.cs(9,22): warning CS0649: Field 'GetFilesEveryFolderArgsFS.Done' is never assigned to, and will always have its default value null [E:\vs\Projects\PlatformIndependentNuGetPackages\SunamoFileSystem\SunamoFileSystem\SunamoFileSystem.csproj::TargetFramework=net10.0]
E:\vs\Projects\PlatformIndependentNuGetPackages\SunamoFileSystem\SunamoFileSystem\_sunamo\SunamoArgs\GetFilesEveryFolderArgsFS.cs(10,22): warning CS0649: Field 'GetFilesEveryFolderArgsFS.DoneOnePercent' is never assigned to, and will always have its default value null [E:\vs\Projects\PlatformIndependentNuGetPackages\SunamoFileSystem\SunamoFileSystem\SunamoFileSystem.csproj::TargetFramework=net10.0]
E:\vs\Projects\PlatformIndependentNuGetPackages\SunamoFileSystem\SunamoFileSystem\_sunamo\SunamoArgs\GetFilesEveryFolderArgsFS.cs(15,34): warning CS0649: Field 'GetFilesEveryFolderArgsFS.FilterFoundedFiles' is never assigned to, and will always have its default value null [E:\vs\Projects\PlatformIndependentNuGetPackages\SunamoFileSystem\SunamoFileSystem\SunamoFileSystem.csproj::TargetFramework=net10.0]
E:\vs\Projects\PlatformIndependentNuGetPackages\SunamoFileSystem\SunamoFileSystem\_sunamo\SunamoData\Data\ReplaceInAllFilesArgs.cs(12,19): warning CS0649: Field 'ReplaceInAllFilesArgs.ReplaceWithEmpty' is never assigned to, and will always have its default value false [E:\vs\Projects\PlatformIndependentNuGetPackages\SunamoFileSystem\SunamoFileSystem\SunamoFileSystem.csproj::TargetFramework=net10.0]
E:\vs\Projects\PlatformIndependentNuGetPackages\SunamoFileSystem\SunamoFileSystem\_sunamo\SunamoArgs\GetFilesEveryFolderArgsFS.cs(20,34): warning CS0649: Field 'GetFilesEveryFolderArgsFS.FilterFoundedFolders' is never assigned to, and will always have its default value null [E:\vs\Projects\PlatformIndependentNuGetPackages\SunamoFileSystem\SunamoFileSystem\SunamoFileSystem.csproj::TargetFramework=net10.0]
E:\vs\Projects\PlatformIndependentNuGetPackages\SunamoFileSystem\SunamoFileSystem\_sunamo\SunamoData\Data\ReplaceInAllFilesArgs.cs(11,19): warning CS0649: Field 'ReplaceInAllFilesArgs.PairLinesInFromAndTo' is never assigned to, and will always have its default value false [E:\vs\Projects\PlatformIndependentNuGetPackages\SunamoFileSystem\SunamoFileSystem\SunamoFileSystem.csproj::TargetFramework=net10.0]
E:\vs\Projects\PlatformIndependentNuGetPackages\SunamoFileSystem\SunamoFileSystem\_sunamo\SunamoTextOutputGenerator\TextOutputGenerator.cs(11,36): warning CS0414: The field 'TextOutputGenerator.HeadingCharacter' is assigned but its value is never used [E:\vs\Projects\PlatformIndependentNuGetPackages\SunamoFileSystem\SunamoFileSystem\SunamoFileSystem.csproj::TargetFramework=net10.0]
E:\vs\Projects\PlatformIndependentNuGetPackages\SunamoFileSystem\SunamoFileSystem\Enums\ComputerSizeUnits.cs(4,13): warning CS1591: Missing XML comment for publicly visible type or member 'ComputerSizeUnits' [E:\vs\Projects\PlatformIndependentNuGetPackages\SunamoFileSystem\SunamoFileSystem\SunamoFileSystem.csproj::TargetFramework=net10.0]
E:\vs\Projects\PlatformIndependentNuGetPackages\SunamoFileSystem\SunamoFileSystem\Enums\ComputerSizeUnits.cs(6,5): warning CS1591: Missing XML comment for publicly visible type or member 'ComputerSizeUnits.Auto' [E:\vs\Projects\PlatformIndependentNuGetPackages\SunamoFileSystem\SunamoFileSystem\SunamoFileSystem.csproj::TargetFramework=net10.0]
  SunamoFileSystem -> E:\vs\Projects\PlatformIndependentNuGetPackages\SunamoFileSystem\SunamoFileSystem\bin\Debug\net8.0\SunamoFileSystem.dll
E:\vs\Projects\PlatformIndependentNuGetPackages\SunamoFileSystem\SunamoFileSystem\Enums\ComputerSizeUnits.cs(7,5): warning CS1591: Missing XML comment for publicly visible type or member 'ComputerSizeUnits.B' [E:\vs\Projects\PlatformIndependentNuGetPackages\SunamoFileSystem\SunamoFileSystem\SunamoFileSystem.csproj::TargetFramework=net10.0]
E:\vs\Projects\PlatformIndependentNuGetPackages\SunamoFileSystem\SunamoFileSystem\Enums\ComputerSizeUnits.cs(8,5): warning CS1591: Missing XML comment for publicly visible type or member 'ComputerSizeUnits.KB' [E:\vs\Projects\PlatformIndependentNuGetPackages\SunamoFileSystem\SunamoFileSystem\SunamoFileSystem.csproj::TargetFramework=net10.0]
E:\vs\Projects\PlatformIndependentNuGetPackages\SunamoFileSystem\SunamoFileSystem\Enums\ComputerSizeUnits.cs(9,5): warning CS1591: Missing XML comment for publicly visible type or member 'ComputerSizeUnits.MB' [E:\vs\Projects\PlatformIndependentNuGetPackages\SunamoFileSystem\SunamoFileSystem\SunamoFileSystem.csproj::TargetFramework=net10.0]
E:\vs\Projects\PlatformIndependentNuGetPackages\SunamoFileSystem\SunamoFileSystem\Enums\ComputerSizeUnits.cs(10,5): warning CS1591: Missing XML comment for publicly visible type or member 'ComputerSizeUnits.GB' [E:\vs\Projects\PlatformIndependentNuGetPackages\SunamoFileSystem\SunamoFileSystem\SunamoFileSystem.csproj::TargetFramework=net10.0]
E:\vs\Projects\PlatformIndependentNuGetPackages\SunamoFileSystem\SunamoFileSystem\Enums\ComputerSizeUnits.cs(11,5): warning CS1591: Missing XML comment for publicly visible type or member 'ComputerSizeUnits.TB' [E:\vs\Projects\PlatformIndependentNuGetPackages\SunamoFileSystem\SunamoFileSystem\SunamoFileSystem.csproj::TargetFramework=net10.0]
E:\vs\Projects\PlatformIndependentNuGetPackages\SunamoFileSystem\SunamoFileSystem\Enums\DirectoryMoveCollisionOption.cs(4,13): warning CS1591: Missing XML comment for publicly visible type or member 'DirectoryMoveCollisionOption' [E:\vs\Projects\PlatformIndependentNuGetPackages\SunamoFileSystem\SunamoFileSystem\SunamoFileSystem.csproj::TargetFramework=net10.0]
E:\vs\Projects\PlatformIndependentNuGetPackages\SunamoFileSystem\SunamoFileSystem\Enums\DirectoryMoveCollisionOption.cs(6,5): warning CS1591: Missing XML comment for publicly visible type or member 'DirectoryMoveCollisionOption.AddSerie' [E:\vs\Projects\PlatformIndependentNuGetPackages\SunamoFileSystem\SunamoFileSystem\SunamoFileSystem.csproj::TargetFramework=net10.0]
E:\vs\Projects\PlatformIndependentNuGetPackages\SunamoFileSystem\SunamoFileSystem\Enums\DirectoryMoveCollisionOption.cs(7,5): warning CS1591: Missing XML comment for publicly visible type or member 'DirectoryMoveCollisionOption.Overwrite' [E:\vs\Projects\PlatformIndependentNuGetPackages\SunamoFileSystem\SunamoFileSystem\SunamoFileSystem.csproj::TargetFramework=net10.0]
E:\vs\Projects\PlatformIndependentNuGetPackages\SunamoFileSystem\SunamoFileSystem\Enums\DirectoryMoveCollisionOption.cs(8,5): warning CS1591: Missing XML comment for publicly visible type or member 'DirectoryMoveCollisionOption.DiscardFrom' [E:\vs\Projects\PlatformIndependentNuGetPackages\SunamoFileSystem\SunamoFileSystem\SunamoFileSystem.csproj::TargetFramework=net10.0]
E:\vs\Projects\PlatformIndependentNuGetPackages\SunamoFileSystem\SunamoFileSystem\Enums\DirectoryMoveCollisionOption.cs(9,5): warning CS1591: Missing XML comment for publicly visible type or member 'DirectoryMoveCollisionOption.ThrowEx' [E:\vs\Projects\PlatformIndependentNuGetPackages\SunamoFileSystem\SunamoFileSystem\SunamoFileSystem.csproj::TargetFramework=net10.0]
E:\vs\Projects\PlatformIndependentNuGetPackages\SunamoFileSystem\SunamoFileSystem\Enums\FileMoveCollisionOption.cs(4,13): warning CS1591: Missing XML comment for publicly visible type or member 'FileMoveCollisionOption' [E:\vs\Projects\PlatformIndependentNuGetPackages\SunamoFileSystem\SunamoFileSystem\SunamoFileSystem.csproj::TargetFramework=net10.0]
E:\vs\Projects\PlatformIndependentNuGetPackages\SunamoFileSystem\SunamoFileSystem\Enums\FileMoveCollisionOption.cs(6,5): warning CS1591: Missing XML comment for publicly visible type or member 'FileMoveCollisionOption.AddSerie' [E:\vs\Projects\PlatformIndependentNuGetPackages\SunamoFileSystem\SunamoFileSystem\SunamoFileSystem.csproj::TargetFramework=net10.0]
E:\vs\Projects\PlatformIndependentNuGetPackages\SunamoFileSystem\SunamoFileSystem\Enums\FileMoveCollisionOption.cs(7,5): warning CS1591: Missing XML comment for publicly visible type or member 'FileMoveCollisionOption.AddFileSize' [E:\vs\Projects\PlatformIndependentNuGetPackages\SunamoFileSystem\SunamoFileSystem\SunamoFileSystem.csproj::TargetFramework=net10.0]
E:\vs\Projects\PlatformIndependentNuGetPackages\SunamoFileSystem\SunamoFileSystem\Enums\FileMoveCollisionOption.cs(8,5): warning CS1591: Missing XML comment for publicly visible type or member 'FileMoveCollisionOption.Overwrite' [E:\vs\Projects\PlatformIndependentNuGetPackages\SunamoFileSystem\SunamoFileSystem\SunamoFileSystem.csproj::TargetFramework=net10.0]
E:\vs\Projects\PlatformIndependentNuGetPackages\SunamoFileSystem\SunamoFileSystem\Enums\FileMoveCollisionOption.cs(9,5): warning CS1591: Missing XML comment for publicly visible type or member 'FileMoveCollisionOption.DiscardFrom' [E:\vs\Projects\PlatformIndependentNuGetPackages\SunamoFileSystem\SunamoFileSystem\SunamoFileSystem.csproj::TargetFramework=net10.0]
E:\vs\Projects\PlatformIndependentNuGetPackages\SunamoFileSystem\SunamoFileSystem\Enums\FileMoveCollisionOption.cs(10,5): warning CS1591: Missing XML comment for publicly visible type or member 'FileMoveCollisionOption.LeaveLarger' [E:\vs\Projects\PlatformIndependentNuGetPackages\SunamoFileSystem\SunamoFileSystem\SunamoFileSystem.csproj::TargetFramework=net10.0]
E:\vs\Projects\PlatformIndependentNuGetPackages\SunamoFileSystem\SunamoFileSystem\Enums\FileMoveCollisionOption.cs(11,5): warning CS1591: Missing XML comment for publicly visible type or member 'FileMoveCollisionOption.DontManipulate' [E:\vs\Projects\PlatformIndependentNuGetPackages\SunamoFileSystem\SunamoFileSystem\SunamoFileSystem.csproj::TargetFramework=net10.0]
E:\vs\Projects\PlatformIndependentNuGetPackages\SunamoFileSystem\SunamoFileSystem\Enums\FileMoveCollisionOption.cs(12,5): warning CS1591: Missing XML comment for publicly visible type or member 'FileMoveCollisionOption.ThrowEx' [E:\vs\Projects\PlatformIndependentNuGetPackages\SunamoFileSystem\SunamoFileSystem\SunamoFileSystem.csproj::TargetFramework=net10.0]
E:\vs\Projects\PlatformIndependentNuGetPackages\SunamoFileSystem\SunamoFileSystem\FS.cs(12,25): warning CS1591: Missing XML comment for publicly visible type or member 'FS.DEndsWithReplaceInFile' [E:\vs\Projects\PlatformIndependentNuGetPackages\SunamoFileSystem\SunamoFileSystem\SunamoFileSystem.csproj::TargetFramework=net10.0]
E:\vs\Projects\PlatformIndependentNuGetPackages\SunamoFileSystem\SunamoFileSystem\FS.cs(13,42): warning CS1591: Missing XML comment for publicly visible type or member 'FS.invalidFileNameCharsReadonly' [E:\vs\Projects\PlatformIndependentNuGetPackages\SunamoFileSystem\SunamoFileSystem\SunamoFileSystem.csproj::TargetFramework=net10.0]
E:\vs\Projects\PlatformIndependentNuGetPackages\SunamoFileSystem\SunamoFileSystem\FS.cs(14,44): warning CS1591: Missing XML comment for publicly visible type or member 'FS.invalidFileNameStringsReadonly' [E:\vs\Projects\PlatformIndependentNuGetPackages\SunamoFileSystem\SunamoFileSystem\SunamoFileSystem.csproj::TargetFramework=net10.0]
E:\vs\Projects\PlatformIndependentNuGetPackages\SunamoFileSystem\SunamoFileSystem\FS.cs(15,24): warning CS1591: Missing XML comment for publicly visible type or member 'FS.IsAbsolutePath(string)' [E:\vs\Projects\PlatformIndependentNuGetPackages\SunamoFileSystem\SunamoFileSystem\SunamoFileSystem.csproj::TargetFramework=net10.0]
E:\vs\Projects\PlatformIndependentNuGetPackages\SunamoFileSystem\SunamoFileSystem\FS.cs(35,33): warning CS1591: Missing XML comment for publicly visible type or member 'FS.invalidPathChars' [E:\vs\Projects\PlatformIndependentNuGetPackages\SunamoFileSystem\SunamoFileSystem\SunamoFileSystem.csproj::TargetFramework=net10.0]
E:\vs\Projects\PlatformIndependentNuGetPackages\SunamoFileSystem\SunamoFileSystem\FS.cs(40,30): warning CS1591: Missing XML comment for publicly visible type or member 'FS.InvalidFileNameChars' [E:\vs\Projects\PlatformIndependentNuGetPackages\SunamoFileSystem\SunamoFileSystem\SunamoFileSystem.csproj::TargetFramework=net10.0]
E:\vs\Projects\PlatformIndependentNuGetPackages\SunamoFileSystem\SunamoFileSystem\FS.cs(41,33): warning CS1591: Missing XML comment for publicly visible type or member 'FS.invalidCharsForMapPath' [E:\vs\Projects\PlatformIndependentNuGetPackages\SunamoFileSystem\SunamoFileSystem\SunamoFileSystem.csproj::TargetFramework=net10.0]
E:\vs\Projects\PlatformIndependentNuGetPackages\SunamoFileSystem\SunamoFileSystem\FS.cs(42,33): warning CS1591: Missing XML comment for publicly visible type or member 'FS.invalidFileNameCharsWithoutDelimiterOfFolders' [E:\vs\Projects\PlatformIndependentNuGetPackages\SunamoFileSystem\SunamoFileSystem\SunamoFileSystem.csproj::TargetFramework=net10.0]
E:\vs\Projects\PlatformIndependentNuGetPackages\SunamoFileSystem\SunamoFileSystem\FS.cs(43,26): warning CS1591: Missing XML comment for publicly visible type or member 'FS.ReplaceIncorrectFor' [E:\vs\Projects\PlatformIndependentNuGetPackages\SunamoFileSystem\SunamoFileSystem\SunamoFileSystem.csproj::TargetFramework=net10.0]
E:\vs\Projects\PlatformIndependentNuGetPackages\SunamoFileSystem\SunamoFileSystem\FS.cs(44,35): warning CS1591: Missing XML comment for publicly visible type or member 'FS.DeleteFileMaybeLocked' [E:\vs\Projects\PlatformIndependentNuGetPackages\SunamoFileSystem\SunamoFileSystem\SunamoFileSystem.csproj::TargetFramework=net10.0]
E:\vs\Projects\PlatformIndependentNuGetPackages\SunamoFileSystem\SunamoFileSystem\FS.cs(45,54): warning CS1591: Missing XML comment for publicly visible type or member 'FS.FileUtilWhoIsLocking' [E:\vs\Projects\PlatformIndependentNuGetPackages\SunamoFileSystem\SunamoFileSystem\SunamoFileSystem.csproj::TargetFramework=net10.0]
E:\vs\Projects\PlatformIndependentNuGetPackages\SunamoFileSystem\SunamoFileSystem\FS.cs(74,24): warning CS1591: Missing XML comment for publicly visible type or member 'FS.ExistsDirectory(string)' [E:\vs\Projects\PlatformIndependentNuGetPackages\SunamoFileSystem\SunamoFileSystem\SunamoFileSystem.csproj::TargetFramework=net10.0]
E:\vs\Projects\PlatformIndependentNuGetPackages\SunamoFileSystem\SunamoFileSystem\FS.cs(106,22): warning CS1572: XML comment has a param tag for 'v', but there is no parameter by that name [E:\vs\Projects\PlatformIndependentNuGetPackages\SunamoFileSystem\SunamoFileSystem\SunamoFileSystem.csproj::TargetFramework=net10.0]
E:\vs\Projects\PlatformIndependentNuGetPackages\SunamoFileSystem\SunamoFileSystem\FS.cs(107,47): warning CS1573: Parameter 'value' has no matching param tag in the XML comment for 'FS.CreateDirectory(string)' (but other parameters do) [E:\vs\Projects\PlatformIndependentNuGetPackages\SunamoFileSystem\SunamoFileSystem\SunamoFileSystem.csproj::TargetFramework=net10.0]
E:\vs\Projects\PlatformIndependentNuGetPackages\SunamoFileSystem\SunamoFileSystem\FS.cs(117,24): warning CS1591: Missing XML comment for publicly visible type or member 'FS.CreateDirectoryIfNotExists(string)' [E:\vs\Projects\PlatformIndependentNuGetPackages\SunamoFileSystem\SunamoFileSystem\SunamoFileSystem.csproj::TargetFramework=net10.0]
E:\vs\Projects\PlatformIndependentNuGetPackages\SunamoFileSystem\SunamoFileSystem\FS.cs(122,26): warning CS1591: Missing XML comment for publicly visible type or member 'FS.WithEndSlash(string)' [E:\vs\Projects\PlatformIndependentNuGetPackages\SunamoFileSystem\SunamoFileSystem\SunamoFileSystem.csproj::TargetFramework=net10.0]
E:\vs\Projects\PlatformIndependentNuGetPackages\SunamoFileSystem\SunamoFileSystem\FS.cs(129,22): warning CS1572: XML comment has a param tag for 'v', but there is no parameter by that name [E:\vs\Projects\PlatformIndependentNuGetPackages\SunamoFileSystem\SunamoFileSystem\SunamoFileSystem.csproj::TargetFramework=net10.0]
E:\vs\Projects\PlatformIndependentNuGetPackages\SunamoFileSystem\SunamoFileSystem\FS.cs(131,50): warning CS1573: Parameter 'value' has no matching param tag in the XML comment for 'FS.WithEndSlash(ref string)' (but other parameters do) [E:\vs\Projects\PlatformIndependentNuGetPackages\SunamoFileSystem\SunamoFileSystem\SunamoFileSystem.csproj::TargetFramework=net10.0]
E:\vs\Projects\PlatformIndependentNuGetPackages\SunamoFileSystem\SunamoFileSystem\FS.cs(137,32): warning CS1591: Missing XML comment for publicly visible type or member 'FS.FoldersWithSubfolder(string, string)' [E:\vs\Projects\PlatformIndependentNuGetPackages\SunamoFileSystem\SunamoFileSystem\SunamoFileSystem.csproj::TargetFramework=net10.0]
E:\vs\Projects\PlatformIndependentNuGetPackages\SunamoFileSystem\SunamoFileSystem\FS.cs(166,24): warning CS1591: Missing XML comment for publicly visible type or member 'FS.TryDeleteFile(string)' [E:\vs\Projects\PlatformIndependentNuGetPackages\SunamoFileSystem\SunamoFileSystem\SunamoFileSystem.csproj::TargetFramework=net10.0]
E:\vs\Projects\PlatformIndependentNuGetPackages\SunamoFileSystem\SunamoFileSystem\FS.cs(197,30): warning CS1591: Missing XML comment for publicly visible type or member 'FS.CreateFileIfDoesntExists(string)' [E:\vs\Projects\PlatformIndependentNuGetPackages\SunamoFileSystem\SunamoFileSystem\SunamoFileSystem.csproj::TargetFramework=net10.0]
E:\vs\Projects\PlatformIndependentNuGetPackages\SunamoFileSystem\SunamoFileSystem\FS.cs(212,26): warning CS1591: Missing XML comment for publicly visible type or member 'FS.InsertBetweenFileNameAndExtension(string, string)' [E:\vs\Projects\PlatformIndependentNuGetPackages\SunamoFileSystem\SunamoFileSystem\SunamoFileSystem.csproj::TargetFramework=net10.0]
E:\vs\Projects\PlatformIndependentNuGetPackages\SunamoFileSystem\SunamoFileSystem\FS.cs(242,5): warning CS1587: XML comment is not placed on a valid language element [E:\vs\Projects\PlatformIndependentNuGetPackages\SunamoFileSystem\SunamoFileSystem\SunamoFileSystem.csproj::TargetFramework=net10.0]
E:\vs\Projects\PlatformIndependentNuGetPackages\SunamoFileSystem\SunamoFileSystem\FS.cs(288,24): warning CS1591: Missing XML comment for publicly visible type or member 'FS.IsExtension(string)' [E:\vs\Projects\PlatformIndependentNuGetPackages\SunamoFileSystem\SunamoFileSystem\SunamoFileSystem.csproj::TargetFramework=net10.0]
E:\vs\Projects\PlatformIndependentNuGetPackages\SunamoFileSystem\SunamoFileSystem\FS.cs(303,24): warning CS1591: Missing XML comment for publicly visible type or member 'FS.ExistsFile(string)' [E:\vs\Projects\PlatformIndependentNuGetPackages\SunamoFileSystem\SunamoFileSystem\SunamoFileSystem.csproj::TargetFramework=net10.0]
E:\vs\Projects\PlatformIndependentNuGetPackages\SunamoFileSystem\SunamoFileSystem\FS.cs(307,24): warning CS1591: Missing XML comment for publicly visible type or member 'FS.MoveSubfoldersToFolder(ILogger, List<string>, string, string, FileMoveCollisionOption)' [E:\vs\Projects\PlatformIndependentNuGetPackages\SunamoFileSystem\SunamoFileSystem\SunamoFileSystem.csproj::TargetFramework=net10.0]
E:\vs\Projects\PlatformIndependentNuGetPackages\SunamoFileSystem\SunamoFileSystem\FS.cs(317,24): warning CS1591: Missing XML comment for publicly visible type or member 'FS.TrimBasePathAndTrailingBs(List<string>, string)' [E:\vs\Projects\PlatformIndependentNuGetPackages\SunamoFileSystem\SunamoFileSystem\SunamoFileSystem.csproj::TargetFramework=net10.0]
E:\vs\Projects\PlatformIndependentNuGetPackages\SunamoFileSystem\SunamoFileSystem\FS.cs(325,26): warning CS1591: Missing XML comment for publicly visible type or member 'FS.GetFileNameWithoutOneExtension(string)' [E:\vs\Projects\PlatformIndependentNuGetPackages\SunamoFileSystem\SunamoFileSystem\SunamoFileSystem.csproj::TargetFramework=net10.0]
E:\vs\Projects\PlatformIndependentNuGetPackages\SunamoFileSystem\SunamoFileSystem\FS.cs(329,26): warning CS1591: Missing XML comment for publicly visible type or member 'FS.GetActualDateTime()' [E:\vs\Projects\PlatformIndependentNuGetPackages\SunamoFileSystem\SunamoFileSystem\SunamoFileSystem.csproj::TargetFramework=net10.0]
E:\vs\Projects\PlatformIndependentNuGetPackages\SunamoFileSystem\SunamoFileSystem\FS.cs(340,9): warning CS1591: Missing XML comment for publicly visible type or member 'FS.KeepOnlyWhichIsNotInFiles(List<string>, List<string>)' [E:\vs\Projects\PlatformIndependentNuGetPackages\SunamoFileSystem\SunamoFileSystem\SunamoFileSystem.csproj::TargetFramework=net10.0]
E:\vs\Projects\PlatformIndependentNuGetPackages\SunamoFileSystem\SunamoFileSystem\FS.cs(403,32): warning CS1591: Missing XML comment for publicly visible type or member 'FS.FilterInRootAndInSubFolder(string, List<string>)' [E:\vs\Projects\PlatformIndependentNuGetPackages\SunamoFileSystem\SunamoFileSystem\SunamoFileSystem.csproj::TargetFramework=net10.0]
E:\vs\Projects\PlatformIndependentNuGetPackages\SunamoFileSystem\SunamoFileSystem\FS.cs(419,24): warning CS1591: Missing XML comment for publicly visible type or member 'FS.OnlyNames(List<string>)' [E:\vs\Projects\PlatformIndependentNuGetPackages\SunamoFileSystem\SunamoFileSystem\SunamoFileSystem.csproj::TargetFramework=net10.0]
E:\vs\Projects\PlatformIndependentNuGetPackages\SunamoFileSystem\SunamoFileSystem\FS.cs(423,32): warning CS1591: Missing XML comment for publicly visible type or member 'FS.FilesWhichContainsAll(object, string, params string[])' [E:\vs\Projects\PlatformIndependentNuGetPackages\SunamoFileSystem\SunamoFileSystem\SunamoFileSystem.csproj::TargetFramework=net10.0]
E:\vs\Projects\PlatformIndependentNuGetPackages\SunamoFileSystem\SunamoFileSystem\FS.cs(427,26): warning CS1591: Missing XML comment for publicly visible type or member 'FS.PathSpecialAndLevel(string, string, int)' [E:\vs\Projects\PlatformIndependentNuGetPackages\SunamoFileSystem\SunamoFileSystem\SunamoFileSystem.csproj::TargetFramework=net10.0]
E:\vs\Projects\PlatformIndependentNuGetPackages\SunamoFileSystem\SunamoFileSystem\FS.cs(449,26): warning CS1591: Missing XML comment for publicly visible type or member 'FS.GetDirectoryNameIfIsFile(string)' [E:\vs\Projects\PlatformIndependentNuGetPackages\SunamoFileSystem\SunamoFileSystem\SunamoFileSystem.csproj::TargetFramework=net10.0]
E:\vs\Projects\PlatformIndependentNuGetPackages\SunamoFileSystem\SunamoFileSystem\FS.cs(454,26): warning CS1591: Missing XML comment for publicly visible type or member 'FS.MaskFromExtensions(List<string>)' [E:\vs\Projects\PlatformIndependentNuGetPackages\SunamoFileSystem\SunamoFileSystem\SunamoFileSystem.csproj::TargetFramework=net10.0]
E:\vs\Projects\PlatformIndependentNuGetPackages\SunamoFileSystem\SunamoFileSystem\FS.cs(538,52): warning CS1573: Parameter 'logger' has no matching param tag in the XML comment for 'FS.CopyMoveFilesInList(ILogger, List<string>, string, string, List<string>, bool, bool, Dictionary<string, List<string>>, bool)' (but other parameters do) [E:\vs\Projects\PlatformIndependentNuGetPackages\SunamoFileSystem\SunamoFileSystem\SunamoFileSystem.csproj::TargetFramework=net10.0]
E:\vs\Projects\PlatformIndependentNuGetPackages\SunamoFileSystem\SunamoFileSystem\FS.cs(539,110): warning CS1573: Parameter 'files' has no matching param tag in the XML comment for 'FS.CopyMoveFilesInList(ILogger, List<string>, string, string, List<string>, bool, bool, Dictionary<string, List<string>>, bool)' (but other parameters do) [E:\vs\Projects\PlatformIndependentNuGetPackages\SunamoFileSystem\SunamoFileSystem\SunamoFileSystem.csproj::TargetFramework=net10.0]
E:\vs\Projects\PlatformIndependentNuGetPackages\SunamoFileSystem\SunamoFileSystem\FS.cs(540,14): warning CS1573: Parameter 'overwrite' has no matching param tag in the XML comment for 'FS.CopyMoveFilesInList(ILogger, List<string>, string, string, List<string>, bool, bool, Dictionary<string, List<string>>, bool)' (but other parameters do) [E:\vs\Projects\PlatformIndependentNuGetPackages\SunamoFileSystem\SunamoFileSystem\SunamoFileSystem.csproj::TargetFramework=net10.0]
E:\vs\Projects\PlatformIndependentNuGetPackages\SunamoFileSystem\SunamoFileSystem\FS.cs(577,24): warning CS1591: Missing XML comment for publicly visible type or member 'FS.CopyMoveFilesInListSimple(ILogger, List<string>, string, string, bool, bool)' [E:\vs\Projects\PlatformIndependentNuGetPackages\SunamoFileSystem\SunamoFileSystem\SunamoFileSystem.csproj::TargetFramework=net10.0]
E:\vs\Projects\PlatformIndependentNuGetPackages\SunamoFileSystem\SunamoFileSystem\FS.cs(585,24): warning CS1591: Missing XML comment for publicly visible type or member 'FS.CreateInOtherLocationSameFolderStructure(string, string)' [E:\vs\Projects\PlatformIndependentNuGetPackages\SunamoFileSystem\SunamoFileSystem\SunamoFileSystem.csproj::TargetFramework=net10.0]
E:\vs\Projects\PlatformIndependentNuGetPackages\SunamoFileSystem\SunamoFileSystem\FS.cs(602,65): warning CS1573: Parameter 'logger' has no matching param tag in the XML comment for 'FS.CopyMoveFromMultiLocationIntoOne(ILogger, List<string>, string, string)' (but other parameters do) [E:\vs\Projects\PlatformIndependentNuGetPackages\SunamoFileSystem\SunamoFileSystem\SunamoFileSystem.csproj::TargetFramework=net10.0]
E:\vs\Projects\PlatformIndependentNuGetPackages\SunamoFileSystem\SunamoFileSystem\FS.cs(683,22): warning CS1572: XML comment has a param tag for 'v', but there is no parameter by that name [E:\vs\Projects\PlatformIndependentNuGetPackages\SunamoFileSystem\SunamoFileSystem\SunamoFileSystem.csproj::TargetFramework=net10.0]
E:\vs\Projects\PlatformIndependentNuGetPackages\SunamoFileSystem\SunamoFileSystem\FS.cs(698,54): warning CS1573: Parameter 'so' has no matching param tag in the XML comment for 'FS.DeleteEmptyFiles(string, SearchOption)' (but other parameters do) [E:\vs\Projects\PlatformIndependentNuGetPackages\SunamoFileSystem\SunamoFileSystem\SunamoFileSystem.csproj::TargetFramework=net10.0]
E:\vs\Projects\PlatformIndependentNuGetPackages\SunamoFileSystem\SunamoFileSystem\FS.cs(759,30): warning CS1591: Missing XML comment for publicly visible type or member 'FS.ReplaceInAllFiles(string, string, ReplaceInAllFilesArgsBase, Func<string, bool>)' [E:\vs\Projects\PlatformIndependentNuGetPackages\SunamoFileSystem\SunamoFileSystem\SunamoFileSystem.csproj::TargetFramework=net10.0]
E:\vs\Projects\PlatformIndependentNuGetPackages\SunamoFileSystem\SunamoFileSystem\FS.cs(769,30): warning CS1591: Missing XML comment for publicly visible type or member 'FS.ReplaceInAllFiles(string, string, List<string>, List<string>, bool, Func<string, bool>)' [E:\vs\Projects\PlatformIndependentNuGetPackages\SunamoFileSystem\SunamoFileSystem\SunamoFileSystem.csproj::TargetFramework=net10.0]
E:\vs\Projects\PlatformIndependentNuGetPackages\SunamoFileSystem\SunamoFileSystem\FS.cs(788,22): warning CS1572: XML comment has a param tag for 'files', but there is no parameter by that name [E:\vs\Projects\PlatformIndependentNuGetPackages\SunamoFileSystem\SunamoFileSystem\SunamoFileSystem.csproj::TargetFramework=net10.0]
E:\vs\Projects\PlatformIndependentNuGetPackages\SunamoFileSystem\SunamoFileSystem\FS.cs(789,22): warning CS1572: XML comment has a param tag for 'dontReplaceAll', but there is no parameter by that name [E:\vs\Projects\PlatformIndependentNuGetPackages\SunamoFileSystem\SunamoFileSystem\SunamoFileSystem.csproj::TargetFramework=net10.0]
E:\vs\Projects\PlatformIndependentNuGetPackages\SunamoFileSystem\SunamoFileSystem\FS.cs(796,105): warning CS1573: Parameter 'args' has no matching param tag in the XML comment for 'FS.ReplaceInAllFiles(IList<string>, IList<string>, ReplaceInAllFilesArgsBase, Func<string, bool>)' (but other parameters do) [E:\vs\Projects\PlatformIndependentNuGetPackages\SunamoFileSystem\SunamoFileSystem\SunamoFileSystem.csproj::TargetFramework=net10.0]
E:\vs\Projects\PlatformIndependentNuGetPackages\SunamoFileSystem\SunamoFileSystem\FS.cs(797,32): warning CS1573: Parameter 'EncodingHelperIsBinary' has no matching param tag in the XML comment for 'FS.ReplaceInAllFiles(IList<string>, IList<string>, ReplaceInAllFilesArgsBase, Func<string, bool>)' (but other parameters do) [E:\vs\Projects\PlatformIndependentNuGetPackages\SunamoFileSystem\SunamoFileSystem\SunamoFileSystem.csproj::TargetFramework=net10.0]
E:\vs\Projects\PlatformIndependentNuGetPackages\SunamoFileSystem\SunamoFileSystem\FS.cs(857,22): warning CS1572: XML comment has a param tag for 'v', but there is no parameter by that name [E:\vs\Projects\PlatformIndependentNuGetPackages\SunamoFileSystem\SunamoFileSystem\SunamoFileSystem.csproj::TargetFramework=net10.0]
E:\vs\Projects\PlatformIndependentNuGetPackages\SunamoFileSystem\SunamoFileSystem\FS.cs(858,54): warning CS1573: Parameter 'value' has no matching param tag in the XML comment for 'FS.GetFileInStartupPath(string)' (but other parameters do) [E:\vs\Projects\PlatformIndependentNuGetPackages\SunamoFileSystem\SunamoFileSystem\SunamoFileSystem.csproj::TargetFramework=net10.0]
E:\vs\Projects\PlatformIndependentNuGetPackages\SunamoFileSystem\SunamoFileSystem\FS.cs(868,9): warning CS1591: Missing XML comment for publicly visible type or member 'FS.RemoveDiacriticInFileContents(string, string)' [E:\vs\Projects\PlatformIndependentNuGetPackages\SunamoFileSystem\SunamoFileSystem\SunamoFileSystem.csproj::TargetFramework=net10.0]
E:\vs\Projects\PlatformIndependentNuGetPackages\SunamoFileSystem\SunamoFileSystem\FS.cs(901,26): warning CS1591: Missing XML comment for publicly visible type or member 'FS.RemoveFile(string)' [E:\vs\Projects\PlatformIndependentNuGetPackages\SunamoFileSystem\SunamoFileSystem\SunamoFileSystem.csproj::TargetFramework=net10.0]
E:\vs\Projects\PlatformIndependentNuGetPackages\SunamoFileSystem\SunamoFileSystem\FS.cs(910,26): warning CS1591: Missing XML comment for publicly visible type or member 'FS.MakeFromLastPartFile(string, string)' [E:\vs\Projects\PlatformIndependentNuGetPackages\SunamoFileSystem\SunamoFileSystem\SunamoFileSystem.csproj::TargetFramework=net10.0]
E:\vs\Projects\PlatformIndependentNuGetPackages\SunamoFileSystem\SunamoFileSystem\FS.cs(924,24): warning CS1591: Missing XML comment for publicly visible type or member 'FS.CopyAs0KbFilesSubfolders(string, string)' [E:\vs\Projects\PlatformIndependentNuGetPackages\SunamoFileSystem\SunamoFileSystem\SunamoFileSystem.csproj::TargetFramework=net10.0]
E:\vs\Projects\PlatformIndependentNuGetPackages\SunamoFileSystem\SunamoFileSystem\FS.cs(932,24): warning CS1591: Missing XML comment for publicly visible type or member 'FS.CopyAs0KbFiles(string, string)' [E:\vs\Projects\PlatformIndependentNuGetPackages\SunamoFileSystem\SunamoFileSystem\SunamoFileSystem.csproj::TargetFramework=net10.0]
E:\vs\Projects\PlatformIndependentNuGetPackages\SunamoFileSystem\SunamoFileSystem\FS.cs(944,26): warning CS1591: Missing XML comment for publicly visible type or member 'FS.ShrinkLongPath(string)' [E:\vs\Projects\PlatformIndependentNuGetPackages\SunamoFileSystem\SunamoFileSystem\SunamoFileSystem.csproj::TargetFramework=net10.0]
E:\vs\Projects\PlatformIndependentNuGetPackages\SunamoFileSystem\SunamoFileSystem\FS.cs(954,26): warning CS1591: Missing XML comment for publicly visible type or member 'FS.CreateNewFolderPathWithEndingNextTo(string, string)' [E:\vs\Projects\PlatformIndependentNuGetPackages\SunamoFileSystem\SunamoFileSystem\SunamoFileSystem.csproj::TargetFramework=net10.0]
E:\vs\Projects\PlatformIndependentNuGetPackages\SunamoFileSystem\SunamoFileSystem\FS.cs(962,24): warning CS1591: Missing XML comment for publicly visible type or member 'FS.CopyFilesOfExtensions(string, string, params string[])' [E:\vs\Projects\PlatformIndependentNuGetPackages\SunamoFileSystem\SunamoFileSystem\SunamoFileSystem.csproj::TargetFramework=net10.0]
E:\vs\Projects\PlatformIndependentNuGetPackages\SunamoFileSystem\SunamoFileSystem\FS.cs(1033,26): warning CS1591: Missing XML comment for publicly visible type or member 'FS.GetUpFolderWhichContainsExtension(string, string)' [E:\vs\Projects\PlatformIndependentNuGetPackages\SunamoFileSystem\SunamoFileSystem\SunamoFileSystem.csproj::TargetFramework=net10.0]
E:\vs\Projects\PlatformIndependentNuGetPackages\SunamoFileSystem\SunamoFileSystem\FS.cs(1042,24): warning CS1591: Missing XML comment for publicly visible type or member 'FS.TrimContentInFilesOfFolder(string, string, SearchOption)' [E:\vs\Projects\PlatformIndependentNuGetPackages\SunamoFileSystem\SunamoFileSystem\SunamoFileSystem.csproj::TargetFramework=net10.0]
E:\vs\Projects\PlatformIndependentNuGetPackages\SunamoFileSystem\SunamoFileSystem\FS.cs(1073,24): warning CS1591: Missing XML comment for publicly visible type or member 'FS.GetSizeIn(long, ComputerSizeUnits, ComputerSizeUnits)' [E:\vs\Projects\PlatformIndependentNuGetPackages\SunamoFileSystem\SunamoFileSystem\SunamoFileSystem.csproj::TargetFramework=net10.0]
E:\vs\Projects\PlatformIndependentNuGetPackages\SunamoFileSystem\SunamoFileSystem\FS.cs(1125,23): warning CS1591: Missing XML comment for publicly visible type or member 'FS.CompareTWithInt<T>(TWithInt<T>, TWithInt<T>)' [E:\vs\Projects\PlatformIndependentNuGetPackages\SunamoFileSystem\SunamoFileSystem\SunamoFileSystem.csproj::TargetFramework=net10.0]
E:\vs\Projects\PlatformIndependentNuGetPackages\SunamoFileSystem\SunamoFileSystem\FS.cs(1132,42): warning CS1591: Missing XML comment for publicly visible type or member 'FS.DirectoriesWithToken(string, AscDesc)' [E:\vs\Projects\PlatformIndependentNuGetPackages\SunamoFileSystem\SunamoFileSystem\SunamoFileSystem.csproj::TargetFramework=net10.0]
E:\vs\Projects\PlatformIndependentNuGetPackages\SunamoFileSystem\SunamoFileSystem\FS.cs(1238,24): warning CS1591: Missing XML comment for publicly visible type or member 'FS.MoveAllFilesRecursively(ILogger, string, string, FileMoveCollisionOption, string)' [E:\vs\Projects\PlatformIndependentNuGetPackages\SunamoFileSystem\SunamoFileSystem\SunamoFileSystem.csproj::TargetFramework=net10.0]
E:\vs\Projects\PlatformIndependentNuGetPackages\SunamoFileSystem\SunamoFileSystem\FS.cs(1327,52): warning CS1591: Missing XML comment for publicly visible type or member 'FS.SortPathsByFileName(List<string>, bool)' [E:\vs\Projects\PlatformIndependentNuGetPackages\SunamoFileSystem\SunamoFileSystem\SunamoFileSystem.csproj::TargetFramework=net10.0]
E:\vs\Projects\PlatformIndependentNuGetPackages\SunamoFileSystem\SunamoFileSystem\FS.cs(1342,24): warning CS1591: Missing XML comment for publicly visible type or member 'FS.DeleteAllRecursively(string, bool)' [E:\vs\Projects\PlatformIndependentNuGetPackages\SunamoFileSystem\SunamoFileSystem\SunamoFileSystem.csproj::TargetFramework=net10.0]
E:\vs\Projects\PlatformIndependentNuGetPackages\SunamoFileSystem\SunamoFileSystem\FS.cs(1355,24): warning CS1591: Missing XML comment for publicly visible type or member 'FS.DeleteFoldersWhichNotContains(string, string, IList<string>)' [E:\vs\Projects\PlatformIndependentNuGetPackages\SunamoFileSystem\SunamoFileSystem\SunamoFileSystem.csproj::TargetFramework=net10.0]
E:\vs\Projects\PlatformIndependentNuGetPackages\SunamoFileSystem\SunamoFileSystem\FS.cs(1378,32): warning CS1591: Missing XML comment for publicly visible type or member 'FS.OnlyExtensions(List<string>)' [E:\vs\Projects\PlatformIndependentNuGetPackages\SunamoFileSystem\SunamoFileSystem\SunamoFileSystem.csproj::TargetFramework=net10.0]
E:\vs\Projects\PlatformIndependentNuGetPackages\SunamoFileSystem\SunamoFileSystem\FS.cs(1409,32): warning CS1591: Missing XML comment for publicly visible type or member 'FS.OnlyExtensionsToLower(List<string>, GetExtensionArgs)' [E:\vs\Projects\PlatformIndependentNuGetPackages\SunamoFileSystem\SunamoFileSystem\SunamoFileSystem.csproj::TargetFramework=net10.0]
E:\vs\Projects\PlatformIndependentNuGetPackages\SunamoFileSystem\SunamoFileSystem\FS.cs(1419,32): warning CS1591: Missing XML comment for publicly visible type or member 'FS.OnlyExtensionsToLowerWithPath(List<string>)' [E:\vs\Projects\PlatformIndependentNuGetPackages\SunamoFileSystem\SunamoFileSystem\SunamoFileSystem.csproj::TargetFramework=net10.0]
E:\vs\Projects\PlatformIndependentNuGetPackages\SunamoFileSystem\SunamoFileSystem\FS.cs(1426,26): warning CS1591: Missing XML comment for publicly visible type or member 'FS.OnlyExtensionToLowerWithPath(string)' [E:\vs\Projects\PlatformIndependentNuGetPackages\SunamoFileSystem\SunamoFileSystem\SunamoFileSystem.csproj::TargetFramework=net10.0]
E:\vs\Projects\PlatformIndependentNuGetPackages\SunamoFileSystem\SunamoFileSystem\FS.cs(1433,32): warning CS1591: Missing XML comment for publicly visible type or member 'FS.AllExtensionsInFolders(SearchOption, params string[])' [E:\vs\Projects\PlatformIndependentNuGetPackages\SunamoFileSystem\SunamoFileSystem\SunamoFileSystem.csproj::TargetFramework=net10.0]
E:\vs\Projects\PlatformIndependentNuGetPackages\SunamoFileSystem\SunamoFileSystem\FS.cs(1442,22): warning CS1572: XML comment has a param tag for 'so', but there is no parameter by that name [E:\vs\Projects\PlatformIndependentNuGetPackages\SunamoFileSystem\SunamoFileSystem\SunamoFileSystem.csproj::TargetFramework=net10.0]
E:\vs\Projects\PlatformIndependentNuGetPackages\SunamoFileSystem\SunamoFileSystem\FS.cs(1443,22): warning CS1572: XML comment has a param tag for 'folders', but there is no parameter by that name [E:\vs\Projects\PlatformIndependentNuGetPackages\SunamoFileSystem\SunamoFileSystem\SunamoFileSystem.csproj::TargetFramework=net10.0]
E:\vs\Projects\PlatformIndependentNuGetPackages\SunamoFileSystem\SunamoFileSystem\FS.cs(1444,68): warning CS1573: Parameter 'filesFull' has no matching param tag in the XML comment for 'FS.AllExtensionsInFolders(List<string>, GetExtensionArgs)' (but other parameters do) [E:\vs\Projects\PlatformIndependentNuGetPackages\SunamoFileSystem\SunamoFileSystem\SunamoFileSystem.csproj::TargetFramework=net10.0]
E:\vs\Projects\PlatformIndependentNuGetPackages\SunamoFileSystem\SunamoFileSystem\FS.cs(1444,96): warning CS1573: Parameter 'args' has no matching param tag in the XML comment for 'FS.AllExtensionsInFolders(List<string>, GetExtensionArgs)' (but other parameters do) [E:\vs\Projects\PlatformIndependentNuGetPackages\SunamoFileSystem\SunamoFileSystem\SunamoFileSystem.csproj::TargetFramework=net10.0]
E:\vs\Projects\PlatformIndependentNuGetPackages\SunamoFileSystem\SunamoFileSystem\FS.cs(1462,26): warning CS1591: Missing XML comment for publicly visible type or member 'FS.ExpandEnvironmentVariables(EnvironmentVariables)' [E:\vs\Projects\PlatformIndependentNuGetPackages\SunamoFileSystem\SunamoFileSystem\SunamoFileSystem.csproj::TargetFramework=net10.0]
E:\vs\Projects\PlatformIndependentNuGetPackages\SunamoFileSystem\SunamoFileSystem\FS.cs(1474,26): warning CS1591: Missing XML comment for publicly visible type or member 'FS.AddUpfoldersToRelativePath(int, string, char)' [E:\vs\Projects\PlatformIndependentNuGetPackages\SunamoFileSystem\SunamoFileSystem\SunamoFileSystem.csproj::TargetFramework=net10.0]
E:\vs\Projects\PlatformIndependentNuGetPackages\SunamoFileSystem\SunamoFileSystem\FS.cs(1486,22): warning CS1572: XML comment has a param tag for 'item', but there is no parameter by that name [E:\vs\Projects\PlatformIndependentNuGetPackages\SunamoFileSystem\SunamoFileSystem\SunamoFileSystem.csproj::TargetFramework=net10.0]
E:\vs\Projects\PlatformIndependentNuGetPackages\SunamoFileSystem\SunamoFileSystem\FS.cs(1488,52): warning CS1573: Parameter 'extension' has no matching param tag in the XML comment for 'FS.NormalizeExtension(string)' (but other parameters do) [E:\vs\Projects\PlatformIndependentNuGetPackages\SunamoFileSystem\SunamoFileSystem\SunamoFileSystem.csproj::TargetFramework=net10.0]
E:\vs\Projects\PlatformIndependentNuGetPackages\SunamoFileSystem\SunamoFileSystem\FS.cs(1492,26): warning CS1591: Missing XML comment for publicly visible type or member 'FS.GetNormalizedExtension(string)' [E:\vs\Projects\PlatformIndependentNuGetPackages\SunamoFileSystem\SunamoFileSystem\SunamoFileSystem.csproj::TargetFramework=net10.0]
E:\vs\Projects\PlatformIndependentNuGetPackages\SunamoFileSystem\SunamoFileSystem\FS.cs(1496,24): warning CS1591: Missing XML comment for publicly visible type or member 'FS.ModifiedinUnix(string)' [E:\vs\Projects\PlatformIndependentNuGetPackages\SunamoFileSystem\SunamoFileSystem\SunamoFileSystem.csproj::TargetFramework=net10.0]
E:\vs\Projects\PlatformIndependentNuGetPackages\SunamoFileSystem\SunamoFileSystem\FS.cs(1500,24): warning CS1591: Missing XML comment for publicly visible type or member 'FS.ReplaceDiacriticRecursive(ILogger, string, bool, bool, DirectoryMoveCollisionOption, FileMoveCollisionOption)' [E:\vs\Projects\PlatformIndependentNuGetPackages\SunamoFileSystem\SunamoFileSystem\SunamoFileSystem.csproj::TargetFramework=net10.0]
E:\vs\Projects\PlatformIndependentNuGetPackages\SunamoFileSystem\SunamoFileSystem\FS.cs(1540,43): warning CS1573: Parameter 'logger' has no matching param tag in the XML comment for 'FS.RenameFile(ILogger, string, string, FileMoveCollisionOption)' (but other parameters do) [E:\vs\Projects\PlatformIndependentNuGetPackages\SunamoFileSystem\SunamoFileSystem\SunamoFileSystem.csproj::TargetFramework=net10.0]
E:\vs\Projects\PlatformIndependentNuGetPackages\SunamoFileSystem\SunamoFileSystem\FS.cs(1551,50): warning CS1573: Parameter 'logger' has no matching param tag in the XML comment for 'FS.RenameDirectory(ILogger, string, string, DirectoryMoveCollisionOption, FileMoveCollisionOption)' (but other parameters do) [E:\vs\Projects\PlatformIndependentNuGetPackages\SunamoFileSystem\SunamoFileSystem\SunamoFileSystem.csproj::TargetFramework=net10.0]
E:\vs\Projects\PlatformIndependentNuGetPackages\SunamoFileSystem\SunamoFileSystem\FS.cs(1551,116): warning CS1573: Parameter 'directoryCollisionOption' has no matching param tag in the XML comment for 'FS.RenameDirectory(ILogger, string, string, DirectoryMoveCollisionOption, FileMoveCollisionOption)' (but other parameters do) [E:\vs\Projects\PlatformIndependentNuGetPackages\SunamoFileSystem\SunamoFileSystem\SunamoFileSystem.csproj::TargetFramework=net10.0]
E:\vs\Projects\PlatformIndependentNuGetPackages\SunamoFileSystem\SunamoFileSystem\FS.cs(1552,33): warning CS1573: Parameter 'fileCollisionOption' has no matching param tag in the XML comment for 'FS.RenameDirectory(ILogger, string, string, DirectoryMoveCollisionOption, FileMoveCollisionOption)' (but other parameters do) [E:\vs\Projects\PlatformIndependentNuGetPackages\SunamoFileSystem\SunamoFileSystem\SunamoFileSystem.csproj::TargetFramework=net10.0]
E:\vs\Projects\PlatformIndependentNuGetPackages\SunamoFileSystem\SunamoFileSystem\FS.cs(1572,22): warning CS1572: XML comment has a param tag for 'fn', but there is no parameter by that name [E:\vs\Projects\PlatformIndependentNuGetPackages\SunamoFileSystem\SunamoFileSystem\SunamoFileSystem.csproj::TargetFramework=net10.0]
E:\vs\Projects\PlatformIndependentNuGetPackages\SunamoFileSystem\SunamoFileSystem\FS.cs(1573,22): warning CS1572: XML comment has a param tag for 'path', but there is no parameter by that name [E:\vs\Projects\PlatformIndependentNuGetPackages\SunamoFileSystem\SunamoFileSystem\SunamoFileSystem.csproj::TargetFramework=net10.0]
E:\vs\Projects\PlatformIndependentNuGetPackages\SunamoFileSystem\SunamoFileSystem\FS.cs(1576,71): warning CS1573: Parameter 'filePath' has no matching param tag in the XML comment for 'FS.GetFileNameWithoutExtensionAndExtension(string, out string, out string)' (but other parameters do) [E:\vs\Projects\PlatformIndependentNuGetPackages\SunamoFileSystem\SunamoFileSystem\SunamoFileSystem.csproj::TargetFramework=net10.0]
E:\vs\Projects\PlatformIndependentNuGetPackages\SunamoFileSystem\SunamoFileSystem\FS.cs(1581,24): warning CS1591: Missing XML comment for publicly visible type or member 'FS.SaveStream(string, Stream)' [E:\vs\Projects\PlatformIndependentNuGetPackages\SunamoFileSystem\SunamoFileSystem\SunamoFileSystem.csproj::TargetFramework=net10.0]
E:\vs\Projects\PlatformIndependentNuGetPackages\SunamoFileSystem\SunamoFileSystem\FS.cs(1589,32): warning CS1591: Missing XML comment for publicly visible type or member 'FS.OnlyNamesWithoutExtensionCopy(List<string>)' [E:\vs\Projects\PlatformIndependentNuGetPackages\SunamoFileSystem\SunamoFileSystem\SunamoFileSystem.csproj::TargetFramework=net10.0]
E:\vs\Projects\PlatformIndependentNuGetPackages\SunamoFileSystem\SunamoFileSystem\FS.cs(1595,24): warning CS1591: Missing XML comment for publicly visible type or member 'FS.DirectoryExistsAndIsNotEmpty(string)' [E:\vs\Projects\PlatformIndependentNuGetPackages\SunamoFileSystem\SunamoFileSystem\SunamoFileSystem.csproj::TargetFramework=net10.0]
E:\vs\Projects\PlatformIndependentNuGetPackages\SunamoFileSystem\SunamoFileSystem\FS.cs(1600,32): warning CS1591: Missing XML comment for publicly visible type or member 'FS.OnlyNamesWithoutExtension(string, List<string>)' [E:\vs\Projects\PlatformIndependentNuGetPackages\SunamoFileSystem\SunamoFileSystem\SunamoFileSystem.csproj::TargetFramework=net10.0]
E:\vs\Projects\PlatformIndependentNuGetPackages\SunamoFileSystem\SunamoFileSystem\FS.cs(1607,26): warning CS1591: Missing XML comment for publicly visible type or member 'FS.Postfix(string, string)' [E:\vs\Projects\PlatformIndependentNuGetPackages\SunamoFileSystem\SunamoFileSystem\SunamoFileSystem.csproj::TargetFramework=net10.0]
E:\vs\Projects\PlatformIndependentNuGetPackages\SunamoFileSystem\SunamoFileSystem\FS.cs(1619,9): warning CS1591: Missing XML comment for publicly visible type or member 'FS.ReadAllText(string)' [E:\vs\Projects\PlatformIndependentNuGetPackages\SunamoFileSystem\SunamoFileSystem\SunamoFileSystem.csproj::TargetFramework=net10.0]
E:\vs\Projects\PlatformIndependentNuGetPackages\SunamoFileSystem\SunamoFileSystem\FS.cs(1627,26): warning CS1591: Missing XML comment for publicly visible type or member 'FS.GetFileNameWithoutExtension(string)' [E:\vs\Projects\PlatformIndependentNuGetPackages\SunamoFileSystem\SunamoFileSystem\SunamoFileSystem.csproj::TargetFramework=net10.0]
E:\vs\Projects\PlatformIndependentNuGetPackages\SunamoFileSystem\SunamoFileSystem\FS.cs(1636,22): warning CS1572: XML comment has a param tag for 's', but there is no parameter by that name [E:\vs\Projects\PlatformIndependentNuGetPackages\SunamoFileSystem\SunamoFileSystem\SunamoFileSystem.csproj::TargetFramework=net10.0]
E:\vs\Projects\PlatformIndependentNuGetPackages\SunamoFileSystem\SunamoFileSystem\FS.cs(1638,88): warning CS1573: Parameter 'text' has no matching param tag in the XML comment for 'FS.GetFileNameWithoutExtensionNoAc<StorageFile>(StorageFile)' (but other parameters do) [E:\vs\Projects\PlatformIndependentNuGetPackages\SunamoFileSystem\SunamoFileSystem\SunamoFileSystem.csproj::TargetFramework=net10.0]
E:\vs\Projects\PlatformIndependentNuGetPackages\SunamoFileSystem\SunamoFileSystem\FS.cs(1665,24): warning CS1591: Missing XML comment for publicly visible type or member 'FS.ThrowNotImplementedUwp()' [E:\vs\Projects\PlatformIndependentNuGetPackages\SunamoFileSystem\SunamoFileSystem\SunamoFileSystem.csproj::TargetFramework=net10.0]
E:\vs\Projects\PlatformIndependentNuGetPackages\SunamoFileSystem\SunamoFileSystem\FS.cs(1669,24): warning CS1591: Missing XML comment for publicly visible type or member 'FS.IsFileOlderThanXHours(string, int, bool)' [E:\vs\Projects\PlatformIndependentNuGetPackages\SunamoFileSystem\SunamoFileSystem\SunamoFileSystem.csproj::TargetFramework=net10.0]
E:\vs\Projects\PlatformIndependentNuGetPackages\SunamoFileSystem\SunamoFileSystem\FS.cs(1684,32): warning CS1591: Missing XML comment for publicly visible type or member 'FS.GetFileNamesWoExtension(List<string>)' [E:\vs\Projects\PlatformIndependentNuGetPackages\SunamoFileSystem\SunamoFileSystem\SunamoFileSystem.csproj::TargetFramework=net10.0]
E:\vs\Projects\PlatformIndependentNuGetPackages\SunamoFileSystem\SunamoFileSystem\FS.cs(1702,93): warning CS1573: Parameter 'collisionOption' has no matching param tag in the XML comment for 'FS.CopyTo(string, string, FileMoveCollisionOption)' (but other parameters do) [E:\vs\Projects\PlatformIndependentNuGetPackages\SunamoFileSystem\SunamoFileSystem\SunamoFileSystem.csproj::TargetFramework=net10.0]
E:\vs\Projects\PlatformIndependentNuGetPackages\SunamoFileSystem\SunamoFileSystem\FS.cs(1731,22): warning CS1572: XML comment has a param tag for 'p', but there is no parameter by that name [E:\vs\Projects\PlatformIndependentNuGetPackages\SunamoFileSystem\SunamoFileSystem\SunamoFileSystem.csproj::TargetFramework=net10.0]
E:\vs\Projects\PlatformIndependentNuGetPackages\SunamoFileSystem\SunamoFileSystem\FS.cs(1734,82): warning CS1573: Parameter 'path' has no matching param tag in the XML comment for 'FS.ReplaceDirectoryThrowExceptionIfFromDoesntExists(string, string, string)' (but other parameters do) [E:\vs\Projects\PlatformIndependentNuGetPackages\SunamoFileSystem\SunamoFileSystem\SunamoFileSystem.csproj::TargetFramework=net10.0]
E:\vs\Projects\PlatformIndependentNuGetPackages\SunamoFileSystem\SunamoFileSystem\FS.cs(1750,22): warning CS1572: XML comment has a param tag for 'p', but there is no parameter by that name [E:\vs\Projects\PlatformIndependentNuGetPackages\SunamoFileSystem\SunamoFileSystem\SunamoFileSystem.csproj::TargetFramework=net10.0]
E:\vs\Projects\PlatformIndependentNuGetPackages\SunamoFileSystem\SunamoFileSystem\FS.cs(1752,71): warning CS1573: Parameter 'path' has no matching param tag in the XML comment for 'FS.OnlyNamesWithoutExtension(List<string>)' (but other parameters do) [E:\vs\Projects\PlatformIndependentNuGetPackages\SunamoFileSystem\SunamoFileSystem\SunamoFileSystem.csproj::TargetFramework=net10.0]
E:\vs\Projects\PlatformIndependentNuGetPackages\SunamoFileSystem\SunamoFileSystem\FS.cs(1760,22): warning CS1572: XML comment has a param tag for 'fn', but there is no parameter by that name [E:\vs\Projects\PlatformIndependentNuGetPackages\SunamoFileSystem\SunamoFileSystem\SunamoFileSystem.csproj::TargetFramework=net10.0]
E:\vs\Projects\PlatformIndependentNuGetPackages\SunamoFileSystem\SunamoFileSystem\FS.cs(1764,50): warning CS1573: Parameter 'filePath' has no matching param tag in the XML comment for 'FS.GetPathAndFileName(string, out string, out string, out string)' (but other parameters do) [E:\vs\Projects\PlatformIndependentNuGetPackages\SunamoFileSystem\SunamoFileSystem\SunamoFileSystem.csproj::TargetFramework=net10.0]
E:\vs\Projects\PlatformIndependentNuGetPackages\SunamoFileSystem\SunamoFileSystem\FS.cs(1815,32): warning CS1591: Missing XML comment for publicly visible type or member 'FS.GetTokens(string)' [E:\vs\Projects\PlatformIndependentNuGetPackages\SunamoFileSystem\SunamoFileSystem\SunamoFileSystem.csproj::TargetFramework=net10.0]
E:\vs\Projects\PlatformIndependentNuGetPackages\SunamoFileSystem\SunamoFileSystem\FS.cs(1827,24): warning CS1591: Missing XML comment for publicly visible type or member 'FS.CopyStream(Stream, Stream)' [E:\vs\Projects\PlatformIndependentNuGetPackages\SunamoFileSystem\SunamoFileSystem\SunamoFileSystem.csproj::TargetFramework=net10.0]
E:\vs\Projects\PlatformIndependentNuGetPackages\SunamoFileSystem\SunamoFileSystem\FS.cs(1836,22): warning CS1572: XML comment has a param tag for 's', but there is no parameter by that name [E:\vs\Projects\PlatformIndependentNuGetPackages\SunamoFileSystem\SunamoFileSystem\SunamoFileSystem.csproj::TargetFramework=net10.0]
E:\vs\Projects\PlatformIndependentNuGetPackages\SunamoFileSystem\SunamoFileSystem\FS.cs(1837,71): warning CS1573: Parameter 'text' has no matching param tag in the XML comment for 'FS.CombineWithoutFirstCharUpper(params string[])' (but other parameters do) [E:\vs\Projects\PlatformIndependentNuGetPackages\SunamoFileSystem\SunamoFileSystem\SunamoFileSystem.csproj::TargetFramework=net10.0]
E:\vs\Projects\PlatformIndependentNuGetPackages\SunamoFileSystem\SunamoFileSystem\FS.cs(1841,24): warning CS1591: Missing XML comment for publicly visible type or member 'FS.SaveMemoryStream(MemoryStream, string)' [E:\vs\Projects\PlatformIndependentNuGetPackages\SunamoFileSystem\SunamoFileSystem\SunamoFileSystem.csproj::TargetFramework=net10.0]
E:\vs\Projects\PlatformIndependentNuGetPackages\SunamoFileSystem\SunamoFileSystem\FS.cs(1878,26): warning CS1591: Missing XML comment for publicly visible type or member 'FS.DeleteWrongCharsInDirectoryName(string)' [E:\vs\Projects\PlatformIndependentNuGetPackages\SunamoFileSystem\SunamoFileSystem\SunamoFileSystem.csproj::TargetFramework=net10.0]
E:\vs\Projects\PlatformIndependentNuGetPackages\SunamoFileSystem\SunamoFileSystem\FS.cs(1888,26): warning CS1591: Missing XML comment for publicly visible type or member 'FS.DeleteWrongCharsInFileName(string, bool)' [E:\vs\Projects\PlatformIndependentNuGetPackages\SunamoFileSystem\SunamoFileSystem\SunamoFileSystem.csproj::TargetFramework=net10.0]
E:\vs\Projects\PlatformIndependentNuGetPackages\SunamoFileSystem\SunamoFileSystem\FS.cs(1903,24): warning CS1591: Missing XML comment for publicly visible type or member 'FS.ContainsInvalidPathCharForPartOfMapPath(string)' [E:\vs\Projects\PlatformIndependentNuGetPackages\SunamoFileSystem\SunamoFileSystem\SunamoFileSystem.csproj::TargetFramework=net10.0]
E:\vs\Projects\PlatformIndependentNuGetPackages\SunamoFileSystem\SunamoFileSystem\FS.cs(1933,22): warning CS1572: XML comment has a param tag for 'files', but there is no parameter by that name [E:\vs\Projects\PlatformIndependentNuGetPackages\SunamoFileSystem\SunamoFileSystem\SunamoFileSystem.csproj::TargetFramework=net10.0]
E:\vs\Projects\PlatformIndependentNuGetPackages\SunamoFileSystem\SunamoFileSystem\FS.cs(1934,67): warning CS1573: Parameter 'files2' has no matching param tag in the XML comment for 'FS.OnlyNamesNoDirectEdit(List<string>)' (but other parameters do) [E:\vs\Projects\PlatformIndependentNuGetPackages\SunamoFileSystem\SunamoFileSystem\SunamoFileSystem.csproj::TargetFramework=net10.0]
E:\vs\Projects\PlatformIndependentNuGetPackages\SunamoFileSystem\SunamoFileSystem\FS.cs(1955,22): warning CS1572: XML comment has a param tag for 'item', but there is no parameter by that name [E:\vs\Projects\PlatformIndependentNuGetPackages\SunamoFileSystem\SunamoFileSystem\SunamoFileSystem.csproj::TargetFramework=net10.0]
E:\vs\Projects\PlatformIndependentNuGetPackages\SunamoFileSystem\SunamoFileSystem\FS.cs(1956,22): warning CS1572: XML comment has a param tag for 'fileTo', but there is no parameter by that name [E:\vs\Projects\PlatformIndependentNuGetPackages\SunamoFileSystem\SunamoFileSystem\SunamoFileSystem.csproj::TargetFramework=net10.0]
E:\vs\Projects\PlatformIndependentNuGetPackages\SunamoFileSystem\SunamoFileSystem\FS.cs(1957,22): warning CS1572: XML comment has a param tag for 'co', but there is no parameter by that name [E:\vs\Projects\PlatformIndependentNuGetPackages\SunamoFileSystem\SunamoFileSystem\SunamoFileSystem.csproj::TargetFramework=net10.0]
E:\vs\Projects\PlatformIndependentNuGetPackages\SunamoFileSystem\SunamoFileSystem\FS.cs(2006,49): warning CS1573: Parameter 'filePath' has no matching param tag in the XML comment for 'FS.ChangeExtension(string, string, bool)' (but other parameters do) [E:\vs\Projects\PlatformIndependentNuGetPackages\SunamoFileSystem\SunamoFileSystem\SunamoFileSystem.csproj::TargetFramework=net10.0]
E:\vs\Projects\PlatformIndependentNuGetPackages\SunamoFileSystem\SunamoFileSystem\FS.cs(2006,66): warning CS1573: Parameter 'newExt' has no matching param tag in the XML comment for 'FS.ChangeExtension(string, string, bool)' (but other parameters do) [E:\vs\Projects\PlatformIndependentNuGetPackages\SunamoFileSystem\SunamoFileSystem\SunamoFileSystem.csproj::TargetFramework=net10.0]
E:\vs\Projects\PlatformIndependentNuGetPackages\SunamoFileSystem\SunamoFileSystem\FS.cs(2006,79): warning CS1573: Parameter 'physically' has no matching param tag in the XML comment for 'FS.ChangeExtension(string, string, bool)' (but other parameters do) [E:\vs\Projects\PlatformIndependentNuGetPackages\SunamoFileSystem\SunamoFileSystem\SunamoFileSystem.csproj::TargetFramework=net10.0]
E:\vs\Projects\PlatformIndependentNuGetPackages\SunamoFileSystem\SunamoFileSystem\FS.cs(2027,26): warning CS1591: Missing XML comment for publicly visible type or member 'FS.CreateDirectory(string, DirectoryCreateCollisionOption, SerieStyleFS, bool)' [E:\vs\Projects\PlatformIndependentNuGetPackages\SunamoFileSystem\SunamoFileSystem\SunamoFileSystem.csproj::TargetFramework=net10.0]
E:\vs\Projects\PlatformIndependentNuGetPackages\SunamoFileSystem\SunamoFileSystem\FS.cs(2070,26): warning CS1591: Missing XML comment for publicly visible type or member 'FS.StreamToArrayBytes(Stream)' [E:\vs\Projects\PlatformIndependentNuGetPackages\SunamoFileSystem\SunamoFileSystem\SunamoFileSystem.csproj::TargetFramework=net10.0]
E:\vs\Projects\PlatformIndependentNuGetPackages\SunamoFileSystem\SunamoFileSystem\FS.cs(2113,26): warning CS1591: Missing XML comment for publicly visible type or member 'FS.AddExtensionIfDontHave(string, string)' [E:\vs\Projects\PlatformIndependentNuGetPackages\SunamoFileSystem\SunamoFileSystem\SunamoFileSystem.csproj::TargetFramework=net10.0]
E:\vs\Projects\PlatformIndependentNuGetPackages\SunamoFileSystem\SunamoFileSystem\FS.cs(2135,22): warning CS1572: XML comment has a param tag for 'linesFiles', but there is no parameter by that name [E:\vs\Projects\PlatformIndependentNuGetPackages\SunamoFileSystem\SunamoFileSystem\SunamoFileSystem.csproj::TargetFramework=net10.0]
E:\vs\Projects\PlatformIndependentNuGetPackages\SunamoFileSystem\SunamoFileSystem\FS.cs(2136,22): warning CS1572: XML comment has a param tag for 'searchOnlyWithExtension', but there is no parameter by that name [E:\vs\Projects\PlatformIndependentNuGetPackages\SunamoFileSystem\SunamoFileSystem\SunamoFileSystem.csproj::TargetFramework=net10.0]
E:\vs\Projects\PlatformIndependentNuGetPackages\SunamoFileSystem\SunamoFileSystem\FS.cs(2137,102): warning CS1573: Parameter 'files' has no matching param tag in the XML comment for 'FS.GetDictionaryByFileNameWithExtension(List<string>)' (but other parameters do) [E:\vs\Projects\PlatformIndependentNuGetPackages\SunamoFileSystem\SunamoFileSystem\SunamoFileSystem.csproj::TargetFramework=net10.0]
E:\vs\Projects\PlatformIndependentNuGetPackages\SunamoFileSystem\SunamoFileSystem\FS.cs(2147,26): warning CS1591: Missing XML comment for publicly visible type or member 'FS.ChangeFilename(string, string, bool)' [E:\vs\Projects\PlatformIndependentNuGetPackages\SunamoFileSystem\SunamoFileSystem\SunamoFileSystem.csproj::TargetFramework=net10.0]
E:\vs\Projects\PlatformIndependentNuGetPackages\SunamoFileSystem\SunamoFileSystem\FS.cs(2162,5): warning CS1587: XML comment is not placed on a valid language element [E:\vs\Projects\PlatformIndependentNuGetPackages\SunamoFileSystem\SunamoFileSystem\SunamoFileSystem.csproj::TargetFramework=net10.0]
E:\vs\Projects\PlatformIndependentNuGetPackages\SunamoFileSystem\SunamoFileSystem\FS.cs(2215,24): warning CS1591: Missing XML comment for publicly visible type or member 'FS.TryDeleteFile(string, out string)' [E:\vs\Projects\PlatformIndependentNuGetPackages\SunamoFileSystem\SunamoFileSystem\SunamoFileSystem.csproj::TargetFramework=net10.0]
E:\vs\Projects\PlatformIndependentNuGetPackages\SunamoFileSystem\SunamoFileSystem\FS.cs(2229,26): warning CS1591: Missing XML comment for publicly visible type or member 'FS.GetSizeInAutoString(double)' [E:\vs\Projects\PlatformIndependentNuGetPackages\SunamoFileSystem\SunamoFileSystem\SunamoFileSystem.csproj::TargetFramework=net10.0]
E:\vs\Projects\PlatformIndependentNuGetPackages\SunamoFileSystem\SunamoFileSystem\FS.cs(2254,26): warning CS1591: Missing XML comment for publicly visible type or member 'FS.GetSizeInAutoString(long, ComputerSizeUnits)' [E:\vs\Projects\PlatformIndependentNuGetPackages\SunamoFileSystem\SunamoFileSystem\SunamoFileSystem.csproj::TargetFramework=net10.0]
E:\vs\Projects\PlatformIndependentNuGetPackages\SunamoFileSystem\SunamoFileSystem\FS.cs(2262,22): warning CS1572: XML comment has a param tag for 'b', but there is no parameter by that name [E:\vs\Projects\PlatformIndependentNuGetPackages\SunamoFileSystem\SunamoFileSystem\SunamoFileSystem.csproj::TargetFramework=net10.0]
E:\vs\Projects\PlatformIndependentNuGetPackages\SunamoFileSystem\SunamoFileSystem\FS.cs(2264,78): warning CS1573: Parameter 'fromUnit' has no matching param tag in the XML comment for 'FS.GetSizeInAutoString(double, ComputerSizeUnits)' (but other parameters do) [E:\vs\Projects\PlatformIndependentNuGetPackages\SunamoFileSystem\SunamoFileSystem\SunamoFileSystem.csproj::TargetFramework=net10.0]
E:\vs\Projects\PlatformIndependentNuGetPackages\SunamoFileSystem\SunamoFileSystem\FS.cs(2418,32): warning CS1591: Missing XML comment for publicly visible type or member 'FS.DirectoryListing(string, string, SearchOption)' [E:\vs\Projects\PlatformIndependentNuGetPackages\SunamoFileSystem\SunamoFileSystem\SunamoFileSystem.csproj::TargetFramework=net10.0]
E:\vs\Projects\PlatformIndependentNuGetPackages\SunamoFileSystem\SunamoFileSystem\FS.cs(2423,26): warning CS1591: Missing XML comment for publicly visible type or member 'FS.WithoutEndSlash(string)' [E:\vs\Projects\PlatformIndependentNuGetPackages\SunamoFileSystem\SunamoFileSystem\SunamoFileSystem.csproj::TargetFramework=net10.0]
E:\vs\Projects\PlatformIndependentNuGetPackages\SunamoFileSystem\SunamoFileSystem\FS.cs(2427,26): warning CS1591: Missing XML comment for publicly visible type or member 'FS.WithoutEndSlash(ref string)' [E:\vs\Projects\PlatformIndependentNuGetPackages\SunamoFileSystem\SunamoFileSystem\SunamoFileSystem.csproj::TargetFramework=net10.0]
E:\vs\Projects\PlatformIndependentNuGetPackages\SunamoFileSystem\SunamoFileSystem\FS.cs(2432,26): warning CS1591: Missing XML comment for publicly visible type or member 'FS.MascFromExtension(string)' [E:\vs\Projects\PlatformIndependentNuGetPackages\SunamoFileSystem\SunamoFileSystem\SunamoFileSystem.csproj::TargetFramework=net10.0]
E:\vs\Projects\PlatformIndependentNuGetPackages\SunamoFileSystem\SunamoFileSystem\FS.cs(2470,24): warning CS1591: Missing XML comment for publicly visible type or member 'FS.IsCountOfFilesMoreThan(string, string, int)' [E:\vs\Projects\PlatformIndependentNuGetPackages\SunamoFileSystem\SunamoFileSystem\SunamoFileSystem.csproj::TargetFramework=net10.0]
E:\vs\Projects\PlatformIndependentNuGetPackages\SunamoFileSystem\SunamoFileSystem\FS.cs(2476,32): warning CS1591: Missing XML comment for publicly visible type or member 'FS.GetFiles(string, bool)' [E:\vs\Projects\PlatformIndependentNuGetPackages\SunamoFileSystem\SunamoFileSystem\SunamoFileSystem.csproj::TargetFramework=net10.0]
E:\vs\Projects\PlatformIndependentNuGetPackages\SunamoFileSystem\SunamoFileSystem\FS.cs(2498,22): warning CS1572: XML comment has a param tag for 'item', but there is no parameter by that name [E:\vs\Projects\PlatformIndependentNuGetPackages\SunamoFileSystem\SunamoFileSystem\SunamoFileSystem.csproj::TargetFramework=net10.0]
E:\vs\Projects\PlatformIndependentNuGetPackages\SunamoFileSystem\SunamoFileSystem\FS.cs(2501,41): warning CS1573: Parameter 'logger' has no matching param tag in the XML comment for 'FS.MoveFile(ILogger, string, string, FileMoveCollisionOption)' (but other parameters do) [E:\vs\Projects\PlatformIndependentNuGetPackages\SunamoFileSystem\SunamoFileSystem\SunamoFileSystem.csproj::TargetFramework=net10.0]
E:\vs\Projects\PlatformIndependentNuGetPackages\SunamoFileSystem\SunamoFileSystem\FS.cs(2501,56): warning CS1573: Parameter 'sourceFilePath' has no matching param tag in the XML comment for 'FS.MoveFile(ILogger, string, string, FileMoveCollisionOption)' (but other parameters do) [E:\vs\Projects\PlatformIndependentNuGetPackages\SunamoFileSystem\SunamoFileSystem\SunamoFileSystem.csproj::TargetFramework=net10.0]
E:\vs\Projects\PlatformIndependentNuGetPackages\SunamoFileSystem\SunamoFileSystem\FS.cs(2516,24): warning CS1591: Missing XML comment for publicly visible type or member 'FS.CopyMoveFilePrepare(ref string, ref string, FileMoveCollisionOption)' [E:\vs\Projects\PlatformIndependentNuGetPackages\SunamoFileSystem\SunamoFileSystem\SunamoFileSystem.csproj::TargetFramework=net10.0]
E:\vs\Projects\PlatformIndependentNuGetPackages\SunamoFileSystem\SunamoFileSystem\FS.cs(2584,24): warning CS1591: Missing XML comment for publicly visible type or member 'FS.GetFileSize(string)' [E:\vs\Projects\PlatformIndependentNuGetPackages\SunamoFileSystem\SunamoFileSystem\SunamoFileSystem.csproj::TargetFramework=net10.0]
E:\vs\Projects\PlatformIndependentNuGetPackages\SunamoFileSystem\SunamoFileSystem\FS.cs(2599,24): warning CS1591: Missing XML comment for publicly visible type or member 'FS.CopyAllFilesRecursively(ILogger, string, string, FileMoveCollisionOption, string)' [E:\vs\Projects\PlatformIndependentNuGetPackages\SunamoFileSystem\SunamoFileSystem\SunamoFileSystem.csproj::TargetFramework=net10.0]
E:\vs\Projects\PlatformIndependentNuGetPackages\SunamoFileSystem\SunamoFileSystem\FS.cs(2606,22): warning CS1572: XML comment has a param tag for 'p', but there is no parameter by that name [E:\vs\Projects\PlatformIndependentNuGetPackages\SunamoFileSystem\SunamoFileSystem\SunamoFileSystem.csproj::TargetFramework=net10.0]
E:\vs\Projects\PlatformIndependentNuGetPackages\SunamoFileSystem\SunamoFileSystem\FS.cs(2610,45): warning CS1573: Parameter 'logger' has no matching param tag in the XML comment for 'FS.CopyAllFiles(ILogger, string, string, FileMoveCollisionOption, string)' (but other parameters do) [E:\vs\Projects\PlatformIndependentNuGetPackages\SunamoFileSystem\SunamoFileSystem\SunamoFileSystem.csproj::TargetFramework=net10.0]
E:\vs\Projects\PlatformIndependentNuGetPackages\SunamoFileSystem\SunamoFileSystem\FS.cs(2610,60): warning CS1573: Parameter 'path' has no matching param tag in the XML comment for 'FS.CopyAllFiles(ILogger, string, string, FileMoveCollisionOption, string)' (but other parameters do) [E:\vs\Projects\PlatformIndependentNuGetPackages\SunamoFileSystem\SunamoFileSystem\SunamoFileSystem.csproj::TargetFramework=net10.0]
E:\vs\Projects\PlatformIndependentNuGetPackages\SunamoFileSystem\SunamoFileSystem\FS.cs(2617,22): warning CS1572: XML comment has a param tag for 'p', but there is no parameter by that name [E:\vs\Projects\PlatformIndependentNuGetPackages\SunamoFileSystem\SunamoFileSystem\SunamoFileSystem.csproj::TargetFramework=net10.0]
E:\vs\Projects\PlatformIndependentNuGetPackages\SunamoFileSystem\SunamoFileSystem\FS.cs(2619,22): warning CS1572: XML comment has a param tag for 'co', but there is no parameter by that name [E:\vs\Projects\PlatformIndependentNuGetPackages\SunamoFileSystem\SunamoFileSystem\SunamoFileSystem.csproj::TargetFramework=net10.0]
E:\vs\Projects\PlatformIndependentNuGetPackages\SunamoFileSystem\SunamoFileSystem\FS.cs(2621,61): warning CS1573: Parameter 'logger' has no matching param tag in the XML comment for 'FS.CopyMoveAllFilesRecursively(ILogger, string, string, FileMoveCollisionOption, bool, string, SearchOption)' (but other parameters do) [E:\vs\Projects\PlatformIndependentNuGetPackages\SunamoFileSystem\SunamoFileSystem\SunamoFileSystem.csproj::TargetFramework=net10.0]
E:\vs\Projects\PlatformIndependentNuGetPackages\SunamoFileSystem\SunamoFileSystem\FS.cs(2621,76): warning CS1573: Parameter 'path' has no matching param tag in the XML comment for 'FS.CopyMoveAllFilesRecursively(ILogger, string, string, FileMoveCollisionOption, bool, string, SearchOption)' (but other parameters do) [E:\vs\Projects\PlatformIndependentNuGetPackages\SunamoFileSystem\SunamoFileSystem\SunamoFileSystem.csproj::TargetFramework=net10.0]
E:\vs\Projects\PlatformIndependentNuGetPackages\SunamoFileSystem\SunamoFileSystem\FS.cs(2621,117): warning CS1573: Parameter 'collisionOption' has no matching param tag in the XML comment for 'FS.CopyMoveAllFilesRecursively(ILogger, string, string, FileMoveCollisionOption, bool, string, SearchOption)' (but other parameters do) [E:\vs\Projects\PlatformIndependentNuGetPackages\SunamoFileSystem\SunamoFileSystem\SunamoFileSystem.csproj::TargetFramework=net10.0]
E:\vs\Projects\PlatformIndependentNuGetPackages\SunamoFileSystem\SunamoFileSystem\FS.cs(2621,139): warning CS1573: Parameter 'move' has no matching param tag in the XML comment for 'FS.CopyMoveAllFilesRecursively(ILogger, string, string, FileMoveCollisionOption, bool, string, SearchOption)' (but other parameters do) [E:\vs\Projects\PlatformIndependentNuGetPackages\SunamoFileSystem\SunamoFileSystem\SunamoFileSystem.csproj::TargetFramework=net10.0]
E:\vs\Projects\PlatformIndependentNuGetPackages\SunamoFileSystem\SunamoFileSystem\FS.cs(2622,43): warning CS1573: Parameter 'so' has no matching param tag in the XML comment for 'FS.CopyMoveAllFilesRecursively(ILogger, string, string, FileMoveCollisionOption, bool, string, SearchOption)' (but other parameters do) [E:\vs\Projects\PlatformIndependentNuGetPackages\SunamoFileSystem\SunamoFileSystem\SunamoFileSystem.csproj::TargetFramework=net10.0]
E:\vs\Projects\PlatformIndependentNuGetPackages\SunamoFileSystem\SunamoFileSystem\FS.cs(2648,9): warning CS1591: Missing XML comment for publicly visible type or member 'FS.CopyFile(ILogger, string, string, FileMoveCollisionOption, bool)' [E:\vs\Projects\PlatformIndependentNuGetPackages\SunamoFileSystem\SunamoFileSystem\SunamoFileSystem.csproj::TargetFramework=net10.0]
E:\vs\Projects\PlatformIndependentNuGetPackages\SunamoFileSystem\SunamoFileSystem\FS.cs(2669,22): warning CS1572: XML comment has a param tag for 'v', but there is no parameter by that name [E:\vs\Projects\PlatformIndependentNuGetPackages\SunamoFileSystem\SunamoFileSystem\SunamoFileSystem.csproj::TargetFramework=net10.0]
E:\vs\Projects\PlatformIndependentNuGetPackages\SunamoFileSystem\SunamoFileSystem\FS.cs(2670,41): warning CS1573: Parameter 'logger' has no matching param tag in the XML comment for 'FS.CopyFile(ILogger, string, string, bool)' (but other parameters do) [E:\vs\Projects\PlatformIndependentNuGetPackages\SunamoFileSystem\SunamoFileSystem\SunamoFileSystem.csproj::TargetFramework=net10.0]
E:\vs\Projects\PlatformIndependentNuGetPackages\SunamoFileSystem\SunamoFileSystem\FS.cs(2670,72): warning CS1573: Parameter 'value' has no matching param tag in the XML comment for 'FS.CopyFile(ILogger, string, string, bool)' (but other parameters do) [E:\vs\Projects\PlatformIndependentNuGetPackages\SunamoFileSystem\SunamoFileSystem\SunamoFileSystem.csproj::TargetFramework=net10.0]
E:\vs\Projects\PlatformIndependentNuGetPackages\SunamoFileSystem\SunamoFileSystem\FS.cs(2670,84): warning CS1573: Parameter 'terminateProcessIfIsInUsed' has no matching param tag in the XML comment for 'FS.CopyFile(ILogger, string, string, bool)' (but other parameters do) [E:\vs\Projects\PlatformIndependentNuGetPackages\SunamoFileSystem\SunamoFileSystem\SunamoFileSystem.csproj::TargetFramework=net10.0]
E:\vs\Projects\PlatformIndependentNuGetPackages\SunamoFileSystem\SunamoFileSystem\FS.cs(2702,24): warning CS1591: Missing XML comment for publicly visible type or member 'FS.CopyFile(string, string, FileMoveCollisionOption)' [E:\vs\Projects\PlatformIndependentNuGetPackages\SunamoFileSystem\SunamoFileSystem\SunamoFileSystem.csproj::TargetFramework=net10.0]
E:\vs\Projects\PlatformIndependentNuGetPackages\SunamoFileSystem\SunamoFileSystem\FS.cs(2711,28): warning CS1591: Missing XML comment for publicly visible type or member 'FS.LastModified(string)' [E:\vs\Projects\PlatformIndependentNuGetPackages\SunamoFileSystem\SunamoFileSystem\SunamoFileSystem.csproj::TargetFramework=net10.0]
E:\vs\Projects\PlatformIndependentNuGetPackages\SunamoFileSystem\SunamoFileSystem\FS.cs(2720,24): warning CS1591: Missing XML comment for publicly visible type or member 'FS.TryDeleteDirectoryOrFile(string)' [E:\vs\Projects\PlatformIndependentNuGetPackages\SunamoFileSystem\SunamoFileSystem\SunamoFileSystem.csproj::TargetFramework=net10.0]
E:\vs\Projects\PlatformIndependentNuGetPackages\SunamoFileSystem\SunamoFileSystem\FS.cs(2809,22): warning CS1572: XML comment has a param tag for 'v', but there is no parameter by that name [E:\vs\Projects\PlatformIndependentNuGetPackages\SunamoFileSystem\SunamoFileSystem\SunamoFileSystem.csproj::TargetFramework=net10.0]
E:\vs\Projects\PlatformIndependentNuGetPackages\SunamoFileSystem\SunamoFileSystem\FS.cs(2811,50): warning CS1573: Parameter 'value' has no matching param tag in the XML comment for 'FS.TryDeleteDirectory(string)' (but other parameters do) [E:\vs\Projects\PlatformIndependentNuGetPackages\SunamoFileSystem\SunamoFileSystem\SunamoFileSystem.csproj::TargetFramework=net10.0]
E:\vs\Projects\PlatformIndependentNuGetPackages\SunamoFileSystem\SunamoFileSystem\FS.cs(2895,26): warning CS1591: Missing XML comment for publicly visible type or member 'FS.AllIncludeIfOnlyLetters(string)' [E:\vs\Projects\PlatformIndependentNuGetPackages\SunamoFileSystem\SunamoFileSystem\SunamoFileSystem.csproj::TargetFramework=net10.0]
E:\vs\Projects\PlatformIndependentNuGetPackages\SunamoFileSystem\SunamoFileSystem\FS.cs(2929,22): warning CS1572: XML comment has a param tag for 'fn', but there is no parameter by that name [E:\vs\Projects\PlatformIndependentNuGetPackages\SunamoFileSystem\SunamoFileSystem\SunamoFileSystem.csproj::TargetFramework=net10.0]
E:\vs\Projects\PlatformIndependentNuGetPackages\SunamoFileSystem\SunamoFileSystem\FS.cs(2931,62): warning CS1573: Parameter 'fileName' has no matching param tag in the XML comment for 'FS.GetFileSeries(string, string, string)' (but other parameters do) [E:\vs\Projects\PlatformIndependentNuGetPackages\SunamoFileSystem\SunamoFileSystem\SunamoFileSystem.csproj::TargetFramework=net10.0]
E:\vs\Projects\PlatformIndependentNuGetPackages\SunamoFileSystem\SunamoFileSystem\FS.cs(2995,22): warning CS1572: XML comment has a param tag for 'selectedFile', but there is no parameter by that name [E:\vs\Projects\PlatformIndependentNuGetPackages\SunamoFileSystem\SunamoFileSystem\SunamoFileSystem.csproj::TargetFramework=net10.0]
E:\vs\Projects\PlatformIndependentNuGetPackages\SunamoFileSystem\SunamoFileSystem\FS.cs(3044,52): warning CS1573: Parameter 'directoryPath' has no matching param tag in the XML comment for 'FS.ExistsDirectoryNull(string)' (but other parameters do) [E:\vs\Projects\PlatformIndependentNuGetPackages\SunamoFileSystem\SunamoFileSystem\SunamoFileSystem.csproj::TargetFramework=net10.0]
E:\vs\Projects\PlatformIndependentNuGetPackages\SunamoFileSystem\SunamoFileSystem\FS.cs(3048,25): warning CS1591: Missing XML comment for publicly visible type or member 'FS.ExistsDirectoryNull(string, bool)' [E:\vs\Projects\PlatformIndependentNuGetPackages\SunamoFileSystem\SunamoFileSystem\SunamoFileSystem.csproj::TargetFramework=net10.0]
E:\vs\Projects\PlatformIndependentNuGetPackages\SunamoFileSystem\SunamoFileSystem\FS.cs(3052,24): warning CS1591: Missing XML comment for publicly visible type or member 'FS.ExistsDirectory(string, bool)' [E:\vs\Projects\PlatformIndependentNuGetPackages\SunamoFileSystem\SunamoFileSystem\SunamoFileSystem.csproj::TargetFramework=net10.0]
E:\vs\Projects\PlatformIndependentNuGetPackages\SunamoFileSystem\SunamoFileSystem\FS.cs(3129,32): warning CS1591: Missing XML comment for publicly visible type or member 'FS.ToSearchOption(bool?)' [E:\vs\Projects\PlatformIndependentNuGetPackages\SunamoFileSystem\SunamoFileSystem\SunamoFileSystem.csproj::TargetFramework=net10.0]
E:\vs\Projects\PlatformIndependentNuGetPackages\SunamoFileSystem\SunamoFileSystem\FS.cs(3133,30): warning CS1591: Missing XML comment for publicly visible type or member 'FS.WriteAllText(string, string)' [E:\vs\Projects\PlatformIndependentNuGetPackages\SunamoFileSystem\SunamoFileSystem\SunamoFileSystem.csproj::TargetFramework=net10.0]
E:\vs\Projects\PlatformIndependentNuGetPackages\SunamoFileSystem\SunamoFileSystem\FS.cs(3137,24): warning CS1591: Missing XML comment for publicly visible type or member 'FS.IsAllInSameFolder(List<string>)' [E:\vs\Projects\PlatformIndependentNuGetPackages\SunamoFileSystem\SunamoFileSystem\SunamoFileSystem.csproj::TargetFramework=net10.0]
E:\vs\Projects\PlatformIndependentNuGetPackages\SunamoFileSystem\SunamoFileSystem\FS.cs(3148,24): warning CS1591: Missing XML comment for publicly visible type or member 'FS.CreateFileWithTemplateContent(string, string, string, string)' [E:\vs\Projects\PlatformIndependentNuGetPackages\SunamoFileSystem\SunamoFileSystem\SunamoFileSystem.csproj::TargetFramework=net10.0]
E:\vs\Projects\PlatformIndependentNuGetPackages\SunamoFileSystem\SunamoFileSystem\FS.cs(3158,24): warning CS1591: Missing XML comment for publicly visible type or member 'FS.ContainsInvalidFileNameChars(string)' [E:\vs\Projects\PlatformIndependentNuGetPackages\SunamoFileSystem\SunamoFileSystem\SunamoFileSystem.csproj::TargetFramework=net10.0]
E:\vs\Projects\PlatformIndependentNuGetPackages\SunamoFileSystem\SunamoFileSystem\FS.cs(3165,24): warning CS1591: Missing XML comment for publicly visible type or member 'FS.NumberByDateModified(ILogger, string, string, SearchOption)' [E:\vs\Projects\PlatformIndependentNuGetPackages\SunamoFileSystem\SunamoFileSystem\SunamoFileSystem.csproj::TargetFramework=net10.0]
E:\vs\Projects\PlatformIndependentNuGetPackages\SunamoFileSystem\SunamoFileSystem\FS.cs(3180,22): warning CS1572: XML comment has a param tag for 'rp', but there is no parameter by that name [E:\vs\Projects\PlatformIndependentNuGetPackages\SunamoFileSystem\SunamoFileSystem\SunamoFileSystem.csproj::TargetFramework=net10.0]
E:\vs\Projects\PlatformIndependentNuGetPackages\SunamoFileSystem\SunamoFileSystem\FS.cs(3182,50): warning CS1573: Parameter 'path' has no matching param tag in the XML comment for 'FS.GetDirectoryName(string)' (but other parameters do) [E:\vs\Projects\PlatformIndependentNuGetPackages\SunamoFileSystem\SunamoFileSystem\SunamoFileSystem.csproj::TargetFramework=net10.0]
E:\vs\Projects\PlatformIndependentNuGetPackages\SunamoFileSystem\SunamoFileSystem\FS.cs(3198,37): warning CS1591: Missing XML comment for publicly visible type or member 'FS.DetectPathDelimiter(string)' [E:\vs\Projects\PlatformIndependentNuGetPackages\SunamoFileSystem\SunamoFileSystem\SunamoFileSystem.csproj::TargetFramework=net10.0]
E:\vs\Projects\PlatformIndependentNuGetPackages\SunamoFileSystem\SunamoFileSystem\FS.cs(3205,24): warning CS1591: Missing XML comment for publicly visible type or member 'FS.DetectPathDelimiterChar(string)' [E:\vs\Projects\PlatformIndependentNuGetPackages\SunamoFileSystem\SunamoFileSystem\SunamoFileSystem.csproj::TargetFramework=net10.0]
E:\vs\Projects\PlatformIndependentNuGetPackages\SunamoFileSystem\SunamoFileSystem\FS.cs(3231,26): warning CS1591: Missing XML comment for publicly visible type or member 'FS.MakeUncLongPath(string)' [E:\vs\Projects\PlatformIndependentNuGetPackages\SunamoFileSystem\SunamoFileSystem\SunamoFileSystem.csproj::TargetFramework=net10.0]
E:\vs\Projects\PlatformIndependentNuGetPackages\SunamoFileSystem\SunamoFileSystem\FS.cs(3235,26): warning CS1591: Missing XML comment for publicly visible type or member 'FS.MakeUncLongPath(ref string)' [E:\vs\Projects\PlatformIndependentNuGetPackages\SunamoFileSystem\SunamoFileSystem\SunamoFileSystem.csproj::TargetFramework=net10.0]
E:\vs\Projects\PlatformIndependentNuGetPackages\SunamoFileSystem\SunamoFileSystem\FS.cs(3353,26): warning CS1591: Missing XML comment for publicly visible type or member 'FS.FirstCharUpper(ref string)' [E:\vs\Projects\PlatformIndependentNuGetPackages\SunamoFileSystem\SunamoFileSystem\SunamoFileSystem.csproj::TargetFramework=net10.0]
E:\vs\Projects\PlatformIndependentNuGetPackages\SunamoFileSystem\SunamoFileSystem\FS.cs(3358,26): warning CS1591: Missing XML comment for publicly visible type or member 'FS.FirstCharUpper(string, bool)' [E:\vs\Projects\PlatformIndependentNuGetPackages\SunamoFileSystem\SunamoFileSystem\SunamoFileSystem.csproj::TargetFramework=net10.0]
E:\vs\Projects\PlatformIndependentNuGetPackages\SunamoFileSystem\SunamoFileSystem\FS.cs(3372,22): warning CS1572: XML comment has a param tag for 'fn', but there is no parameter by that name [E:\vs\Projects\PlatformIndependentNuGetPackages\SunamoFileSystem\SunamoFileSystem\SunamoFileSystem.csproj::TargetFramework=net10.0]
E:\vs\Projects\PlatformIndependentNuGetPackages\SunamoFileSystem\SunamoFileSystem\FS.cs(3375,50): warning CS1573: Parameter 'filePath' has no matching param tag in the XML comment for 'FS.GetPathAndFileName(string, out string, out string)' (but other parameters do) [E:\vs\Projects\PlatformIndependentNuGetPackages\SunamoFileSystem\SunamoFileSystem\SunamoFileSystem.csproj::TargetFramework=net10.0]
E:\vs\Projects\PlatformIndependentNuGetPackages\SunamoFileSystem\SunamoFileSystem\FS.cs(3380,26): warning CS1591: Missing XML comment for publicly visible type or member 'FS.GetFileName(string)' [E:\vs\Projects\PlatformIndependentNuGetPackages\SunamoFileSystem\SunamoFileSystem\SunamoFileSystem.csproj::TargetFramework=net10.0]
E:\vs\Projects\PlatformIndependentNuGetPackages\SunamoFileSystem\SunamoFileSystem\FS.cs(3385,26): warning CS1591: Missing XML comment for publicly visible type or member 'FS.NormalizeExtension2(string)' [E:\vs\Projects\PlatformIndependentNuGetPackages\SunamoFileSystem\SunamoFileSystem\SunamoFileSystem.csproj::TargetFramework=net10.0]
E:\vs\Projects\PlatformIndependentNuGetPackages\SunamoFileSystem\SunamoFileSystem\FS.cs(3665,5): warning CS1587: XML comment is not placed on a valid language element [E:\vs\Projects\PlatformIndependentNuGetPackages\SunamoFileSystem\SunamoFileSystem\SunamoFileSystem.csproj::TargetFramework=net10.0]
E:\vs\Projects\PlatformIndependentNuGetPackages\SunamoFileSystem\SunamoFileSystem\FS.cs(3703,22): warning CS1572: XML comment has a param tag for 'fn', but there is no parameter by that name [E:\vs\Projects\PlatformIndependentNuGetPackages\SunamoFileSystem\SunamoFileSystem\SunamoFileSystem.csproj::TargetFramework=net10.0]
E:\vs\Projects\PlatformIndependentNuGetPackages\SunamoFileSystem\SunamoFileSystem\FS.cs(3704,22): warning CS1572: XML comment has a param tag for 'path', but there is no parameter by that name [E:\vs\Projects\PlatformIndependentNuGetPackages\SunamoFileSystem\SunamoFileSystem\SunamoFileSystem.csproj::TargetFramework=net10.0]
E:\vs\Projects\PlatformIndependentNuGetPackages\SunamoFileSystem\SunamoFileSystem\FS.cs(3705,22): warning CS1572: XML comment has a param tag for 'file', but there is no parameter by that name [E:\vs\Projects\PlatformIndependentNuGetPackages\SunamoFileSystem\SunamoFileSystem\SunamoFileSystem.csproj::TargetFramework=net10.0]
E:\vs\Projects\PlatformIndependentNuGetPackages\SunamoFileSystem\SunamoFileSystem\FS.cs(3767,51): warning CS1573: Parameter 'folder' has no matching param tag in the XML comment for 'FS.FilesWithSameName(string, string, SearchOption)' (but other parameters do) [E:\vs\Projects\PlatformIndependentNuGetPackages\SunamoFileSystem\SunamoFileSystem\SunamoFileSystem.csproj::TargetFramework=net10.0]
E:\vs\Projects\PlatformIndependentNuGetPackages\SunamoFileSystem\SunamoFileSystem\FS.cs(3767,66): warning CS1573: Parameter 'searchPattern' has no matching param tag in the XML comment for 'FS.FilesWithSameName(string, string, SearchOption)' (but other parameters do) [E:\vs\Projects\PlatformIndependentNuGetPackages\SunamoFileSystem\SunamoFileSystem\SunamoFileSystem.csproj::TargetFramework=net10.0]
E:\vs\Projects\PlatformIndependentNuGetPackages\SunamoFileSystem\SunamoFileSystem\FS.cs(3767,94): warning CS1573: Parameter 'searchOption' has no matching param tag in the XML comment for 'FS.FilesWithSameName(string, string, SearchOption)' (but other parameters do) [E:\vs\Projects\PlatformIndependentNuGetPackages\SunamoFileSystem\SunamoFileSystem\SunamoFileSystem.csproj::TargetFramework=net10.0]
E:\vs\Projects\PlatformIndependentNuGetPackages\SunamoFileSystem\SunamoFileSystem\FS.cs(3806,22): warning CS1572: XML comment has a param tag for 'p', but there is no parameter by that name [E:\vs\Projects\PlatformIndependentNuGetPackages\SunamoFileSystem\SunamoFileSystem\SunamoFileSystem.csproj::TargetFramework=net10.0]
E:\vs\Projects\PlatformIndependentNuGetPackages\SunamoFileSystem\SunamoFileSystem\FS.cs(3810,78): warning CS1573: Parameter 'a1IsWithPath' has no matching param tag in the XML comment for 'FS.GetNameWithoutSeriesNoOut(string, bool, SerieStyleFS)' (but other parameters do) [E:\vs\Projects\PlatformIndependentNuGetPackages\SunamoFileSystem\SunamoFileSystem\SunamoFileSystem.csproj::TargetFramework=net10.0]
E:\vs\Projects\PlatformIndependentNuGetPackages\SunamoFileSystem\SunamoFileSystem\FS.cs(3816,26): warning CS1591: Missing XML comment for publicly visible type or member 'FS.GetNameWithoutSeries(string, bool, out bool, SerieStyleFS)' [E:\vs\Projects\PlatformIndependentNuGetPackages\SunamoFileSystem\SunamoFileSystem\SunamoFileSystem.csproj::TargetFramework=net10.0]
E:\vs\Projects\PlatformIndependentNuGetPackages\SunamoFileSystem\SunamoFileSystem\FS.cs(3828,22): warning CS1572: XML comment has a param tag for 'p', but there is no parameter by that name [E:\vs\Projects\PlatformIndependentNuGetPackages\SunamoFileSystem\SunamoFileSystem\SunamoFileSystem.csproj::TargetFramework=net10.0]
E:\vs\Projects\PlatformIndependentNuGetPackages\SunamoFileSystem\SunamoFileSystem\FS.cs(3831,54): warning CS1573: Parameter 'path' has no matching param tag in the XML comment for 'FS.GetNameWithoutSeries(string, bool, out bool, SerieStyleFS, out int)' (but other parameters do) [E:\vs\Projects\PlatformIndependentNuGetPackages\SunamoFileSystem\SunamoFileSystem\SunamoFileSystem.csproj::TargetFramework=net10.0]
E:\vs\Projects\PlatformIndependentNuGetPackages\SunamoFileSystem\SunamoFileSystem\FS.cs(3831,111): warning CS1573: Parameter 'serieStyle' has no matching param tag in the XML comment for 'FS.GetNameWithoutSeries(string, bool, out bool, SerieStyleFS, out int)' (but other parameters do) [E:\vs\Projects\PlatformIndependentNuGetPackages\SunamoFileSystem\SunamoFileSystem\SunamoFileSystem.csproj::TargetFramework=net10.0]
E:\vs\Projects\PlatformIndependentNuGetPackages\SunamoFileSystem\SunamoFileSystem\FS.cs(3832,17): warning CS1573: Parameter 'serie' has no matching param tag in the XML comment for 'FS.GetNameWithoutSeries(string, bool, out bool, SerieStyleFS, out int)' (but other parameters do) [E:\vs\Projects\PlatformIndependentNuGetPackages\SunamoFileSystem\SunamoFileSystem\SunamoFileSystem.csproj::TargetFramework=net10.0]
E:\vs\Projects\PlatformIndependentNuGetPackages\SunamoFileSystem\SunamoFileSystem\FS.cs(3903,26): warning CS1591: Missing XML comment for publicly visible type or member 'FS.RemoveSerieUnderscore(string)' [E:\vs\Projects\PlatformIndependentNuGetPackages\SunamoFileSystem\SunamoFileSystem\SunamoFileSystem.csproj::TargetFramework=net10.0]
E:\vs\Projects\PlatformIndependentNuGetPackages\SunamoFileSystem\SunamoFileSystem\FS.cs(3929,24): warning CS1591: Missing XML comment for publicly visible type or member 'FS.DeleteFile(string)' [E:\vs\Projects\PlatformIndependentNuGetPackages\SunamoFileSystem\SunamoFileSystem\SunamoFileSystem.csproj::TargetFramework=net10.0]
E:\vs\Projects\PlatformIndependentNuGetPackages\SunamoFileSystem\SunamoFileSystem\FS.cs(3955,22): warning CS1572: XML comment has a param tag for 'fn', but there is no parameter by that name [E:\vs\Projects\PlatformIndependentNuGetPackages\SunamoFileSystem\SunamoFileSystem\SunamoFileSystem.csproj::TargetFramework=net10.0]
E:\vs\Projects\PlatformIndependentNuGetPackages\SunamoFileSystem\SunamoFileSystem\FS.cs(3959,66): warning CS1573: Parameter 'filePath' has no matching param tag in the XML comment for 'FS.GetPathAndFileNameWithoutExtension(string, out string, out string, out string)' (but other parameters do) [E:\vs\Projects\PlatformIndependentNuGetPackages\SunamoFileSystem\SunamoFileSystem\SunamoFileSystem.csproj::TargetFramework=net10.0]
E:\vs\Projects\PlatformIndependentNuGetPackages\SunamoFileSystem\SunamoFileSystem\FS.cs(3965,26): warning CS1591: Missing XML comment for publicly visible type or member 'FS.PathWithoutExtension(string)' [E:\vs\Projects\PlatformIndependentNuGetPackages\SunamoFileSystem\SunamoFileSystem\SunamoFileSystem.csproj::TargetFramework=net10.0]
E:\vs\Projects\PlatformIndependentNuGetPackages\SunamoFileSystem\SunamoFileSystem\FS.cs(3971,26): warning CS1591: Missing XML comment for publicly visible type or member 'FS.GetFullPath(string)' [E:\vs\Projects\PlatformIndependentNuGetPackages\SunamoFileSystem\SunamoFileSystem\SunamoFileSystem.csproj::TargetFramework=net10.0]
E:\vs\Projects\PlatformIndependentNuGetPackages\SunamoFileSystem\SunamoFileSystem\FS.cs(3977,24): warning CS1591: Missing XML comment for publicly visible type or member 'FS.FileToDirectory(ref string)' [E:\vs\Projects\PlatformIndependentNuGetPackages\SunamoFileSystem\SunamoFileSystem\SunamoFileSystem.csproj::TargetFramework=net10.0]
E:\vs\Projects\PlatformIndependentNuGetPackages\SunamoFileSystem\SunamoFileSystem\FS.cs(4017,32): warning CS1591: Missing XML comment for publicly visible type or member 'FS.FilesWhichSurelyExists' [E:\vs\Projects\PlatformIndependentNuGetPackages\SunamoFileSystem\SunamoFileSystem\SunamoFileSystem.csproj::TargetFramework=net10.0]
E:\vs\Projects\PlatformIndependentNuGetPackages\SunamoFileSystem\SunamoFileSystem\FS.cs(4034,46): warning CS1573: Parameter 'falseIfSizeZeroOrEmpty' has no matching param tag in the XML comment for 'FS.ExistsFile(string, bool)' (but other parameters do) [E:\vs\Projects\PlatformIndependentNuGetPackages\SunamoFileSystem\SunamoFileSystem\SunamoFileSystem.csproj::TargetFramework=net10.0]
E:\vs\Projects\PlatformIndependentNuGetPackages\SunamoFileSystem\SunamoFileSystem\FS.cs(4072,22): warning CS1572: XML comment has a param tag for 'upFolderName', but there is no parameter by that name [E:\vs\Projects\PlatformIndependentNuGetPackages\SunamoFileSystem\SunamoFileSystem\SunamoFileSystem.csproj::TargetFramework=net10.0]
E:\vs\Projects\PlatformIndependentNuGetPackages\SunamoFileSystem\SunamoFileSystem\FS.cs(4073,22): warning CS1572: XML comment has a param tag for 'dirNameDecoded', but there is no parameter by that name [E:\vs\Projects\PlatformIndependentNuGetPackages\SunamoFileSystem\SunamoFileSystem\SunamoFileSystem.csproj::TargetFramework=net10.0]
E:\vs\Projects\PlatformIndependentNuGetPackages\SunamoFileSystem\SunamoFileSystem\FS.cs(4074,50): warning CS1573: Parameter 'parts' has no matching param tag in the XML comment for 'FS.Combine(params string[])' (but other parameters do) [E:\vs\Projects\PlatformIndependentNuGetPackages\SunamoFileSystem\SunamoFileSystem\SunamoFileSystem.csproj::TargetFramework=net10.0]
E:\vs\Projects\PlatformIndependentNuGetPackages\SunamoFileSystem\SunamoFileSystem\FS.cs(4079,26): warning CS1591: Missing XML comment for publicly visible type or member 'FS.CombineFile(params string[])' [E:\vs\Projects\PlatformIndependentNuGetPackages\SunamoFileSystem\SunamoFileSystem\SunamoFileSystem.csproj::TargetFramework=net10.0]
E:\vs\Projects\PlatformIndependentNuGetPackages\SunamoFileSystem\SunamoFileSystem\FS.cs(4083,26): warning CS1591: Missing XML comment for publicly visible type or member 'FS.CombineDir(params string[])' [E:\vs\Projects\PlatformIndependentNuGetPackages\SunamoFileSystem\SunamoFileSystem\SunamoFileSystem.csproj::TargetFramework=net10.0]
E:\vs\Projects\PlatformIndependentNuGetPackages\SunamoFileSystem\SunamoFileSystem\FS.cs(4108,24): warning CS1591: Missing XML comment for publicly visible type or member 'FS.GetFolderSize(string)' [E:\vs\Projects\PlatformIndependentNuGetPackages\SunamoFileSystem\SunamoFileSystem\SunamoFileSystem.csproj::TargetFramework=net10.0]
E:\vs\Projects\PlatformIndependentNuGetPackages\SunamoFileSystem\SunamoFileSystem\FS.cs(4112,24): warning CS1591: Missing XML comment for publicly visible type or member 'FS.GetFolderSize(DirectoryInfo)' [E:\vs\Projects\PlatformIndependentNuGetPackages\SunamoFileSystem\SunamoFileSystem\SunamoFileSystem.csproj::TargetFramework=net10.0]
E:\vs\Projects\PlatformIndependentNuGetPackages\SunamoFileSystem\SunamoFileSystem\FS.cs(4142,52): warning CS1591: Missing XML comment for publicly visible type or member 'FS.GroupFilesByName(List<string>)' [E:\vs\Projects\PlatformIndependentNuGetPackages\SunamoFileSystem\SunamoFileSystem\SunamoFileSystem.csproj::TargetFramework=net10.0]
E:\vs\Projects\PlatformIndependentNuGetPackages\SunamoFileSystem\SunamoFileSystem\FS.cs(4148,26): warning CS1591: Missing XML comment for publicly visible type or member 'FS.BasePath(List<string>, string)' [E:\vs\Projects\PlatformIndependentNuGetPackages\SunamoFileSystem\SunamoFileSystem\SunamoFileSystem.csproj::TargetFramework=net10.0]
E:\vs\Projects\PlatformIndependentNuGetPackages\SunamoFileSystem\SunamoFileSystem\FS.cs(4155,24): warning CS1591: Missing XML comment for publicly visible type or member 'FS.HasAnyFoldersOrFiles(string)' [E:\vs\Projects\PlatformIndependentNuGetPackages\SunamoFileSystem\SunamoFileSystem\SunamoFileSystem.csproj::TargetFramework=net10.0]
E:\vs\Projects\PlatformIndependentNuGetPackages\SunamoFileSystem\SunamoFileSystem\FS.cs(4160,24): warning CS1591: Missing XML comment for publicly visible type or member 'FS.MoveDirectoryNoRecursive(string, string, DirectoryMoveCollisionOption, object)' [E:\vs\Projects\PlatformIndependentNuGetPackages\SunamoFileSystem\SunamoFileSystem\SunamoFileSystem.csproj::TargetFramework=net10.0]
E:\vs\Projects\PlatformIndependentNuGetPackages\SunamoFileSystem\SunamoFileSystem\SerieStyleFS.cs(25,5): warning CS1591: Missing XML comment for publicly visible type or member 'SerieStyleFS.All' [E:\vs\Projects\PlatformIndependentNuGetPackages\SunamoFileSystem\SunamoFileSystem\SunamoFileSystem.csproj::TargetFramework=net10.0]
E:\vs\Projects\PlatformIndependentNuGetPackages\SunamoFileSystem\SunamoFileSystem\Services\PathFormatDetectorService.cs(4,14): warning CS1591: Missing XML comment for publicly visible type or member 'PathFormatDetectorService' [E:\vs\Projects\PlatformIndependentNuGetPackages\SunamoFileSystem\SunamoFileSystem\SunamoFileSystem.csproj::TargetFramework=net10.0]
E:\vs\Projects\PlatformIndependentNuGetPackages\SunamoFileSystem\SunamoFileSystem\Services\PathFormatDetectorService.cs(4,14): warning CS1591: Missing XML comment for publicly visible type or member 'PathFormatDetectorService.PathFormatDetectorService(ILogger)' [E:\vs\Projects\PlatformIndependentNuGetPackages\SunamoFileSystem\SunamoFileSystem\SunamoFileSystem.csproj::TargetFramework=net10.0]
E:\vs\Projects\PlatformIndependentNuGetPackages\SunamoFileSystem\SunamoFileSystem\Services\PathFormatDetectorService.cs(6,17): warning CS1591: Missing XML comment for publicly visible type or member 'PathFormatDetectorService.IsWindowsPathFormat(string)' [E:\vs\Projects\PlatformIndependentNuGetPackages\SunamoFileSystem\SunamoFileSystem\SunamoFileSystem.csproj::TargetFramework=net10.0]
E:\vs\Projects\PlatformIndependentNuGetPackages\SunamoFileSystem\SunamoFileSystem\_public\SunamoCollectionsGeneric\Collections\FsWatcherDictionary.cs(4,14): warning CS1591: Missing XML comment for publicly visible type or member 'FsWatcherDictionary<T, U>' [E:\vs\Projects\PlatformIndependentNuGetPackages\SunamoFileSystem\SunamoFileSystem\SunamoFileSystem.csproj::TargetFramework=net10.0]
E:\vs\Projects\PlatformIndependentNuGetPackages\SunamoFileSystem\SunamoFileSystem\_public\SunamoCollectionsGeneric\Collections\FsWatcherDictionary.cs(9,14): warning CS1591: Missing XML comment for publicly visible type or member 'FsWatcherDictionary<T, U>.this[T]' [E:\vs\Projects\PlatformIndependentNuGetPackages\SunamoFileSystem\SunamoFileSystem\SunamoFileSystem.csproj::TargetFramework=net10.0]
E:\vs\Projects\PlatformIndependentNuGetPackages\SunamoFileSystem\SunamoFileSystem\_public\SunamoCollectionsGeneric\Collections\FsWatcherDictionary.cs(19,27): warning CS1591: Missing XML comment for publicly visible type or member 'FsWatcherDictionary<T, U>.Keys' [E:\vs\Projects\PlatformIndependentNuGetPackages\SunamoFileSystem\SunamoFileSystem\SunamoFileSystem.csproj::TargetFramework=net10.0]
E:\vs\Projects\PlatformIndependentNuGetPackages\SunamoFileSystem\SunamoFileSystem\_public\SunamoCollectionsGeneric\Collections\FsWatcherDictionary.cs(20,27): warning CS1591: Missing XML comment for publicly visible type or member 'FsWatcherDictionary<T, U>.Values' [E:\vs\Projects\PlatformIndependentNuGetPackages\SunamoFileSystem\SunamoFileSystem\SunamoFileSystem.csproj::TargetFramework=net10.0]
E:\vs\Projects\PlatformIndependentNuGetPackages\SunamoFileSystem\SunamoFileSystem\_public\SunamoCollectionsGeneric\Collections\FsWatcherDictionary.cs(21,16): warning CS1591: Missing XML comment for publicly visible type or member 'FsWatcherDictionary<T, U>.Count' [E:\vs\Projects\PlatformIndependentNuGetPackages\SunamoFileSystem\SunamoFileSystem\SunamoFileSystem.csproj::TargetFramework=net10.0]
E:\vs\Projects\PlatformIndependentNuGetPackages\SunamoFileSystem\SunamoFileSystem\_public\SunamoCollectionsGeneric\Collections\FsWatcherDictionary.cs(22,17): warning CS1591: Missing XML comment for publicly visible type or member 'FsWatcherDictionary<T, U>.IsReadOnly' [E:\vs\Projects\PlatformIndependentNuGetPackages\SunamoFileSystem\SunamoFileSystem\SunamoFileSystem.csproj::TargetFramework=net10.0]
E:\vs\Projects\PlatformIndependentNuGetPackages\SunamoFileSystem\SunamoFileSystem\_public\SunamoCollectionsGeneric\Collections\FsWatcherDictionary.cs(24,17): warning CS1591: Missing XML comment for publicly visible type or member 'FsWatcherDictionary<T, U>.Add(T, U)' [E:\vs\Projects\PlatformIndependentNuGetPackages\SunamoFileSystem\SunamoFileSystem\SunamoFileSystem.csproj::TargetFramework=net10.0]
E:\vs\Projects\PlatformIndependentNuGetPackages\SunamoFileSystem\SunamoFileSystem\_public\SunamoCollectionsGeneric\Collections\FsWatcherDictionary.cs(32,17): warning CS1591: Missing XML comment for publicly visible type or member 'FsWatcherDictionary<T, U>.Add(KeyValuePair<T, U>)' [E:\vs\Projects\PlatformIndependentNuGetPackages\SunamoFileSystem\SunamoFileSystem\SunamoFileSystem.csproj::TargetFramework=net10.0]
E:\vs\Projects\PlatformIndependentNuGetPackages\SunamoFileSystem\SunamoFileSystem\_public\SunamoCollectionsGeneric\Collections\FsWatcherDictionary.cs(37,17): warning CS1591: Missing XML comment for publicly visible type or member 'FsWatcherDictionary<T, U>.Clear()' [E:\vs\Projects\PlatformIndependentNuGetPackages\SunamoFileSystem\SunamoFileSystem\SunamoFileSystem.csproj::TargetFramework=net10.0]
E:\vs\Projects\PlatformIndependentNuGetPackages\SunamoFileSystem\SunamoFileSystem\_public\SunamoCollectionsGeneric\Collections\FsWatcherDictionary.cs(42,17): warning CS1591: Missing XML comment for publicly visible type or member 'FsWatcherDictionary<T, U>.Contains(KeyValuePair<T, U>)' [E:\vs\Projects\PlatformIndependentNuGetPackages\SunamoFileSystem\SunamoFileSystem\SunamoFileSystem.csproj::TargetFramework=net10.0]
E:\vs\Projects\PlatformIndependentNuGetPackages\SunamoFileSystem\SunamoFileSystem\_public\SunamoCollectionsGeneric\Collections\FsWatcherDictionary.cs(47,17): warning CS1591: Missing XML comment for publicly visible type or member 'FsWatcherDictionary<T, U>.ContainsKey(T)' [E:\vs\Projects\PlatformIndependentNuGetPackages\SunamoFileSystem\SunamoFileSystem\SunamoFileSystem.csproj::TargetFramework=net10.0]
E:\vs\Projects\PlatformIndependentNuGetPackages\SunamoFileSystem\SunamoFileSystem\_public\SunamoCollectionsGeneric\Collections\FsWatcherDictionary.cs(52,17): warning CS1591: Missing XML comment for publicly visible type or member 'FsWatcherDictionary<T, U>.CopyTo(KeyValuePair<T, U>[], int)' [E:\vs\Projects\PlatformIndependentNuGetPackages\SunamoFileSystem\SunamoFileSystem\SunamoFileSystem.csproj::TargetFramework=net10.0]
E:\vs\Projects\PlatformIndependentNuGetPackages\SunamoFileSystem\SunamoFileSystem\_public\SunamoCollectionsGeneric\Collections\FsWatcherDictionary.cs(57,44): warning CS1591: Missing XML comment for publicly visible type or member 'FsWatcherDictionary<T, U>.GetEnumerator()' [E:\vs\Projects\PlatformIndependentNuGetPackages\SunamoFileSystem\SunamoFileSystem\SunamoFileSystem.csproj::TargetFramework=net10.0]
E:\vs\Projects\PlatformIndependentNuGetPackages\SunamoFileSystem\SunamoFileSystem\_public\SunamoCollectionsGeneric\Collections\FsWatcherDictionary.cs(62,17): warning CS1591: Missing XML comment for publicly visible type or member 'FsWatcherDictionary<T, U>.Remove(T)' [E:\vs\Projects\PlatformIndependentNuGetPackages\SunamoFileSystem\SunamoFileSystem\SunamoFileSystem.csproj::TargetFramework=net10.0]
E:\vs\Projects\PlatformIndependentNuGetPackages\SunamoFileSystem\SunamoFileSystem\_public\SunamoCollectionsGeneric\Collections\FsWatcherDictionary.cs(67,17): warning CS1591: Missing XML comment for publicly visible type or member 'FsWatcherDictionary<T, U>.Remove(KeyValuePair<T, U>)' [E:\vs\Projects\PlatformIndependentNuGetPackages\SunamoFileSystem\SunamoFileSystem\SunamoFileSystem.csproj::TargetFramework=net10.0]
E:\vs\Projects\PlatformIndependentNuGetPackages\SunamoFileSystem\SunamoFileSystem\_public\SunamoCollectionsGeneric\Collections\FsWatcherDictionary.cs(72,17): warning CS1591: Missing XML comment for publicly visible type or member 'FsWatcherDictionary<T, U>.TryGetValue(T, out U)' [E:\vs\Projects\PlatformIndependentNuGetPackages\SunamoFileSystem\SunamoFileSystem\SunamoFileSystem.csproj::TargetFramework=net10.0]
E:\vs\Projects\PlatformIndependentNuGetPackages\SunamoFileSystem\SunamoFileSystem\_public\SunamoEnums\Enums\AscDesc.cs(4,13): warning CS1591: Missing XML comment for publicly visible type or member 'AscDesc' [E:\vs\Projects\PlatformIndependentNuGetPackages\SunamoFileSystem\SunamoFileSystem\SunamoFileSystem.csproj::TargetFramework=net10.0]
E:\vs\Projects\PlatformIndependentNuGetPackages\SunamoFileSystem\SunamoFileSystem\_public\SunamoEnums\Enums\AscDesc.cs(6,5): warning CS1591: Missing XML comment for publicly visible type or member 'AscDesc.Asc' [E:\vs\Projects\PlatformIndependentNuGetPackages\SunamoFileSystem\SunamoFileSystem\SunamoFileSystem.csproj::TargetFramework=net10.0]
E:\vs\Projects\PlatformIndependentNuGetPackages\SunamoFileSystem\SunamoFileSystem\_public\SunamoEnums\Enums\AscDesc.cs(7,5): warning CS1591: Missing XML comment for publicly visible type or member 'AscDesc.Desc' [E:\vs\Projects\PlatformIndependentNuGetPackages\SunamoFileSystem\SunamoFileSystem\SunamoFileSystem.csproj::TargetFramework=net10.0]
E:\vs\Projects\PlatformIndependentNuGetPackages\SunamoFileSystem\SunamoFileSystem\_public\SunamoEnums\Enums\DirectoryCreateCollisionOption.cs(4,13): warning CS1591: Missing XML comment for publicly visible type or member 'DirectoryCreateCollisionOption' [E:\vs\Projects\PlatformIndependentNuGetPackages\SunamoFileSystem\SunamoFileSystem\SunamoFileSystem.csproj::TargetFramework=net10.0]
E:\vs\Projects\PlatformIndependentNuGetPackages\SunamoFileSystem\SunamoFileSystem\_public\SunamoEnums\Enums\DirectoryCreateCollisionOption.cs(6,5): warning CS1591: Missing XML comment for publicly visible type or member 'DirectoryCreateCollisionOption.Delete' [E:\vs\Projects\PlatformIndependentNuGetPackages\SunamoFileSystem\SunamoFileSystem\SunamoFileSystem.csproj::TargetFramework=net10.0]
E:\vs\Projects\PlatformIndependentNuGetPackages\SunamoFileSystem\SunamoFileSystem\_public\SunamoEnums\Enums\DirectoryCreateCollisionOption.cs(7,5): warning CS1591: Missing XML comment for publicly visible type or member 'DirectoryCreateCollisionOption.Overwrite' [E:\vs\Projects\PlatformIndependentNuGetPackages\SunamoFileSystem\SunamoFileSystem\SunamoFileSystem.csproj::TargetFramework=net10.0]
E:\vs\Projects\PlatformIndependentNuGetPackages\SunamoFileSystem\SunamoFileSystem\_public\SunamoEnums\Enums\DirectoryCreateCollisionOption.cs(8,5): warning CS1591: Missing XML comment for publicly visible type or member 'DirectoryCreateCollisionOption.AddSerie' [E:\vs\Projects\PlatformIndependentNuGetPackages\SunamoFileSystem\SunamoFileSystem\SunamoFileSystem.csproj::TargetFramework=net10.0]
E:\vs\Projects\PlatformIndependentNuGetPackages\SunamoFileSystem\SunamoFileSystem\_public\SunamoEnums\Enums\EnvironmentVariables.cs(4,13): warning CS1591: Missing XML comment for publicly visible type or member 'EnvironmentVariables' [E:\vs\Projects\PlatformIndependentNuGetPackages\SunamoFileSystem\SunamoFileSystem\SunamoFileSystem.csproj::TargetFramework=net10.0]
E:\vs\Projects\PlatformIndependentNuGetPackages\SunamoFileSystem\SunamoFileSystem\_public\SunamoEnums\Enums\EnvironmentVariables.cs(6,5): warning CS1591: Missing XML comment for publicly visible type or member 'EnvironmentVariables.userprofile' [E:\vs\Projects\PlatformIndependentNuGetPackages\SunamoFileSystem\SunamoFileSystem\SunamoFileSystem.csproj::TargetFramework=net10.0]
E:\vs\Projects\PlatformIndependentNuGetPackages\SunamoFileSystem\SunamoFileSystem\_sunamo\SunamoDictionary\DictionaryHelper.cs(29,22): warning CS1572: XML comment has a param tag for 'sl', but there is no parameter by that name [E:\vs\Projects\PlatformIndependentNuGetPackages\SunamoFileSystem\SunamoFileSystem\SunamoFileSystem.csproj::TargetFramework=net10.0]
E:\vs\Projects\PlatformIndependentNuGetPackages\SunamoFileSystem\SunamoFileSystem\_sunamo\SunamoDictionary\DictionaryHelper.cs(32,91): warning CS1573: Parameter 'dictionary' has no matching param tag in the XML comment for 'DictionaryHelper.AddOrCreateIfDontExists<Key, Value>(Dictionary<Key, List<Value>>, Key, Value)' (but other parameters do) [E:\vs\Projects\PlatformIndependentNuGetPackages\SunamoFileSystem\SunamoFileSystem\SunamoFileSystem.csproj::TargetFramework=net10.0]
E:\vs\Projects\PlatformIndependentNuGetPackages\SunamoFileSystem\SunamoFileSystem\_sunamo\SunamoDictionary\DictionaryHelper.cs(57,22): warning CS1572: XML comment has a param tag for 'sl', but there is no parameter by that name [E:\vs\Projects\PlatformIndependentNuGetPackages\SunamoFileSystem\SunamoFileSystem\SunamoFileSystem.csproj::TargetFramework=net10.0]
E:\vs\Projects\PlatformIndependentNuGetPackages\SunamoFileSystem\SunamoFileSystem\_sunamo\SunamoDictionary\DictionaryHelper.cs(60,89): warning CS1573: Parameter 'dictionary' has no matching param tag in the XML comment for 'DictionaryHelper.AddOrCreate<Key, Value, ColType>(IDictionary<Key, List<Value>>, Key, Value, bool, Dictionary<Key, List<string>>?)' (but other parameters do) [E:\vs\Projects\PlatformIndependentNuGetPackages\SunamoFileSystem\SunamoFileSystem\SunamoFileSystem.csproj::TargetFramework=net10.0]
E:\vs\Projects\PlatformIndependentNuGetPackages\SunamoFileSystem\SunamoFileSystem\_sunamo\SunamoDictionary\DictionaryHelper.cs(61,14): warning CS1573: Parameter 'withoutDuplicitiesInValue' has no matching param tag in the XML comment for 'DictionaryHelper.AddOrCreate<Key, Value, ColType>(IDictionary<Key, List<Value>>, Key, Value, bool, Dictionary<Key, List<string>>?)' (but other parameters do) [E:\vs\Projects\PlatformIndependentNuGetPackages\SunamoFileSystem\SunamoFileSystem\SunamoFileSystem.csproj::TargetFramework=net10.0]
E:\vs\Projects\PlatformIndependentNuGetPackages\SunamoFileSystem\SunamoFileSystem\_sunamo\SunamoDictionary\DictionaryHelper.cs(61,80): warning CS1573: Parameter 'stringDict' has no matching param tag in the XML comment for 'DictionaryHelper.AddOrCreate<Key, Value, ColType>(IDictionary<Key, List<Value>>, Key, Value, bool, Dictionary<Key, List<string>>?)' (but other parameters do) [E:\vs\Projects\PlatformIndependentNuGetPackages\SunamoFileSystem\SunamoFileSystem\SunamoFileSystem.csproj::TargetFramework=net10.0]
E:\vs\Projects\PlatformIndependentNuGetPackages\SunamoFileSystem\SunamoFileSystem\_sunamo\SunamoGetFiles\FSGetFiles.cs(53,22): warning CS1572: XML comment has a param tag for 'ask', but there is no parameter by that name [E:\vs\Projects\PlatformIndependentNuGetPackages\SunamoFileSystem\SunamoFileSystem\SunamoFileSystem.csproj::TargetFramework=net10.0]
E:\vs\Projects\PlatformIndependentNuGetPackages\SunamoFileSystem\SunamoFileSystem\_sunamo\SunamoGetFiles\FSGetFiles.cs(55,22): warning CS1572: XML comment has a param tag for '_trimA1', but there is no parameter by that name [E:\vs\Projects\PlatformIndependentNuGetPackages\SunamoFileSystem\SunamoFileSystem\SunamoFileSystem.csproj::TargetFramework=net10.0]
E:\vs\Projects\PlatformIndependentNuGetPackages\SunamoFileSystem\SunamoFileSystem\_sunamo\SunamoGetFiles\FSGetFiles.cs(56,76): warning CS1573: Parameter 'mask' has no matching param tag in the XML comment for 'FSGetFiles.GetFilesEveryFolder(string, string, SearchOption, GetFilesEveryFolderArgsFS)' (but other parameters do) [E:\vs\Projects\PlatformIndependentNuGetPackages\SunamoFileSystem\SunamoFileSystem\SunamoFileSystem.csproj::TargetFramework=net10.0]
E:\vs\Projects\PlatformIndependentNuGetPackages\SunamoFileSystem\SunamoFileSystem\_sunamo\SunamoGetFiles\FSGetFiles.cs(57,35): warning CS1573: Parameter 'e' has no matching param tag in the XML comment for 'FSGetFiles.GetFilesEveryFolder(string, string, SearchOption, GetFilesEveryFolderArgsFS)' (but other parameters do) [E:\vs\Projects\PlatformIndependentNuGetPackages\SunamoFileSystem\SunamoFileSystem\SunamoFileSystem.csproj::TargetFramework=net10.0]
E:\vs\Projects\PlatformIndependentNuGetPackages\SunamoFileSystem\SunamoFileSystem\_sunamo\SunamoGetFiles\FSGetFiles.cs(202,22): warning CS1572: XML comment has a param tag for 'folder', but there is no parameter by that name [E:\vs\Projects\PlatformIndependentNuGetPackages\SunamoFileSystem\SunamoFileSystem\SunamoFileSystem.csproj::TargetFramework=net10.0]
E:\vs\Projects\PlatformIndependentNuGetPackages\SunamoFileSystem\SunamoFileSystem\_sunamo\SunamoGetFiles\FSGetFiles.cs(205,50): warning CS1573: Parameter 'folder2' has no matching param tag in the XML comment for 'FSGetFiles.GetFiles(string, string, SearchOption, GetFilesArgsFS)' (but other parameters do) [E:\vs\Projects\PlatformIndependentNuGetPackages\SunamoFileSystem\SunamoFileSystem\SunamoFileSystem.csproj::TargetFramework=net10.0]
E:\vs\Projects\PlatformIndependentNuGetPackages\SunamoFileSystem\SunamoFileSystem\_sunamo\SunamoGetFiles\FSGetFiles.cs(206,24): warning CS1573: Parameter 'a' has no matching param tag in the XML comment for 'FSGetFiles.GetFiles(string, string, SearchOption, GetFilesArgsFS)' (but other parameters do) [E:\vs\Projects\PlatformIndependentNuGetPackages\SunamoFileSystem\SunamoFileSystem\SunamoFileSystem.csproj::TargetFramework=net10.0]
E:\vs\Projects\PlatformIndependentNuGetPackages\SunamoFileSystem\SunamoFileSystem\_sunamo\SunamoGetFolders\FSGetFolders.cs(69,22): warning CS1572: XML comment has a param tag for 'mask', but there is no parameter by that name [E:\vs\Projects\PlatformIndependentNuGetPackages\SunamoFileSystem\SunamoFileSystem\SunamoFileSystem.csproj::TargetFramework=net10.0]
E:\vs\Projects\PlatformIndependentNuGetPackages\SunamoFileSystem\SunamoFileSystem\_sunamo\SunamoGetFolders\FSGetFolders.cs(70,86): warning CS1573: Parameter 'e' has no matching param tag in the XML comment for 'FSGetFolders.GetFoldersEveryFolder(string, GetFilesArgsFS)' (but other parameters do) [E:\vs\Projects\PlatformIndependentNuGetPackages\SunamoFileSystem\SunamoFileSystem\SunamoFileSystem.csproj::TargetFramework=net10.0]
E:\vs\Projects\PlatformIndependentNuGetPackages\SunamoFileSystem\SunamoFileSystem\FS.cs(556,13): warning CS1587: XML comment is not placed on a valid language element [E:\vs\Projects\PlatformIndependentNuGetPackages\SunamoFileSystem\SunamoFileSystem\SunamoFileSystem.csproj::TargetFramework=net10.0]
  SunamoFileSystem -> E:\vs\Projects\PlatformIndependentNuGetPackages\SunamoFileSystem\SunamoFileSystem\bin\Debug\net10.0\SunamoFileSystem.dll
E:\vs\Projects\PlatformIndependentNuGetPackages\SunamoFileSystem\SunamoFileSystem\_sunamo\SunamoCollections\CA.cs(79,54): warning CS8625: Cannot convert null literal to non-nullable reference type. [E:\vs\Projects\PlatformIndependentNuGetPackages\SunamoFileSystem\SunamoFileSystem\SunamoFileSystem.csproj::TargetFramework=net9.0]
E:\vs\Projects\PlatformIndependentNuGetPackages\SunamoFileSystem\SunamoFileSystem\_sunamo\SunamoGetFiles\FSGetFiles.cs(206,28): warning CS8625: Cannot convert null literal to non-nullable reference type. [E:\vs\Projects\PlatformIndependentNuGetPackages\SunamoFileSystem\SunamoFileSystem\SunamoFileSystem.csproj::TargetFramework=net9.0]
E:\vs\Projects\PlatformIndependentNuGetPackages\SunamoFileSystem\SunamoFileSystem\_sunamo\SunamoGetFiles\FSGetFiles.cs(57,39): warning CS8625: Cannot convert null literal to non-nullable reference type. [E:\vs\Projects\PlatformIndependentNuGetPackages\SunamoFileSystem\SunamoFileSystem\SunamoFileSystem.csproj::TargetFramework=net9.0]
E:\vs\Projects\PlatformIndependentNuGetPackages\SunamoFileSystem\SunamoFileSystem\_sunamo\SunamoGetFiles\FSGetFiles.cs(289,34): warning CS8625: Cannot convert null literal to non-nullable reference type. [E:\vs\Projects\PlatformIndependentNuGetPackages\SunamoFileSystem\SunamoFileSystem\SunamoFileSystem.csproj::TargetFramework=net9.0]
E:\vs\Projects\PlatformIndependentNuGetPackages\SunamoFileSystem\SunamoFileSystem\_sunamo\SunamoGetFiles\FSGetFiles.cs(410,28): warning CS8625: Cannot convert null literal to non-nullable reference type. [E:\vs\Projects\PlatformIndependentNuGetPackages\SunamoFileSystem\SunamoFileSystem\SunamoFileSystem.csproj::TargetFramework=net9.0]
E:\vs\Projects\PlatformIndependentNuGetPackages\SunamoFileSystem\SunamoFileSystem\_sunamo\SunamoGetFolders\FSGetFolders.cs(16,100): warning CS8625: Cannot convert null literal to non-nullable reference type. [E:\vs\Projects\PlatformIndependentNuGetPackages\SunamoFileSystem\SunamoFileSystem\SunamoFileSystem.csproj::TargetFramework=net9.0]
E:\vs\Projects\PlatformIndependentNuGetPackages\SunamoFileSystem\SunamoFileSystem\_sunamo\SunamoGetFolders\FSGetFolders.cs(70,90): warning CS8625: Cannot convert null literal to non-nullable reference type. [E:\vs\Projects\PlatformIndependentNuGetPackages\SunamoFileSystem\SunamoFileSystem\SunamoFileSystem.csproj::TargetFramework=net9.0]
E:\vs\Projects\PlatformIndependentNuGetPackages\SunamoFileSystem\SunamoFileSystem\FS.cs(269,77): warning CS8625: Cannot convert null literal to non-nullable reference type. [E:\vs\Projects\PlatformIndependentNuGetPackages\SunamoFileSystem\SunamoFileSystem\SunamoFileSystem.csproj::TargetFramework=net9.0]
E:\vs\Projects\PlatformIndependentNuGetPackages\SunamoFileSystem\SunamoFileSystem\FS.cs(1238,161): warning CS8625: Cannot convert null literal to non-nullable reference type. [E:\vs\Projects\PlatformIndependentNuGetPackages\SunamoFileSystem\SunamoFileSystem\SunamoFileSystem.csproj::TargetFramework=net9.0]
E:\vs\Projects\PlatformIndependentNuGetPackages\SunamoFileSystem\SunamoFileSystem\FS.cs(1409,98): warning CS8625: Cannot convert null literal to non-nullable reference type. [E:\vs\Projects\PlatformIndependentNuGetPackages\SunamoFileSystem\SunamoFileSystem\SunamoFileSystem.csproj::TargetFramework=net9.0]
E:\vs\Projects\PlatformIndependentNuGetPackages\SunamoFileSystem\SunamoFileSystem\FS.cs(1444,103): warning CS8625: Cannot convert null literal to non-nullable reference type. [E:\vs\Projects\PlatformIndependentNuGetPackages\SunamoFileSystem\SunamoFileSystem\SunamoFileSystem.csproj::TargetFramework=net9.0]
E:\vs\Projects\PlatformIndependentNuGetPackages\SunamoFileSystem\SunamoFileSystem\FS.cs(2599,147): warning CS8625: Cannot convert null literal to non-nullable reference type. [E:\vs\Projects\PlatformIndependentNuGetPackages\SunamoFileSystem\SunamoFileSystem\SunamoFileSystem.csproj::TargetFramework=net9.0]
E:\vs\Projects\PlatformIndependentNuGetPackages\SunamoFileSystem\SunamoFileSystem\FS.cs(2610,136): warning CS8625: Cannot convert null literal to non-nullable reference type. [E:\vs\Projects\PlatformIndependentNuGetPackages\SunamoFileSystem\SunamoFileSystem\SunamoFileSystem.csproj::TargetFramework=net9.0]
E:\vs\Projects\PlatformIndependentNuGetPackages\SunamoFileSystem\SunamoFileSystem\_sunamo\SunamoArgs\GetFilesBaseArgsFS.cs(10,51): warning CS8625: Cannot convert null literal to non-nullable reference type. [E:\vs\Projects\PlatformIndependentNuGetPackages\SunamoFileSystem\SunamoFileSystem\SunamoFileSystem.csproj::TargetFramework=net9.0]
E:\vs\Projects\PlatformIndependentNuGetPackages\SunamoFileSystem\SunamoFileSystem\_public\SunamoData\Data\TWithInt.cs(28,16): warning CS8603: Possible null reference return. [E:\vs\Projects\PlatformIndependentNuGetPackages\SunamoFileSystem\SunamoFileSystem\SunamoFileSystem.csproj::TargetFramework=net9.0]
E:\vs\Projects\PlatformIndependentNuGetPackages\SunamoFileSystem\SunamoFileSystem\_sunamo\SunamoCollections\CA.cs(17,50): warning CS8604: Possible null reference argument for parameter 'item' in 'void List<T>.Add(T item)'. [E:\vs\Projects\PlatformIndependentNuGetPackages\SunamoFileSystem\SunamoFileSystem\SunamoFileSystem.csproj::TargetFramework=net9.0]
E:\vs\Projects\PlatformIndependentNuGetPackages\SunamoFileSystem\SunamoFileSystem\_sunamo\SunamoGetFolders\Args\GetFoldersEveryFolderArgs.cs(14,62): warning CS8625: Cannot convert null literal to non-nullable reference type. [E:\vs\Projects\PlatformIndependentNuGetPackages\SunamoFileSystem\SunamoFileSystem\SunamoFileSystem.csproj::TargetFramework=net9.0]
E:\vs\Projects\PlatformIndependentNuGetPackages\SunamoFileSystem\SunamoFileSystem\_public\SunamoCollectionsGeneric\Collections\FsWatcherDictionary.cs(14,20): warning CS8603: Possible null reference return. [E:\vs\Projects\PlatformIndependentNuGetPackages\SunamoFileSystem\SunamoFileSystem\SunamoFileSystem.csproj::TargetFramework=net9.0]
E:\vs\Projects\PlatformIndependentNuGetPackages\SunamoFileSystem\SunamoFileSystem\_sunamo\SunamoGetFolders\FSGetFolders.cs(18,32): warning CS8600: Converting null literal or possible null value to non-nullable type. [E:\vs\Projects\PlatformIndependentNuGetPackages\SunamoFileSystem\SunamoFileSystem\SunamoFileSystem.csproj::TargetFramework=net9.0]
E:\vs\Projects\PlatformIndependentNuGetPackages\SunamoFileSystem\SunamoFileSystem\_sunamo\SunamoGetFolders\FSGetFolders.cs(23,54): warning CS8625: Cannot convert null literal to non-nullable reference type. [E:\vs\Projects\PlatformIndependentNuGetPackages\SunamoFileSystem\SunamoFileSystem\SunamoFileSystem.csproj::TargetFramework=net9.0]
E:\vs\Projects\PlatformIndependentNuGetPackages\SunamoFileSystem\SunamoFileSystem\_sunamo\SunamoCollectionsChangeContent\CAChangeContent.cs(20,47): warning CS8625: Cannot convert null literal to non-nullable reference type. [E:\vs\Projects\PlatformIndependentNuGetPackages\SunamoFileSystem\SunamoFileSystem\SunamoFileSystem.csproj::TargetFramework=net9.0]
E:\vs\Projects\PlatformIndependentNuGetPackages\SunamoFileSystem\SunamoFileSystem\FS.cs(20,17): warning CS8602: Dereference of a possibly null reference. [E:\vs\Projects\PlatformIndependentNuGetPackages\SunamoFileSystem\SunamoFileSystem\SunamoFileSystem.csproj::TargetFramework=net9.0]
E:\vs\Projects\PlatformIndependentNuGetPackages\SunamoFileSystem\SunamoFileSystem\_sunamo\SunamoStringParts\SHParts.cs(8,36): warning CS8604: Possible null reference argument for parameter 'value' in 'int string.LastIndexOf(string value)'. [E:\vs\Projects\PlatformIndependentNuGetPackages\SunamoFileSystem\SunamoFileSystem\SunamoFileSystem.csproj::TargetFramework=net9.0]
E:\vs\Projects\PlatformIndependentNuGetPackages\SunamoFileSystem\SunamoFileSystem\FS.cs(72,44): warning CS8604: Possible null reference argument for parameter 'path' in 'void FS.CreateFoldersPsysicallyUnlessThere(string path)'. [E:\vs\Projects\PlatformIndependentNuGetPackages\SunamoFileSystem\SunamoFileSystem\SunamoFileSystem.csproj::TargetFramework=net9.0]
E:\vs\Projects\PlatformIndependentNuGetPackages\SunamoFileSystem\SunamoFileSystem\_public\SunamoCollectionsGeneric\Collections\FsWatcherDictionary.cs(74,45): warning CS8601: Possible null reference assignment. [E:\vs\Projects\PlatformIndependentNuGetPackages\SunamoFileSystem\SunamoFileSystem\SunamoFileSystem.csproj::TargetFramework=net9.0]
E:\vs\Projects\PlatformIndependentNuGetPackages\SunamoFileSystem\SunamoFileSystem\_sunamo\SunamoDictionary\DictionaryHelper.cs(73,21): warning CS8604: Possible null reference argument for parameter 'first' in 'bool Enumerable.SequenceEqual<ColType>(IEnumerable<ColType> first, IEnumerable<ColType> second)'. [E:\vs\Projects\PlatformIndependentNuGetPackages\SunamoFileSystem\SunamoFileSystem\SunamoFileSystem.csproj::TargetFramework=net9.0]
E:\vs\Projects\PlatformIndependentNuGetPackages\SunamoFileSystem\SunamoFileSystem\_sunamo\SunamoDictionary\DictionaryHelper.cs(73,55): warning CS8604: Possible null reference argument for parameter 'second' in 'bool Enumerable.SequenceEqual<ColType>(IEnumerable<ColType> first, IEnumerable<ColType> second)'. [E:\vs\Projects\PlatformIndependentNuGetPackages\SunamoFileSystem\SunamoFileSystem\SunamoFileSystem.csproj::TargetFramework=net9.0]
E:\vs\Projects\PlatformIndependentNuGetPackages\SunamoFileSystem\SunamoFileSystem\_sunamo\SunamoDictionary\DictionaryHelper.cs(81,25): warning CS8604: Possible null reference argument for parameter 'first' in 'bool Enumerable.SequenceEqual<ColType>(IEnumerable<ColType> first, IEnumerable<ColType> second)'. [E:\vs\Projects\PlatformIndependentNuGetPackages\SunamoFileSystem\SunamoFileSystem\SunamoFileSystem.csproj::TargetFramework=net9.0]
E:\vs\Projects\PlatformIndependentNuGetPackages\SunamoFileSystem\SunamoFileSystem\_sunamo\SunamoDictionary\DictionaryHelper.cs(81,59): warning CS8604: Possible null reference argument for parameter 'second' in 'bool Enumerable.SequenceEqual<ColType>(IEnumerable<ColType> first, IEnumerable<ColType> second)'. [E:\vs\Projects\PlatformIndependentNuGetPackages\SunamoFileSystem\SunamoFileSystem\SunamoFileSystem.csproj::TargetFramework=net9.0]
E:\vs\Projects\PlatformIndependentNuGetPackages\SunamoFileSystem\SunamoFileSystem\_sunamo\SunamoDictionary\DictionaryHelper.cs(99,36): warning CS8602: Dereference of a possibly null reference. [E:\vs\Projects\PlatformIndependentNuGetPackages\SunamoFileSystem\SunamoFileSystem\SunamoFileSystem.csproj::TargetFramework=net9.0]
E:\vs\Projects\PlatformIndependentNuGetPackages\SunamoFileSystem\SunamoFileSystem\_sunamo\SunamoDictionary\DictionaryHelper.cs(99,36): warning CS8604: Possible null reference argument for parameter 'item' in 'void List<string>.Add(string item)'. [E:\vs\Projects\PlatformIndependentNuGetPackages\SunamoFileSystem\SunamoFileSystem\SunamoFileSystem.csproj::TargetFramework=net9.0]
E:\vs\Projects\PlatformIndependentNuGetPackages\SunamoFileSystem\SunamoFileSystem\_sunamo\SunamoDictionary\DictionaryHelper.cs(100,21): warning CS8602: Dereference of a possibly null reference. [E:\vs\Projects\PlatformIndependentNuGetPackages\SunamoFileSystem\SunamoFileSystem\SunamoFileSystem.csproj::TargetFramework=net9.0]
E:\vs\Projects\PlatformIndependentNuGetPackages\SunamoFileSystem\SunamoFileSystem\_sunamo\SunamoDictionary\DictionaryHelper.cs(116,33): warning CS8602: Dereference of a possibly null reference. [E:\vs\Projects\PlatformIndependentNuGetPackages\SunamoFileSystem\SunamoFileSystem\SunamoFileSystem.csproj::TargetFramework=net9.0]
E:\vs\Projects\PlatformIndependentNuGetPackages\SunamoFileSystem\SunamoFileSystem\_sunamo\SunamoDictionary\DictionaryHelper.cs(116,58): warning CS8602: Dereference of a possibly null reference. [E:\vs\Projects\PlatformIndependentNuGetPackages\SunamoFileSystem\SunamoFileSystem\SunamoFileSystem.csproj::TargetFramework=net9.0]
E:\vs\Projects\PlatformIndependentNuGetPackages\SunamoFileSystem\SunamoFileSystem\_sunamo\SunamoDictionary\DictionaryHelper.cs(116,58): warning CS8604: Possible null reference argument for parameter 'item' in 'bool List<string>.Contains(string item)'. [E:\vs\Projects\PlatformIndependentNuGetPackages\SunamoFileSystem\SunamoFileSystem\SunamoFileSystem.csproj::TargetFramework=net9.0]
E:\vs\Projects\PlatformIndependentNuGetPackages\SunamoFileSystem\SunamoFileSystem\_sunamo\SunamoDictionary\DictionaryHelper.cs(128,56): warning CS8602: Dereference of a possibly null reference. [E:\vs\Projects\PlatformIndependentNuGetPackages\SunamoFileSystem\SunamoFileSystem\SunamoFileSystem.csproj::TargetFramework=net9.0]
E:\vs\Projects\PlatformIndependentNuGetPackages\SunamoFileSystem\SunamoFileSystem\_sunamo\SunamoDictionary\DictionaryHelper.cs(130,82): warning CS8602: Dereference of a possibly null reference. [E:\vs\Projects\PlatformIndependentNuGetPackages\SunamoFileSystem\SunamoFileSystem\SunamoFileSystem.csproj::TargetFramework=net9.0]
E:\vs\Projects\PlatformIndependentNuGetPackages\SunamoFileSystem\SunamoFileSystem\_sunamo\SunamoDictionary\DictionaryHelper.cs(130,82): warning CS8604: Possible null reference argument for parameter 'item' in 'void List<string>.Add(string item)'. [E:\vs\Projects\PlatformIndependentNuGetPackages\SunamoFileSystem\SunamoFileSystem\SunamoFileSystem.csproj::TargetFramework=net9.0]
E:\vs\Projects\PlatformIndependentNuGetPackages\SunamoFileSystem\SunamoFileSystem\_sunamo\SunamoDictionary\DictionaryHelper.cs(149,30): warning CS8602: Dereference of a possibly null reference. [E:\vs\Projects\PlatformIndependentNuGetPackages\SunamoFileSystem\SunamoFileSystem\SunamoFileSystem.csproj::TargetFramework=net9.0]
E:\vs\Projects\PlatformIndependentNuGetPackages\SunamoFileSystem\SunamoFileSystem\_sunamo\SunamoDictionary\DictionaryHelper.cs(152,44): warning CS8602: Dereference of a possibly null reference. [E:\vs\Projects\PlatformIndependentNuGetPackages\SunamoFileSystem\SunamoFileSystem\SunamoFileSystem.csproj::TargetFramework=net9.0]
E:\vs\Projects\PlatformIndependentNuGetPackages\SunamoFileSystem\SunamoFileSystem\_sunamo\SunamoDictionary\DictionaryHelper.cs(152,44): warning CS8604: Possible null reference argument for parameter 'item' in 'void List<string>.Add(string item)'. [E:\vs\Projects\PlatformIndependentNuGetPackages\SunamoFileSystem\SunamoFileSystem\SunamoFileSystem.csproj::TargetFramework=net9.0]
E:\vs\Projects\PlatformIndependentNuGetPackages\SunamoFileSystem\SunamoFileSystem\_sunamo\SunamoDictionary\DictionaryHelper.cs(157,49): warning CS8602: Dereference of a possibly null reference. [E:\vs\Projects\PlatformIndependentNuGetPackages\SunamoFileSystem\SunamoFileSystem\SunamoFileSystem.csproj::TargetFramework=net9.0]
E:\vs\Projects\PlatformIndependentNuGetPackages\SunamoFileSystem\SunamoFileSystem\_sunamo\SunamoDictionary\DictionaryHelper.cs(157,49): warning CS8604: Possible null reference argument for parameter 'item' in 'void List<string>.Add(string item)'. [E:\vs\Projects\PlatformIndependentNuGetPackages\SunamoFileSystem\SunamoFileSystem\SunamoFileSystem.csproj::TargetFramework=net9.0]
E:\vs\Projects\PlatformIndependentNuGetPackages\SunamoFileSystem\SunamoFileSystem\FS.cs(92,20): warning CS8600: Converting null literal or possible null value to non-nullable type. [E:\vs\Projects\PlatformIndependentNuGetPackages\SunamoFileSystem\SunamoFileSystem\SunamoFileSystem.csproj::TargetFramework=net9.0]
E:\vs\Projects\PlatformIndependentNuGetPackages\SunamoFileSystem\SunamoFileSystem\FS.cs(95,33): warning CS8604: Possible null reference argument for parameter 'item' in 'void List<string>.Add(string item)'. [E:\vs\Projects\PlatformIndependentNuGetPackages\SunamoFileSystem\SunamoFileSystem\SunamoFileSystem.csproj::TargetFramework=net9.0]
E:\vs\Projects\PlatformIndependentNuGetPackages\SunamoFileSystem\SunamoFileSystem\_sunamo\SunamoStringSplit\SHSplit.cs(16,28): warning CS8600: Converting null literal or possible null value to non-nullable type. [E:\vs\Projects\PlatformIndependentNuGetPackages\SunamoFileSystem\SunamoFileSystem\SunamoFileSystem.csproj::TargetFramework=net9.0]
E:\vs\Projects\PlatformIndependentNuGetPackages\SunamoFileSystem\SunamoFileSystem\_sunamo\SunamoStringSplit\SHSplit.cs(17,37): warning CS8600: Converting null literal or possible null value to non-nullable type. [E:\vs\Projects\PlatformIndependentNuGetPackages\SunamoFileSystem\SunamoFileSystem\SunamoFileSystem.csproj::TargetFramework=net9.0]
E:\vs\Projects\PlatformIndependentNuGetPackages\SunamoFileSystem\SunamoFileSystem\_sunamo\SunamoStringSplit\SHSplit.cs(18,39): warning CS8600: Converting null literal or possible null value to non-nullable type. [E:\vs\Projects\PlatformIndependentNuGetPackages\SunamoFileSystem\SunamoFileSystem\SunamoFileSystem.csproj::TargetFramework=net9.0]
E:\vs\Projects\PlatformIndependentNuGetPackages\SunamoFileSystem\SunamoFileSystem\_sunamo\SunamoGetFiles\FSGetFiles.cs(64,29): warning CS8600: Converting null literal or possible null value to non-nullable type. [E:\vs\Projects\PlatformIndependentNuGetPackages\SunamoFileSystem\SunamoFileSystem\SunamoFileSystem.csproj::TargetFramework=net9.0]
E:\vs\Projects\PlatformIndependentNuGetPackages\SunamoFileSystem\SunamoFileSystem\_sunamo\SunamoGetFiles\FSGetFiles.cs(76,13): warning CS8602: Dereference of a possibly null reference. [E:\vs\Projects\PlatformIndependentNuGetPackages\SunamoFileSystem\SunamoFileSystem\SunamoFileSystem.csproj::TargetFramework=net9.0]
E:\vs\Projects\PlatformIndependentNuGetPackages\SunamoFileSystem\SunamoFileSystem\_sunamo\SunamoGetFiles\FSGetFiles.cs(77,13): warning CS8602: Dereference of a possibly null reference. [E:\vs\Projects\PlatformIndependentNuGetPackages\SunamoFileSystem\SunamoFileSystem\SunamoFileSystem.csproj::TargetFramework=net9.0]
E:\vs\Projects\PlatformIndependentNuGetPackages\SunamoFileSystem\SunamoFileSystem\_sunamo\SunamoGetFiles\FSGetFiles.cs(86,25): warning CS8600: Converting null literal or possible null value to non-nullable type. [E:\vs\Projects\PlatformIndependentNuGetPackages\SunamoFileSystem\SunamoFileSystem\SunamoFileSystem.csproj::TargetFramework=net9.0]
E:\vs\Projects\PlatformIndependentNuGetPackages\SunamoFileSystem\SunamoFileSystem\_sunamo\SunamoGetFiles\FSGetFiles.cs(122,13): warning CS8602: Dereference of a possibly null reference. [E:\vs\Projects\PlatformIndependentNuGetPackages\SunamoFileSystem\SunamoFileSystem\SunamoFileSystem.csproj::TargetFramework=net9.0]
E:\vs\Projects\PlatformIndependentNuGetPackages\SunamoFileSystem\SunamoFileSystem\_sunamo\SunamoGetFiles\FSGetFiles.cs(123,13): warning CS8602: Dereference of a possibly null reference. [E:\vs\Projects\PlatformIndependentNuGetPackages\SunamoFileSystem\SunamoFileSystem\SunamoFileSystem.csproj::TargetFramework=net9.0]
E:\vs\Projects\PlatformIndependentNuGetPackages\SunamoFileSystem\SunamoFileSystem\_sunamo\SunamoGetFiles\FSGetFiles.cs(147,47): warning CS8602: Dereference of a possibly null reference. [E:\vs\Projects\PlatformIndependentNuGetPackages\SunamoFileSystem\SunamoFileSystem\SunamoFileSystem.csproj::TargetFramework=net9.0]
E:\vs\Projects\PlatformIndependentNuGetPackages\SunamoFileSystem\SunamoFileSystem\_sunamo\SunamoGetFiles\FSGetFiles.cs(148,32): warning CS8603: Possible null reference return. [E:\vs\Projects\PlatformIndependentNuGetPackages\SunamoFileSystem\SunamoFileSystem\SunamoFileSystem.csproj::TargetFramework=net9.0]
E:\vs\Projects\PlatformIndependentNuGetPackages\SunamoFileSystem\SunamoFileSystem\_sunamo\SunamoGetFiles\FSGetFiles.cs(158,35): warning CS8602: Dereference of a possibly null reference. [E:\vs\Projects\PlatformIndependentNuGetPackages\SunamoFileSystem\SunamoFileSystem\SunamoFileSystem.csproj::TargetFramework=net9.0]
E:\vs\Projects\PlatformIndependentNuGetPackages\SunamoFileSystem\SunamoFileSystem\_sunamo\SunamoGetFiles\FSGetFiles.cs(177,31): warning CS8602: Dereference of a possibly null reference. [E:\vs\Projects\PlatformIndependentNuGetPackages\SunamoFileSystem\SunamoFileSystem\SunamoFileSystem.csproj::TargetFramework=net9.0]
E:\vs\Projects\PlatformIndependentNuGetPackages\SunamoFileSystem\SunamoFileSystem\_sunamo\SunamoGetFiles\FSGetFiles.cs(65,13): warning CS0219: The variable 'measureTime' is assigned but its value is never used [E:\vs\Projects\PlatformIndependentNuGetPackages\SunamoFileSystem\SunamoFileSystem\SunamoFileSystem.csproj::TargetFramework=net9.0]
E:\vs\Projects\PlatformIndependentNuGetPackages\SunamoFileSystem\SunamoFileSystem\FS.cs(223,33): warning CS8604: Possible null reference argument for parameter 'path1' in 'string Path.Combine(string path1, string path2)'. [E:\vs\Projects\PlatformIndependentNuGetPackages\SunamoFileSystem\SunamoFileSystem\SunamoFileSystem.csproj::TargetFramework=net9.0]
E:\vs\Projects\PlatformIndependentNuGetPackages\SunamoFileSystem\SunamoFileSystem\_sunamo\SunamoGetFiles\FSGetFiles.cs(293,23): warning CS8600: Converting null literal or possible null value to non-nullable type. [E:\vs\Projects\PlatformIndependentNuGetPackages\SunamoFileSystem\SunamoFileSystem\SunamoFileSystem.csproj::TargetFramework=net9.0]
E:\vs\Projects\PlatformIndependentNuGetPackages\SunamoFileSystem\SunamoFileSystem\_sunamo\SunamoGetFiles\FSGetFiles.cs(356,40): warning CS8625: Cannot convert null literal to non-nullable reference type. [E:\vs\Projects\PlatformIndependentNuGetPackages\SunamoFileSystem\SunamoFileSystem\SunamoFileSystem.csproj::TargetFramework=net9.0]
E:\vs\Projects\PlatformIndependentNuGetPackages\SunamoFileSystem\SunamoFileSystem\FS.cs(364,43): warning CS8604: Possible null reference argument for parameter 'path1' in 'string Path.Combine(string path1, string path2)'. [E:\vs\Projects\PlatformIndependentNuGetPackages\SunamoFileSystem\SunamoFileSystem\SunamoFileSystem.csproj::TargetFramework=net9.0]
E:\vs\Projects\PlatformIndependentNuGetPackages\SunamoFileSystem\SunamoFileSystem\_sunamo\SunamoGetFiles\FSGetFiles.cs(368,40): warning CS8625: Cannot convert null literal to non-nullable reference type. [E:\vs\Projects\PlatformIndependentNuGetPackages\SunamoFileSystem\SunamoFileSystem\SunamoFileSystem.csproj::TargetFramework=net9.0]
E:\vs\Projects\PlatformIndependentNuGetPackages\SunamoFileSystem\SunamoFileSystem\_sunamo\SunamoGetFiles\FSGetFiles.cs(371,55): warning CS8625: Cannot convert null literal to non-nullable reference type. [E:\vs\Projects\PlatformIndependentNuGetPackages\SunamoFileSystem\SunamoFileSystem\SunamoFileSystem.csproj::TargetFramework=net9.0]
E:\vs\Projects\PlatformIndependentNuGetPackages\SunamoFileSystem\SunamoFileSystem\_sunamo\SunamoGetFiles\FSGetFiles.cs(374,55): warning CS8625: Cannot convert null literal to non-nullable reference type. [E:\vs\Projects\PlatformIndependentNuGetPackages\SunamoFileSystem\SunamoFileSystem\SunamoFileSystem.csproj::TargetFramework=net9.0]
E:\vs\Projects\PlatformIndependentNuGetPackages\SunamoFileSystem\SunamoFileSystem\_sunamo\SunamoGetFiles\FSGetFiles.cs(380,57): warning CS8600: Converting null literal or possible null value to non-nullable type. [E:\vs\Projects\PlatformIndependentNuGetPackages\SunamoFileSystem\SunamoFileSystem\SunamoFileSystem.csproj::TargetFramework=net9.0]
E:\vs\Projects\PlatformIndependentNuGetPackages\SunamoFileSystem\SunamoFileSystem\_sunamo\SunamoGetFiles\FSGetFiles.cs(388,48): warning CS8602: Dereference of a possibly null reference. [E:\vs\Projects\PlatformIndependentNuGetPackages\SunamoFileSystem\SunamoFileSystem\SunamoFileSystem.csproj::TargetFramework=net9.0]
E:\vs\Projects\PlatformIndependentNuGetPackages\SunamoFileSystem\SunamoFileSystem\FS.cs(451,39): warning CS8603: Possible null reference return. [E:\vs\Projects\PlatformIndependentNuGetPackages\SunamoFileSystem\SunamoFileSystem\SunamoFileSystem.csproj::TargetFramework=net9.0]
E:\vs\Projects\PlatformIndependentNuGetPackages\SunamoFileSystem\SunamoFileSystem\FS.cs(522,56): warning CS8604: Possible null reference argument for parameter 'path1' in 'string Path.Combine(string path1, string path2)'. [E:\vs\Projects\PlatformIndependentNuGetPackages\SunamoFileSystem\SunamoFileSystem\SunamoFileSystem.csproj::TargetFramework=net9.0]
E:\vs\Projects\PlatformIndependentNuGetPackages\SunamoFileSystem\SunamoFileSystem\FS.cs(580,42): warning CS8600: Converting null literal or possible null value to non-nullable type. [E:\vs\Projects\PlatformIndependentNuGetPackages\SunamoFileSystem\SunamoFileSystem\SunamoFileSystem.csproj::TargetFramework=net9.0]
E:\vs\Projects\PlatformIndependentNuGetPackages\SunamoFileSystem\SunamoFileSystem\FS.cs(582,78): warning CS8604: Possible null reference argument for parameter 'wasntExistsInFrom' in 'void FS.CopyMoveFilesInList(ILogger logger, List<string> filesFrom, string folderFrom, string folderTo, List<string> wasntExistsInFrom, bool mustExistsInTarget, bool copy, Dictionary<string, List<string>> files, bool overwrite = true)'. [E:\vs\Projects\PlatformIndependentNuGetPackages\SunamoFileSystem\SunamoFileSystem\SunamoFileSystem.csproj::TargetFramework=net9.0]
E:\vs\Projects\PlatformIndependentNuGetPackages\SunamoFileSystem\SunamoFileSystem\FS.cs(582,123): warning CS8625: Cannot convert null literal to non-nullable reference type. [E:\vs\Projects\PlatformIndependentNuGetPackages\SunamoFileSystem\SunamoFileSystem\SunamoFileSystem.csproj::TargetFramework=net9.0]
E:\vs\Projects\PlatformIndependentNuGetPackages\SunamoFileSystem\SunamoFileSystem\FS.cs(751,49): warning CS8604: Possible null reference argument for parameter 'args' in 'Task FS.ReplaceInAllFiles(IList<string> replaceFrom, IList<string> replaceTo, ReplaceInAllFilesArgsBase args, Func<string, bool> EncodingHelperIsBinary)'. [E:\vs\Projects\PlatformIndependentNuGetPackages\SunamoFileSystem\SunamoFileSystem\SunamoFileSystem.csproj::TargetFramework=net9.0]
E:\vs\Projects\PlatformIndependentNuGetPackages\SunamoFileSystem\SunamoFileSystem\FS.cs(756,19): warning CS8604: Possible null reference argument for parameter 'args' in 'Task FS.ReplaceInAllFiles(IList<string> replaceFrom, IList<string> replaceTo, ReplaceInAllFilesArgsBase args, Func<string, bool> EncodingHelperIsBinary)'. [E:\vs\Projects\PlatformIndependentNuGetPackages\SunamoFileSystem\SunamoFileSystem\SunamoFileSystem.csproj::TargetFramework=net9.0]
E:\vs\Projects\PlatformIndependentNuGetPackages\SunamoFileSystem\SunamoFileSystem\FS.cs(774,101): warning CS8600: Converting null literal or possible null value to non-nullable type. [E:\vs\Projects\PlatformIndependentNuGetPackages\SunamoFileSystem\SunamoFileSystem\SunamoFileSystem.csproj::TargetFramework=net9.0]
E:\vs\Projects\PlatformIndependentNuGetPackages\SunamoFileSystem\SunamoFileSystem\FS.cs(812,13): warning CS8602: Dereference of a possibly null reference. [E:\vs\Projects\PlatformIndependentNuGetPackages\SunamoFileSystem\SunamoFileSystem\SunamoFileSystem.csproj::TargetFramework=net9.0]
E:\vs\Projects\PlatformIndependentNuGetPackages\SunamoFileSystem\SunamoFileSystem\FS.cs(905,51): warning CS8600: Converting null literal or possible null value to non-nullable type. [E:\vs\Projects\PlatformIndependentNuGetPackages\SunamoFileSystem\SunamoFileSystem\SunamoFileSystem.csproj::TargetFramework=net9.0]
E:\vs\Projects\PlatformIndependentNuGetPackages\SunamoFileSystem\SunamoFileSystem\FS.cs(906,38): warning CS8604: Possible null reference argument for parameter 'value' in 'string FS.WithoutEndSlash(string value)'. [E:\vs\Projects\PlatformIndependentNuGetPackages\SunamoFileSystem\SunamoFileSystem\SunamoFileSystem.csproj::TargetFramework=net9.0]
E:\vs\Projects\PlatformIndependentNuGetPackages\SunamoFileSystem\SunamoFileSystem\FS.cs(1022,35): warning CS0618: 'string.Copy(string)' is obsolete: 'This API should not be used to create mutable strings. See https://go.microsoft.com/fwlink/?linkid=2084035 for alternatives.' [E:\vs\Projects\PlatformIndependentNuGetPackages\SunamoFileSystem\SunamoFileSystem\SunamoFileSystem.csproj::TargetFramework=net9.0]
E:\vs\Projects\PlatformIndependentNuGetPackages\SunamoFileSystem\SunamoFileSystem\FS.cs(991,44): warning CS8604: Possible null reference argument for parameter 'path1' in 'string Path.Combine(string path1, string path2)'. [E:\vs\Projects\PlatformIndependentNuGetPackages\SunamoFileSystem\SunamoFileSystem\SunamoFileSystem.csproj::TargetFramework=net9.0]
E:\vs\Projects\PlatformIndependentNuGetPackages\SunamoFileSystem\SunamoFileSystem\FS.cs(1011,34): warning CS8600: Converting null literal or possible null value to non-nullable type. [E:\vs\Projects\PlatformIndependentNuGetPackages\SunamoFileSystem\SunamoFileSystem\SunamoFileSystem.csproj::TargetFramework=net9.0]
E:\vs\Projects\PlatformIndependentNuGetPackages\SunamoFileSystem\SunamoFileSystem\FS.cs(1014,44): warning CS8604: Possible null reference argument for parameter 'path1' in 'string Path.Combine(string path1, string path2)'. [E:\vs\Projects\PlatformIndependentNuGetPackages\SunamoFileSystem\SunamoFileSystem\SunamoFileSystem.csproj::TargetFramework=net9.0]
E:\vs\Projects\PlatformIndependentNuGetPackages\SunamoFileSystem\SunamoFileSystem\FS.cs(1035,44): warning CS8604: Possible null reference argument for parameter 'folder' in 'List<string> FSGetFiles.FilesOfExtension(string folder, string fileExt)'. [E:\vs\Projects\PlatformIndependentNuGetPackages\SunamoFileSystem\SunamoFileSystem\SunamoFileSystem.csproj::TargetFramework=net9.0]
E:\vs\Projects\PlatformIndependentNuGetPackages\SunamoFileSystem\SunamoFileSystem\FS.cs(1037,41): warning CS8603: Possible null reference return. [E:\vs\Projects\PlatformIndependentNuGetPackages\SunamoFileSystem\SunamoFileSystem\SunamoFileSystem.csproj::TargetFramework=net9.0]
E:\vs\Projects\PlatformIndependentNuGetPackages\SunamoFileSystem\SunamoFileSystem\FS.cs(1038,20): warning CS8600: Converting null literal or possible null value to non-nullable type. [E:\vs\Projects\PlatformIndependentNuGetPackages\SunamoFileSystem\SunamoFileSystem\SunamoFileSystem.csproj::TargetFramework=net9.0]
E:\vs\Projects\PlatformIndependentNuGetPackages\SunamoFileSystem\SunamoFileSystem\FS.cs(1166,32): warning CS8600: Converting null literal or possible null value to non-nullable type. [E:\vs\Projects\PlatformIndependentNuGetPackages\SunamoFileSystem\SunamoFileSystem\SunamoFileSystem.csproj::TargetFramework=net9.0]
E:\vs\Projects\PlatformIndependentNuGetPackages\SunamoFileSystem\SunamoFileSystem\FS.cs(1187,24): warning CS8603: Possible null reference return. [E:\vs\Projects\PlatformIndependentNuGetPackages\SunamoFileSystem\SunamoFileSystem\SunamoFileSystem.csproj::TargetFramework=net9.0]
E:\vs\Projects\PlatformIndependentNuGetPackages\SunamoFileSystem\SunamoFileSystem\FS.cs(1213,16): warning CS8603: Possible null reference return. [E:\vs\Projects\PlatformIndependentNuGetPackages\SunamoFileSystem\SunamoFileSystem\SunamoFileSystem.csproj::TargetFramework=net9.0]
E:\vs\Projects\PlatformIndependentNuGetPackages\SunamoFileSystem\SunamoFileSystem\FS.cs(1208,26): warning CS0168: The variable 'ex' is declared but never used [E:\vs\Projects\PlatformIndependentNuGetPackages\SunamoFileSystem\SunamoFileSystem\SunamoFileSystem.csproj::TargetFramework=net9.0]
E:\vs\Projects\PlatformIndependentNuGetPackages\SunamoFileSystem\SunamoFileSystem\FS.cs(1232,9): warning CS0618: 'FS.MoveAllFilesRecursively(ILogger, string, string, FileMoveCollisionOption, string)' is obsolete: 'Use MoveDirectoryNoRecursive instead' [E:\vs\Projects\PlatformIndependentNuGetPackages\SunamoFileSystem\SunamoFileSystem\SunamoFileSystem.csproj::TargetFramework=net9.0]
E:\vs\Projects\PlatformIndependentNuGetPackages\SunamoFileSystem\SunamoFileSystem\FS.cs(1270,27): warning CS8714: The type 'TContent' cannot be used as type parameter 'T' in the generic type or method 'DictionaryHelper.GroupByValues<U, T, ColType>(Dictionary<U, T>)'. Nullability of type argument 'TContent' doesn't match 'notnull' constraint. [E:\vs\Projects\PlatformIndependentNuGetPackages\SunamoFileSystem\SunamoFileSystem\SunamoFileSystem.csproj::TargetFramework=net9.0]
E:\vs\Projects\PlatformIndependentNuGetPackages\SunamoFileSystem\SunamoFileSystem\FS.cs(1333,31): warning CS8600: Converting null literal or possible null value to non-nullable type. [E:\vs\Projects\PlatformIndependentNuGetPackages\SunamoFileSystem\SunamoFileSystem\SunamoFileSystem.csproj::TargetFramework=net9.0]
E:\vs\Projects\PlatformIndependentNuGetPackages\SunamoFileSystem\SunamoFileSystem\FS.cs(1554,32): warning CS8600: Converting null literal or possible null value to non-nullable type. [E:\vs\Projects\PlatformIndependentNuGetPackages\SunamoFileSystem\SunamoFileSystem\SunamoFileSystem.csproj::TargetFramework=net9.0]
E:\vs\Projects\PlatformIndependentNuGetPackages\SunamoFileSystem\SunamoFileSystem\FS.cs(1557,36): warning CS8604: Possible null reference argument for parameter 'path1' in 'string Path.Combine(string path1, string path2)'. [E:\vs\Projects\PlatformIndependentNuGetPackages\SunamoFileSystem\SunamoFileSystem\SunamoFileSystem.csproj::TargetFramework=net9.0]
E:\vs\Projects\PlatformIndependentNuGetPackages\SunamoFileSystem\SunamoFileSystem\FS.cs(1640,18): warning CS8602: Dereference of a possibly null reference. [E:\vs\Projects\PlatformIndependentNuGetPackages\SunamoFileSystem\SunamoFileSystem\SunamoFileSystem.csproj::TargetFramework=net9.0]
E:\vs\Projects\PlatformIndependentNuGetPackages\SunamoFileSystem\SunamoFileSystem\FS.cs(1641,55): warning CS8602: Dereference of a possibly null reference. [E:\vs\Projects\PlatformIndependentNuGetPackages\SunamoFileSystem\SunamoFileSystem\SunamoFileSystem.csproj::TargetFramework=net9.0]
E:\vs\Projects\PlatformIndependentNuGetPackages\SunamoFileSystem\SunamoFileSystem\FS.cs(1766,29): warning CS8604: Possible null reference argument for parameter 'value' in 'string FS.WithEndSlash(string value)'. [E:\vs\Projects\PlatformIndependentNuGetPackages\SunamoFileSystem\SunamoFileSystem\SunamoFileSystem.csproj::TargetFramework=net9.0]
E:\vs\Projects\PlatformIndependentNuGetPackages\SunamoFileSystem\SunamoFileSystem\FS.cs(1890,44): warning CS8600: Converting null literal or possible null value to non-nullable type. [E:\vs\Projects\PlatformIndependentNuGetPackages\SunamoFileSystem\SunamoFileSystem\SunamoFileSystem.csproj::TargetFramework=net9.0]
E:\vs\Projects\PlatformIndependentNuGetPackages\SunamoFileSystem\SunamoFileSystem\FS.cs(2014,36): warning CS8604: Possible null reference argument for parameter 'path1' in 'string Path.Combine(string path1, string path2)'. [E:\vs\Projects\PlatformIndependentNuGetPackages\SunamoFileSystem\SunamoFileSystem\SunamoFileSystem.csproj::TargetFramework=net9.0]
E:\vs\Projects\PlatformIndependentNuGetPackages\SunamoFileSystem\SunamoFileSystem\FS.cs(2150,36): warning CS8604: Possible null reference argument for parameter 'path1' in 'string Path.Combine(string path1, string path2)'. [E:\vs\Projects\PlatformIndependentNuGetPackages\SunamoFileSystem\SunamoFileSystem\SunamoFileSystem.csproj::TargetFramework=net9.0]
E:\vs\Projects\PlatformIndependentNuGetPackages\SunamoFileSystem\SunamoFileSystem\FS.cs(2186,25): warning CS8600: Converting null literal or possible null value to non-nullable type. [E:\vs\Projects\PlatformIndependentNuGetPackages\SunamoFileSystem\SunamoFileSystem\SunamoFileSystem.csproj::TargetFramework=net9.0]
E:\vs\Projects\PlatformIndependentNuGetPackages\SunamoFileSystem\SunamoFileSystem\FS.cs(2217,19): warning CS8625: Cannot convert null literal to non-nullable reference type. [E:\vs\Projects\PlatformIndependentNuGetPackages\SunamoFileSystem\SunamoFileSystem\SunamoFileSystem.csproj::TargetFramework=net9.0]
E:\vs\Projects\PlatformIndependentNuGetPackages\SunamoFileSystem\SunamoFileSystem\FS.cs(2402,50): warning CS8600: Converting null literal or possible null value to non-nullable type. [E:\vs\Projects\PlatformIndependentNuGetPackages\SunamoFileSystem\SunamoFileSystem\SunamoFileSystem.csproj::TargetFramework=net9.0]
E:\vs\Projects\PlatformIndependentNuGetPackages\SunamoFileSystem\SunamoFileSystem\FS.cs(2403,41): warning CS8604: Possible null reference argument for parameter 'path1' in 'string Path.Combine(string path1, string path2)'. [E:\vs\Projects\PlatformIndependentNuGetPackages\SunamoFileSystem\SunamoFileSystem\SunamoFileSystem.csproj::TargetFramework=net9.0]
E:\vs\Projects\PlatformIndependentNuGetPackages\SunamoFileSystem\SunamoFileSystem\FS.cs(2586,23): warning CS8600: Converting null literal or possible null value to non-nullable type. [E:\vs\Projects\PlatformIndependentNuGetPackages\SunamoFileSystem\SunamoFileSystem\SunamoFileSystem.csproj::TargetFramework=net9.0]
E:\vs\Projects\PlatformIndependentNuGetPackages\SunamoFileSystem\SunamoFileSystem\FS.cs(2591,26): warning CS0168: The variable 'ex' is declared but never used [E:\vs\Projects\PlatformIndependentNuGetPackages\SunamoFileSystem\SunamoFileSystem\SunamoFileSystem.csproj::TargetFramework=net9.0]
E:\vs\Projects\PlatformIndependentNuGetPackages\SunamoFileSystem\SunamoFileSystem\FS.cs(2773,34): warning CS8602: Dereference of a possibly null reference. [E:\vs\Projects\PlatformIndependentNuGetPackages\SunamoFileSystem\SunamoFileSystem\SunamoFileSystem.csproj::TargetFramework=net9.0]
E:\vs\Projects\PlatformIndependentNuGetPackages\SunamoFileSystem\SunamoFileSystem\FS.cs(2885,25): warning CS8602: Dereference of a possibly null reference. [E:\vs\Projects\PlatformIndependentNuGetPackages\SunamoFileSystem\SunamoFileSystem\SunamoFileSystem.csproj::TargetFramework=net9.0]
E:\vs\Projects\PlatformIndependentNuGetPackages\SunamoFileSystem\SunamoFileSystem\FS.cs(2819,26): warning CS0168: The variable 'ex' is declared but never used [E:\vs\Projects\PlatformIndependentNuGetPackages\SunamoFileSystem\SunamoFileSystem\SunamoFileSystem.csproj::TargetFramework=net9.0]
E:\vs\Projects\PlatformIndependentNuGetPackages\SunamoFileSystem\SunamoFileSystem\FS.cs(2836,26): warning CS0168: The variable 'ex' is declared but never used [E:\vs\Projects\PlatformIndependentNuGetPackages\SunamoFileSystem\SunamoFileSystem\SunamoFileSystem.csproj::TargetFramework=net9.0]
E:\vs\Projects\PlatformIndependentNuGetPackages\SunamoFileSystem\SunamoFileSystem\FS.cs(3366,16): warning CS8603: Possible null reference return. [E:\vs\Projects\PlatformIndependentNuGetPackages\SunamoFileSystem\SunamoFileSystem\SunamoFileSystem.csproj::TargetFramework=net9.0]
E:\vs\Projects\PlatformIndependentNuGetPackages\SunamoFileSystem\SunamoFileSystem\FS.cs(3837,52): warning CS8604: Possible null reference argument for parameter 'value' in 'string FS.WithEndSlash(string value)'. [E:\vs\Projects\PlatformIndependentNuGetPackages\SunamoFileSystem\SunamoFileSystem\SunamoFileSystem.csproj::TargetFramework=net9.0]
E:\vs\Projects\PlatformIndependentNuGetPackages\SunamoFileSystem\SunamoFileSystem\FS.cs(4117,28): warning CS8600: Converting null literal or possible null value to non-nullable type. [E:\vs\Projects\PlatformIndependentNuGetPackages\SunamoFileSystem\SunamoFileSystem\SunamoFileSystem.csproj::TargetFramework=net9.0]
E:\vs\Projects\PlatformIndependentNuGetPackages\SunamoFileSystem\SunamoFileSystem\FS.cs(4129,42): warning CS8600: Converting null literal or possible null value to non-nullable type. [E:\vs\Projects\PlatformIndependentNuGetPackages\SunamoFileSystem\SunamoFileSystem\SunamoFileSystem.csproj::TargetFramework=net9.0]
E:\vs\Projects\PlatformIndependentNuGetPackages\SunamoFileSystem\SunamoFileSystem\FS.cs(4122,43): warning CS0168: The variable 'ex' is declared but never used [E:\vs\Projects\PlatformIndependentNuGetPackages\SunamoFileSystem\SunamoFileSystem\SunamoFileSystem.csproj::TargetFramework=net9.0]
E:\vs\Projects\PlatformIndependentNuGetPackages\SunamoFileSystem\SunamoFileSystem\FS.cs(4134,43): warning CS0168: The variable 'ex' is declared but never used [E:\vs\Projects\PlatformIndependentNuGetPackages\SunamoFileSystem\SunamoFileSystem\SunamoFileSystem.csproj::TargetFramework=net9.0]
E:\vs\Projects\PlatformIndependentNuGetPackages\SunamoFileSystem\SunamoFileSystem\FS.cs(4153,16): warning CS8603: Possible null reference return. [E:\vs\Projects\PlatformIndependentNuGetPackages\SunamoFileSystem\SunamoFileSystem\SunamoFileSystem.csproj::TargetFramework=net9.0]
E:\vs\Projects\PlatformIndependentNuGetPackages\SunamoFileSystem\SunamoFileSystem\_sunamo\SunamoArgs\GetFilesEveryFolderArgsFS.cs(10,22): warning CS0649: Field 'GetFilesEveryFolderArgsFS.DoneOnePercent' is never assigned to, and will always have its default value null [E:\vs\Projects\PlatformIndependentNuGetPackages\SunamoFileSystem\SunamoFileSystem\SunamoFileSystem.csproj::TargetFramework=net9.0]
E:\vs\Projects\PlatformIndependentNuGetPackages\SunamoFileSystem\SunamoFileSystem\_sunamo\SunamoArgs\GetFilesEveryFolderArgsFS.cs(20,34): warning CS0649: Field 'GetFilesEveryFolderArgsFS.FilterFoundedFolders' is never assigned to, and will always have its default value null [E:\vs\Projects\PlatformIndependentNuGetPackages\SunamoFileSystem\SunamoFileSystem\SunamoFileSystem.csproj::TargetFramework=net9.0]
E:\vs\Projects\PlatformIndependentNuGetPackages\SunamoFileSystem\SunamoFileSystem\_sunamo\SunamoData\Data\ReplaceInAllFilesArgs.cs(10,19): warning CS0649: Field 'ReplaceInAllFilesArgs.IsNotReplaceInTemporaryFiles' is never assigned to, and will always have its default value false [E:\vs\Projects\PlatformIndependentNuGetPackages\SunamoFileSystem\SunamoFileSystem\SunamoFileSystem.csproj::TargetFramework=net9.0]
E:\vs\Projects\PlatformIndependentNuGetPackages\SunamoFileSystem\SunamoFileSystem\_sunamo\SunamoData\Data\ReplaceInAllFilesArgs.cs(11,19): warning CS0649: Field 'ReplaceInAllFilesArgs.PairLinesInFromAndTo' is never assigned to, and will always have its default value false [E:\vs\Projects\PlatformIndependentNuGetPackages\SunamoFileSystem\SunamoFileSystem\SunamoFileSystem.csproj::TargetFramework=net9.0]
E:\vs\Projects\PlatformIndependentNuGetPackages\SunamoFileSystem\SunamoFileSystem\_sunamo\SunamoArgs\GetFilesEveryFolderArgsFS.cs(9,22): warning CS0649: Field 'GetFilesEveryFolderArgsFS.Done' is never assigned to, and will always have its default value null [E:\vs\Projects\PlatformIndependentNuGetPackages\SunamoFileSystem\SunamoFileSystem\SunamoFileSystem.csproj::TargetFramework=net9.0]
E:\vs\Projects\PlatformIndependentNuGetPackages\SunamoFileSystem\SunamoFileSystem\_sunamo\SunamoArgs\GetFilesEveryFolderArgsFS.cs(15,34): warning CS0649: Field 'GetFilesEveryFolderArgsFS.FilterFoundedFiles' is never assigned to, and will always have its default value null [E:\vs\Projects\PlatformIndependentNuGetPackages\SunamoFileSystem\SunamoFileSystem\SunamoFileSystem.csproj::TargetFramework=net9.0]
E:\vs\Projects\PlatformIndependentNuGetPackages\SunamoFileSystem\SunamoFileSystem\_sunamo\SunamoArgs\GetFilesArgsFS.cs(22,39): warning CS0649: Field 'GetFilesArgsFS.LastModifiedFromFn' is never assigned to, and will always have its default value null [E:\vs\Projects\PlatformIndependentNuGetPackages\SunamoFileSystem\SunamoFileSystem\SunamoFileSystem.csproj::TargetFramework=net9.0]
E:\vs\Projects\PlatformIndependentNuGetPackages\SunamoFileSystem\SunamoFileSystem\_sunamo\SunamoData\Data\ReplaceInAllFilesArgs.cs(12,19): warning CS0649: Field 'ReplaceInAllFilesArgs.ReplaceWithEmpty' is never assigned to, and will always have its default value false [E:\vs\Projects\PlatformIndependentNuGetPackages\SunamoFileSystem\SunamoFileSystem\SunamoFileSystem.csproj::TargetFramework=net9.0]
E:\vs\Projects\PlatformIndependentNuGetPackages\SunamoFileSystem\SunamoFileSystem\_sunamo\SunamoTextOutputGenerator\TextOutputGenerator.cs(11,36): warning CS0414: The field 'TextOutputGenerator.HeadingCharacter' is assigned but its value is never used [E:\vs\Projects\PlatformIndependentNuGetPackages\SunamoFileSystem\SunamoFileSystem\SunamoFileSystem.csproj::TargetFramework=net9.0]
E:\vs\Projects\PlatformIndependentNuGetPackages\SunamoFileSystem\SunamoFileSystem\Enums\ComputerSizeUnits.cs(4,13): warning CS1591: Missing XML comment for publicly visible type or member 'ComputerSizeUnits' [E:\vs\Projects\PlatformIndependentNuGetPackages\SunamoFileSystem\SunamoFileSystem\SunamoFileSystem.csproj::TargetFramework=net9.0]
E:\vs\Projects\PlatformIndependentNuGetPackages\SunamoFileSystem\SunamoFileSystem\Enums\ComputerSizeUnits.cs(6,5): warning CS1591: Missing XML comment for publicly visible type or member 'ComputerSizeUnits.Auto' [E:\vs\Projects\PlatformIndependentNuGetPackages\SunamoFileSystem\SunamoFileSystem\SunamoFileSystem.csproj::TargetFramework=net9.0]
E:\vs\Projects\PlatformIndependentNuGetPackages\SunamoFileSystem\SunamoFileSystem\Enums\ComputerSizeUnits.cs(7,5): warning CS1591: Missing XML comment for publicly visible type or member 'ComputerSizeUnits.B' [E:\vs\Projects\PlatformIndependentNuGetPackages\SunamoFileSystem\SunamoFileSystem\SunamoFileSystem.csproj::TargetFramework=net9.0]
E:\vs\Projects\PlatformIndependentNuGetPackages\SunamoFileSystem\SunamoFileSystem\Enums\ComputerSizeUnits.cs(8,5): warning CS1591: Missing XML comment for publicly visible type or member 'ComputerSizeUnits.KB' [E:\vs\Projects\PlatformIndependentNuGetPackages\SunamoFileSystem\SunamoFileSystem\SunamoFileSystem.csproj::TargetFramework=net9.0]
E:\vs\Projects\PlatformIndependentNuGetPackages\SunamoFileSystem\SunamoFileSystem\Enums\ComputerSizeUnits.cs(9,5): warning CS1591: Missing XML comment for publicly visible type or member 'ComputerSizeUnits.MB' [E:\vs\Projects\PlatformIndependentNuGetPackages\SunamoFileSystem\SunamoFileSystem\SunamoFileSystem.csproj::TargetFramework=net9.0]
E:\vs\Projects\PlatformIndependentNuGetPackages\SunamoFileSystem\SunamoFileSystem\Enums\ComputerSizeUnits.cs(10,5): warning CS1591: Missing XML comment for publicly visible type or member 'ComputerSizeUnits.GB' [E:\vs\Projects\PlatformIndependentNuGetPackages\SunamoFileSystem\SunamoFileSystem\SunamoFileSystem.csproj::TargetFramework=net9.0]
E:\vs\Projects\PlatformIndependentNuGetPackages\SunamoFileSystem\SunamoFileSystem\Enums\ComputerSizeUnits.cs(11,5): warning CS1591: Missing XML comment for publicly visible type or member 'ComputerSizeUnits.TB' [E:\vs\Projects\PlatformIndependentNuGetPackages\SunamoFileSystem\SunamoFileSystem\SunamoFileSystem.csproj::TargetFramework=net9.0]
E:\vs\Projects\PlatformIndependentNuGetPackages\SunamoFileSystem\SunamoFileSystem\Enums\DirectoryMoveCollisionOption.cs(4,13): warning CS1591: Missing XML comment for publicly visible type or member 'DirectoryMoveCollisionOption' [E:\vs\Projects\PlatformIndependentNuGetPackages\SunamoFileSystem\SunamoFileSystem\SunamoFileSystem.csproj::TargetFramework=net9.0]
E:\vs\Projects\PlatformIndependentNuGetPackages\SunamoFileSystem\SunamoFileSystem\Enums\DirectoryMoveCollisionOption.cs(6,5): warning CS1591: Missing XML comment for publicly visible type or member 'DirectoryMoveCollisionOption.AddSerie' [E:\vs\Projects\PlatformIndependentNuGetPackages\SunamoFileSystem\SunamoFileSystem\SunamoFileSystem.csproj::TargetFramework=net9.0]
E:\vs\Projects\PlatformIndependentNuGetPackages\SunamoFileSystem\SunamoFileSystem\Enums\DirectoryMoveCollisionOption.cs(7,5): warning CS1591: Missing XML comment for publicly visible type or member 'DirectoryMoveCollisionOption.Overwrite' [E:\vs\Projects\PlatformIndependentNuGetPackages\SunamoFileSystem\SunamoFileSystem\SunamoFileSystem.csproj::TargetFramework=net9.0]
E:\vs\Projects\PlatformIndependentNuGetPackages\SunamoFileSystem\SunamoFileSystem\Enums\DirectoryMoveCollisionOption.cs(8,5): warning CS1591: Missing XML comment for publicly visible type or member 'DirectoryMoveCollisionOption.DiscardFrom' [E:\vs\Projects\PlatformIndependentNuGetPackages\SunamoFileSystem\SunamoFileSystem\SunamoFileSystem.csproj::TargetFramework=net9.0]
E:\vs\Projects\PlatformIndependentNuGetPackages\SunamoFileSystem\SunamoFileSystem\Enums\DirectoryMoveCollisionOption.cs(9,5): warning CS1591: Missing XML comment for publicly visible type or member 'DirectoryMoveCollisionOption.ThrowEx' [E:\vs\Projects\PlatformIndependentNuGetPackages\SunamoFileSystem\SunamoFileSystem\SunamoFileSystem.csproj::TargetFramework=net9.0]
E:\vs\Projects\PlatformIndependentNuGetPackages\SunamoFileSystem\SunamoFileSystem\Enums\FileMoveCollisionOption.cs(4,13): warning CS1591: Missing XML comment for publicly visible type or member 'FileMoveCollisionOption' [E:\vs\Projects\PlatformIndependentNuGetPackages\SunamoFileSystem\SunamoFileSystem\SunamoFileSystem.csproj::TargetFramework=net9.0]
E:\vs\Projects\PlatformIndependentNuGetPackages\SunamoFileSystem\SunamoFileSystem\Enums\FileMoveCollisionOption.cs(6,5): warning CS1591: Missing XML comment for publicly visible type or member 'FileMoveCollisionOption.AddSerie' [E:\vs\Projects\PlatformIndependentNuGetPackages\SunamoFileSystem\SunamoFileSystem\SunamoFileSystem.csproj::TargetFramework=net9.0]
E:\vs\Projects\PlatformIndependentNuGetPackages\SunamoFileSystem\SunamoFileSystem\Enums\FileMoveCollisionOption.cs(7,5): warning CS1591: Missing XML comment for publicly visible type or member 'FileMoveCollisionOption.AddFileSize' [E:\vs\Projects\PlatformIndependentNuGetPackages\SunamoFileSystem\SunamoFileSystem\SunamoFileSystem.csproj::TargetFramework=net9.0]
E:\vs\Projects\PlatformIndependentNuGetPackages\SunamoFileSystem\SunamoFileSystem\Enums\FileMoveCollisionOption.cs(8,5): warning CS1591: Missing XML comment for publicly visible type or member 'FileMoveCollisionOption.Overwrite' [E:\vs\Projects\PlatformIndependentNuGetPackages\SunamoFileSystem\SunamoFileSystem\SunamoFileSystem.csproj::TargetFramework=net9.0]
E:\vs\Projects\PlatformIndependentNuGetPackages\SunamoFileSystem\SunamoFileSystem\Enums\FileMoveCollisionOption.cs(9,5): warning CS1591: Missing XML comment for publicly visible type or member 'FileMoveCollisionOption.DiscardFrom' [E:\vs\Projects\PlatformIndependentNuGetPackages\SunamoFileSystem\SunamoFileSystem\SunamoFileSystem.csproj::TargetFramework=net9.0]
E:\vs\Projects\PlatformIndependentNuGetPackages\SunamoFileSystem\SunamoFileSystem\Enums\FileMoveCollisionOption.cs(10,5): warning CS1591: Missing XML comment for publicly visible type or member 'FileMoveCollisionOption.LeaveLarger' [E:\vs\Projects\PlatformIndependentNuGetPackages\SunamoFileSystem\SunamoFileSystem\SunamoFileSystem.csproj::TargetFramework=net9.0]
E:\vs\Projects\PlatformIndependentNuGetPackages\SunamoFileSystem\SunamoFileSystem\Enums\FileMoveCollisionOption.cs(11,5): warning CS1591: Missing XML comment for publicly visible type or member 'FileMoveCollisionOption.DontManipulate' [E:\vs\Projects\PlatformIndependentNuGetPackages\SunamoFileSystem\SunamoFileSystem\SunamoFileSystem.csproj::TargetFramework=net9.0]
E:\vs\Projects\PlatformIndependentNuGetPackages\SunamoFileSystem\SunamoFileSystem\Enums\FileMoveCollisionOption.cs(12,5): warning CS1591: Missing XML comment for publicly visible type or member 'FileMoveCollisionOption.ThrowEx' [E:\vs\Projects\PlatformIndependentNuGetPackages\SunamoFileSystem\SunamoFileSystem\SunamoFileSystem.csproj::TargetFramework=net9.0]
E:\vs\Projects\PlatformIndependentNuGetPackages\SunamoFileSystem\SunamoFileSystem\FS.cs(12,25): warning CS1591: Missing XML comment for publicly visible type or member 'FS.DEndsWithReplaceInFile' [E:\vs\Projects\PlatformIndependentNuGetPackages\SunamoFileSystem\SunamoFileSystem\SunamoFileSystem.csproj::TargetFramework=net9.0]
E:\vs\Projects\PlatformIndependentNuGetPackages\SunamoFileSystem\SunamoFileSystem\FS.cs(13,42): warning CS1591: Missing XML comment for publicly visible type or member 'FS.invalidFileNameCharsReadonly' [E:\vs\Projects\PlatformIndependentNuGetPackages\SunamoFileSystem\SunamoFileSystem\SunamoFileSystem.csproj::TargetFramework=net9.0]
E:\vs\Projects\PlatformIndependentNuGetPackages\SunamoFileSystem\SunamoFileSystem\FS.cs(14,44): warning CS1591: Missing XML comment for publicly visible type or member 'FS.invalidFileNameStringsReadonly' [E:\vs\Projects\PlatformIndependentNuGetPackages\SunamoFileSystem\SunamoFileSystem\SunamoFileSystem.csproj::TargetFramework=net9.0]
E:\vs\Projects\PlatformIndependentNuGetPackages\SunamoFileSystem\SunamoFileSystem\FS.cs(15,24): warning CS1591: Missing XML comment for publicly visible type or member 'FS.IsAbsolutePath(string)' [E:\vs\Projects\PlatformIndependentNuGetPackages\SunamoFileSystem\SunamoFileSystem\SunamoFileSystem.csproj::TargetFramework=net9.0]
E:\vs\Projects\PlatformIndependentNuGetPackages\SunamoFileSystem\SunamoFileSystem\FS.cs(35,33): warning CS1591: Missing XML comment for publicly visible type or member 'FS.invalidPathChars' [E:\vs\Projects\PlatformIndependentNuGetPackages\SunamoFileSystem\SunamoFileSystem\SunamoFileSystem.csproj::TargetFramework=net9.0]
E:\vs\Projects\PlatformIndependentNuGetPackages\SunamoFileSystem\SunamoFileSystem\FS.cs(40,30): warning CS1591: Missing XML comment for publicly visible type or member 'FS.InvalidFileNameChars' [E:\vs\Projects\PlatformIndependentNuGetPackages\SunamoFileSystem\SunamoFileSystem\SunamoFileSystem.csproj::TargetFramework=net9.0]
E:\vs\Projects\PlatformIndependentNuGetPackages\SunamoFileSystem\SunamoFileSystem\FS.cs(41,33): warning CS1591: Missing XML comment for publicly visible type or member 'FS.invalidCharsForMapPath' [E:\vs\Projects\PlatformIndependentNuGetPackages\SunamoFileSystem\SunamoFileSystem\SunamoFileSystem.csproj::TargetFramework=net9.0]
E:\vs\Projects\PlatformIndependentNuGetPackages\SunamoFileSystem\SunamoFileSystem\FS.cs(42,33): warning CS1591: Missing XML comment for publicly visible type or member 'FS.invalidFileNameCharsWithoutDelimiterOfFolders' [E:\vs\Projects\PlatformIndependentNuGetPackages\SunamoFileSystem\SunamoFileSystem\SunamoFileSystem.csproj::TargetFramework=net9.0]
E:\vs\Projects\PlatformIndependentNuGetPackages\SunamoFileSystem\SunamoFileSystem\FS.cs(43,26): warning CS1591: Missing XML comment for publicly visible type or member 'FS.ReplaceIncorrectFor' [E:\vs\Projects\PlatformIndependentNuGetPackages\SunamoFileSystem\SunamoFileSystem\SunamoFileSystem.csproj::TargetFramework=net9.0]
E:\vs\Projects\PlatformIndependentNuGetPackages\SunamoFileSystem\SunamoFileSystem\FS.cs(44,35): warning CS1591: Missing XML comment for publicly visible type or member 'FS.DeleteFileMaybeLocked' [E:\vs\Projects\PlatformIndependentNuGetPackages\SunamoFileSystem\SunamoFileSystem\SunamoFileSystem.csproj::TargetFramework=net9.0]
E:\vs\Projects\PlatformIndependentNuGetPackages\SunamoFileSystem\SunamoFileSystem\FS.cs(45,54): warning CS1591: Missing XML comment for publicly visible type or member 'FS.FileUtilWhoIsLocking' [E:\vs\Projects\PlatformIndependentNuGetPackages\SunamoFileSystem\SunamoFileSystem\SunamoFileSystem.csproj::TargetFramework=net9.0]
E:\vs\Projects\PlatformIndependentNuGetPackages\SunamoFileSystem\SunamoFileSystem\FS.cs(74,24): warning CS1591: Missing XML comment for publicly visible type or member 'FS.ExistsDirectory(string)' [E:\vs\Projects\PlatformIndependentNuGetPackages\SunamoFileSystem\SunamoFileSystem\SunamoFileSystem.csproj::TargetFramework=net9.0]
E:\vs\Projects\PlatformIndependentNuGetPackages\SunamoFileSystem\SunamoFileSystem\FS.cs(106,22): warning CS1572: XML comment has a param tag for 'v', but there is no parameter by that name [E:\vs\Projects\PlatformIndependentNuGetPackages\SunamoFileSystem\SunamoFileSystem\SunamoFileSystem.csproj::TargetFramework=net9.0]
E:\vs\Projects\PlatformIndependentNuGetPackages\SunamoFileSystem\SunamoFileSystem\FS.cs(107,47): warning CS1573: Parameter 'value' has no matching param tag in the XML comment for 'FS.CreateDirectory(string)' (but other parameters do) [E:\vs\Projects\PlatformIndependentNuGetPackages\SunamoFileSystem\SunamoFileSystem\SunamoFileSystem.csproj::TargetFramework=net9.0]
E:\vs\Projects\PlatformIndependentNuGetPackages\SunamoFileSystem\SunamoFileSystem\FS.cs(117,24): warning CS1591: Missing XML comment for publicly visible type or member 'FS.CreateDirectoryIfNotExists(string)' [E:\vs\Projects\PlatformIndependentNuGetPackages\SunamoFileSystem\SunamoFileSystem\SunamoFileSystem.csproj::TargetFramework=net9.0]
E:\vs\Projects\PlatformIndependentNuGetPackages\SunamoFileSystem\SunamoFileSystem\FS.cs(122,26): warning CS1591: Missing XML comment for publicly visible type or member 'FS.WithEndSlash(string)' [E:\vs\Projects\PlatformIndependentNuGetPackages\SunamoFileSystem\SunamoFileSystem\SunamoFileSystem.csproj::TargetFramework=net9.0]
E:\vs\Projects\PlatformIndependentNuGetPackages\SunamoFileSystem\SunamoFileSystem\FS.cs(129,22): warning CS1572: XML comment has a param tag for 'v', but there is no parameter by that name [E:\vs\Projects\PlatformIndependentNuGetPackages\SunamoFileSystem\SunamoFileSystem\SunamoFileSystem.csproj::TargetFramework=net9.0]
E:\vs\Projects\PlatformIndependentNuGetPackages\SunamoFileSystem\SunamoFileSystem\FS.cs(131,50): warning CS1573: Parameter 'value' has no matching param tag in the XML comment for 'FS.WithEndSlash(ref string)' (but other parameters do) [E:\vs\Projects\PlatformIndependentNuGetPackages\SunamoFileSystem\SunamoFileSystem\SunamoFileSystem.csproj::TargetFramework=net9.0]
E:\vs\Projects\PlatformIndependentNuGetPackages\SunamoFileSystem\SunamoFileSystem\FS.cs(137,32): warning CS1591: Missing XML comment for publicly visible type or member 'FS.FoldersWithSubfolder(string, string)' [E:\vs\Projects\PlatformIndependentNuGetPackages\SunamoFileSystem\SunamoFileSystem\SunamoFileSystem.csproj::TargetFramework=net9.0]
E:\vs\Projects\PlatformIndependentNuGetPackages\SunamoFileSystem\SunamoFileSystem\FS.cs(166,24): warning CS1591: Missing XML comment for publicly visible type or member 'FS.TryDeleteFile(string)' [E:\vs\Projects\PlatformIndependentNuGetPackages\SunamoFileSystem\SunamoFileSystem\SunamoFileSystem.csproj::TargetFramework=net9.0]
E:\vs\Projects\PlatformIndependentNuGetPackages\SunamoFileSystem\SunamoFileSystem\FS.cs(197,30): warning CS1591: Missing XML comment for publicly visible type or member 'FS.CreateFileIfDoesntExists(string)' [E:\vs\Projects\PlatformIndependentNuGetPackages\SunamoFileSystem\SunamoFileSystem\SunamoFileSystem.csproj::TargetFramework=net9.0]
E:\vs\Projects\PlatformIndependentNuGetPackages\SunamoFileSystem\SunamoFileSystem\FS.cs(212,26): warning CS1591: Missing XML comment for publicly visible type or member 'FS.InsertBetweenFileNameAndExtension(string, string)' [E:\vs\Projects\PlatformIndependentNuGetPackages\SunamoFileSystem\SunamoFileSystem\SunamoFileSystem.csproj::TargetFramework=net9.0]
E:\vs\Projects\PlatformIndependentNuGetPackages\SunamoFileSystem\SunamoFileSystem\FS.cs(242,5): warning CS1587: XML comment is not placed on a valid language element [E:\vs\Projects\PlatformIndependentNuGetPackages\SunamoFileSystem\SunamoFileSystem\SunamoFileSystem.csproj::TargetFramework=net9.0]
E:\vs\Projects\PlatformIndependentNuGetPackages\SunamoFileSystem\SunamoFileSystem\FS.cs(288,24): warning CS1591: Missing XML comment for publicly visible type or member 'FS.IsExtension(string)' [E:\vs\Projects\PlatformIndependentNuGetPackages\SunamoFileSystem\SunamoFileSystem\SunamoFileSystem.csproj::TargetFramework=net9.0]
E:\vs\Projects\PlatformIndependentNuGetPackages\SunamoFileSystem\SunamoFileSystem\FS.cs(303,24): warning CS1591: Missing XML comment for publicly visible type or member 'FS.ExistsFile(string)' [E:\vs\Projects\PlatformIndependentNuGetPackages\SunamoFileSystem\SunamoFileSystem\SunamoFileSystem.csproj::TargetFramework=net9.0]
E:\vs\Projects\PlatformIndependentNuGetPackages\SunamoFileSystem\SunamoFileSystem\FS.cs(307,24): warning CS1591: Missing XML comment for publicly visible type or member 'FS.MoveSubfoldersToFolder(ILogger, List<string>, string, string, FileMoveCollisionOption)' [E:\vs\Projects\PlatformIndependentNuGetPackages\SunamoFileSystem\SunamoFileSystem\SunamoFileSystem.csproj::TargetFramework=net9.0]
E:\vs\Projects\PlatformIndependentNuGetPackages\SunamoFileSystem\SunamoFileSystem\FS.cs(317,24): warning CS1591: Missing XML comment for publicly visible type or member 'FS.TrimBasePathAndTrailingBs(List<string>, string)' [E:\vs\Projects\PlatformIndependentNuGetPackages\SunamoFileSystem\SunamoFileSystem\SunamoFileSystem.csproj::TargetFramework=net9.0]
E:\vs\Projects\PlatformIndependentNuGetPackages\SunamoFileSystem\SunamoFileSystem\FS.cs(325,26): warning CS1591: Missing XML comment for publicly visible type or member 'FS.GetFileNameWithoutOneExtension(string)' [E:\vs\Projects\PlatformIndependentNuGetPackages\SunamoFileSystem\SunamoFileSystem\SunamoFileSystem.csproj::TargetFramework=net9.0]
E:\vs\Projects\PlatformIndependentNuGetPackages\SunamoFileSystem\SunamoFileSystem\FS.cs(329,26): warning CS1591: Missing XML comment for publicly visible type or member 'FS.GetActualDateTime()' [E:\vs\Projects\PlatformIndependentNuGetPackages\SunamoFileSystem\SunamoFileSystem\SunamoFileSystem.csproj::TargetFramework=net9.0]
E:\vs\Projects\PlatformIndependentNuGetPackages\SunamoFileSystem\SunamoFileSystem\FS.cs(340,9): warning CS1591: Missing XML comment for publicly visible type or member 'FS.KeepOnlyWhichIsNotInFiles(List<string>, List<string>)' [E:\vs\Projects\PlatformIndependentNuGetPackages\SunamoFileSystem\SunamoFileSystem\SunamoFileSystem.csproj::TargetFramework=net9.0]
E:\vs\Projects\PlatformIndependentNuGetPackages\SunamoFileSystem\SunamoFileSystem\FS.cs(403,32): warning CS1591: Missing XML comment for publicly visible type or member 'FS.FilterInRootAndInSubFolder(string, List<string>)' [E:\vs\Projects\PlatformIndependentNuGetPackages\SunamoFileSystem\SunamoFileSystem\SunamoFileSystem.csproj::TargetFramework=net9.0]
E:\vs\Projects\PlatformIndependentNuGetPackages\SunamoFileSystem\SunamoFileSystem\FS.cs(419,24): warning CS1591: Missing XML comment for publicly visible type or member 'FS.OnlyNames(List<string>)' [E:\vs\Projects\PlatformIndependentNuGetPackages\SunamoFileSystem\SunamoFileSystem\SunamoFileSystem.csproj::TargetFramework=net9.0]
E:\vs\Projects\PlatformIndependentNuGetPackages\SunamoFileSystem\SunamoFileSystem\FS.cs(423,32): warning CS1591: Missing XML comment for publicly visible type or member 'FS.FilesWhichContainsAll(object, string, params string[])' [E:\vs\Projects\PlatformIndependentNuGetPackages\SunamoFileSystem\SunamoFileSystem\SunamoFileSystem.csproj::TargetFramework=net9.0]
E:\vs\Projects\PlatformIndependentNuGetPackages\SunamoFileSystem\SunamoFileSystem\FS.cs(427,26): warning CS1591: Missing XML comment for publicly visible type or member 'FS.PathSpecialAndLevel(string, string, int)' [E:\vs\Projects\PlatformIndependentNuGetPackages\SunamoFileSystem\SunamoFileSystem\SunamoFileSystem.csproj::TargetFramework=net9.0]
E:\vs\Projects\PlatformIndependentNuGetPackages\SunamoFileSystem\SunamoFileSystem\FS.cs(449,26): warning CS1591: Missing XML comment for publicly visible type or member 'FS.GetDirectoryNameIfIsFile(string)' [E:\vs\Projects\PlatformIndependentNuGetPackages\SunamoFileSystem\SunamoFileSystem\SunamoFileSystem.csproj::TargetFramework=net9.0]
E:\vs\Projects\PlatformIndependentNuGetPackages\SunamoFileSystem\SunamoFileSystem\FS.cs(454,26): warning CS1591: Missing XML comment for publicly visible type or member 'FS.MaskFromExtensions(List<string>)' [E:\vs\Projects\PlatformIndependentNuGetPackages\SunamoFileSystem\SunamoFileSystem\SunamoFileSystem.csproj::TargetFramework=net9.0]
E:\vs\Projects\PlatformIndependentNuGetPackages\SunamoFileSystem\SunamoFileSystem\FS.cs(538,52): warning CS1573: Parameter 'logger' has no matching param tag in the XML comment for 'FS.CopyMoveFilesInList(ILogger, List<string>, string, string, List<string>, bool, bool, Dictionary<string, List<string>>, bool)' (but other parameters do) [E:\vs\Projects\PlatformIndependentNuGetPackages\SunamoFileSystem\SunamoFileSystem\SunamoFileSystem.csproj::TargetFramework=net9.0]
E:\vs\Projects\PlatformIndependentNuGetPackages\SunamoFileSystem\SunamoFileSystem\FS.cs(539,110): warning CS1573: Parameter 'files' has no matching param tag in the XML comment for 'FS.CopyMoveFilesInList(ILogger, List<string>, string, string, List<string>, bool, bool, Dictionary<string, List<string>>, bool)' (but other parameters do) [E:\vs\Projects\PlatformIndependentNuGetPackages\SunamoFileSystem\SunamoFileSystem\SunamoFileSystem.csproj::TargetFramework=net9.0]
E:\vs\Projects\PlatformIndependentNuGetPackages\SunamoFileSystem\SunamoFileSystem\FS.cs(540,14): warning CS1573: Parameter 'overwrite' has no matching param tag in the XML comment for 'FS.CopyMoveFilesInList(ILogger, List<string>, string, string, List<string>, bool, bool, Dictionary<string, List<string>>, bool)' (but other parameters do) [E:\vs\Projects\PlatformIndependentNuGetPackages\SunamoFileSystem\SunamoFileSystem\SunamoFileSystem.csproj::TargetFramework=net9.0]
E:\vs\Projects\PlatformIndependentNuGetPackages\SunamoFileSystem\SunamoFileSystem\FS.cs(577,24): warning CS1591: Missing XML comment for publicly visible type or member 'FS.CopyMoveFilesInListSimple(ILogger, List<string>, string, string, bool, bool)' [E:\vs\Projects\PlatformIndependentNuGetPackages\SunamoFileSystem\SunamoFileSystem\SunamoFileSystem.csproj::TargetFramework=net9.0]
E:\vs\Projects\PlatformIndependentNuGetPackages\SunamoFileSystem\SunamoFileSystem\FS.cs(585,24): warning CS1591: Missing XML comment for publicly visible type or member 'FS.CreateInOtherLocationSameFolderStructure(string, string)' [E:\vs\Projects\PlatformIndependentNuGetPackages\SunamoFileSystem\SunamoFileSystem\SunamoFileSystem.csproj::TargetFramework=net9.0]
E:\vs\Projects\PlatformIndependentNuGetPackages\SunamoFileSystem\SunamoFileSystem\FS.cs(602,65): warning CS1573: Parameter 'logger' has no matching param tag in the XML comment for 'FS.CopyMoveFromMultiLocationIntoOne(ILogger, List<string>, string, string)' (but other parameters do) [E:\vs\Projects\PlatformIndependentNuGetPackages\SunamoFileSystem\SunamoFileSystem\SunamoFileSystem.csproj::TargetFramework=net9.0]
E:\vs\Projects\PlatformIndependentNuGetPackages\SunamoFileSystem\SunamoFileSystem\FS.cs(683,22): warning CS1572: XML comment has a param tag for 'v', but there is no parameter by that name [E:\vs\Projects\PlatformIndependentNuGetPackages\SunamoFileSystem\SunamoFileSystem\SunamoFileSystem.csproj::TargetFramework=net9.0]
E:\vs\Projects\PlatformIndependentNuGetPackages\SunamoFileSystem\SunamoFileSystem\FS.cs(698,54): warning CS1573: Parameter 'so' has no matching param tag in the XML comment for 'FS.DeleteEmptyFiles(string, SearchOption)' (but other parameters do) [E:\vs\Projects\PlatformIndependentNuGetPackages\SunamoFileSystem\SunamoFileSystem\SunamoFileSystem.csproj::TargetFramework=net9.0]
E:\vs\Projects\PlatformIndependentNuGetPackages\SunamoFileSystem\SunamoFileSystem\FS.cs(759,30): warning CS1591: Missing XML comment for publicly visible type or member 'FS.ReplaceInAllFiles(string, string, ReplaceInAllFilesArgsBase, Func<string, bool>)' [E:\vs\Projects\PlatformIndependentNuGetPackages\SunamoFileSystem\SunamoFileSystem\SunamoFileSystem.csproj::TargetFramework=net9.0]
E:\vs\Projects\PlatformIndependentNuGetPackages\SunamoFileSystem\SunamoFileSystem\FS.cs(769,30): warning CS1591: Missing XML comment for publicly visible type or member 'FS.ReplaceInAllFiles(string, string, List<string>, List<string>, bool, Func<string, bool>)' [E:\vs\Projects\PlatformIndependentNuGetPackages\SunamoFileSystem\SunamoFileSystem\SunamoFileSystem.csproj::TargetFramework=net9.0]
E:\vs\Projects\PlatformIndependentNuGetPackages\SunamoFileSystem\SunamoFileSystem\FS.cs(788,22): warning CS1572: XML comment has a param tag for 'files', but there is no parameter by that name [E:\vs\Projects\PlatformIndependentNuGetPackages\SunamoFileSystem\SunamoFileSystem\SunamoFileSystem.csproj::TargetFramework=net9.0]
E:\vs\Projects\PlatformIndependentNuGetPackages\SunamoFileSystem\SunamoFileSystem\FS.cs(789,22): warning CS1572: XML comment has a param tag for 'dontReplaceAll', but there is no parameter by that name [E:\vs\Projects\PlatformIndependentNuGetPackages\SunamoFileSystem\SunamoFileSystem\SunamoFileSystem.csproj::TargetFramework=net9.0]
E:\vs\Projects\PlatformIndependentNuGetPackages\SunamoFileSystem\SunamoFileSystem\FS.cs(796,105): warning CS1573: Parameter 'args' has no matching param tag in the XML comment for 'FS.ReplaceInAllFiles(IList<string>, IList<string>, ReplaceInAllFilesArgsBase, Func<string, bool>)' (but other parameters do) [E:\vs\Projects\PlatformIndependentNuGetPackages\SunamoFileSystem\SunamoFileSystem\SunamoFileSystem.csproj::TargetFramework=net9.0]
E:\vs\Projects\PlatformIndependentNuGetPackages\SunamoFileSystem\SunamoFileSystem\FS.cs(797,32): warning CS1573: Parameter 'EncodingHelperIsBinary' has no matching param tag in the XML comment for 'FS.ReplaceInAllFiles(IList<string>, IList<string>, ReplaceInAllFilesArgsBase, Func<string, bool>)' (but other parameters do) [E:\vs\Projects\PlatformIndependentNuGetPackages\SunamoFileSystem\SunamoFileSystem\SunamoFileSystem.csproj::TargetFramework=net9.0]
E:\vs\Projects\PlatformIndependentNuGetPackages\SunamoFileSystem\SunamoFileSystem\FS.cs(857,22): warning CS1572: XML comment has a param tag for 'v', but there is no parameter by that name [E:\vs\Projects\PlatformIndependentNuGetPackages\SunamoFileSystem\SunamoFileSystem\SunamoFileSystem.csproj::TargetFramework=net9.0]
E:\vs\Projects\PlatformIndependentNuGetPackages\SunamoFileSystem\SunamoFileSystem\FS.cs(858,54): warning CS1573: Parameter 'value' has no matching param tag in the XML comment for 'FS.GetFileInStartupPath(string)' (but other parameters do) [E:\vs\Projects\PlatformIndependentNuGetPackages\SunamoFileSystem\SunamoFileSystem\SunamoFileSystem.csproj::TargetFramework=net9.0]
E:\vs\Projects\PlatformIndependentNuGetPackages\SunamoFileSystem\SunamoFileSystem\FS.cs(868,9): warning CS1591: Missing XML comment for publicly visible type or member 'FS.RemoveDiacriticInFileContents(string, string)' [E:\vs\Projects\PlatformIndependentNuGetPackages\SunamoFileSystem\SunamoFileSystem\SunamoFileSystem.csproj::TargetFramework=net9.0]
E:\vs\Projects\PlatformIndependentNuGetPackages\SunamoFileSystem\SunamoFileSystem\FS.cs(901,26): warning CS1591: Missing XML comment for publicly visible type or member 'FS.RemoveFile(string)' [E:\vs\Projects\PlatformIndependentNuGetPackages\SunamoFileSystem\SunamoFileSystem\SunamoFileSystem.csproj::TargetFramework=net9.0]
E:\vs\Projects\PlatformIndependentNuGetPackages\SunamoFileSystem\SunamoFileSystem\FS.cs(910,26): warning CS1591: Missing XML comment for publicly visible type or member 'FS.MakeFromLastPartFile(string, string)' [E:\vs\Projects\PlatformIndependentNuGetPackages\SunamoFileSystem\SunamoFileSystem\SunamoFileSystem.csproj::TargetFramework=net9.0]
E:\vs\Projects\PlatformIndependentNuGetPackages\SunamoFileSystem\SunamoFileSystem\FS.cs(924,24): warning CS1591: Missing XML comment for publicly visible type or member 'FS.CopyAs0KbFilesSubfolders(string, string)' [E:\vs\Projects\PlatformIndependentNuGetPackages\SunamoFileSystem\SunamoFileSystem\SunamoFileSystem.csproj::TargetFramework=net9.0]
E:\vs\Projects\PlatformIndependentNuGetPackages\SunamoFileSystem\SunamoFileSystem\FS.cs(932,24): warning CS1591: Missing XML comment for publicly visible type or member 'FS.CopyAs0KbFiles(string, string)' [E:\vs\Projects\PlatformIndependentNuGetPackages\SunamoFileSystem\SunamoFileSystem\SunamoFileSystem.csproj::TargetFramework=net9.0]
E:\vs\Projects\PlatformIndependentNuGetPackages\SunamoFileSystem\SunamoFileSystem\FS.cs(944,26): warning CS1591: Missing XML comment for publicly visible type or member 'FS.ShrinkLongPath(string)' [E:\vs\Projects\PlatformIndependentNuGetPackages\SunamoFileSystem\SunamoFileSystem\SunamoFileSystem.csproj::TargetFramework=net9.0]
E:\vs\Projects\PlatformIndependentNuGetPackages\SunamoFileSystem\SunamoFileSystem\FS.cs(954,26): warning CS1591: Missing XML comment for publicly visible type or member 'FS.CreateNewFolderPathWithEndingNextTo(string, string)' [E:\vs\Projects\PlatformIndependentNuGetPackages\SunamoFileSystem\SunamoFileSystem\SunamoFileSystem.csproj::TargetFramework=net9.0]
E:\vs\Projects\PlatformIndependentNuGetPackages\SunamoFileSystem\SunamoFileSystem\FS.cs(962,24): warning CS1591: Missing XML comment for publicly visible type or member 'FS.CopyFilesOfExtensions(string, string, params string[])' [E:\vs\Projects\PlatformIndependentNuGetPackages\SunamoFileSystem\SunamoFileSystem\SunamoFileSystem.csproj::TargetFramework=net9.0]
E:\vs\Projects\PlatformIndependentNuGetPackages\SunamoFileSystem\SunamoFileSystem\FS.cs(1033,26): warning CS1591: Missing XML comment for publicly visible type or member 'FS.GetUpFolderWhichContainsExtension(string, string)' [E:\vs\Projects\PlatformIndependentNuGetPackages\SunamoFileSystem\SunamoFileSystem\SunamoFileSystem.csproj::TargetFramework=net9.0]
E:\vs\Projects\PlatformIndependentNuGetPackages\SunamoFileSystem\SunamoFileSystem\FS.cs(1042,24): warning CS1591: Missing XML comment for publicly visible type or member 'FS.TrimContentInFilesOfFolder(string, string, SearchOption)' [E:\vs\Projects\PlatformIndependentNuGetPackages\SunamoFileSystem\SunamoFileSystem\SunamoFileSystem.csproj::TargetFramework=net9.0]
E:\vs\Projects\PlatformIndependentNuGetPackages\SunamoFileSystem\SunamoFileSystem\FS.cs(1073,24): warning CS1591: Missing XML comment for publicly visible type or member 'FS.GetSizeIn(long, ComputerSizeUnits, ComputerSizeUnits)' [E:\vs\Projects\PlatformIndependentNuGetPackages\SunamoFileSystem\SunamoFileSystem\SunamoFileSystem.csproj::TargetFramework=net9.0]
E:\vs\Projects\PlatformIndependentNuGetPackages\SunamoFileSystem\SunamoFileSystem\FS.cs(1125,23): warning CS1591: Missing XML comment for publicly visible type or member 'FS.CompareTWithInt<T>(TWithInt<T>, TWithInt<T>)' [E:\vs\Projects\PlatformIndependentNuGetPackages\SunamoFileSystem\SunamoFileSystem\SunamoFileSystem.csproj::TargetFramework=net9.0]
E:\vs\Projects\PlatformIndependentNuGetPackages\SunamoFileSystem\SunamoFileSystem\FS.cs(1132,42): warning CS1591: Missing XML comment for publicly visible type or member 'FS.DirectoriesWithToken(string, AscDesc)' [E:\vs\Projects\PlatformIndependentNuGetPackages\SunamoFileSystem\SunamoFileSystem\SunamoFileSystem.csproj::TargetFramework=net9.0]
E:\vs\Projects\PlatformIndependentNuGetPackages\SunamoFileSystem\SunamoFileSystem\FS.cs(1238,24): warning CS1591: Missing XML comment for publicly visible type or member 'FS.MoveAllFilesRecursively(ILogger, string, string, FileMoveCollisionOption, string)' [E:\vs\Projects\PlatformIndependentNuGetPackages\SunamoFileSystem\SunamoFileSystem\SunamoFileSystem.csproj::TargetFramework=net9.0]
E:\vs\Projects\PlatformIndependentNuGetPackages\SunamoFileSystem\SunamoFileSystem\FS.cs(1327,52): warning CS1591: Missing XML comment for publicly visible type or member 'FS.SortPathsByFileName(List<string>, bool)' [E:\vs\Projects\PlatformIndependentNuGetPackages\SunamoFileSystem\SunamoFileSystem\SunamoFileSystem.csproj::TargetFramework=net9.0]
E:\vs\Projects\PlatformIndependentNuGetPackages\SunamoFileSystem\SunamoFileSystem\FS.cs(1342,24): warning CS1591: Missing XML comment for publicly visible type or member 'FS.DeleteAllRecursively(string, bool)' [E:\vs\Projects\PlatformIndependentNuGetPackages\SunamoFileSystem\SunamoFileSystem\SunamoFileSystem.csproj::TargetFramework=net9.0]
E:\vs\Projects\PlatformIndependentNuGetPackages\SunamoFileSystem\SunamoFileSystem\FS.cs(1355,24): warning CS1591: Missing XML comment for publicly visible type or member 'FS.DeleteFoldersWhichNotContains(string, string, IList<string>)' [E:\vs\Projects\PlatformIndependentNuGetPackages\SunamoFileSystem\SunamoFileSystem\SunamoFileSystem.csproj::TargetFramework=net9.0]
E:\vs\Projects\PlatformIndependentNuGetPackages\SunamoFileSystem\SunamoFileSystem\FS.cs(1378,32): warning CS1591: Missing XML comment for publicly visible type or member 'FS.OnlyExtensions(List<string>)' [E:\vs\Projects\PlatformIndependentNuGetPackages\SunamoFileSystem\SunamoFileSystem\SunamoFileSystem.csproj::TargetFramework=net9.0]
E:\vs\Projects\PlatformIndependentNuGetPackages\SunamoFileSystem\SunamoFileSystem\FS.cs(1409,32): warning CS1591: Missing XML comment for publicly visible type or member 'FS.OnlyExtensionsToLower(List<string>, GetExtensionArgs)' [E:\vs\Projects\PlatformIndependentNuGetPackages\SunamoFileSystem\SunamoFileSystem\SunamoFileSystem.csproj::TargetFramework=net9.0]
E:\vs\Projects\PlatformIndependentNuGetPackages\SunamoFileSystem\SunamoFileSystem\FS.cs(1419,32): warning CS1591: Missing XML comment for publicly visible type or member 'FS.OnlyExtensionsToLowerWithPath(List<string>)' [E:\vs\Projects\PlatformIndependentNuGetPackages\SunamoFileSystem\SunamoFileSystem\SunamoFileSystem.csproj::TargetFramework=net9.0]
E:\vs\Projects\PlatformIndependentNuGetPackages\SunamoFileSystem\SunamoFileSystem\FS.cs(1426,26): warning CS1591: Missing XML comment for publicly visible type or member 'FS.OnlyExtensionToLowerWithPath(string)' [E:\vs\Projects\PlatformIndependentNuGetPackages\SunamoFileSystem\SunamoFileSystem\SunamoFileSystem.csproj::TargetFramework=net9.0]
E:\vs\Projects\PlatformIndependentNuGetPackages\SunamoFileSystem\SunamoFileSystem\FS.cs(1433,32): warning CS1591: Missing XML comment for publicly visible type or member 'FS.AllExtensionsInFolders(SearchOption, params string[])' [E:\vs\Projects\PlatformIndependentNuGetPackages\SunamoFileSystem\SunamoFileSystem\SunamoFileSystem.csproj::TargetFramework=net9.0]
E:\vs\Projects\PlatformIndependentNuGetPackages\SunamoFileSystem\SunamoFileSystem\FS.cs(1442,22): warning CS1572: XML comment has a param tag for 'so', but there is no parameter by that name [E:\vs\Projects\PlatformIndependentNuGetPackages\SunamoFileSystem\SunamoFileSystem\SunamoFileSystem.csproj::TargetFramework=net9.0]
E:\vs\Projects\PlatformIndependentNuGetPackages\SunamoFileSystem\SunamoFileSystem\FS.cs(1443,22): warning CS1572: XML comment has a param tag for 'folders', but there is no parameter by that name [E:\vs\Projects\PlatformIndependentNuGetPackages\SunamoFileSystem\SunamoFileSystem\SunamoFileSystem.csproj::TargetFramework=net9.0]
E:\vs\Projects\PlatformIndependentNuGetPackages\SunamoFileSystem\SunamoFileSystem\FS.cs(1444,68): warning CS1573: Parameter 'filesFull' has no matching param tag in the XML comment for 'FS.AllExtensionsInFolders(List<string>, GetExtensionArgs)' (but other parameters do) [E:\vs\Projects\PlatformIndependentNuGetPackages\SunamoFileSystem\SunamoFileSystem\SunamoFileSystem.csproj::TargetFramework=net9.0]
E:\vs\Projects\PlatformIndependentNuGetPackages\SunamoFileSystem\SunamoFileSystem\FS.cs(1444,96): warning CS1573: Parameter 'args' has no matching param tag in the XML comment for 'FS.AllExtensionsInFolders(List<string>, GetExtensionArgs)' (but other parameters do) [E:\vs\Projects\PlatformIndependentNuGetPackages\SunamoFileSystem\SunamoFileSystem\SunamoFileSystem.csproj::TargetFramework=net9.0]
E:\vs\Projects\PlatformIndependentNuGetPackages\SunamoFileSystem\SunamoFileSystem\FS.cs(1462,26): warning CS1591: Missing XML comment for publicly visible type or member 'FS.ExpandEnvironmentVariables(EnvironmentVariables)' [E:\vs\Projects\PlatformIndependentNuGetPackages\SunamoFileSystem\SunamoFileSystem\SunamoFileSystem.csproj::TargetFramework=net9.0]
E:\vs\Projects\PlatformIndependentNuGetPackages\SunamoFileSystem\SunamoFileSystem\FS.cs(1474,26): warning CS1591: Missing XML comment for publicly visible type or member 'FS.AddUpfoldersToRelativePath(int, string, char)' [E:\vs\Projects\PlatformIndependentNuGetPackages\SunamoFileSystem\SunamoFileSystem\SunamoFileSystem.csproj::TargetFramework=net9.0]
E:\vs\Projects\PlatformIndependentNuGetPackages\SunamoFileSystem\SunamoFileSystem\FS.cs(1486,22): warning CS1572: XML comment has a param tag for 'item', but there is no parameter by that name [E:\vs\Projects\PlatformIndependentNuGetPackages\SunamoFileSystem\SunamoFileSystem\SunamoFileSystem.csproj::TargetFramework=net9.0]
E:\vs\Projects\PlatformIndependentNuGetPackages\SunamoFileSystem\SunamoFileSystem\FS.cs(1488,52): warning CS1573: Parameter 'extension' has no matching param tag in the XML comment for 'FS.NormalizeExtension(string)' (but other parameters do) [E:\vs\Projects\PlatformIndependentNuGetPackages\SunamoFileSystem\SunamoFileSystem\SunamoFileSystem.csproj::TargetFramework=net9.0]
E:\vs\Projects\PlatformIndependentNuGetPackages\SunamoFileSystem\SunamoFileSystem\FS.cs(1492,26): warning CS1591: Missing XML comment for publicly visible type or member 'FS.GetNormalizedExtension(string)' [E:\vs\Projects\PlatformIndependentNuGetPackages\SunamoFileSystem\SunamoFileSystem\SunamoFileSystem.csproj::TargetFramework=net9.0]
E:\vs\Projects\PlatformIndependentNuGetPackages\SunamoFileSystem\SunamoFileSystem\FS.cs(1496,24): warning CS1591: Missing XML comment for publicly visible type or member 'FS.ModifiedinUnix(string)' [E:\vs\Projects\PlatformIndependentNuGetPackages\SunamoFileSystem\SunamoFileSystem\SunamoFileSystem.csproj::TargetFramework=net9.0]
E:\vs\Projects\PlatformIndependentNuGetPackages\SunamoFileSystem\SunamoFileSystem\FS.cs(1500,24): warning CS1591: Missing XML comment for publicly visible type or member 'FS.ReplaceDiacriticRecursive(ILogger, string, bool, bool, DirectoryMoveCollisionOption, FileMoveCollisionOption)' [E:\vs\Projects\PlatformIndependentNuGetPackages\SunamoFileSystem\SunamoFileSystem\SunamoFileSystem.csproj::TargetFramework=net9.0]
E:\vs\Projects\PlatformIndependentNuGetPackages\SunamoFileSystem\SunamoFileSystem\FS.cs(1540,43): warning CS1573: Parameter 'logger' has no matching param tag in the XML comment for 'FS.RenameFile(ILogger, string, string, FileMoveCollisionOption)' (but other parameters do) [E:\vs\Projects\PlatformIndependentNuGetPackages\SunamoFileSystem\SunamoFileSystem\SunamoFileSystem.csproj::TargetFramework=net9.0]
E:\vs\Projects\PlatformIndependentNuGetPackages\SunamoFileSystem\SunamoFileSystem\FS.cs(1551,50): warning CS1573: Parameter 'logger' has no matching param tag in the XML comment for 'FS.RenameDirectory(ILogger, string, string, DirectoryMoveCollisionOption, FileMoveCollisionOption)' (but other parameters do) [E:\vs\Projects\PlatformIndependentNuGetPackages\SunamoFileSystem\SunamoFileSystem\SunamoFileSystem.csproj::TargetFramework=net9.0]
E:\vs\Projects\PlatformIndependentNuGetPackages\SunamoFileSystem\SunamoFileSystem\FS.cs(1551,116): warning CS1573: Parameter 'directoryCollisionOption' has no matching param tag in the XML comment for 'FS.RenameDirectory(ILogger, string, string, DirectoryMoveCollisionOption, FileMoveCollisionOption)' (but other parameters do) [E:\vs\Projects\PlatformIndependentNuGetPackages\SunamoFileSystem\SunamoFileSystem\SunamoFileSystem.csproj::TargetFramework=net9.0]
E:\vs\Projects\PlatformIndependentNuGetPackages\SunamoFileSystem\SunamoFileSystem\FS.cs(1552,33): warning CS1573: Parameter 'fileCollisionOption' has no matching param tag in the XML comment for 'FS.RenameDirectory(ILogger, string, string, DirectoryMoveCollisionOption, FileMoveCollisionOption)' (but other parameters do) [E:\vs\Projects\PlatformIndependentNuGetPackages\SunamoFileSystem\SunamoFileSystem\SunamoFileSystem.csproj::TargetFramework=net9.0]
E:\vs\Projects\PlatformIndependentNuGetPackages\SunamoFileSystem\SunamoFileSystem\FS.cs(1572,22): warning CS1572: XML comment has a param tag for 'fn', but there is no parameter by that name [E:\vs\Projects\PlatformIndependentNuGetPackages\SunamoFileSystem\SunamoFileSystem\SunamoFileSystem.csproj::TargetFramework=net9.0]
E:\vs\Projects\PlatformIndependentNuGetPackages\SunamoFileSystem\SunamoFileSystem\FS.cs(1573,22): warning CS1572: XML comment has a param tag for 'path', but there is no parameter by that name [E:\vs\Projects\PlatformIndependentNuGetPackages\SunamoFileSystem\SunamoFileSystem\SunamoFileSystem.csproj::TargetFramework=net9.0]
E:\vs\Projects\PlatformIndependentNuGetPackages\SunamoFileSystem\SunamoFileSystem\FS.cs(1576,71): warning CS1573: Parameter 'filePath' has no matching param tag in the XML comment for 'FS.GetFileNameWithoutExtensionAndExtension(string, out string, out string)' (but other parameters do) [E:\vs\Projects\PlatformIndependentNuGetPackages\SunamoFileSystem\SunamoFileSystem\SunamoFileSystem.csproj::TargetFramework=net9.0]
E:\vs\Projects\PlatformIndependentNuGetPackages\SunamoFileSystem\SunamoFileSystem\FS.cs(1581,24): warning CS1591: Missing XML comment for publicly visible type or member 'FS.SaveStream(string, Stream)' [E:\vs\Projects\PlatformIndependentNuGetPackages\SunamoFileSystem\SunamoFileSystem\SunamoFileSystem.csproj::TargetFramework=net9.0]
E:\vs\Projects\PlatformIndependentNuGetPackages\SunamoFileSystem\SunamoFileSystem\FS.cs(1589,32): warning CS1591: Missing XML comment for publicly visible type or member 'FS.OnlyNamesWithoutExtensionCopy(List<string>)' [E:\vs\Projects\PlatformIndependentNuGetPackages\SunamoFileSystem\SunamoFileSystem\SunamoFileSystem.csproj::TargetFramework=net9.0]
E:\vs\Projects\PlatformIndependentNuGetPackages\SunamoFileSystem\SunamoFileSystem\FS.cs(1595,24): warning CS1591: Missing XML comment for publicly visible type or member 'FS.DirectoryExistsAndIsNotEmpty(string)' [E:\vs\Projects\PlatformIndependentNuGetPackages\SunamoFileSystem\SunamoFileSystem\SunamoFileSystem.csproj::TargetFramework=net9.0]
E:\vs\Projects\PlatformIndependentNuGetPackages\SunamoFileSystem\SunamoFileSystem\FS.cs(1600,32): warning CS1591: Missing XML comment for publicly visible type or member 'FS.OnlyNamesWithoutExtension(string, List<string>)' [E:\vs\Projects\PlatformIndependentNuGetPackages\SunamoFileSystem\SunamoFileSystem\SunamoFileSystem.csproj::TargetFramework=net9.0]
E:\vs\Projects\PlatformIndependentNuGetPackages\SunamoFileSystem\SunamoFileSystem\FS.cs(1607,26): warning CS1591: Missing XML comment for publicly visible type or member 'FS.Postfix(string, string)' [E:\vs\Projects\PlatformIndependentNuGetPackages\SunamoFileSystem\SunamoFileSystem\SunamoFileSystem.csproj::TargetFramework=net9.0]
E:\vs\Projects\PlatformIndependentNuGetPackages\SunamoFileSystem\SunamoFileSystem\FS.cs(1619,9): warning CS1591: Missing XML comment for publicly visible type or member 'FS.ReadAllText(string)' [E:\vs\Projects\PlatformIndependentNuGetPackages\SunamoFileSystem\SunamoFileSystem\SunamoFileSystem.csproj::TargetFramework=net9.0]
E:\vs\Projects\PlatformIndependentNuGetPackages\SunamoFileSystem\SunamoFileSystem\FS.cs(1627,26): warning CS1591: Missing XML comment for publicly visible type or member 'FS.GetFileNameWithoutExtension(string)' [E:\vs\Projects\PlatformIndependentNuGetPackages\SunamoFileSystem\SunamoFileSystem\SunamoFileSystem.csproj::TargetFramework=net9.0]
E:\vs\Projects\PlatformIndependentNuGetPackages\SunamoFileSystem\SunamoFileSystem\FS.cs(1636,22): warning CS1572: XML comment has a param tag for 's', but there is no parameter by that name [E:\vs\Projects\PlatformIndependentNuGetPackages\SunamoFileSystem\SunamoFileSystem\SunamoFileSystem.csproj::TargetFramework=net9.0]
E:\vs\Projects\PlatformIndependentNuGetPackages\SunamoFileSystem\SunamoFileSystem\FS.cs(1638,88): warning CS1573: Parameter 'text' has no matching param tag in the XML comment for 'FS.GetFileNameWithoutExtensionNoAc<StorageFile>(StorageFile)' (but other parameters do) [E:\vs\Projects\PlatformIndependentNuGetPackages\SunamoFileSystem\SunamoFileSystem\SunamoFileSystem.csproj::TargetFramework=net9.0]
E:\vs\Projects\PlatformIndependentNuGetPackages\SunamoFileSystem\SunamoFileSystem\FS.cs(1665,24): warning CS1591: Missing XML comment for publicly visible type or member 'FS.ThrowNotImplementedUwp()' [E:\vs\Projects\PlatformIndependentNuGetPackages\SunamoFileSystem\SunamoFileSystem\SunamoFileSystem.csproj::TargetFramework=net9.0]
E:\vs\Projects\PlatformIndependentNuGetPackages\SunamoFileSystem\SunamoFileSystem\FS.cs(1669,24): warning CS1591: Missing XML comment for publicly visible type or member 'FS.IsFileOlderThanXHours(string, int, bool)' [E:\vs\Projects\PlatformIndependentNuGetPackages\SunamoFileSystem\SunamoFileSystem\SunamoFileSystem.csproj::TargetFramework=net9.0]
E:\vs\Projects\PlatformIndependentNuGetPackages\SunamoFileSystem\SunamoFileSystem\FS.cs(1684,32): warning CS1591: Missing XML comment for publicly visible type or member 'FS.GetFileNamesWoExtension(List<string>)' [E:\vs\Projects\PlatformIndependentNuGetPackages\SunamoFileSystem\SunamoFileSystem\SunamoFileSystem.csproj::TargetFramework=net9.0]
E:\vs\Projects\PlatformIndependentNuGetPackages\SunamoFileSystem\SunamoFileSystem\FS.cs(1702,93): warning CS1573: Parameter 'collisionOption' has no matching param tag in the XML comment for 'FS.CopyTo(string, string, FileMoveCollisionOption)' (but other parameters do) [E:\vs\Projects\PlatformIndependentNuGetPackages\SunamoFileSystem\SunamoFileSystem\SunamoFileSystem.csproj::TargetFramework=net9.0]
E:\vs\Projects\PlatformIndependentNuGetPackages\SunamoFileSystem\SunamoFileSystem\FS.cs(1731,22): warning CS1572: XML comment has a param tag for 'p', but there is no parameter by that name [E:\vs\Projects\PlatformIndependentNuGetPackages\SunamoFileSystem\SunamoFileSystem\SunamoFileSystem.csproj::TargetFramework=net9.0]
E:\vs\Projects\PlatformIndependentNuGetPackages\SunamoFileSystem\SunamoFileSystem\FS.cs(1734,82): warning CS1573: Parameter 'path' has no matching param tag in the XML comment for 'FS.ReplaceDirectoryThrowExceptionIfFromDoesntExists(string, string, string)' (but other parameters do) [E:\vs\Projects\PlatformIndependentNuGetPackages\SunamoFileSystem\SunamoFileSystem\SunamoFileSystem.csproj::TargetFramework=net9.0]
E:\vs\Projects\PlatformIndependentNuGetPackages\SunamoFileSystem\SunamoFileSystem\FS.cs(1750,22): warning CS1572: XML comment has a param tag for 'p', but there is no parameter by that name [E:\vs\Projects\PlatformIndependentNuGetPackages\SunamoFileSystem\SunamoFileSystem\SunamoFileSystem.csproj::TargetFramework=net9.0]
E:\vs\Projects\PlatformIndependentNuGetPackages\SunamoFileSystem\SunamoFileSystem\FS.cs(1752,71): warning CS1573: Parameter 'path' has no matching param tag in the XML comment for 'FS.OnlyNamesWithoutExtension(List<string>)' (but other parameters do) [E:\vs\Projects\PlatformIndependentNuGetPackages\SunamoFileSystem\SunamoFileSystem\SunamoFileSystem.csproj::TargetFramework=net9.0]
E:\vs\Projects\PlatformIndependentNuGetPackages\SunamoFileSystem\SunamoFileSystem\FS.cs(1760,22): warning CS1572: XML comment has a param tag for 'fn', but there is no parameter by that name [E:\vs\Projects\PlatformIndependentNuGetPackages\SunamoFileSystem\SunamoFileSystem\SunamoFileSystem.csproj::TargetFramework=net9.0]
E:\vs\Projects\PlatformIndependentNuGetPackages\SunamoFileSystem\SunamoFileSystem\FS.cs(1764,50): warning CS1573: Parameter 'filePath' has no matching param tag in the XML comment for 'FS.GetPathAndFileName(string, out string, out string, out string)' (but other parameters do) [E:\vs\Projects\PlatformIndependentNuGetPackages\SunamoFileSystem\SunamoFileSystem\SunamoFileSystem.csproj::TargetFramework=net9.0]
E:\vs\Projects\PlatformIndependentNuGetPackages\SunamoFileSystem\SunamoFileSystem\FS.cs(1815,32): warning CS1591: Missing XML comment for publicly visible type or member 'FS.GetTokens(string)' [E:\vs\Projects\PlatformIndependentNuGetPackages\SunamoFileSystem\SunamoFileSystem\SunamoFileSystem.csproj::TargetFramework=net9.0]
E:\vs\Projects\PlatformIndependentNuGetPackages\SunamoFileSystem\SunamoFileSystem\FS.cs(1827,24): warning CS1591: Missing XML comment for publicly visible type or member 'FS.CopyStream(Stream, Stream)' [E:\vs\Projects\PlatformIndependentNuGetPackages\SunamoFileSystem\SunamoFileSystem\SunamoFileSystem.csproj::TargetFramework=net9.0]
E:\vs\Projects\PlatformIndependentNuGetPackages\SunamoFileSystem\SunamoFileSystem\FS.cs(1836,22): warning CS1572: XML comment has a param tag for 's', but there is no parameter by that name [E:\vs\Projects\PlatformIndependentNuGetPackages\SunamoFileSystem\SunamoFileSystem\SunamoFileSystem.csproj::TargetFramework=net9.0]
E:\vs\Projects\PlatformIndependentNuGetPackages\SunamoFileSystem\SunamoFileSystem\FS.cs(1837,71): warning CS1573: Parameter 'text' has no matching param tag in the XML comment for 'FS.CombineWithoutFirstCharUpper(params string[])' (but other parameters do) [E:\vs\Projects\PlatformIndependentNuGetPackages\SunamoFileSystem\SunamoFileSystem\SunamoFileSystem.csproj::TargetFramework=net9.0]
E:\vs\Projects\PlatformIndependentNuGetPackages\SunamoFileSystem\SunamoFileSystem\FS.cs(1841,24): warning CS1591: Missing XML comment for publicly visible type or member 'FS.SaveMemoryStream(MemoryStream, string)' [E:\vs\Projects\PlatformIndependentNuGetPackages\SunamoFileSystem\SunamoFileSystem\SunamoFileSystem.csproj::TargetFramework=net9.0]
E:\vs\Projects\PlatformIndependentNuGetPackages\SunamoFileSystem\SunamoFileSystem\FS.cs(1878,26): warning CS1591: Missing XML comment for publicly visible type or member 'FS.DeleteWrongCharsInDirectoryName(string)' [E:\vs\Projects\PlatformIndependentNuGetPackages\SunamoFileSystem\SunamoFileSystem\SunamoFileSystem.csproj::TargetFramework=net9.0]
E:\vs\Projects\PlatformIndependentNuGetPackages\SunamoFileSystem\SunamoFileSystem\FS.cs(1888,26): warning CS1591: Missing XML comment for publicly visible type or member 'FS.DeleteWrongCharsInFileName(string, bool)' [E:\vs\Projects\PlatformIndependentNuGetPackages\SunamoFileSystem\SunamoFileSystem\SunamoFileSystem.csproj::TargetFramework=net9.0]
E:\vs\Projects\PlatformIndependentNuGetPackages\SunamoFileSystem\SunamoFileSystem\FS.cs(1903,24): warning CS1591: Missing XML comment for publicly visible type or member 'FS.ContainsInvalidPathCharForPartOfMapPath(string)' [E:\vs\Projects\PlatformIndependentNuGetPackages\SunamoFileSystem\SunamoFileSystem\SunamoFileSystem.csproj::TargetFramework=net9.0]
E:\vs\Projects\PlatformIndependentNuGetPackages\SunamoFileSystem\SunamoFileSystem\FS.cs(1933,22): warning CS1572: XML comment has a param tag for 'files', but there is no parameter by that name [E:\vs\Projects\PlatformIndependentNuGetPackages\SunamoFileSystem\SunamoFileSystem\SunamoFileSystem.csproj::TargetFramework=net9.0]
E:\vs\Projects\PlatformIndependentNuGetPackages\SunamoFileSystem\SunamoFileSystem\FS.cs(1934,67): warning CS1573: Parameter 'files2' has no matching param tag in the XML comment for 'FS.OnlyNamesNoDirectEdit(List<string>)' (but other parameters do) [E:\vs\Projects\PlatformIndependentNuGetPackages\SunamoFileSystem\SunamoFileSystem\SunamoFileSystem.csproj::TargetFramework=net9.0]
E:\vs\Projects\PlatformIndependentNuGetPackages\SunamoFileSystem\SunamoFileSystem\FS.cs(1955,22): warning CS1572: XML comment has a param tag for 'item', but there is no parameter by that name [E:\vs\Projects\PlatformIndependentNuGetPackages\SunamoFileSystem\SunamoFileSystem\SunamoFileSystem.csproj::TargetFramework=net9.0]
E:\vs\Projects\PlatformIndependentNuGetPackages\SunamoFileSystem\SunamoFileSystem\FS.cs(1956,22): warning CS1572: XML comment has a param tag for 'fileTo', but there is no parameter by that name [E:\vs\Projects\PlatformIndependentNuGetPackages\SunamoFileSystem\SunamoFileSystem\SunamoFileSystem.csproj::TargetFramework=net9.0]
E:\vs\Projects\PlatformIndependentNuGetPackages\SunamoFileSystem\SunamoFileSystem\FS.cs(1957,22): warning CS1572: XML comment has a param tag for 'co', but there is no parameter by that name [E:\vs\Projects\PlatformIndependentNuGetPackages\SunamoFileSystem\SunamoFileSystem\SunamoFileSystem.csproj::TargetFramework=net9.0]
E:\vs\Projects\PlatformIndependentNuGetPackages\SunamoFileSystem\SunamoFileSystem\FS.cs(2006,49): warning CS1573: Parameter 'filePath' has no matching param tag in the XML comment for 'FS.ChangeExtension(string, string, bool)' (but other parameters do) [E:\vs\Projects\PlatformIndependentNuGetPackages\SunamoFileSystem\SunamoFileSystem\SunamoFileSystem.csproj::TargetFramework=net9.0]
E:\vs\Projects\PlatformIndependentNuGetPackages\SunamoFileSystem\SunamoFileSystem\FS.cs(2006,66): warning CS1573: Parameter 'newExt' has no matching param tag in the XML comment for 'FS.ChangeExtension(string, string, bool)' (but other parameters do) [E:\vs\Projects\PlatformIndependentNuGetPackages\SunamoFileSystem\SunamoFileSystem\SunamoFileSystem.csproj::TargetFramework=net9.0]
E:\vs\Projects\PlatformIndependentNuGetPackages\SunamoFileSystem\SunamoFileSystem\FS.cs(2006,79): warning CS1573: Parameter 'physically' has no matching param tag in the XML comment for 'FS.ChangeExtension(string, string, bool)' (but other parameters do) [E:\vs\Projects\PlatformIndependentNuGetPackages\SunamoFileSystem\SunamoFileSystem\SunamoFileSystem.csproj::TargetFramework=net9.0]
E:\vs\Projects\PlatformIndependentNuGetPackages\SunamoFileSystem\SunamoFileSystem\FS.cs(2027,26): warning CS1591: Missing XML comment for publicly visible type or member 'FS.CreateDirectory(string, DirectoryCreateCollisionOption, SerieStyleFS, bool)' [E:\vs\Projects\PlatformIndependentNuGetPackages\SunamoFileSystem\SunamoFileSystem\SunamoFileSystem.csproj::TargetFramework=net9.0]
E:\vs\Projects\PlatformIndependentNuGetPackages\SunamoFileSystem\SunamoFileSystem\FS.cs(2070,26): warning CS1591: Missing XML comment for publicly visible type or member 'FS.StreamToArrayBytes(Stream)' [E:\vs\Projects\PlatformIndependentNuGetPackages\SunamoFileSystem\SunamoFileSystem\SunamoFileSystem.csproj::TargetFramework=net9.0]
E:\vs\Projects\PlatformIndependentNuGetPackages\SunamoFileSystem\SunamoFileSystem\FS.cs(2113,26): warning CS1591: Missing XML comment for publicly visible type or member 'FS.AddExtensionIfDontHave(string, string)' [E:\vs\Projects\PlatformIndependentNuGetPackages\SunamoFileSystem\SunamoFileSystem\SunamoFileSystem.csproj::TargetFramework=net9.0]
E:\vs\Projects\PlatformIndependentNuGetPackages\SunamoFileSystem\SunamoFileSystem\FS.cs(2135,22): warning CS1572: XML comment has a param tag for 'linesFiles', but there is no parameter by that name [E:\vs\Projects\PlatformIndependentNuGetPackages\SunamoFileSystem\SunamoFileSystem\SunamoFileSystem.csproj::TargetFramework=net9.0]
E:\vs\Projects\PlatformIndependentNuGetPackages\SunamoFileSystem\SunamoFileSystem\FS.cs(2136,22): warning CS1572: XML comment has a param tag for 'searchOnlyWithExtension', but there is no parameter by that name [E:\vs\Projects\PlatformIndependentNuGetPackages\SunamoFileSystem\SunamoFileSystem\SunamoFileSystem.csproj::TargetFramework=net9.0]
E:\vs\Projects\PlatformIndependentNuGetPackages\SunamoFileSystem\SunamoFileSystem\FS.cs(2137,102): warning CS1573: Parameter 'files' has no matching param tag in the XML comment for 'FS.GetDictionaryByFileNameWithExtension(List<string>)' (but other parameters do) [E:\vs\Projects\PlatformIndependentNuGetPackages\SunamoFileSystem\SunamoFileSystem\SunamoFileSystem.csproj::TargetFramework=net9.0]
E:\vs\Projects\PlatformIndependentNuGetPackages\SunamoFileSystem\SunamoFileSystem\FS.cs(2147,26): warning CS1591: Missing XML comment for publicly visible type or member 'FS.ChangeFilename(string, string, bool)' [E:\vs\Projects\PlatformIndependentNuGetPackages\SunamoFileSystem\SunamoFileSystem\SunamoFileSystem.csproj::TargetFramework=net9.0]
E:\vs\Projects\PlatformIndependentNuGetPackages\SunamoFileSystem\SunamoFileSystem\FS.cs(2162,5): warning CS1587: XML comment is not placed on a valid language element [E:\vs\Projects\PlatformIndependentNuGetPackages\SunamoFileSystem\SunamoFileSystem\SunamoFileSystem.csproj::TargetFramework=net9.0]
E:\vs\Projects\PlatformIndependentNuGetPackages\SunamoFileSystem\SunamoFileSystem\FS.cs(2215,24): warning CS1591: Missing XML comment for publicly visible type or member 'FS.TryDeleteFile(string, out string)' [E:\vs\Projects\PlatformIndependentNuGetPackages\SunamoFileSystem\SunamoFileSystem\SunamoFileSystem.csproj::TargetFramework=net9.0]
E:\vs\Projects\PlatformIndependentNuGetPackages\SunamoFileSystem\SunamoFileSystem\FS.cs(2229,26): warning CS1591: Missing XML comment for publicly visible type or member 'FS.GetSizeInAutoString(double)' [E:\vs\Projects\PlatformIndependentNuGetPackages\SunamoFileSystem\SunamoFileSystem\SunamoFileSystem.csproj::TargetFramework=net9.0]
E:\vs\Projects\PlatformIndependentNuGetPackages\SunamoFileSystem\SunamoFileSystem\FS.cs(2254,26): warning CS1591: Missing XML comment for publicly visible type or member 'FS.GetSizeInAutoString(long, ComputerSizeUnits)' [E:\vs\Projects\PlatformIndependentNuGetPackages\SunamoFileSystem\SunamoFileSystem\SunamoFileSystem.csproj::TargetFramework=net9.0]
E:\vs\Projects\PlatformIndependentNuGetPackages\SunamoFileSystem\SunamoFileSystem\FS.cs(2262,22): warning CS1572: XML comment has a param tag for 'b', but there is no parameter by that name [E:\vs\Projects\PlatformIndependentNuGetPackages\SunamoFileSystem\SunamoFileSystem\SunamoFileSystem.csproj::TargetFramework=net9.0]
E:\vs\Projects\PlatformIndependentNuGetPackages\SunamoFileSystem\SunamoFileSystem\FS.cs(2264,78): warning CS1573: Parameter 'fromUnit' has no matching param tag in the XML comment for 'FS.GetSizeInAutoString(double, ComputerSizeUnits)' (but other parameters do) [E:\vs\Projects\PlatformIndependentNuGetPackages\SunamoFileSystem\SunamoFileSystem\SunamoFileSystem.csproj::TargetFramework=net9.0]
E:\vs\Projects\PlatformIndependentNuGetPackages\SunamoFileSystem\SunamoFileSystem\FS.cs(2418,32): warning CS1591: Missing XML comment for publicly visible type or member 'FS.DirectoryListing(string, string, SearchOption)' [E:\vs\Projects\PlatformIndependentNuGetPackages\SunamoFileSystem\SunamoFileSystem\SunamoFileSystem.csproj::TargetFramework=net9.0]
E:\vs\Projects\PlatformIndependentNuGetPackages\SunamoFileSystem\SunamoFileSystem\FS.cs(2423,26): warning CS1591: Missing XML comment for publicly visible type or member 'FS.WithoutEndSlash(string)' [E:\vs\Projects\PlatformIndependentNuGetPackages\SunamoFileSystem\SunamoFileSystem\SunamoFileSystem.csproj::TargetFramework=net9.0]
E:\vs\Projects\PlatformIndependentNuGetPackages\SunamoFileSystem\SunamoFileSystem\FS.cs(2427,26): warning CS1591: Missing XML comment for publicly visible type or member 'FS.WithoutEndSlash(ref string)' [E:\vs\Projects\PlatformIndependentNuGetPackages\SunamoFileSystem\SunamoFileSystem\SunamoFileSystem.csproj::TargetFramework=net9.0]
E:\vs\Projects\PlatformIndependentNuGetPackages\SunamoFileSystem\SunamoFileSystem\FS.cs(2432,26): warning CS1591: Missing XML comment for publicly visible type or member 'FS.MascFromExtension(string)' [E:\vs\Projects\PlatformIndependentNuGetPackages\SunamoFileSystem\SunamoFileSystem\SunamoFileSystem.csproj::TargetFramework=net9.0]
E:\vs\Projects\PlatformIndependentNuGetPackages\SunamoFileSystem\SunamoFileSystem\FS.cs(2470,24): warning CS1591: Missing XML comment for publicly visible type or member 'FS.IsCountOfFilesMoreThan(string, string, int)' [E:\vs\Projects\PlatformIndependentNuGetPackages\SunamoFileSystem\SunamoFileSystem\SunamoFileSystem.csproj::TargetFramework=net9.0]
E:\vs\Projects\PlatformIndependentNuGetPackages\SunamoFileSystem\SunamoFileSystem\FS.cs(2476,32): warning CS1591: Missing XML comment for publicly visible type or member 'FS.GetFiles(string, bool)' [E:\vs\Projects\PlatformIndependentNuGetPackages\SunamoFileSystem\SunamoFileSystem\SunamoFileSystem.csproj::TargetFramework=net9.0]
E:\vs\Projects\PlatformIndependentNuGetPackages\SunamoFileSystem\SunamoFileSystem\FS.cs(2498,22): warning CS1572: XML comment has a param tag for 'item', but there is no parameter by that name [E:\vs\Projects\PlatformIndependentNuGetPackages\SunamoFileSystem\SunamoFileSystem\SunamoFileSystem.csproj::TargetFramework=net9.0]
E:\vs\Projects\PlatformIndependentNuGetPackages\SunamoFileSystem\SunamoFileSystem\FS.cs(2501,41): warning CS1573: Parameter 'logger' has no matching param tag in the XML comment for 'FS.MoveFile(ILogger, string, string, FileMoveCollisionOption)' (but other parameters do) [E:\vs\Projects\PlatformIndependentNuGetPackages\SunamoFileSystem\SunamoFileSystem\SunamoFileSystem.csproj::TargetFramework=net9.0]
E:\vs\Projects\PlatformIndependentNuGetPackages\SunamoFileSystem\SunamoFileSystem\FS.cs(2501,56): warning CS1573: Parameter 'sourceFilePath' has no matching param tag in the XML comment for 'FS.MoveFile(ILogger, string, string, FileMoveCollisionOption)' (but other parameters do) [E:\vs\Projects\PlatformIndependentNuGetPackages\SunamoFileSystem\SunamoFileSystem\SunamoFileSystem.csproj::TargetFramework=net9.0]
E:\vs\Projects\PlatformIndependentNuGetPackages\SunamoFileSystem\SunamoFileSystem\FS.cs(2516,24): warning CS1591: Missing XML comment for publicly visible type or member 'FS.CopyMoveFilePrepare(ref string, ref string, FileMoveCollisionOption)' [E:\vs\Projects\PlatformIndependentNuGetPackages\SunamoFileSystem\SunamoFileSystem\SunamoFileSystem.csproj::TargetFramework=net9.0]
E:\vs\Projects\PlatformIndependentNuGetPackages\SunamoFileSystem\SunamoFileSystem\FS.cs(2584,24): warning CS1591: Missing XML comment for publicly visible type or member 'FS.GetFileSize(string)' [E:\vs\Projects\PlatformIndependentNuGetPackages\SunamoFileSystem\SunamoFileSystem\SunamoFileSystem.csproj::TargetFramework=net9.0]
E:\vs\Projects\PlatformIndependentNuGetPackages\SunamoFileSystem\SunamoFileSystem\FS.cs(2599,24): warning CS1591: Missing XML comment for publicly visible type or member 'FS.CopyAllFilesRecursively(ILogger, string, string, FileMoveCollisionOption, string)' [E:\vs\Projects\PlatformIndependentNuGetPackages\SunamoFileSystem\SunamoFileSystem\SunamoFileSystem.csproj::TargetFramework=net9.0]
E:\vs\Projects\PlatformIndependentNuGetPackages\SunamoFileSystem\SunamoFileSystem\FS.cs(2606,22): warning CS1572: XML comment has a param tag for 'p', but there is no parameter by that name [E:\vs\Projects\PlatformIndependentNuGetPackages\SunamoFileSystem\SunamoFileSystem\SunamoFileSystem.csproj::TargetFramework=net9.0]
E:\vs\Projects\PlatformIndependentNuGetPackages\SunamoFileSystem\SunamoFileSystem\FS.cs(2610,45): warning CS1573: Parameter 'logger' has no matching param tag in the XML comment for 'FS.CopyAllFiles(ILogger, string, string, FileMoveCollisionOption, string)' (but other parameters do) [E:\vs\Projects\PlatformIndependentNuGetPackages\SunamoFileSystem\SunamoFileSystem\SunamoFileSystem.csproj::TargetFramework=net9.0]
E:\vs\Projects\PlatformIndependentNuGetPackages\SunamoFileSystem\SunamoFileSystem\FS.cs(2610,60): warning CS1573: Parameter 'path' has no matching param tag in the XML comment for 'FS.CopyAllFiles(ILogger, string, string, FileMoveCollisionOption, string)' (but other parameters do) [E:\vs\Projects\PlatformIndependentNuGetPackages\SunamoFileSystem\SunamoFileSystem\SunamoFileSystem.csproj::TargetFramework=net9.0]
E:\vs\Projects\PlatformIndependentNuGetPackages\SunamoFileSystem\SunamoFileSystem\FS.cs(2617,22): warning CS1572: XML comment has a param tag for 'p', but there is no parameter by that name [E:\vs\Projects\PlatformIndependentNuGetPackages\SunamoFileSystem\SunamoFileSystem\SunamoFileSystem.csproj::TargetFramework=net9.0]
E:\vs\Projects\PlatformIndependentNuGetPackages\SunamoFileSystem\SunamoFileSystem\FS.cs(2619,22): warning CS1572: XML comment has a param tag for 'co', but there is no parameter by that name [E:\vs\Projects\PlatformIndependentNuGetPackages\SunamoFileSystem\SunamoFileSystem\SunamoFileSystem.csproj::TargetFramework=net9.0]
E:\vs\Projects\PlatformIndependentNuGetPackages\SunamoFileSystem\SunamoFileSystem\FS.cs(2621,61): warning CS1573: Parameter 'logger' has no matching param tag in the XML comment for 'FS.CopyMoveAllFilesRecursively(ILogger, string, string, FileMoveCollisionOption, bool, string, SearchOption)' (but other parameters do) [E:\vs\Projects\PlatformIndependentNuGetPackages\SunamoFileSystem\SunamoFileSystem\SunamoFileSystem.csproj::TargetFramework=net9.0]
E:\vs\Projects\PlatformIndependentNuGetPackages\SunamoFileSystem\SunamoFileSystem\FS.cs(2621,76): warning CS1573: Parameter 'path' has no matching param tag in the XML comment for 'FS.CopyMoveAllFilesRecursively(ILogger, string, string, FileMoveCollisionOption, bool, string, SearchOption)' (but other parameters do) [E:\vs\Projects\PlatformIndependentNuGetPackages\SunamoFileSystem\SunamoFileSystem\SunamoFileSystem.csproj::TargetFramework=net9.0]
E:\vs\Projects\PlatformIndependentNuGetPackages\SunamoFileSystem\SunamoFileSystem\FS.cs(2621,117): warning CS1573: Parameter 'collisionOption' has no matching param tag in the XML comment for 'FS.CopyMoveAllFilesRecursively(ILogger, string, string, FileMoveCollisionOption, bool, string, SearchOption)' (but other parameters do) [E:\vs\Projects\PlatformIndependentNuGetPackages\SunamoFileSystem\SunamoFileSystem\SunamoFileSystem.csproj::TargetFramework=net9.0]
E:\vs\Projects\PlatformIndependentNuGetPackages\SunamoFileSystem\SunamoFileSystem\FS.cs(2621,139): warning CS1573: Parameter 'move' has no matching param tag in the XML comment for 'FS.CopyMoveAllFilesRecursively(ILogger, string, string, FileMoveCollisionOption, bool, string, SearchOption)' (but other parameters do) [E:\vs\Projects\PlatformIndependentNuGetPackages\SunamoFileSystem\SunamoFileSystem\SunamoFileSystem.csproj::TargetFramework=net9.0]
E:\vs\Projects\PlatformIndependentNuGetPackages\SunamoFileSystem\SunamoFileSystem\FS.cs(2622,43): warning CS1573: Parameter 'so' has no matching param tag in the XML comment for 'FS.CopyMoveAllFilesRecursively(ILogger, string, string, FileMoveCollisionOption, bool, string, SearchOption)' (but other parameters do) [E:\vs\Projects\PlatformIndependentNuGetPackages\SunamoFileSystem\SunamoFileSystem\SunamoFileSystem.csproj::TargetFramework=net9.0]
E:\vs\Projects\PlatformIndependentNuGetPackages\SunamoFileSystem\SunamoFileSystem\FS.cs(2648,9): warning CS1591: Missing XML comment for publicly visible type or member 'FS.CopyFile(ILogger, string, string, FileMoveCollisionOption, bool)' [E:\vs\Projects\PlatformIndependentNuGetPackages\SunamoFileSystem\SunamoFileSystem\SunamoFileSystem.csproj::TargetFramework=net9.0]
E:\vs\Projects\PlatformIndependentNuGetPackages\SunamoFileSystem\SunamoFileSystem\FS.cs(2669,22): warning CS1572: XML comment has a param tag for 'v', but there is no parameter by that name [E:\vs\Projects\PlatformIndependentNuGetPackages\SunamoFileSystem\SunamoFileSystem\SunamoFileSystem.csproj::TargetFramework=net9.0]
E:\vs\Projects\PlatformIndependentNuGetPackages\SunamoFileSystem\SunamoFileSystem\FS.cs(2670,41): warning CS1573: Parameter 'logger' has no matching param tag in the XML comment for 'FS.CopyFile(ILogger, string, string, bool)' (but other parameters do) [E:\vs\Projects\PlatformIndependentNuGetPackages\SunamoFileSystem\SunamoFileSystem\SunamoFileSystem.csproj::TargetFramework=net9.0]
E:\vs\Projects\PlatformIndependentNuGetPackages\SunamoFileSystem\SunamoFileSystem\FS.cs(2670,72): warning CS1573: Parameter 'value' has no matching param tag in the XML comment for 'FS.CopyFile(ILogger, string, string, bool)' (but other parameters do) [E:\vs\Projects\PlatformIndependentNuGetPackages\SunamoFileSystem\SunamoFileSystem\SunamoFileSystem.csproj::TargetFramework=net9.0]
E:\vs\Projects\PlatformIndependentNuGetPackages\SunamoFileSystem\SunamoFileSystem\FS.cs(2670,84): warning CS1573: Parameter 'terminateProcessIfIsInUsed' has no matching param tag in the XML comment for 'FS.CopyFile(ILogger, string, string, bool)' (but other parameters do) [E:\vs\Projects\PlatformIndependentNuGetPackages\SunamoFileSystem\SunamoFileSystem\SunamoFileSystem.csproj::TargetFramework=net9.0]
E:\vs\Projects\PlatformIndependentNuGetPackages\SunamoFileSystem\SunamoFileSystem\FS.cs(2702,24): warning CS1591: Missing XML comment for publicly visible type or member 'FS.CopyFile(string, string, FileMoveCollisionOption)' [E:\vs\Projects\PlatformIndependentNuGetPackages\SunamoFileSystem\SunamoFileSystem\SunamoFileSystem.csproj::TargetFramework=net9.0]
E:\vs\Projects\PlatformIndependentNuGetPackages\SunamoFileSystem\SunamoFileSystem\FS.cs(2711,28): warning CS1591: Missing XML comment for publicly visible type or member 'FS.LastModified(string)' [E:\vs\Projects\PlatformIndependentNuGetPackages\SunamoFileSystem\SunamoFileSystem\SunamoFileSystem.csproj::TargetFramework=net9.0]
E:\vs\Projects\PlatformIndependentNuGetPackages\SunamoFileSystem\SunamoFileSystem\FS.cs(2720,24): warning CS1591: Missing XML comment for publicly visible type or member 'FS.TryDeleteDirectoryOrFile(string)' [E:\vs\Projects\PlatformIndependentNuGetPackages\SunamoFileSystem\SunamoFileSystem\SunamoFileSystem.csproj::TargetFramework=net9.0]
E:\vs\Projects\PlatformIndependentNuGetPackages\SunamoFileSystem\SunamoFileSystem\FS.cs(2809,22): warning CS1572: XML comment has a param tag for 'v', but there is no parameter by that name [E:\vs\Projects\PlatformIndependentNuGetPackages\SunamoFileSystem\SunamoFileSystem\SunamoFileSystem.csproj::TargetFramework=net9.0]
E:\vs\Projects\PlatformIndependentNuGetPackages\SunamoFileSystem\SunamoFileSystem\FS.cs(2811,50): warning CS1573: Parameter 'value' has no matching param tag in the XML comment for 'FS.TryDeleteDirectory(string)' (but other parameters do) [E:\vs\Projects\PlatformIndependentNuGetPackages\SunamoFileSystem\SunamoFileSystem\SunamoFileSystem.csproj::TargetFramework=net9.0]
E:\vs\Projects\PlatformIndependentNuGetPackages\SunamoFileSystem\SunamoFileSystem\FS.cs(2895,26): warning CS1591: Missing XML comment for publicly visible type or member 'FS.AllIncludeIfOnlyLetters(string)' [E:\vs\Projects\PlatformIndependentNuGetPackages\SunamoFileSystem\SunamoFileSystem\SunamoFileSystem.csproj::TargetFramework=net9.0]
E:\vs\Projects\PlatformIndependentNuGetPackages\SunamoFileSystem\SunamoFileSystem\FS.cs(2929,22): warning CS1572: XML comment has a param tag for 'fn', but there is no parameter by that name [E:\vs\Projects\PlatformIndependentNuGetPackages\SunamoFileSystem\SunamoFileSystem\SunamoFileSystem.csproj::TargetFramework=net9.0]
E:\vs\Projects\PlatformIndependentNuGetPackages\SunamoFileSystem\SunamoFileSystem\FS.cs(2931,62): warning CS1573: Parameter 'fileName' has no matching param tag in the XML comment for 'FS.GetFileSeries(string, string, string)' (but other parameters do) [E:\vs\Projects\PlatformIndependentNuGetPackages\SunamoFileSystem\SunamoFileSystem\SunamoFileSystem.csproj::TargetFramework=net9.0]
E:\vs\Projects\PlatformIndependentNuGetPackages\SunamoFileSystem\SunamoFileSystem\FS.cs(2995,22): warning CS1572: XML comment has a param tag for 'selectedFile', but there is no parameter by that name [E:\vs\Projects\PlatformIndependentNuGetPackages\SunamoFileSystem\SunamoFileSystem\SunamoFileSystem.csproj::TargetFramework=net9.0]
E:\vs\Projects\PlatformIndependentNuGetPackages\SunamoFileSystem\SunamoFileSystem\FS.cs(3044,52): warning CS1573: Parameter 'directoryPath' has no matching param tag in the XML comment for 'FS.ExistsDirectoryNull(string)' (but other parameters do) [E:\vs\Projects\PlatformIndependentNuGetPackages\SunamoFileSystem\SunamoFileSystem\SunamoFileSystem.csproj::TargetFramework=net9.0]
E:\vs\Projects\PlatformIndependentNuGetPackages\SunamoFileSystem\SunamoFileSystem\FS.cs(3048,25): warning CS1591: Missing XML comment for publicly visible type or member 'FS.ExistsDirectoryNull(string, bool)' [E:\vs\Projects\PlatformIndependentNuGetPackages\SunamoFileSystem\SunamoFileSystem\SunamoFileSystem.csproj::TargetFramework=net9.0]
E:\vs\Projects\PlatformIndependentNuGetPackages\SunamoFileSystem\SunamoFileSystem\FS.cs(3052,24): warning CS1591: Missing XML comment for publicly visible type or member 'FS.ExistsDirectory(string, bool)' [E:\vs\Projects\PlatformIndependentNuGetPackages\SunamoFileSystem\SunamoFileSystem\SunamoFileSystem.csproj::TargetFramework=net9.0]
E:\vs\Projects\PlatformIndependentNuGetPackages\SunamoFileSystem\SunamoFileSystem\FS.cs(3129,32): warning CS1591: Missing XML comment for publicly visible type or member 'FS.ToSearchOption(bool?)' [E:\vs\Projects\PlatformIndependentNuGetPackages\SunamoFileSystem\SunamoFileSystem\SunamoFileSystem.csproj::TargetFramework=net9.0]
E:\vs\Projects\PlatformIndependentNuGetPackages\SunamoFileSystem\SunamoFileSystem\FS.cs(3133,30): warning CS1591: Missing XML comment for publicly visible type or member 'FS.WriteAllText(string, string)' [E:\vs\Projects\PlatformIndependentNuGetPackages\SunamoFileSystem\SunamoFileSystem\SunamoFileSystem.csproj::TargetFramework=net9.0]
E:\vs\Projects\PlatformIndependentNuGetPackages\SunamoFileSystem\SunamoFileSystem\FS.cs(3137,24): warning CS1591: Missing XML comment for publicly visible type or member 'FS.IsAllInSameFolder(List<string>)' [E:\vs\Projects\PlatformIndependentNuGetPackages\SunamoFileSystem\SunamoFileSystem\SunamoFileSystem.csproj::TargetFramework=net9.0]
E:\vs\Projects\PlatformIndependentNuGetPackages\SunamoFileSystem\SunamoFileSystem\FS.cs(3148,24): warning CS1591: Missing XML comment for publicly visible type or member 'FS.CreateFileWithTemplateContent(string, string, string, string)' [E:\vs\Projects\PlatformIndependentNuGetPackages\SunamoFileSystem\SunamoFileSystem\SunamoFileSystem.csproj::TargetFramework=net9.0]
E:\vs\Projects\PlatformIndependentNuGetPackages\SunamoFileSystem\SunamoFileSystem\FS.cs(3158,24): warning CS1591: Missing XML comment for publicly visible type or member 'FS.ContainsInvalidFileNameChars(string)' [E:\vs\Projects\PlatformIndependentNuGetPackages\SunamoFileSystem\SunamoFileSystem\SunamoFileSystem.csproj::TargetFramework=net9.0]
E:\vs\Projects\PlatformIndependentNuGetPackages\SunamoFileSystem\SunamoFileSystem\FS.cs(3165,24): warning CS1591: Missing XML comment for publicly visible type or member 'FS.NumberByDateModified(ILogger, string, string, SearchOption)' [E:\vs\Projects\PlatformIndependentNuGetPackages\SunamoFileSystem\SunamoFileSystem\SunamoFileSystem.csproj::TargetFramework=net9.0]
E:\vs\Projects\PlatformIndependentNuGetPackages\SunamoFileSystem\SunamoFileSystem\FS.cs(3180,22): warning CS1572: XML comment has a param tag for 'rp', but there is no parameter by that name [E:\vs\Projects\PlatformIndependentNuGetPackages\SunamoFileSystem\SunamoFileSystem\SunamoFileSystem.csproj::TargetFramework=net9.0]
E:\vs\Projects\PlatformIndependentNuGetPackages\SunamoFileSystem\SunamoFileSystem\FS.cs(3182,50): warning CS1573: Parameter 'path' has no matching param tag in the XML comment for 'FS.GetDirectoryName(string)' (but other parameters do) [E:\vs\Projects\PlatformIndependentNuGetPackages\SunamoFileSystem\SunamoFileSystem\SunamoFileSystem.csproj::TargetFramework=net9.0]
E:\vs\Projects\PlatformIndependentNuGetPackages\SunamoFileSystem\SunamoFileSystem\FS.cs(3198,37): warning CS1591: Missing XML comment for publicly visible type or member 'FS.DetectPathDelimiter(string)' [E:\vs\Projects\PlatformIndependentNuGetPackages\SunamoFileSystem\SunamoFileSystem\SunamoFileSystem.csproj::TargetFramework=net9.0]
E:\vs\Projects\PlatformIndependentNuGetPackages\SunamoFileSystem\SunamoFileSystem\FS.cs(3205,24): warning CS1591: Missing XML comment for publicly visible type or member 'FS.DetectPathDelimiterChar(string)' [E:\vs\Projects\PlatformIndependentNuGetPackages\SunamoFileSystem\SunamoFileSystem\SunamoFileSystem.csproj::TargetFramework=net9.0]
E:\vs\Projects\PlatformIndependentNuGetPackages\SunamoFileSystem\SunamoFileSystem\FS.cs(3231,26): warning CS1591: Missing XML comment for publicly visible type or member 'FS.MakeUncLongPath(string)' [E:\vs\Projects\PlatformIndependentNuGetPackages\SunamoFileSystem\SunamoFileSystem\SunamoFileSystem.csproj::TargetFramework=net9.0]
E:\vs\Projects\PlatformIndependentNuGetPackages\SunamoFileSystem\SunamoFileSystem\FS.cs(3235,26): warning CS1591: Missing XML comment for publicly visible type or member 'FS.MakeUncLongPath(ref string)' [E:\vs\Projects\PlatformIndependentNuGetPackages\SunamoFileSystem\SunamoFileSystem\SunamoFileSystem.csproj::TargetFramework=net9.0]
E:\vs\Projects\PlatformIndependentNuGetPackages\SunamoFileSystem\SunamoFileSystem\FS.cs(3353,26): warning CS1591: Missing XML comment for publicly visible type or member 'FS.FirstCharUpper(ref string)' [E:\vs\Projects\PlatformIndependentNuGetPackages\SunamoFileSystem\SunamoFileSystem\SunamoFileSystem.csproj::TargetFramework=net9.0]
E:\vs\Projects\PlatformIndependentNuGetPackages\SunamoFileSystem\SunamoFileSystem\FS.cs(3358,26): warning CS1591: Missing XML comment for publicly visible type or member 'FS.FirstCharUpper(string, bool)' [E:\vs\Projects\PlatformIndependentNuGetPackages\SunamoFileSystem\SunamoFileSystem\SunamoFileSystem.csproj::TargetFramework=net9.0]
E:\vs\Projects\PlatformIndependentNuGetPackages\SunamoFileSystem\SunamoFileSystem\FS.cs(3372,22): warning CS1572: XML comment has a param tag for 'fn', but there is no parameter by that name [E:\vs\Projects\PlatformIndependentNuGetPackages\SunamoFileSystem\SunamoFileSystem\SunamoFileSystem.csproj::TargetFramework=net9.0]
E:\vs\Projects\PlatformIndependentNuGetPackages\SunamoFileSystem\SunamoFileSystem\FS.cs(3375,50): warning CS1573: Parameter 'filePath' has no matching param tag in the XML comment for 'FS.GetPathAndFileName(string, out string, out string)' (but other parameters do) [E:\vs\Projects\PlatformIndependentNuGetPackages\SunamoFileSystem\SunamoFileSystem\SunamoFileSystem.csproj::TargetFramework=net9.0]
E:\vs\Projects\PlatformIndependentNuGetPackages\SunamoFileSystem\SunamoFileSystem\FS.cs(3380,26): warning CS1591: Missing XML comment for publicly visible type or member 'FS.GetFileName(string)' [E:\vs\Projects\PlatformIndependentNuGetPackages\SunamoFileSystem\SunamoFileSystem\SunamoFileSystem.csproj::TargetFramework=net9.0]
E:\vs\Projects\PlatformIndependentNuGetPackages\SunamoFileSystem\SunamoFileSystem\FS.cs(3385,26): warning CS1591: Missing XML comment for publicly visible type or member 'FS.NormalizeExtension2(string)' [E:\vs\Projects\PlatformIndependentNuGetPackages\SunamoFileSystem\SunamoFileSystem\SunamoFileSystem.csproj::TargetFramework=net9.0]
E:\vs\Projects\PlatformIndependentNuGetPackages\SunamoFileSystem\SunamoFileSystem\FS.cs(3665,5): warning CS1587: XML comment is not placed on a valid language element [E:\vs\Projects\PlatformIndependentNuGetPackages\SunamoFileSystem\SunamoFileSystem\SunamoFileSystem.csproj::TargetFramework=net9.0]
E:\vs\Projects\PlatformIndependentNuGetPackages\SunamoFileSystem\SunamoFileSystem\FS.cs(3703,22): warning CS1572: XML comment has a param tag for 'fn', but there is no parameter by that name [E:\vs\Projects\PlatformIndependentNuGetPackages\SunamoFileSystem\SunamoFileSystem\SunamoFileSystem.csproj::TargetFramework=net9.0]
E:\vs\Projects\PlatformIndependentNuGetPackages\SunamoFileSystem\SunamoFileSystem\FS.cs(3704,22): warning CS1572: XML comment has a param tag for 'path', but there is no parameter by that name [E:\vs\Projects\PlatformIndependentNuGetPackages\SunamoFileSystem\SunamoFileSystem\SunamoFileSystem.csproj::TargetFramework=net9.0]
E:\vs\Projects\PlatformIndependentNuGetPackages\SunamoFileSystem\SunamoFileSystem\FS.cs(3705,22): warning CS1572: XML comment has a param tag for 'file', but there is no parameter by that name [E:\vs\Projects\PlatformIndependentNuGetPackages\SunamoFileSystem\SunamoFileSystem\SunamoFileSystem.csproj::TargetFramework=net9.0]
E:\vs\Projects\PlatformIndependentNuGetPackages\SunamoFileSystem\SunamoFileSystem\FS.cs(3767,51): warning CS1573: Parameter 'folder' has no matching param tag in the XML comment for 'FS.FilesWithSameName(string, string, SearchOption)' (but other parameters do) [E:\vs\Projects\PlatformIndependentNuGetPackages\SunamoFileSystem\SunamoFileSystem\SunamoFileSystem.csproj::TargetFramework=net9.0]
E:\vs\Projects\PlatformIndependentNuGetPackages\SunamoFileSystem\SunamoFileSystem\FS.cs(3767,66): warning CS1573: Parameter 'searchPattern' has no matching param tag in the XML comment for 'FS.FilesWithSameName(string, string, SearchOption)' (but other parameters do) [E:\vs\Projects\PlatformIndependentNuGetPackages\SunamoFileSystem\SunamoFileSystem\SunamoFileSystem.csproj::TargetFramework=net9.0]
E:\vs\Projects\PlatformIndependentNuGetPackages\SunamoFileSystem\SunamoFileSystem\FS.cs(3767,94): warning CS1573: Parameter 'searchOption' has no matching param tag in the XML comment for 'FS.FilesWithSameName(string, string, SearchOption)' (but other parameters do) [E:\vs\Projects\PlatformIndependentNuGetPackages\SunamoFileSystem\SunamoFileSystem\SunamoFileSystem.csproj::TargetFramework=net9.0]
E:\vs\Projects\PlatformIndependentNuGetPackages\SunamoFileSystem\SunamoFileSystem\FS.cs(3806,22): warning CS1572: XML comment has a param tag for 'p', but there is no parameter by that name [E:\vs\Projects\PlatformIndependentNuGetPackages\SunamoFileSystem\SunamoFileSystem\SunamoFileSystem.csproj::TargetFramework=net9.0]
E:\vs\Projects\PlatformIndependentNuGetPackages\SunamoFileSystem\SunamoFileSystem\FS.cs(3810,78): warning CS1573: Parameter 'a1IsWithPath' has no matching param tag in the XML comment for 'FS.GetNameWithoutSeriesNoOut(string, bool, SerieStyleFS)' (but other parameters do) [E:\vs\Projects\PlatformIndependentNuGetPackages\SunamoFileSystem\SunamoFileSystem\SunamoFileSystem.csproj::TargetFramework=net9.0]
E:\vs\Projects\PlatformIndependentNuGetPackages\SunamoFileSystem\SunamoFileSystem\FS.cs(3816,26): warning CS1591: Missing XML comment for publicly visible type or member 'FS.GetNameWithoutSeries(string, bool, out bool, SerieStyleFS)' [E:\vs\Projects\PlatformIndependentNuGetPackages\SunamoFileSystem\SunamoFileSystem\SunamoFileSystem.csproj::TargetFramework=net9.0]
E:\vs\Projects\PlatformIndependentNuGetPackages\SunamoFileSystem\SunamoFileSystem\FS.cs(3828,22): warning CS1572: XML comment has a param tag for 'p', but there is no parameter by that name [E:\vs\Projects\PlatformIndependentNuGetPackages\SunamoFileSystem\SunamoFileSystem\SunamoFileSystem.csproj::TargetFramework=net9.0]
E:\vs\Projects\PlatformIndependentNuGetPackages\SunamoFileSystem\SunamoFileSystem\FS.cs(3831,54): warning CS1573: Parameter 'path' has no matching param tag in the XML comment for 'FS.GetNameWithoutSeries(string, bool, out bool, SerieStyleFS, out int)' (but other parameters do) [E:\vs\Projects\PlatformIndependentNuGetPackages\SunamoFileSystem\SunamoFileSystem\SunamoFileSystem.csproj::TargetFramework=net9.0]
E:\vs\Projects\PlatformIndependentNuGetPackages\SunamoFileSystem\SunamoFileSystem\FS.cs(3831,111): warning CS1573: Parameter 'serieStyle' has no matching param tag in the XML comment for 'FS.GetNameWithoutSeries(string, bool, out bool, SerieStyleFS, out int)' (but other parameters do) [E:\vs\Projects\PlatformIndependentNuGetPackages\SunamoFileSystem\SunamoFileSystem\SunamoFileSystem.csproj::TargetFramework=net9.0]
E:\vs\Projects\PlatformIndependentNuGetPackages\SunamoFileSystem\SunamoFileSystem\FS.cs(3832,17): warning CS1573: Parameter 'serie' has no matching param tag in the XML comment for 'FS.GetNameWithoutSeries(string, bool, out bool, SerieStyleFS, out int)' (but other parameters do) [E:\vs\Projects\PlatformIndependentNuGetPackages\SunamoFileSystem\SunamoFileSystem\SunamoFileSystem.csproj::TargetFramework=net9.0]
E:\vs\Projects\PlatformIndependentNuGetPackages\SunamoFileSystem\SunamoFileSystem\FS.cs(3903,26): warning CS1591: Missing XML comment for publicly visible type or member 'FS.RemoveSerieUnderscore(string)' [E:\vs\Projects\PlatformIndependentNuGetPackages\SunamoFileSystem\SunamoFileSystem\SunamoFileSystem.csproj::TargetFramework=net9.0]
E:\vs\Projects\PlatformIndependentNuGetPackages\SunamoFileSystem\SunamoFileSystem\FS.cs(3929,24): warning CS1591: Missing XML comment for publicly visible type or member 'FS.DeleteFile(string)' [E:\vs\Projects\PlatformIndependentNuGetPackages\SunamoFileSystem\SunamoFileSystem\SunamoFileSystem.csproj::TargetFramework=net9.0]
E:\vs\Projects\PlatformIndependentNuGetPackages\SunamoFileSystem\SunamoFileSystem\FS.cs(3955,22): warning CS1572: XML comment has a param tag for 'fn', but there is no parameter by that name [E:\vs\Projects\PlatformIndependentNuGetPackages\SunamoFileSystem\SunamoFileSystem\SunamoFileSystem.csproj::TargetFramework=net9.0]
E:\vs\Projects\PlatformIndependentNuGetPackages\SunamoFileSystem\SunamoFileSystem\FS.cs(3959,66): warning CS1573: Parameter 'filePath' has no matching param tag in the XML comment for 'FS.GetPathAndFileNameWithoutExtension(string, out string, out string, out string)' (but other parameters do) [E:\vs\Projects\PlatformIndependentNuGetPackages\SunamoFileSystem\SunamoFileSystem\SunamoFileSystem.csproj::TargetFramework=net9.0]
E:\vs\Projects\PlatformIndependentNuGetPackages\SunamoFileSystem\SunamoFileSystem\FS.cs(3965,26): warning CS1591: Missing XML comment for publicly visible type or member 'FS.PathWithoutExtension(string)' [E:\vs\Projects\PlatformIndependentNuGetPackages\SunamoFileSystem\SunamoFileSystem\SunamoFileSystem.csproj::TargetFramework=net9.0]
E:\vs\Projects\PlatformIndependentNuGetPackages\SunamoFileSystem\SunamoFileSystem\FS.cs(3971,26): warning CS1591: Missing XML comment for publicly visible type or member 'FS.GetFullPath(string)' [E:\vs\Projects\PlatformIndependentNuGetPackages\SunamoFileSystem\SunamoFileSystem\SunamoFileSystem.csproj::TargetFramework=net9.0]
E:\vs\Projects\PlatformIndependentNuGetPackages\SunamoFileSystem\SunamoFileSystem\FS.cs(3977,24): warning CS1591: Missing XML comment for publicly visible type or member 'FS.FileToDirectory(ref string)' [E:\vs\Projects\PlatformIndependentNuGetPackages\SunamoFileSystem\SunamoFileSystem\SunamoFileSystem.csproj::TargetFramework=net9.0]
E:\vs\Projects\PlatformIndependentNuGetPackages\SunamoFileSystem\SunamoFileSystem\FS.cs(4017,32): warning CS1591: Missing XML comment for publicly visible type or member 'FS.FilesWhichSurelyExists' [E:\vs\Projects\PlatformIndependentNuGetPackages\SunamoFileSystem\SunamoFileSystem\SunamoFileSystem.csproj::TargetFramework=net9.0]
E:\vs\Projects\PlatformIndependentNuGetPackages\SunamoFileSystem\SunamoFileSystem\FS.cs(4034,46): warning CS1573: Parameter 'falseIfSizeZeroOrEmpty' has no matching param tag in the XML comment for 'FS.ExistsFile(string, bool)' (but other parameters do) [E:\vs\Projects\PlatformIndependentNuGetPackages\SunamoFileSystem\SunamoFileSystem\SunamoFileSystem.csproj::TargetFramework=net9.0]
E:\vs\Projects\PlatformIndependentNuGetPackages\SunamoFileSystem\SunamoFileSystem\FS.cs(4072,22): warning CS1572: XML comment has a param tag for 'upFolderName', but there is no parameter by that name [E:\vs\Projects\PlatformIndependentNuGetPackages\SunamoFileSystem\SunamoFileSystem\SunamoFileSystem.csproj::TargetFramework=net9.0]
E:\vs\Projects\PlatformIndependentNuGetPackages\SunamoFileSystem\SunamoFileSystem\FS.cs(4073,22): warning CS1572: XML comment has a param tag for 'dirNameDecoded', but there is no parameter by that name [E:\vs\Projects\PlatformIndependentNuGetPackages\SunamoFileSystem\SunamoFileSystem\SunamoFileSystem.csproj::TargetFramework=net9.0]
E:\vs\Projects\PlatformIndependentNuGetPackages\SunamoFileSystem\SunamoFileSystem\FS.cs(4074,50): warning CS1573: Parameter 'parts' has no matching param tag in the XML comment for 'FS.Combine(params string[])' (but other parameters do) [E:\vs\Projects\PlatformIndependentNuGetPackages\SunamoFileSystem\SunamoFileSystem\SunamoFileSystem.csproj::TargetFramework=net9.0]
E:\vs\Projects\PlatformIndependentNuGetPackages\SunamoFileSystem\SunamoFileSystem\FS.cs(4079,26): warning CS1591: Missing XML comment for publicly visible type or member 'FS.CombineFile(params string[])' [E:\vs\Projects\PlatformIndependentNuGetPackages\SunamoFileSystem\SunamoFileSystem\SunamoFileSystem.csproj::TargetFramework=net9.0]
E:\vs\Projects\PlatformIndependentNuGetPackages\SunamoFileSystem\SunamoFileSystem\FS.cs(4083,26): warning CS1591: Missing XML comment for publicly visible type or member 'FS.CombineDir(params string[])' [E:\vs\Projects\PlatformIndependentNuGetPackages\SunamoFileSystem\SunamoFileSystem\SunamoFileSystem.csproj::TargetFramework=net9.0]
E:\vs\Projects\PlatformIndependentNuGetPackages\SunamoFileSystem\SunamoFileSystem\FS.cs(4108,24): warning CS1591: Missing XML comment for publicly visible type or member 'FS.GetFolderSize(string)' [E:\vs\Projects\PlatformIndependentNuGetPackages\SunamoFileSystem\SunamoFileSystem\SunamoFileSystem.csproj::TargetFramework=net9.0]
E:\vs\Projects\PlatformIndependentNuGetPackages\SunamoFileSystem\SunamoFileSystem\FS.cs(4112,24): warning CS1591: Missing XML comment for publicly visible type or member 'FS.GetFolderSize(DirectoryInfo)' [E:\vs\Projects\PlatformIndependentNuGetPackages\SunamoFileSystem\SunamoFileSystem\SunamoFileSystem.csproj::TargetFramework=net9.0]
E:\vs\Projects\PlatformIndependentNuGetPackages\SunamoFileSystem\SunamoFileSystem\FS.cs(4142,52): warning CS1591: Missing XML comment for publicly visible type or member 'FS.GroupFilesByName(List<string>)' [E:\vs\Projects\PlatformIndependentNuGetPackages\SunamoFileSystem\SunamoFileSystem\SunamoFileSystem.csproj::TargetFramework=net9.0]
E:\vs\Projects\PlatformIndependentNuGetPackages\SunamoFileSystem\SunamoFileSystem\FS.cs(4148,26): warning CS1591: Missing XML comment for publicly visible type or member 'FS.BasePath(List<string>, string)' [E:\vs\Projects\PlatformIndependentNuGetPackages\SunamoFileSystem\SunamoFileSystem\SunamoFileSystem.csproj::TargetFramework=net9.0]
E:\vs\Projects\PlatformIndependentNuGetPackages\SunamoFileSystem\SunamoFileSystem\FS.cs(4155,24): warning CS1591: Missing XML comment for publicly visible type or member 'FS.HasAnyFoldersOrFiles(string)' [E:\vs\Projects\PlatformIndependentNuGetPackages\SunamoFileSystem\SunamoFileSystem\SunamoFileSystem.csproj::TargetFramework=net9.0]
E:\vs\Projects\PlatformIndependentNuGetPackages\SunamoFileSystem\SunamoFileSystem\FS.cs(4160,24): warning CS1591: Missing XML comment for publicly visible type or member 'FS.MoveDirectoryNoRecursive(string, string, DirectoryMoveCollisionOption, object)' [E:\vs\Projects\PlatformIndependentNuGetPackages\SunamoFileSystem\SunamoFileSystem\SunamoFileSystem.csproj::TargetFramework=net9.0]
E:\vs\Projects\PlatformIndependentNuGetPackages\SunamoFileSystem\SunamoFileSystem\SerieStyleFS.cs(25,5): warning CS1591: Missing XML comment for publicly visible type or member 'SerieStyleFS.All' [E:\vs\Projects\PlatformIndependentNuGetPackages\SunamoFileSystem\SunamoFileSystem\SunamoFileSystem.csproj::TargetFramework=net9.0]
E:\vs\Projects\PlatformIndependentNuGetPackages\SunamoFileSystem\SunamoFileSystem\Services\PathFormatDetectorService.cs(4,14): warning CS1591: Missing XML comment for publicly visible type or member 'PathFormatDetectorService' [E:\vs\Projects\PlatformIndependentNuGetPackages\SunamoFileSystem\SunamoFileSystem\SunamoFileSystem.csproj::TargetFramework=net9.0]
E:\vs\Projects\PlatformIndependentNuGetPackages\SunamoFileSystem\SunamoFileSystem\Services\PathFormatDetectorService.cs(4,14): warning CS1591: Missing XML comment for publicly visible type or member 'PathFormatDetectorService.PathFormatDetectorService(ILogger)' [E:\vs\Projects\PlatformIndependentNuGetPackages\SunamoFileSystem\SunamoFileSystem\SunamoFileSystem.csproj::TargetFramework=net9.0]
E:\vs\Projects\PlatformIndependentNuGetPackages\SunamoFileSystem\SunamoFileSystem\Services\PathFormatDetectorService.cs(6,17): warning CS1591: Missing XML comment for publicly visible type or member 'PathFormatDetectorService.IsWindowsPathFormat(string)' [E:\vs\Projects\PlatformIndependentNuGetPackages\SunamoFileSystem\SunamoFileSystem\SunamoFileSystem.csproj::TargetFramework=net9.0]
E:\vs\Projects\PlatformIndependentNuGetPackages\SunamoFileSystem\SunamoFileSystem\_public\SunamoCollectionsGeneric\Collections\FsWatcherDictionary.cs(4,14): warning CS1591: Missing XML comment for publicly visible type or member 'FsWatcherDictionary<T, U>' [E:\vs\Projects\PlatformIndependentNuGetPackages\SunamoFileSystem\SunamoFileSystem\SunamoFileSystem.csproj::TargetFramework=net9.0]
E:\vs\Projects\PlatformIndependentNuGetPackages\SunamoFileSystem\SunamoFileSystem\_public\SunamoCollectionsGeneric\Collections\FsWatcherDictionary.cs(9,14): warning CS1591: Missing XML comment for publicly visible type or member 'FsWatcherDictionary<T, U>.this[T]' [E:\vs\Projects\PlatformIndependentNuGetPackages\SunamoFileSystem\SunamoFileSystem\SunamoFileSystem.csproj::TargetFramework=net9.0]
E:\vs\Projects\PlatformIndependentNuGetPackages\SunamoFileSystem\SunamoFileSystem\_public\SunamoCollectionsGeneric\Collections\FsWatcherDictionary.cs(19,27): warning CS1591: Missing XML comment for publicly visible type or member 'FsWatcherDictionary<T, U>.Keys' [E:\vs\Projects\PlatformIndependentNuGetPackages\SunamoFileSystem\SunamoFileSystem\SunamoFileSystem.csproj::TargetFramework=net9.0]
E:\vs\Projects\PlatformIndependentNuGetPackages\SunamoFileSystem\SunamoFileSystem\_public\SunamoCollectionsGeneric\Collections\FsWatcherDictionary.cs(20,27): warning CS1591: Missing XML comment for publicly visible type or member 'FsWatcherDictionary<T, U>.Values' [E:\vs\Projects\PlatformIndependentNuGetPackages\SunamoFileSystem\SunamoFileSystem\SunamoFileSystem.csproj::TargetFramework=net9.0]
E:\vs\Projects\PlatformIndependentNuGetPackages\SunamoFileSystem\SunamoFileSystem\_public\SunamoCollectionsGeneric\Collections\FsWatcherDictionary.cs(21,16): warning CS1591: Missing XML comment for publicly visible type or member 'FsWatcherDictionary<T, U>.Count' [E:\vs\Projects\PlatformIndependentNuGetPackages\SunamoFileSystem\SunamoFileSystem\SunamoFileSystem.csproj::TargetFramework=net9.0]
E:\vs\Projects\PlatformIndependentNuGetPackages\SunamoFileSystem\SunamoFileSystem\_public\SunamoCollectionsGeneric\Collections\FsWatcherDictionary.cs(22,17): warning CS1591: Missing XML comment for publicly visible type or member 'FsWatcherDictionary<T, U>.IsReadOnly' [E:\vs\Projects\PlatformIndependentNuGetPackages\SunamoFileSystem\SunamoFileSystem\SunamoFileSystem.csproj::TargetFramework=net9.0]
E:\vs\Projects\PlatformIndependentNuGetPackages\SunamoFileSystem\SunamoFileSystem\_public\SunamoCollectionsGeneric\Collections\FsWatcherDictionary.cs(24,17): warning CS1591: Missing XML comment for publicly visible type or member 'FsWatcherDictionary<T, U>.Add(T, U)' [E:\vs\Projects\PlatformIndependentNuGetPackages\SunamoFileSystem\SunamoFileSystem\SunamoFileSystem.csproj::TargetFramework=net9.0]
E:\vs\Projects\PlatformIndependentNuGetPackages\SunamoFileSystem\SunamoFileSystem\_public\SunamoCollectionsGeneric\Collections\FsWatcherDictionary.cs(32,17): warning CS1591: Missing XML comment for publicly visible type or member 'FsWatcherDictionary<T, U>.Add(KeyValuePair<T, U>)' [E:\vs\Projects\PlatformIndependentNuGetPackages\SunamoFileSystem\SunamoFileSystem\SunamoFileSystem.csproj::TargetFramework=net9.0]
E:\vs\Projects\PlatformIndependentNuGetPackages\SunamoFileSystem\SunamoFileSystem\_public\SunamoCollectionsGeneric\Collections\FsWatcherDictionary.cs(37,17): warning CS1591: Missing XML comment for publicly visible type or member 'FsWatcherDictionary<T, U>.Clear()' [E:\vs\Projects\PlatformIndependentNuGetPackages\SunamoFileSystem\SunamoFileSystem\SunamoFileSystem.csproj::TargetFramework=net9.0]
E:\vs\Projects\PlatformIndependentNuGetPackages\SunamoFileSystem\SunamoFileSystem\_public\SunamoCollectionsGeneric\Collections\FsWatcherDictionary.cs(42,17): warning CS1591: Missing XML comment for publicly visible type or member 'FsWatcherDictionary<T, U>.Contains(KeyValuePair<T, U>)' [E:\vs\Projects\PlatformIndependentNuGetPackages\SunamoFileSystem\SunamoFileSystem\SunamoFileSystem.csproj::TargetFramework=net9.0]
E:\vs\Projects\PlatformIndependentNuGetPackages\SunamoFileSystem\SunamoFileSystem\_public\SunamoCollectionsGeneric\Collections\FsWatcherDictionary.cs(47,17): warning CS1591: Missing XML comment for publicly visible type or member 'FsWatcherDictionary<T, U>.ContainsKey(T)' [E:\vs\Projects\PlatformIndependentNuGetPackages\SunamoFileSystem\SunamoFileSystem\SunamoFileSystem.csproj::TargetFramework=net9.0]
E:\vs\Projects\PlatformIndependentNuGetPackages\SunamoFileSystem\SunamoFileSystem\_public\SunamoCollectionsGeneric\Collections\FsWatcherDictionary.cs(52,17): warning CS1591: Missing XML comment for publicly visible type or member 'FsWatcherDictionary<T, U>.CopyTo(KeyValuePair<T, U>[], int)' [E:\vs\Projects\PlatformIndependentNuGetPackages\SunamoFileSystem\SunamoFileSystem\SunamoFileSystem.csproj::TargetFramework=net9.0]
E:\vs\Projects\PlatformIndependentNuGetPackages\SunamoFileSystem\SunamoFileSystem\_public\SunamoCollectionsGeneric\Collections\FsWatcherDictionary.cs(57,44): warning CS1591: Missing XML comment for publicly visible type or member 'FsWatcherDictionary<T, U>.GetEnumerator()' [E:\vs\Projects\PlatformIndependentNuGetPackages\SunamoFileSystem\SunamoFileSystem\SunamoFileSystem.csproj::TargetFramework=net9.0]
E:\vs\Projects\PlatformIndependentNuGetPackages\SunamoFileSystem\SunamoFileSystem\_public\SunamoCollectionsGeneric\Collections\FsWatcherDictionary.cs(62,17): warning CS1591: Missing XML comment for publicly visible type or member 'FsWatcherDictionary<T, U>.Remove(T)' [E:\vs\Projects\PlatformIndependentNuGetPackages\SunamoFileSystem\SunamoFileSystem\SunamoFileSystem.csproj::TargetFramework=net9.0]
E:\vs\Projects\PlatformIndependentNuGetPackages\SunamoFileSystem\SunamoFileSystem\_public\SunamoCollectionsGeneric\Collections\FsWatcherDictionary.cs(67,17): warning CS1591: Missing XML comment for publicly visible type or member 'FsWatcherDictionary<T, U>.Remove(KeyValuePair<T, U>)' [E:\vs\Projects\PlatformIndependentNuGetPackages\SunamoFileSystem\SunamoFileSystem\SunamoFileSystem.csproj::TargetFramework=net9.0]
E:\vs\Projects\PlatformIndependentNuGetPackages\SunamoFileSystem\SunamoFileSystem\_public\SunamoCollectionsGeneric\Collections\FsWatcherDictionary.cs(72,17): warning CS1591: Missing XML comment for publicly visible type or member 'FsWatcherDictionary<T, U>.TryGetValue(T, out U)' [E:\vs\Projects\PlatformIndependentNuGetPackages\SunamoFileSystem\SunamoFileSystem\SunamoFileSystem.csproj::TargetFramework=net9.0]
E:\vs\Projects\PlatformIndependentNuGetPackages\SunamoFileSystem\SunamoFileSystem\_public\SunamoEnums\Enums\AscDesc.cs(4,13): warning CS1591: Missing XML comment for publicly visible type or member 'AscDesc' [E:\vs\Projects\PlatformIndependentNuGetPackages\SunamoFileSystem\SunamoFileSystem\SunamoFileSystem.csproj::TargetFramework=net9.0]
E:\vs\Projects\PlatformIndependentNuGetPackages\SunamoFileSystem\SunamoFileSystem\_public\SunamoEnums\Enums\AscDesc.cs(6,5): warning CS1591: Missing XML comment for publicly visible type or member 'AscDesc.Asc' [E:\vs\Projects\PlatformIndependentNuGetPackages\SunamoFileSystem\SunamoFileSystem\SunamoFileSystem.csproj::TargetFramework=net9.0]
E:\vs\Projects\PlatformIndependentNuGetPackages\SunamoFileSystem\SunamoFileSystem\_public\SunamoEnums\Enums\AscDesc.cs(7,5): warning CS1591: Missing XML comment for publicly visible type or member 'AscDesc.Desc' [E:\vs\Projects\PlatformIndependentNuGetPackages\SunamoFileSystem\SunamoFileSystem\SunamoFileSystem.csproj::TargetFramework=net9.0]
E:\vs\Projects\PlatformIndependentNuGetPackages\SunamoFileSystem\SunamoFileSystem\_public\SunamoEnums\Enums\DirectoryCreateCollisionOption.cs(4,13): warning CS1591: Missing XML comment for publicly visible type or member 'DirectoryCreateCollisionOption' [E:\vs\Projects\PlatformIndependentNuGetPackages\SunamoFileSystem\SunamoFileSystem\SunamoFileSystem.csproj::TargetFramework=net9.0]
E:\vs\Projects\PlatformIndependentNuGetPackages\SunamoFileSystem\SunamoFileSystem\_public\SunamoEnums\Enums\DirectoryCreateCollisionOption.cs(6,5): warning CS1591: Missing XML comment for publicly visible type or member 'DirectoryCreateCollisionOption.Delete' [E:\vs\Projects\PlatformIndependentNuGetPackages\SunamoFileSystem\SunamoFileSystem\SunamoFileSystem.csproj::TargetFramework=net9.0]
E:\vs\Projects\PlatformIndependentNuGetPackages\SunamoFileSystem\SunamoFileSystem\_public\SunamoEnums\Enums\DirectoryCreateCollisionOption.cs(7,5): warning CS1591: Missing XML comment for publicly visible type or member 'DirectoryCreateCollisionOption.Overwrite' [E:\vs\Projects\PlatformIndependentNuGetPackages\SunamoFileSystem\SunamoFileSystem\SunamoFileSystem.csproj::TargetFramework=net9.0]
E:\vs\Projects\PlatformIndependentNuGetPackages\SunamoFileSystem\SunamoFileSystem\_public\SunamoEnums\Enums\DirectoryCreateCollisionOption.cs(8,5): warning CS1591: Missing XML comment for publicly visible type or member 'DirectoryCreateCollisionOption.AddSerie' [E:\vs\Projects\PlatformIndependentNuGetPackages\SunamoFileSystem\SunamoFileSystem\SunamoFileSystem.csproj::TargetFramework=net9.0]
E:\vs\Projects\PlatformIndependentNuGetPackages\SunamoFileSystem\SunamoFileSystem\_public\SunamoEnums\Enums\EnvironmentVariables.cs(4,13): warning CS1591: Missing XML comment for publicly visible type or member 'EnvironmentVariables' [E:\vs\Projects\PlatformIndependentNuGetPackages\SunamoFileSystem\SunamoFileSystem\SunamoFileSystem.csproj::TargetFramework=net9.0]
E:\vs\Projects\PlatformIndependentNuGetPackages\SunamoFileSystem\SunamoFileSystem\_public\SunamoEnums\Enums\EnvironmentVariables.cs(6,5): warning CS1591: Missing XML comment for publicly visible type or member 'EnvironmentVariables.userprofile' [E:\vs\Projects\PlatformIndependentNuGetPackages\SunamoFileSystem\SunamoFileSystem\SunamoFileSystem.csproj::TargetFramework=net9.0]
E:\vs\Projects\PlatformIndependentNuGetPackages\SunamoFileSystem\SunamoFileSystem\_sunamo\SunamoDictionary\DictionaryHelper.cs(29,22): warning CS1572: XML comment has a param tag for 'sl', but there is no parameter by that name [E:\vs\Projects\PlatformIndependentNuGetPackages\SunamoFileSystem\SunamoFileSystem\SunamoFileSystem.csproj::TargetFramework=net9.0]
E:\vs\Projects\PlatformIndependentNuGetPackages\SunamoFileSystem\SunamoFileSystem\_sunamo\SunamoDictionary\DictionaryHelper.cs(32,91): warning CS1573: Parameter 'dictionary' has no matching param tag in the XML comment for 'DictionaryHelper.AddOrCreateIfDontExists<Key, Value>(Dictionary<Key, List<Value>>, Key, Value)' (but other parameters do) [E:\vs\Projects\PlatformIndependentNuGetPackages\SunamoFileSystem\SunamoFileSystem\SunamoFileSystem.csproj::TargetFramework=net9.0]
E:\vs\Projects\PlatformIndependentNuGetPackages\SunamoFileSystem\SunamoFileSystem\_sunamo\SunamoDictionary\DictionaryHelper.cs(57,22): warning CS1572: XML comment has a param tag for 'sl', but there is no parameter by that name [E:\vs\Projects\PlatformIndependentNuGetPackages\SunamoFileSystem\SunamoFileSystem\SunamoFileSystem.csproj::TargetFramework=net9.0]
E:\vs\Projects\PlatformIndependentNuGetPackages\SunamoFileSystem\SunamoFileSystem\_sunamo\SunamoDictionary\DictionaryHelper.cs(60,89): warning CS1573: Parameter 'dictionary' has no matching param tag in the XML comment for 'DictionaryHelper.AddOrCreate<Key, Value, ColType>(IDictionary<Key, List<Value>>, Key, Value, bool, Dictionary<Key, List<string>>?)' (but other parameters do) [E:\vs\Projects\PlatformIndependentNuGetPackages\SunamoFileSystem\SunamoFileSystem\SunamoFileSystem.csproj::TargetFramework=net9.0]
E:\vs\Projects\PlatformIndependentNuGetPackages\SunamoFileSystem\SunamoFileSystem\_sunamo\SunamoDictionary\DictionaryHelper.cs(61,14): warning CS1573: Parameter 'withoutDuplicitiesInValue' has no matching param tag in the XML comment for 'DictionaryHelper.AddOrCreate<Key, Value, ColType>(IDictionary<Key, List<Value>>, Key, Value, bool, Dictionary<Key, List<string>>?)' (but other parameters do) [E:\vs\Projects\PlatformIndependentNuGetPackages\SunamoFileSystem\SunamoFileSystem\SunamoFileSystem.csproj::TargetFramework=net9.0]
E:\vs\Projects\PlatformIndependentNuGetPackages\SunamoFileSystem\SunamoFileSystem\_sunamo\SunamoDictionary\DictionaryHelper.cs(61,80): warning CS1573: Parameter 'stringDict' has no matching param tag in the XML comment for 'DictionaryHelper.AddOrCreate<Key, Value, ColType>(IDictionary<Key, List<Value>>, Key, Value, bool, Dictionary<Key, List<string>>?)' (but other parameters do) [E:\vs\Projects\PlatformIndependentNuGetPackages\SunamoFileSystem\SunamoFileSystem\SunamoFileSystem.csproj::TargetFramework=net9.0]
E:\vs\Projects\PlatformIndependentNuGetPackages\SunamoFileSystem\SunamoFileSystem\_sunamo\SunamoGetFiles\FSGetFiles.cs(53,22): warning CS1572: XML comment has a param tag for 'ask', but there is no parameter by that name [E:\vs\Projects\PlatformIndependentNuGetPackages\SunamoFileSystem\SunamoFileSystem\SunamoFileSystem.csproj::TargetFramework=net9.0]
E:\vs\Projects\PlatformIndependentNuGetPackages\SunamoFileSystem\SunamoFileSystem\_sunamo\SunamoGetFiles\FSGetFiles.cs(55,22): warning CS1572: XML comment has a param tag for '_trimA1', but there is no parameter by that name [E:\vs\Projects\PlatformIndependentNuGetPackages\SunamoFileSystem\SunamoFileSystem\SunamoFileSystem.csproj::TargetFramework=net9.0]
E:\vs\Projects\PlatformIndependentNuGetPackages\SunamoFileSystem\SunamoFileSystem\_sunamo\SunamoGetFiles\FSGetFiles.cs(56,76): warning CS1573: Parameter 'mask' has no matching param tag in the XML comment for 'FSGetFiles.GetFilesEveryFolder(string, string, SearchOption, GetFilesEveryFolderArgsFS)' (but other parameters do) [E:\vs\Projects\PlatformIndependentNuGetPackages\SunamoFileSystem\SunamoFileSystem\SunamoFileSystem.csproj::TargetFramework=net9.0]
E:\vs\Projects\PlatformIndependentNuGetPackages\SunamoFileSystem\SunamoFileSystem\_sunamo\SunamoGetFiles\FSGetFiles.cs(57,35): warning CS1573: Parameter 'e' has no matching param tag in the XML comment for 'FSGetFiles.GetFilesEveryFolder(string, string, SearchOption, GetFilesEveryFolderArgsFS)' (but other parameters do) [E:\vs\Projects\PlatformIndependentNuGetPackages\SunamoFileSystem\SunamoFileSystem\SunamoFileSystem.csproj::TargetFramework=net9.0]
E:\vs\Projects\PlatformIndependentNuGetPackages\SunamoFileSystem\SunamoFileSystem\_sunamo\SunamoGetFiles\FSGetFiles.cs(202,22): warning CS1572: XML comment has a param tag for 'folder', but there is no parameter by that name [E:\vs\Projects\PlatformIndependentNuGetPackages\SunamoFileSystem\SunamoFileSystem\SunamoFileSystem.csproj::TargetFramework=net9.0]
E:\vs\Projects\PlatformIndependentNuGetPackages\SunamoFileSystem\SunamoFileSystem\_sunamo\SunamoGetFiles\FSGetFiles.cs(205,50): warning CS1573: Parameter 'folder2' has no matching param tag in the XML comment for 'FSGetFiles.GetFiles(string, string, SearchOption, GetFilesArgsFS)' (but other parameters do) [E:\vs\Projects\PlatformIndependentNuGetPackages\SunamoFileSystem\SunamoFileSystem\SunamoFileSystem.csproj::TargetFramework=net9.0]
E:\vs\Projects\PlatformIndependentNuGetPackages\SunamoFileSystem\SunamoFileSystem\_sunamo\SunamoGetFiles\FSGetFiles.cs(206,24): warning CS1573: Parameter 'a' has no matching param tag in the XML comment for 'FSGetFiles.GetFiles(string, string, SearchOption, GetFilesArgsFS)' (but other parameters do) [E:\vs\Projects\PlatformIndependentNuGetPackages\SunamoFileSystem\SunamoFileSystem\SunamoFileSystem.csproj::TargetFramework=net9.0]
E:\vs\Projects\PlatformIndependentNuGetPackages\SunamoFileSystem\SunamoFileSystem\_sunamo\SunamoGetFolders\FSGetFolders.cs(69,22): warning CS1572: XML comment has a param tag for 'mask', but there is no parameter by that name [E:\vs\Projects\PlatformIndependentNuGetPackages\SunamoFileSystem\SunamoFileSystem\SunamoFileSystem.csproj::TargetFramework=net9.0]
E:\vs\Projects\PlatformIndependentNuGetPackages\SunamoFileSystem\SunamoFileSystem\_sunamo\SunamoGetFolders\FSGetFolders.cs(70,86): warning CS1573: Parameter 'e' has no matching param tag in the XML comment for 'FSGetFolders.GetFoldersEveryFolder(string, GetFilesArgsFS)' (but other parameters do) [E:\vs\Projects\PlatformIndependentNuGetPackages\SunamoFileSystem\SunamoFileSystem\SunamoFileSystem.csproj::TargetFramework=net9.0]
E:\vs\Projects\PlatformIndependentNuGetPackages\SunamoFileSystem\SunamoFileSystem\FS.cs(556,13): warning CS1587: XML comment is not placed on a valid language element [E:\vs\Projects\PlatformIndependentNuGetPackages\SunamoFileSystem\SunamoFileSystem\SunamoFileSystem.csproj::TargetFramework=net9.0]
  SunamoFileSystem -> E:\vs\Projects\PlatformIndependentNuGetPackages\SunamoFileSystem\SunamoFileSystem\bin\Debug\net9.0\SunamoFileSystem.dll
  SunamoFileSystem.Tests -> E:\vs\Projects\PlatformIndependentNuGetPackages\SunamoFileSystem\SunamoFileSystem.Tests\bin\Debug\net9.0\SunamoFileSystem.Tests.dll
  SunamoFileSystem.Tests -> E:\vs\Projects\PlatformIndependentNuGetPackages\SunamoFileSystem\SunamoFileSystem.Tests\bin\Debug\net8.0\SunamoFileSystem.Tests.dll
  RunnerFileSystem -> E:\vs\Projects\PlatformIndependentNuGetPackages\SunamoFileSystem\RunnerFileSystem\bin\Debug\net8.0\RunnerFileSystem.dll
  RunnerFileSystem -> E:\vs\Projects\PlatformIndependentNuGetPackages\SunamoFileSystem\RunnerFileSystem\bin\Debug\net9.0\RunnerFileSystem.dll
  SunamoFileSystem.Tests -> E:\vs\Projects\PlatformIndependentNuGetPackages\SunamoFileSystem\SunamoFileSystem.Tests\bin\Debug\net10.0\SunamoFileSystem.Tests.dll
  RunnerFileSystem -> E:\vs\Projects\PlatformIndependentNuGetPackages\SunamoFileSystem\RunnerFileSystem\bin\Debug\net10.0\RunnerFileSystem.dll

Build succeeded.

E:\vs\Projects\PlatformIndependentNuGetPackages\SunamoFileSystem\SunamoFileSystem\_sunamo\SunamoCollections\CA.cs(79,54): warning CS8625: Cannot convert null literal to non-nullable reference type. [E:\vs\Projects\PlatformIndependentNuGetPackages\SunamoFileSystem\SunamoFileSystem\SunamoFileSystem.csproj::TargetFramework=net8.0]
E:\vs\Projects\PlatformIndependentNuGetPackages\SunamoFileSystem\SunamoFileSystem\_sunamo\SunamoGetFolders\FSGetFolders.cs(16,100): warning CS8625: Cannot convert null literal to non-nullable reference type. [E:\vs\Projects\PlatformIndependentNuGetPackages\SunamoFileSystem\SunamoFileSystem\SunamoFileSystem.csproj::TargetFramework=net8.0]
E:\vs\Projects\PlatformIndependentNuGetPackages\SunamoFileSystem\SunamoFileSystem\_sunamo\SunamoGetFolders\FSGetFolders.cs(70,90): warning CS8625: Cannot convert null literal to non-nullable reference type. [E:\vs\Projects\PlatformIndependentNuGetPackages\SunamoFileSystem\SunamoFileSystem\SunamoFileSystem.csproj::TargetFramework=net8.0]
E:\vs\Projects\PlatformIndependentNuGetPackages\SunamoFileSystem\SunamoFileSystem\_sunamo\SunamoGetFiles\FSGetFiles.cs(206,28): warning CS8625: Cannot convert null literal to non-nullable reference type. [E:\vs\Projects\PlatformIndependentNuGetPackages\SunamoFileSystem\SunamoFileSystem\SunamoFileSystem.csproj::TargetFramework=net8.0]
E:\vs\Projects\PlatformIndependentNuGetPackages\SunamoFileSystem\SunamoFileSystem\_sunamo\SunamoGetFiles\FSGetFiles.cs(57,39): warning CS8625: Cannot convert null literal to non-nullable reference type. [E:\vs\Projects\PlatformIndependentNuGetPackages\SunamoFileSystem\SunamoFileSystem\SunamoFileSystem.csproj::TargetFramework=net8.0]
E:\vs\Projects\PlatformIndependentNuGetPackages\SunamoFileSystem\SunamoFileSystem\_sunamo\SunamoGetFiles\FSGetFiles.cs(289,34): warning CS8625: Cannot convert null literal to non-nullable reference type. [E:\vs\Projects\PlatformIndependentNuGetPackages\SunamoFileSystem\SunamoFileSystem\SunamoFileSystem.csproj::TargetFramework=net8.0]
E:\vs\Projects\PlatformIndependentNuGetPackages\SunamoFileSystem\SunamoFileSystem\_sunamo\SunamoGetFiles\FSGetFiles.cs(410,28): warning CS8625: Cannot convert null literal to non-nullable reference type. [E:\vs\Projects\PlatformIndependentNuGetPackages\SunamoFileSystem\SunamoFileSystem\SunamoFileSystem.csproj::TargetFramework=net8.0]
E:\vs\Projects\PlatformIndependentNuGetPackages\SunamoFileSystem\SunamoFileSystem\FS.cs(269,77): warning CS8625: Cannot convert null literal to non-nullable reference type. [E:\vs\Projects\PlatformIndependentNuGetPackages\SunamoFileSystem\SunamoFileSystem\SunamoFileSystem.csproj::TargetFramework=net8.0]
E:\vs\Projects\PlatformIndependentNuGetPackages\SunamoFileSystem\SunamoFileSystem\FS.cs(1238,161): warning CS8625: Cannot convert null literal to non-nullable reference type. [E:\vs\Projects\PlatformIndependentNuGetPackages\SunamoFileSystem\SunamoFileSystem\SunamoFileSystem.csproj::TargetFramework=net8.0]
E:\vs\Projects\PlatformIndependentNuGetPackages\SunamoFileSystem\SunamoFileSystem\FS.cs(1409,98): warning CS8625: Cannot convert null literal to non-nullable reference type. [E:\vs\Projects\PlatformIndependentNuGetPackages\SunamoFileSystem\SunamoFileSystem\SunamoFileSystem.csproj::TargetFramework=net8.0]
E:\vs\Projects\PlatformIndependentNuGetPackages\SunamoFileSystem\SunamoFileSystem\FS.cs(1444,103): warning CS8625: Cannot convert null literal to non-nullable reference type. [E:\vs\Projects\PlatformIndependentNuGetPackages\SunamoFileSystem\SunamoFileSystem\SunamoFileSystem.csproj::TargetFramework=net8.0]
E:\vs\Projects\PlatformIndependentNuGetPackages\SunamoFileSystem\SunamoFileSystem\FS.cs(2599,147): warning CS8625: Cannot convert null literal to non-nullable reference type. [E:\vs\Projects\PlatformIndependentNuGetPackages\SunamoFileSystem\SunamoFileSystem\SunamoFileSystem.csproj::TargetFramework=net8.0]
E:\vs\Projects\PlatformIndependentNuGetPackages\SunamoFileSystem\SunamoFileSystem\FS.cs(2610,136): warning CS8625: Cannot convert null literal to non-nullable reference type. [E:\vs\Projects\PlatformIndependentNuGetPackages\SunamoFileSystem\SunamoFileSystem\SunamoFileSystem.csproj::TargetFramework=net8.0]
E:\vs\Projects\PlatformIndependentNuGetPackages\SunamoFileSystem\SunamoFileSystem\_sunamo\SunamoArgs\GetFilesBaseArgsFS.cs(10,51): warning CS8625: Cannot convert null literal to non-nullable reference type. [E:\vs\Projects\PlatformIndependentNuGetPackages\SunamoFileSystem\SunamoFileSystem\SunamoFileSystem.csproj::TargetFramework=net8.0]
E:\vs\Projects\PlatformIndependentNuGetPackages\SunamoFileSystem\SunamoFileSystem\_public\SunamoData\Data\TWithInt.cs(28,16): warning CS8603: Possible null reference return. [E:\vs\Projects\PlatformIndependentNuGetPackages\SunamoFileSystem\SunamoFileSystem\SunamoFileSystem.csproj::TargetFramework=net8.0]
E:\vs\Projects\PlatformIndependentNuGetPackages\SunamoFileSystem\SunamoFileSystem\_public\SunamoCollectionsGeneric\Collections\FsWatcherDictionary.cs(14,20): warning CS8603: Possible null reference return. [E:\vs\Projects\PlatformIndependentNuGetPackages\SunamoFileSystem\SunamoFileSystem\SunamoFileSystem.csproj::TargetFramework=net8.0]
E:\vs\Projects\PlatformIndependentNuGetPackages\SunamoFileSystem\SunamoFileSystem\FS.cs(20,17): warning CS8602: Dereference of a possibly null reference. [E:\vs\Projects\PlatformIndependentNuGetPackages\SunamoFileSystem\SunamoFileSystem\SunamoFileSystem.csproj::TargetFramework=net8.0]
E:\vs\Projects\PlatformIndependentNuGetPackages\SunamoFileSystem\SunamoFileSystem\_sunamo\SunamoCollections\CA.cs(17,50): warning CS8604: Possible null reference argument for parameter 'item' in 'void List<T>.Add(T item)'. [E:\vs\Projects\PlatformIndependentNuGetPackages\SunamoFileSystem\SunamoFileSystem\SunamoFileSystem.csproj::TargetFramework=net8.0]
E:\vs\Projects\PlatformIndependentNuGetPackages\SunamoFileSystem\SunamoFileSystem\_sunamo\SunamoCollectionsChangeContent\CAChangeContent.cs(20,47): warning CS8625: Cannot convert null literal to non-nullable reference type. [E:\vs\Projects\PlatformIndependentNuGetPackages\SunamoFileSystem\SunamoFileSystem\SunamoFileSystem.csproj::TargetFramework=net8.0]
E:\vs\Projects\PlatformIndependentNuGetPackages\SunamoFileSystem\SunamoFileSystem\_sunamo\SunamoGetFolders\FSGetFolders.cs(18,32): warning CS8600: Converting null literal or possible null value to non-nullable type. [E:\vs\Projects\PlatformIndependentNuGetPackages\SunamoFileSystem\SunamoFileSystem\SunamoFileSystem.csproj::TargetFramework=net8.0]
E:\vs\Projects\PlatformIndependentNuGetPackages\SunamoFileSystem\SunamoFileSystem\_sunamo\SunamoGetFolders\FSGetFolders.cs(23,54): warning CS8625: Cannot convert null literal to non-nullable reference type. [E:\vs\Projects\PlatformIndependentNuGetPackages\SunamoFileSystem\SunamoFileSystem\SunamoFileSystem.csproj::TargetFramework=net8.0]
E:\vs\Projects\PlatformIndependentNuGetPackages\SunamoFileSystem\SunamoFileSystem\_sunamo\SunamoGetFolders\Args\GetFoldersEveryFolderArgs.cs(14,62): warning CS8625: Cannot convert null literal to non-nullable reference type. [E:\vs\Projects\PlatformIndependentNuGetPackages\SunamoFileSystem\SunamoFileSystem\SunamoFileSystem.csproj::TargetFramework=net8.0]
E:\vs\Projects\PlatformIndependentNuGetPackages\SunamoFileSystem\SunamoFileSystem\_sunamo\SunamoStringParts\SHParts.cs(8,36): warning CS8604: Possible null reference argument for parameter 'value' in 'int string.LastIndexOf(string value)'. [E:\vs\Projects\PlatformIndependentNuGetPackages\SunamoFileSystem\SunamoFileSystem\SunamoFileSystem.csproj::TargetFramework=net8.0]
E:\vs\Projects\PlatformIndependentNuGetPackages\SunamoFileSystem\SunamoFileSystem\_public\SunamoCollectionsGeneric\Collections\FsWatcherDictionary.cs(74,45): warning CS8601: Possible null reference assignment. [E:\vs\Projects\PlatformIndependentNuGetPackages\SunamoFileSystem\SunamoFileSystem\SunamoFileSystem.csproj::TargetFramework=net8.0]
E:\vs\Projects\PlatformIndependentNuGetPackages\SunamoFileSystem\SunamoFileSystem\FS.cs(72,44): warning CS8604: Possible null reference argument for parameter 'path' in 'void FS.CreateFoldersPsysicallyUnlessThere(string path)'. [E:\vs\Projects\PlatformIndependentNuGetPackages\SunamoFileSystem\SunamoFileSystem\SunamoFileSystem.csproj::TargetFramework=net8.0]
E:\vs\Projects\PlatformIndependentNuGetPackages\SunamoFileSystem\SunamoFileSystem\FS.cs(92,20): warning CS8600: Converting null literal or possible null value to non-nullable type. [E:\vs\Projects\PlatformIndependentNuGetPackages\SunamoFileSystem\SunamoFileSystem\SunamoFileSystem.csproj::TargetFramework=net8.0]
E:\vs\Projects\PlatformIndependentNuGetPackages\SunamoFileSystem\SunamoFileSystem\FS.cs(95,33): warning CS8604: Possible null reference argument for parameter 'item' in 'void List<string>.Add(string item)'. [E:\vs\Projects\PlatformIndependentNuGetPackages\SunamoFileSystem\SunamoFileSystem\SunamoFileSystem.csproj::TargetFramework=net8.0]
E:\vs\Projects\PlatformIndependentNuGetPackages\SunamoFileSystem\SunamoFileSystem\_sunamo\SunamoDictionary\DictionaryHelper.cs(73,21): warning CS8604: Possible null reference argument for parameter 'first' in 'bool Enumerable.SequenceEqual<ColType>(IEnumerable<ColType> first, IEnumerable<ColType> second)'. [E:\vs\Projects\PlatformIndependentNuGetPackages\SunamoFileSystem\SunamoFileSystem\SunamoFileSystem.csproj::TargetFramework=net8.0]
E:\vs\Projects\PlatformIndependentNuGetPackages\SunamoFileSystem\SunamoFileSystem\_sunamo\SunamoDictionary\DictionaryHelper.cs(73,55): warning CS8604: Possible null reference argument for parameter 'second' in 'bool Enumerable.SequenceEqual<ColType>(IEnumerable<ColType> first, IEnumerable<ColType> second)'. [E:\vs\Projects\PlatformIndependentNuGetPackages\SunamoFileSystem\SunamoFileSystem\SunamoFileSystem.csproj::TargetFramework=net8.0]
E:\vs\Projects\PlatformIndependentNuGetPackages\SunamoFileSystem\SunamoFileSystem\_sunamo\SunamoDictionary\DictionaryHelper.cs(81,25): warning CS8604: Possible null reference argument for parameter 'first' in 'bool Enumerable.SequenceEqual<ColType>(IEnumerable<ColType> first, IEnumerable<ColType> second)'. [E:\vs\Projects\PlatformIndependentNuGetPackages\SunamoFileSystem\SunamoFileSystem\SunamoFileSystem.csproj::TargetFramework=net8.0]
E:\vs\Projects\PlatformIndependentNuGetPackages\SunamoFileSystem\SunamoFileSystem\_sunamo\SunamoDictionary\DictionaryHelper.cs(81,59): warning CS8604: Possible null reference argument for parameter 'second' in 'bool Enumerable.SequenceEqual<ColType>(IEnumerable<ColType> first, IEnumerable<ColType> second)'. [E:\vs\Projects\PlatformIndependentNuGetPackages\SunamoFileSystem\SunamoFileSystem\SunamoFileSystem.csproj::TargetFramework=net8.0]
E:\vs\Projects\PlatformIndependentNuGetPackages\SunamoFileSystem\SunamoFileSystem\_sunamo\SunamoDictionary\DictionaryHelper.cs(99,36): warning CS8602: Dereference of a possibly null reference. [E:\vs\Projects\PlatformIndependentNuGetPackages\SunamoFileSystem\SunamoFileSystem\SunamoFileSystem.csproj::TargetFramework=net8.0]
E:\vs\Projects\PlatformIndependentNuGetPackages\SunamoFileSystem\SunamoFileSystem\_sunamo\SunamoDictionary\DictionaryHelper.cs(99,36): warning CS8604: Possible null reference argument for parameter 'item' in 'void List<string>.Add(string item)'. [E:\vs\Projects\PlatformIndependentNuGetPackages\SunamoFileSystem\SunamoFileSystem\SunamoFileSystem.csproj::TargetFramework=net8.0]
E:\vs\Projects\PlatformIndependentNuGetPackages\SunamoFileSystem\SunamoFileSystem\_sunamo\SunamoDictionary\DictionaryHelper.cs(100,21): warning CS8602: Dereference of a possibly null reference. [E:\vs\Projects\PlatformIndependentNuGetPackages\SunamoFileSystem\SunamoFileSystem\SunamoFileSystem.csproj::TargetFramework=net8.0]
E:\vs\Projects\PlatformIndependentNuGetPackages\SunamoFileSystem\SunamoFileSystem\_sunamo\SunamoDictionary\DictionaryHelper.cs(116,33): warning CS8602: Dereference of a possibly null reference. [E:\vs\Projects\PlatformIndependentNuGetPackages\SunamoFileSystem\SunamoFileSystem\SunamoFileSystem.csproj::TargetFramework=net8.0]
E:\vs\Projects\PlatformIndependentNuGetPackages\SunamoFileSystem\SunamoFileSystem\_sunamo\SunamoDictionary\DictionaryHelper.cs(116,58): warning CS8602: Dereference of a possibly null reference. [E:\vs\Projects\PlatformIndependentNuGetPackages\SunamoFileSystem\SunamoFileSystem\SunamoFileSystem.csproj::TargetFramework=net8.0]
E:\vs\Projects\PlatformIndependentNuGetPackages\SunamoFileSystem\SunamoFileSystem\_sunamo\SunamoDictionary\DictionaryHelper.cs(116,58): warning CS8604: Possible null reference argument for parameter 'item' in 'bool List<string>.Contains(string item)'. [E:\vs\Projects\PlatformIndependentNuGetPackages\SunamoFileSystem\SunamoFileSystem\SunamoFileSystem.csproj::TargetFramework=net8.0]
E:\vs\Projects\PlatformIndependentNuGetPackages\SunamoFileSystem\SunamoFileSystem\_sunamo\SunamoDictionary\DictionaryHelper.cs(128,56): warning CS8602: Dereference of a possibly null reference. [E:\vs\Projects\PlatformIndependentNuGetPackages\SunamoFileSystem\SunamoFileSystem\SunamoFileSystem.csproj::TargetFramework=net8.0]
E:\vs\Projects\PlatformIndependentNuGetPackages\SunamoFileSystem\SunamoFileSystem\_sunamo\SunamoDictionary\DictionaryHelper.cs(130,82): warning CS8602: Dereference of a possibly null reference. [E:\vs\Projects\PlatformIndependentNuGetPackages\SunamoFileSystem\SunamoFileSystem\SunamoFileSystem.csproj::TargetFramework=net8.0]
E:\vs\Projects\PlatformIndependentNuGetPackages\SunamoFileSystem\SunamoFileSystem\_sunamo\SunamoDictionary\DictionaryHelper.cs(130,82): warning CS8604: Possible null reference argument for parameter 'item' in 'void List<string>.Add(string item)'. [E:\vs\Projects\PlatformIndependentNuGetPackages\SunamoFileSystem\SunamoFileSystem\SunamoFileSystem.csproj::TargetFramework=net8.0]
E:\vs\Projects\PlatformIndependentNuGetPackages\SunamoFileSystem\SunamoFileSystem\_sunamo\SunamoDictionary\DictionaryHelper.cs(149,30): warning CS8602: Dereference of a possibly null reference. [E:\vs\Projects\PlatformIndependentNuGetPackages\SunamoFileSystem\SunamoFileSystem\SunamoFileSystem.csproj::TargetFramework=net8.0]
E:\vs\Projects\PlatformIndependentNuGetPackages\SunamoFileSystem\SunamoFileSystem\_sunamo\SunamoDictionary\DictionaryHelper.cs(152,44): warning CS8602: Dereference of a possibly null reference. [E:\vs\Projects\PlatformIndependentNuGetPackages\SunamoFileSystem\SunamoFileSystem\SunamoFileSystem.csproj::TargetFramework=net8.0]
E:\vs\Projects\PlatformIndependentNuGetPackages\SunamoFileSystem\SunamoFileSystem\_sunamo\SunamoDictionary\DictionaryHelper.cs(152,44): warning CS8604: Possible null reference argument for parameter 'item' in 'void List<string>.Add(string item)'. [E:\vs\Projects\PlatformIndependentNuGetPackages\SunamoFileSystem\SunamoFileSystem\SunamoFileSystem.csproj::TargetFramework=net8.0]
E:\vs\Projects\PlatformIndependentNuGetPackages\SunamoFileSystem\SunamoFileSystem\_sunamo\SunamoDictionary\DictionaryHelper.cs(157,49): warning CS8602: Dereference of a possibly null reference. [E:\vs\Projects\PlatformIndependentNuGetPackages\SunamoFileSystem\SunamoFileSystem\SunamoFileSystem.csproj::TargetFramework=net8.0]
E:\vs\Projects\PlatformIndependentNuGetPackages\SunamoFileSystem\SunamoFileSystem\_sunamo\SunamoDictionary\DictionaryHelper.cs(157,49): warning CS8604: Possible null reference argument for parameter 'item' in 'void List<string>.Add(string item)'. [E:\vs\Projects\PlatformIndependentNuGetPackages\SunamoFileSystem\SunamoFileSystem\SunamoFileSystem.csproj::TargetFramework=net8.0]
E:\vs\Projects\PlatformIndependentNuGetPackages\SunamoFileSystem\SunamoFileSystem\_sunamo\SunamoGetFiles\FSGetFiles.cs(64,29): warning CS8600: Converting null literal or possible null value to non-nullable type. [E:\vs\Projects\PlatformIndependentNuGetPackages\SunamoFileSystem\SunamoFileSystem\SunamoFileSystem.csproj::TargetFramework=net8.0]
E:\vs\Projects\PlatformIndependentNuGetPackages\SunamoFileSystem\SunamoFileSystem\_sunamo\SunamoGetFiles\FSGetFiles.cs(76,13): warning CS8602: Dereference of a possibly null reference. [E:\vs\Projects\PlatformIndependentNuGetPackages\SunamoFileSystem\SunamoFileSystem\SunamoFileSystem.csproj::TargetFramework=net8.0]
E:\vs\Projects\PlatformIndependentNuGetPackages\SunamoFileSystem\SunamoFileSystem\_sunamo\SunamoGetFiles\FSGetFiles.cs(77,13): warning CS8602: Dereference of a possibly null reference. [E:\vs\Projects\PlatformIndependentNuGetPackages\SunamoFileSystem\SunamoFileSystem\SunamoFileSystem.csproj::TargetFramework=net8.0]
E:\vs\Projects\PlatformIndependentNuGetPackages\SunamoFileSystem\SunamoFileSystem\_sunamo\SunamoGetFiles\FSGetFiles.cs(86,25): warning CS8600: Converting null literal or possible null value to non-nullable type. [E:\vs\Projects\PlatformIndependentNuGetPackages\SunamoFileSystem\SunamoFileSystem\SunamoFileSystem.csproj::TargetFramework=net8.0]
E:\vs\Projects\PlatformIndependentNuGetPackages\SunamoFileSystem\SunamoFileSystem\_sunamo\SunamoGetFiles\FSGetFiles.cs(122,13): warning CS8602: Dereference of a possibly null reference. [E:\vs\Projects\PlatformIndependentNuGetPackages\SunamoFileSystem\SunamoFileSystem\SunamoFileSystem.csproj::TargetFramework=net8.0]
E:\vs\Projects\PlatformIndependentNuGetPackages\SunamoFileSystem\SunamoFileSystem\_sunamo\SunamoGetFiles\FSGetFiles.cs(123,13): warning CS8602: Dereference of a possibly null reference. [E:\vs\Projects\PlatformIndependentNuGetPackages\SunamoFileSystem\SunamoFileSystem\SunamoFileSystem.csproj::TargetFramework=net8.0]
E:\vs\Projects\PlatformIndependentNuGetPackages\SunamoFileSystem\SunamoFileSystem\_sunamo\SunamoGetFiles\FSGetFiles.cs(147,47): warning CS8602: Dereference of a possibly null reference. [E:\vs\Projects\PlatformIndependentNuGetPackages\SunamoFileSystem\SunamoFileSystem\SunamoFileSystem.csproj::TargetFramework=net8.0]
E:\vs\Projects\PlatformIndependentNuGetPackages\SunamoFileSystem\SunamoFileSystem\_sunamo\SunamoGetFiles\FSGetFiles.cs(148,32): warning CS8603: Possible null reference return. [E:\vs\Projects\PlatformIndependentNuGetPackages\SunamoFileSystem\SunamoFileSystem\SunamoFileSystem.csproj::TargetFramework=net8.0]
E:\vs\Projects\PlatformIndependentNuGetPackages\SunamoFileSystem\SunamoFileSystem\_sunamo\SunamoGetFiles\FSGetFiles.cs(158,35): warning CS8602: Dereference of a possibly null reference. [E:\vs\Projects\PlatformIndependentNuGetPackages\SunamoFileSystem\SunamoFileSystem\SunamoFileSystem.csproj::TargetFramework=net8.0]
E:\vs\Projects\PlatformIndependentNuGetPackages\SunamoFileSystem\SunamoFileSystem\_sunamo\SunamoGetFiles\FSGetFiles.cs(177,31): warning CS8602: Dereference of a possibly null reference. [E:\vs\Projects\PlatformIndependentNuGetPackages\SunamoFileSystem\SunamoFileSystem\SunamoFileSystem.csproj::TargetFramework=net8.0]
E:\vs\Projects\PlatformIndependentNuGetPackages\SunamoFileSystem\SunamoFileSystem\_sunamo\SunamoGetFiles\FSGetFiles.cs(65,13): warning CS0219: The variable 'measureTime' is assigned but its value is never used [E:\vs\Projects\PlatformIndependentNuGetPackages\SunamoFileSystem\SunamoFileSystem\SunamoFileSystem.csproj::TargetFramework=net8.0]
E:\vs\Projects\PlatformIndependentNuGetPackages\SunamoFileSystem\SunamoFileSystem\_sunamo\SunamoStringSplit\SHSplit.cs(16,28): warning CS8600: Converting null literal or possible null value to non-nullable type. [E:\vs\Projects\PlatformIndependentNuGetPackages\SunamoFileSystem\SunamoFileSystem\SunamoFileSystem.csproj::TargetFramework=net8.0]
E:\vs\Projects\PlatformIndependentNuGetPackages\SunamoFileSystem\SunamoFileSystem\_sunamo\SunamoStringSplit\SHSplit.cs(17,37): warning CS8600: Converting null literal or possible null value to non-nullable type. [E:\vs\Projects\PlatformIndependentNuGetPackages\SunamoFileSystem\SunamoFileSystem\SunamoFileSystem.csproj::TargetFramework=net8.0]
E:\vs\Projects\PlatformIndependentNuGetPackages\SunamoFileSystem\SunamoFileSystem\_sunamo\SunamoStringSplit\SHSplit.cs(18,39): warning CS8600: Converting null literal or possible null value to non-nullable type. [E:\vs\Projects\PlatformIndependentNuGetPackages\SunamoFileSystem\SunamoFileSystem\SunamoFileSystem.csproj::TargetFramework=net8.0]
E:\vs\Projects\PlatformIndependentNuGetPackages\SunamoFileSystem\SunamoFileSystem\FS.cs(223,33): warning CS8604: Possible null reference argument for parameter 'path1' in 'string Path.Combine(string path1, string path2)'. [E:\vs\Projects\PlatformIndependentNuGetPackages\SunamoFileSystem\SunamoFileSystem\SunamoFileSystem.csproj::TargetFramework=net8.0]
E:\vs\Projects\PlatformIndependentNuGetPackages\SunamoFileSystem\SunamoFileSystem\_sunamo\SunamoGetFiles\FSGetFiles.cs(293,23): warning CS8600: Converting null literal or possible null value to non-nullable type. [E:\vs\Projects\PlatformIndependentNuGetPackages\SunamoFileSystem\SunamoFileSystem\SunamoFileSystem.csproj::TargetFramework=net8.0]
E:\vs\Projects\PlatformIndependentNuGetPackages\SunamoFileSystem\SunamoFileSystem\_sunamo\SunamoGetFiles\FSGetFiles.cs(356,40): warning CS8625: Cannot convert null literal to non-nullable reference type. [E:\vs\Projects\PlatformIndependentNuGetPackages\SunamoFileSystem\SunamoFileSystem\SunamoFileSystem.csproj::TargetFramework=net8.0]
E:\vs\Projects\PlatformIndependentNuGetPackages\SunamoFileSystem\SunamoFileSystem\FS.cs(364,43): warning CS8604: Possible null reference argument for parameter 'path1' in 'string Path.Combine(string path1, string path2)'. [E:\vs\Projects\PlatformIndependentNuGetPackages\SunamoFileSystem\SunamoFileSystem\SunamoFileSystem.csproj::TargetFramework=net8.0]
E:\vs\Projects\PlatformIndependentNuGetPackages\SunamoFileSystem\SunamoFileSystem\_sunamo\SunamoGetFiles\FSGetFiles.cs(368,40): warning CS8625: Cannot convert null literal to non-nullable reference type. [E:\vs\Projects\PlatformIndependentNuGetPackages\SunamoFileSystem\SunamoFileSystem\SunamoFileSystem.csproj::TargetFramework=net8.0]
E:\vs\Projects\PlatformIndependentNuGetPackages\SunamoFileSystem\SunamoFileSystem\_sunamo\SunamoGetFiles\FSGetFiles.cs(371,55): warning CS8625: Cannot convert null literal to non-nullable reference type. [E:\vs\Projects\PlatformIndependentNuGetPackages\SunamoFileSystem\SunamoFileSystem\SunamoFileSystem.csproj::TargetFramework=net8.0]
E:\vs\Projects\PlatformIndependentNuGetPackages\SunamoFileSystem\SunamoFileSystem\_sunamo\SunamoGetFiles\FSGetFiles.cs(374,55): warning CS8625: Cannot convert null literal to non-nullable reference type. [E:\vs\Projects\PlatformIndependentNuGetPackages\SunamoFileSystem\SunamoFileSystem\SunamoFileSystem.csproj::TargetFramework=net8.0]
E:\vs\Projects\PlatformIndependentNuGetPackages\SunamoFileSystem\SunamoFileSystem\_sunamo\SunamoGetFiles\FSGetFiles.cs(380,57): warning CS8600: Converting null literal or possible null value to non-nullable type. [E:\vs\Projects\PlatformIndependentNuGetPackages\SunamoFileSystem\SunamoFileSystem\SunamoFileSystem.csproj::TargetFramework=net8.0]
E:\vs\Projects\PlatformIndependentNuGetPackages\SunamoFileSystem\SunamoFileSystem\_sunamo\SunamoGetFiles\FSGetFiles.cs(388,48): warning CS8602: Dereference of a possibly null reference. [E:\vs\Projects\PlatformIndependentNuGetPackages\SunamoFileSystem\SunamoFileSystem\SunamoFileSystem.csproj::TargetFramework=net8.0]
E:\vs\Projects\PlatformIndependentNuGetPackages\SunamoFileSystem\SunamoFileSystem\FS.cs(451,39): warning CS8603: Possible null reference return. [E:\vs\Projects\PlatformIndependentNuGetPackages\SunamoFileSystem\SunamoFileSystem\SunamoFileSystem.csproj::TargetFramework=net8.0]
E:\vs\Projects\PlatformIndependentNuGetPackages\SunamoFileSystem\SunamoFileSystem\FS.cs(522,56): warning CS8604: Possible null reference argument for parameter 'path1' in 'string Path.Combine(string path1, string path2)'. [E:\vs\Projects\PlatformIndependentNuGetPackages\SunamoFileSystem\SunamoFileSystem\SunamoFileSystem.csproj::TargetFramework=net8.0]
E:\vs\Projects\PlatformIndependentNuGetPackages\SunamoFileSystem\SunamoFileSystem\FS.cs(580,42): warning CS8600: Converting null literal or possible null value to non-nullable type. [E:\vs\Projects\PlatformIndependentNuGetPackages\SunamoFileSystem\SunamoFileSystem\SunamoFileSystem.csproj::TargetFramework=net8.0]
E:\vs\Projects\PlatformIndependentNuGetPackages\SunamoFileSystem\SunamoFileSystem\FS.cs(582,78): warning CS8604: Possible null reference argument for parameter 'wasntExistsInFrom' in 'void FS.CopyMoveFilesInList(ILogger logger, List<string> filesFrom, string folderFrom, string folderTo, List<string> wasntExistsInFrom, bool mustExistsInTarget, bool copy, Dictionary<string, List<string>> files, bool overwrite = true)'. [E:\vs\Projects\PlatformIndependentNuGetPackages\SunamoFileSystem\SunamoFileSystem\SunamoFileSystem.csproj::TargetFramework=net8.0]
E:\vs\Projects\PlatformIndependentNuGetPackages\SunamoFileSystem\SunamoFileSystem\FS.cs(582,123): warning CS8625: Cannot convert null literal to non-nullable reference type. [E:\vs\Projects\PlatformIndependentNuGetPackages\SunamoFileSystem\SunamoFileSystem\SunamoFileSystem.csproj::TargetFramework=net8.0]
E:\vs\Projects\PlatformIndependentNuGetPackages\SunamoFileSystem\SunamoFileSystem\FS.cs(751,49): warning CS8604: Possible null reference argument for parameter 'args' in 'Task FS.ReplaceInAllFiles(IList<string> replaceFrom, IList<string> replaceTo, ReplaceInAllFilesArgsBase args, Func<string, bool> EncodingHelperIsBinary)'. [E:\vs\Projects\PlatformIndependentNuGetPackages\SunamoFileSystem\SunamoFileSystem\SunamoFileSystem.csproj::TargetFramework=net8.0]
E:\vs\Projects\PlatformIndependentNuGetPackages\SunamoFileSystem\SunamoFileSystem\FS.cs(756,19): warning CS8604: Possible null reference argument for parameter 'args' in 'Task FS.ReplaceInAllFiles(IList<string> replaceFrom, IList<string> replaceTo, ReplaceInAllFilesArgsBase args, Func<string, bool> EncodingHelperIsBinary)'. [E:\vs\Projects\PlatformIndependentNuGetPackages\SunamoFileSystem\SunamoFileSystem\SunamoFileSystem.csproj::TargetFramework=net8.0]
E:\vs\Projects\PlatformIndependentNuGetPackages\SunamoFileSystem\SunamoFileSystem\FS.cs(774,101): warning CS8600: Converting null literal or possible null value to non-nullable type. [E:\vs\Projects\PlatformIndependentNuGetPackages\SunamoFileSystem\SunamoFileSystem\SunamoFileSystem.csproj::TargetFramework=net8.0]
E:\vs\Projects\PlatformIndependentNuGetPackages\SunamoFileSystem\SunamoFileSystem\FS.cs(812,13): warning CS8602: Dereference of a possibly null reference. [E:\vs\Projects\PlatformIndependentNuGetPackages\SunamoFileSystem\SunamoFileSystem\SunamoFileSystem.csproj::TargetFramework=net8.0]
E:\vs\Projects\PlatformIndependentNuGetPackages\SunamoFileSystem\SunamoFileSystem\FS.cs(905,51): warning CS8600: Converting null literal or possible null value to non-nullable type. [E:\vs\Projects\PlatformIndependentNuGetPackages\SunamoFileSystem\SunamoFileSystem\SunamoFileSystem.csproj::TargetFramework=net8.0]
E:\vs\Projects\PlatformIndependentNuGetPackages\SunamoFileSystem\SunamoFileSystem\FS.cs(906,38): warning CS8604: Possible null reference argument for parameter 'value' in 'string FS.WithoutEndSlash(string value)'. [E:\vs\Projects\PlatformIndependentNuGetPackages\SunamoFileSystem\SunamoFileSystem\SunamoFileSystem.csproj::TargetFramework=net8.0]
E:\vs\Projects\PlatformIndependentNuGetPackages\SunamoFileSystem\SunamoFileSystem\FS.cs(1022,35): warning CS0618: 'string.Copy(string)' is obsolete: 'This API should not be used to create mutable strings. See https://go.microsoft.com/fwlink/?linkid=2084035 for alternatives.' [E:\vs\Projects\PlatformIndependentNuGetPackages\SunamoFileSystem\SunamoFileSystem\SunamoFileSystem.csproj::TargetFramework=net8.0]
E:\vs\Projects\PlatformIndependentNuGetPackages\SunamoFileSystem\SunamoFileSystem\FS.cs(991,44): warning CS8604: Possible null reference argument for parameter 'path1' in 'string Path.Combine(string path1, string path2)'. [E:\vs\Projects\PlatformIndependentNuGetPackages\SunamoFileSystem\SunamoFileSystem\SunamoFileSystem.csproj::TargetFramework=net8.0]
E:\vs\Projects\PlatformIndependentNuGetPackages\SunamoFileSystem\SunamoFileSystem\FS.cs(1011,34): warning CS8600: Converting null literal or possible null value to non-nullable type. [E:\vs\Projects\PlatformIndependentNuGetPackages\SunamoFileSystem\SunamoFileSystem\SunamoFileSystem.csproj::TargetFramework=net8.0]
E:\vs\Projects\PlatformIndependentNuGetPackages\SunamoFileSystem\SunamoFileSystem\FS.cs(1014,44): warning CS8604: Possible null reference argument for parameter 'path1' in 'string Path.Combine(string path1, string path2)'. [E:\vs\Projects\PlatformIndependentNuGetPackages\SunamoFileSystem\SunamoFileSystem\SunamoFileSystem.csproj::TargetFramework=net8.0]
E:\vs\Projects\PlatformIndependentNuGetPackages\SunamoFileSystem\SunamoFileSystem\FS.cs(1035,44): warning CS8604: Possible null reference argument for parameter 'folder' in 'List<string> FSGetFiles.FilesOfExtension(string folder, string fileExt)'. [E:\vs\Projects\PlatformIndependentNuGetPackages\SunamoFileSystem\SunamoFileSystem\SunamoFileSystem.csproj::TargetFramework=net8.0]
E:\vs\Projects\PlatformIndependentNuGetPackages\SunamoFileSystem\SunamoFileSystem\FS.cs(1037,41): warning CS8603: Possible null reference return. [E:\vs\Projects\PlatformIndependentNuGetPackages\SunamoFileSystem\SunamoFileSystem\SunamoFileSystem.csproj::TargetFramework=net8.0]
E:\vs\Projects\PlatformIndependentNuGetPackages\SunamoFileSystem\SunamoFileSystem\FS.cs(1038,20): warning CS8600: Converting null literal or possible null value to non-nullable type. [E:\vs\Projects\PlatformIndependentNuGetPackages\SunamoFileSystem\SunamoFileSystem\SunamoFileSystem.csproj::TargetFramework=net8.0]
E:\vs\Projects\PlatformIndependentNuGetPackages\SunamoFileSystem\SunamoFileSystem\FS.cs(1166,32): warning CS8600: Converting null literal or possible null value to non-nullable type. [E:\vs\Projects\PlatformIndependentNuGetPackages\SunamoFileSystem\SunamoFileSystem\SunamoFileSystem.csproj::TargetFramework=net8.0]
E:\vs\Projects\PlatformIndependentNuGetPackages\SunamoFileSystem\SunamoFileSystem\FS.cs(1187,24): warning CS8603: Possible null reference return. [E:\vs\Projects\PlatformIndependentNuGetPackages\SunamoFileSystem\SunamoFileSystem\SunamoFileSystem.csproj::TargetFramework=net8.0]
E:\vs\Projects\PlatformIndependentNuGetPackages\SunamoFileSystem\SunamoFileSystem\FS.cs(1213,16): warning CS8603: Possible null reference return. [E:\vs\Projects\PlatformIndependentNuGetPackages\SunamoFileSystem\SunamoFileSystem\SunamoFileSystem.csproj::TargetFramework=net8.0]
E:\vs\Projects\PlatformIndependentNuGetPackages\SunamoFileSystem\SunamoFileSystem\FS.cs(1208,26): warning CS0168: The variable 'ex' is declared but never used [E:\vs\Projects\PlatformIndependentNuGetPackages\SunamoFileSystem\SunamoFileSystem\SunamoFileSystem.csproj::TargetFramework=net8.0]
E:\vs\Projects\PlatformIndependentNuGetPackages\SunamoFileSystem\SunamoFileSystem\FS.cs(1232,9): warning CS0618: 'FS.MoveAllFilesRecursively(ILogger, string, string, FileMoveCollisionOption, string)' is obsolete: 'Use MoveDirectoryNoRecursive instead' [E:\vs\Projects\PlatformIndependentNuGetPackages\SunamoFileSystem\SunamoFileSystem\SunamoFileSystem.csproj::TargetFramework=net8.0]
E:\vs\Projects\PlatformIndependentNuGetPackages\SunamoFileSystem\SunamoFileSystem\FS.cs(1270,27): warning CS8714: The type 'TContent' cannot be used as type parameter 'T' in the generic type or method 'DictionaryHelper.GroupByValues<U, T, ColType>(Dictionary<U, T>)'. Nullability of type argument 'TContent' doesn't match 'notnull' constraint. [E:\vs\Projects\PlatformIndependentNuGetPackages\SunamoFileSystem\SunamoFileSystem\SunamoFileSystem.csproj::TargetFramework=net8.0]
E:\vs\Projects\PlatformIndependentNuGetPackages\SunamoFileSystem\SunamoFileSystem\FS.cs(1333,31): warning CS8600: Converting null literal or possible null value to non-nullable type. [E:\vs\Projects\PlatformIndependentNuGetPackages\SunamoFileSystem\SunamoFileSystem\SunamoFileSystem.csproj::TargetFramework=net8.0]
E:\vs\Projects\PlatformIndependentNuGetPackages\SunamoFileSystem\SunamoFileSystem\FS.cs(1554,32): warning CS8600: Converting null literal or possible null value to non-nullable type. [E:\vs\Projects\PlatformIndependentNuGetPackages\SunamoFileSystem\SunamoFileSystem\SunamoFileSystem.csproj::TargetFramework=net8.0]
E:\vs\Projects\PlatformIndependentNuGetPackages\SunamoFileSystem\SunamoFileSystem\FS.cs(1557,36): warning CS8604: Possible null reference argument for parameter 'path1' in 'string Path.Combine(string path1, string path2)'. [E:\vs\Projects\PlatformIndependentNuGetPackages\SunamoFileSystem\SunamoFileSystem\SunamoFileSystem.csproj::TargetFramework=net8.0]
E:\vs\Projects\PlatformIndependentNuGetPackages\SunamoFileSystem\SunamoFileSystem\FS.cs(1640,18): warning CS8602: Dereference of a possibly null reference. [E:\vs\Projects\PlatformIndependentNuGetPackages\SunamoFileSystem\SunamoFileSystem\SunamoFileSystem.csproj::TargetFramework=net8.0]
E:\vs\Projects\PlatformIndependentNuGetPackages\SunamoFileSystem\SunamoFileSystem\FS.cs(1641,55): warning CS8602: Dereference of a possibly null reference. [E:\vs\Projects\PlatformIndependentNuGetPackages\SunamoFileSystem\SunamoFileSystem\SunamoFileSystem.csproj::TargetFramework=net8.0]
E:\vs\Projects\PlatformIndependentNuGetPackages\SunamoFileSystem\SunamoFileSystem\FS.cs(1766,29): warning CS8604: Possible null reference argument for parameter 'value' in 'string FS.WithEndSlash(string value)'. [E:\vs\Projects\PlatformIndependentNuGetPackages\SunamoFileSystem\SunamoFileSystem\SunamoFileSystem.csproj::TargetFramework=net8.0]
E:\vs\Projects\PlatformIndependentNuGetPackages\SunamoFileSystem\SunamoFileSystem\FS.cs(1890,44): warning CS8600: Converting null literal or possible null value to non-nullable type. [E:\vs\Projects\PlatformIndependentNuGetPackages\SunamoFileSystem\SunamoFileSystem\SunamoFileSystem.csproj::TargetFramework=net8.0]
E:\vs\Projects\PlatformIndependentNuGetPackages\SunamoFileSystem\SunamoFileSystem\FS.cs(2014,36): warning CS8604: Possible null reference argument for parameter 'path1' in 'string Path.Combine(string path1, string path2)'. [E:\vs\Projects\PlatformIndependentNuGetPackages\SunamoFileSystem\SunamoFileSystem\SunamoFileSystem.csproj::TargetFramework=net8.0]
E:\vs\Projects\PlatformIndependentNuGetPackages\SunamoFileSystem\SunamoFileSystem\FS.cs(2150,36): warning CS8604: Possible null reference argument for parameter 'path1' in 'string Path.Combine(string path1, string path2)'. [E:\vs\Projects\PlatformIndependentNuGetPackages\SunamoFileSystem\SunamoFileSystem\SunamoFileSystem.csproj::TargetFramework=net8.0]
E:\vs\Projects\PlatformIndependentNuGetPackages\SunamoFileSystem\SunamoFileSystem\FS.cs(2186,25): warning CS8600: Converting null literal or possible null value to non-nullable type. [E:\vs\Projects\PlatformIndependentNuGetPackages\SunamoFileSystem\SunamoFileSystem\SunamoFileSystem.csproj::TargetFramework=net8.0]
E:\vs\Projects\PlatformIndependentNuGetPackages\SunamoFileSystem\SunamoFileSystem\FS.cs(2217,19): warning CS8625: Cannot convert null literal to non-nullable reference type. [E:\vs\Projects\PlatformIndependentNuGetPackages\SunamoFileSystem\SunamoFileSystem\SunamoFileSystem.csproj::TargetFramework=net8.0]
E:\vs\Projects\PlatformIndependentNuGetPackages\SunamoFileSystem\SunamoFileSystem\FS.cs(2402,50): warning CS8600: Converting null literal or possible null value to non-nullable type. [E:\vs\Projects\PlatformIndependentNuGetPackages\SunamoFileSystem\SunamoFileSystem\SunamoFileSystem.csproj::TargetFramework=net8.0]
E:\vs\Projects\PlatformIndependentNuGetPackages\SunamoFileSystem\SunamoFileSystem\FS.cs(2403,41): warning CS8604: Possible null reference argument for parameter 'path1' in 'string Path.Combine(string path1, string path2)'. [E:\vs\Projects\PlatformIndependentNuGetPackages\SunamoFileSystem\SunamoFileSystem\SunamoFileSystem.csproj::TargetFramework=net8.0]
E:\vs\Projects\PlatformIndependentNuGetPackages\SunamoFileSystem\SunamoFileSystem\FS.cs(2586,23): warning CS8600: Converting null literal or possible null value to non-nullable type. [E:\vs\Projects\PlatformIndependentNuGetPackages\SunamoFileSystem\SunamoFileSystem\SunamoFileSystem.csproj::TargetFramework=net8.0]
E:\vs\Projects\PlatformIndependentNuGetPackages\SunamoFileSystem\SunamoFileSystem\FS.cs(2591,26): warning CS0168: The variable 'ex' is declared but never used [E:\vs\Projects\PlatformIndependentNuGetPackages\SunamoFileSystem\SunamoFileSystem\SunamoFileSystem.csproj::TargetFramework=net8.0]
E:\vs\Projects\PlatformIndependentNuGetPackages\SunamoFileSystem\SunamoFileSystem\FS.cs(2773,34): warning CS8602: Dereference of a possibly null reference. [E:\vs\Projects\PlatformIndependentNuGetPackages\SunamoFileSystem\SunamoFileSystem\SunamoFileSystem.csproj::TargetFramework=net8.0]
E:\vs\Projects\PlatformIndependentNuGetPackages\SunamoFileSystem\SunamoFileSystem\FS.cs(2885,25): warning CS8602: Dereference of a possibly null reference. [E:\vs\Projects\PlatformIndependentNuGetPackages\SunamoFileSystem\SunamoFileSystem\SunamoFileSystem.csproj::TargetFramework=net8.0]
E:\vs\Projects\PlatformIndependentNuGetPackages\SunamoFileSystem\SunamoFileSystem\FS.cs(2819,26): warning CS0168: The variable 'ex' is declared but never used [E:\vs\Projects\PlatformIndependentNuGetPackages\SunamoFileSystem\SunamoFileSystem\SunamoFileSystem.csproj::TargetFramework=net8.0]
E:\vs\Projects\PlatformIndependentNuGetPackages\SunamoFileSystem\SunamoFileSystem\FS.cs(2836,26): warning CS0168: The variable 'ex' is declared but never used [E:\vs\Projects\PlatformIndependentNuGetPackages\SunamoFileSystem\SunamoFileSystem\SunamoFileSystem.csproj::TargetFramework=net8.0]
E:\vs\Projects\PlatformIndependentNuGetPackages\SunamoFileSystem\SunamoFileSystem\FS.cs(3366,16): warning CS8603: Possible null reference return. [E:\vs\Projects\PlatformIndependentNuGetPackages\SunamoFileSystem\SunamoFileSystem\SunamoFileSystem.csproj::TargetFramework=net8.0]
E:\vs\Projects\PlatformIndependentNuGetPackages\SunamoFileSystem\SunamoFileSystem\FS.cs(3837,52): warning CS8604: Possible null reference argument for parameter 'value' in 'string FS.WithEndSlash(string value)'. [E:\vs\Projects\PlatformIndependentNuGetPackages\SunamoFileSystem\SunamoFileSystem\SunamoFileSystem.csproj::TargetFramework=net8.0]
E:\vs\Projects\PlatformIndependentNuGetPackages\SunamoFileSystem\SunamoFileSystem\FS.cs(4117,28): warning CS8600: Converting null literal or possible null value to non-nullable type. [E:\vs\Projects\PlatformIndependentNuGetPackages\SunamoFileSystem\SunamoFileSystem\SunamoFileSystem.csproj::TargetFramework=net8.0]
E:\vs\Projects\PlatformIndependentNuGetPackages\SunamoFileSystem\SunamoFileSystem\FS.cs(4129,42): warning CS8600: Converting null literal or possible null value to non-nullable type. [E:\vs\Projects\PlatformIndependentNuGetPackages\SunamoFileSystem\SunamoFileSystem\SunamoFileSystem.csproj::TargetFramework=net8.0]
E:\vs\Projects\PlatformIndependentNuGetPackages\SunamoFileSystem\SunamoFileSystem\FS.cs(4122,43): warning CS0168: The variable 'ex' is declared but never used [E:\vs\Projects\PlatformIndependentNuGetPackages\SunamoFileSystem\SunamoFileSystem\SunamoFileSystem.csproj::TargetFramework=net8.0]
E:\vs\Projects\PlatformIndependentNuGetPackages\SunamoFileSystem\SunamoFileSystem\FS.cs(4134,43): warning CS0168: The variable 'ex' is declared but never used [E:\vs\Projects\PlatformIndependentNuGetPackages\SunamoFileSystem\SunamoFileSystem\SunamoFileSystem.csproj::TargetFramework=net8.0]
E:\vs\Projects\PlatformIndependentNuGetPackages\SunamoFileSystem\SunamoFileSystem\FS.cs(4153,16): warning CS8603: Possible null reference return. [E:\vs\Projects\PlatformIndependentNuGetPackages\SunamoFileSystem\SunamoFileSystem\SunamoFileSystem.csproj::TargetFramework=net8.0]
E:\vs\Projects\PlatformIndependentNuGetPackages\SunamoFileSystem\SunamoFileSystem\_sunamo\SunamoArgs\GetFilesEveryFolderArgsFS.cs(20,34): warning CS0649: Field 'GetFilesEveryFolderArgsFS.FilterFoundedFolders' is never assigned to, and will always have its default value null [E:\vs\Projects\PlatformIndependentNuGetPackages\SunamoFileSystem\SunamoFileSystem\SunamoFileSystem.csproj::TargetFramework=net8.0]
E:\vs\Projects\PlatformIndependentNuGetPackages\SunamoFileSystem\SunamoFileSystem\_sunamo\SunamoData\Data\ReplaceInAllFilesArgs.cs(12,19): warning CS0649: Field 'ReplaceInAllFilesArgs.ReplaceWithEmpty' is never assigned to, and will always have its default value false [E:\vs\Projects\PlatformIndependentNuGetPackages\SunamoFileSystem\SunamoFileSystem\SunamoFileSystem.csproj::TargetFramework=net8.0]
E:\vs\Projects\PlatformIndependentNuGetPackages\SunamoFileSystem\SunamoFileSystem\_sunamo\SunamoArgs\GetFilesEveryFolderArgsFS.cs(9,22): warning CS0649: Field 'GetFilesEveryFolderArgsFS.Done' is never assigned to, and will always have its default value null [E:\vs\Projects\PlatformIndependentNuGetPackages\SunamoFileSystem\SunamoFileSystem\SunamoFileSystem.csproj::TargetFramework=net8.0]
E:\vs\Projects\PlatformIndependentNuGetPackages\SunamoFileSystem\SunamoFileSystem\_sunamo\SunamoArgs\GetFilesEveryFolderArgsFS.cs(15,34): warning CS0649: Field 'GetFilesEveryFolderArgsFS.FilterFoundedFiles' is never assigned to, and will always have its default value null [E:\vs\Projects\PlatformIndependentNuGetPackages\SunamoFileSystem\SunamoFileSystem\SunamoFileSystem.csproj::TargetFramework=net8.0]
E:\vs\Projects\PlatformIndependentNuGetPackages\SunamoFileSystem\SunamoFileSystem\_sunamo\SunamoArgs\GetFilesEveryFolderArgsFS.cs(10,22): warning CS0649: Field 'GetFilesEveryFolderArgsFS.DoneOnePercent' is never assigned to, and will always have its default value null [E:\vs\Projects\PlatformIndependentNuGetPackages\SunamoFileSystem\SunamoFileSystem\SunamoFileSystem.csproj::TargetFramework=net8.0]
E:\vs\Projects\PlatformIndependentNuGetPackages\SunamoFileSystem\SunamoFileSystem\_sunamo\SunamoData\Data\ReplaceInAllFilesArgs.cs(11,19): warning CS0649: Field 'ReplaceInAllFilesArgs.PairLinesInFromAndTo' is never assigned to, and will always have its default value false [E:\vs\Projects\PlatformIndependentNuGetPackages\SunamoFileSystem\SunamoFileSystem\SunamoFileSystem.csproj::TargetFramework=net8.0]
E:\vs\Projects\PlatformIndependentNuGetPackages\SunamoFileSystem\SunamoFileSystem\_sunamo\SunamoData\Data\ReplaceInAllFilesArgs.cs(10,19): warning CS0649: Field 'ReplaceInAllFilesArgs.IsNotReplaceInTemporaryFiles' is never assigned to, and will always have its default value false [E:\vs\Projects\PlatformIndependentNuGetPackages\SunamoFileSystem\SunamoFileSystem\SunamoFileSystem.csproj::TargetFramework=net8.0]
E:\vs\Projects\PlatformIndependentNuGetPackages\SunamoFileSystem\SunamoFileSystem\_sunamo\SunamoArgs\GetFilesArgsFS.cs(22,39): warning CS0649: Field 'GetFilesArgsFS.LastModifiedFromFn' is never assigned to, and will always have its default value null [E:\vs\Projects\PlatformIndependentNuGetPackages\SunamoFileSystem\SunamoFileSystem\SunamoFileSystem.csproj::TargetFramework=net8.0]
E:\vs\Projects\PlatformIndependentNuGetPackages\SunamoFileSystem\SunamoFileSystem\_sunamo\SunamoTextOutputGenerator\TextOutputGenerator.cs(11,36): warning CS0414: The field 'TextOutputGenerator.HeadingCharacter' is assigned but its value is never used [E:\vs\Projects\PlatformIndependentNuGetPackages\SunamoFileSystem\SunamoFileSystem\SunamoFileSystem.csproj::TargetFramework=net8.0]
E:\vs\Projects\PlatformIndependentNuGetPackages\SunamoFileSystem\SunamoFileSystem\Enums\ComputerSizeUnits.cs(4,13): warning CS1591: Missing XML comment for publicly visible type or member 'ComputerSizeUnits' [E:\vs\Projects\PlatformIndependentNuGetPackages\SunamoFileSystem\SunamoFileSystem\SunamoFileSystem.csproj::TargetFramework=net8.0]
E:\vs\Projects\PlatformIndependentNuGetPackages\SunamoFileSystem\SunamoFileSystem\Enums\ComputerSizeUnits.cs(6,5): warning CS1591: Missing XML comment for publicly visible type or member 'ComputerSizeUnits.Auto' [E:\vs\Projects\PlatformIndependentNuGetPackages\SunamoFileSystem\SunamoFileSystem\SunamoFileSystem.csproj::TargetFramework=net8.0]
E:\vs\Projects\PlatformIndependentNuGetPackages\SunamoFileSystem\SunamoFileSystem\Enums\ComputerSizeUnits.cs(7,5): warning CS1591: Missing XML comment for publicly visible type or member 'ComputerSizeUnits.B' [E:\vs\Projects\PlatformIndependentNuGetPackages\SunamoFileSystem\SunamoFileSystem\SunamoFileSystem.csproj::TargetFramework=net8.0]
E:\vs\Projects\PlatformIndependentNuGetPackages\SunamoFileSystem\SunamoFileSystem\Enums\ComputerSizeUnits.cs(8,5): warning CS1591: Missing XML comment for publicly visible type or member 'ComputerSizeUnits.KB' [E:\vs\Projects\PlatformIndependentNuGetPackages\SunamoFileSystem\SunamoFileSystem\SunamoFileSystem.csproj::TargetFramework=net8.0]
E:\vs\Projects\PlatformIndependentNuGetPackages\SunamoFileSystem\SunamoFileSystem\Enums\ComputerSizeUnits.cs(9,5): warning CS1591: Missing XML comment for publicly visible type or member 'ComputerSizeUnits.MB' [E:\vs\Projects\PlatformIndependentNuGetPackages\SunamoFileSystem\SunamoFileSystem\SunamoFileSystem.csproj::TargetFramework=net8.0]
E:\vs\Projects\PlatformIndependentNuGetPackages\SunamoFileSystem\SunamoFileSystem\Enums\ComputerSizeUnits.cs(10,5): warning CS1591: Missing XML comment for publicly visible type or member 'ComputerSizeUnits.GB' [E:\vs\Projects\PlatformIndependentNuGetPackages\SunamoFileSystem\SunamoFileSystem\SunamoFileSystem.csproj::TargetFramework=net8.0]
E:\vs\Projects\PlatformIndependentNuGetPackages\SunamoFileSystem\SunamoFileSystem\Enums\ComputerSizeUnits.cs(11,5): warning CS1591: Missing XML comment for publicly visible type or member 'ComputerSizeUnits.TB' [E:\vs\Projects\PlatformIndependentNuGetPackages\SunamoFileSystem\SunamoFileSystem\SunamoFileSystem.csproj::TargetFramework=net8.0]
E:\vs\Projects\PlatformIndependentNuGetPackages\SunamoFileSystem\SunamoFileSystem\Enums\DirectoryMoveCollisionOption.cs(4,13): warning CS1591: Missing XML comment for publicly visible type or member 'DirectoryMoveCollisionOption' [E:\vs\Projects\PlatformIndependentNuGetPackages\SunamoFileSystem\SunamoFileSystem\SunamoFileSystem.csproj::TargetFramework=net8.0]
E:\vs\Projects\PlatformIndependentNuGetPackages\SunamoFileSystem\SunamoFileSystem\Enums\DirectoryMoveCollisionOption.cs(6,5): warning CS1591: Missing XML comment for publicly visible type or member 'DirectoryMoveCollisionOption.AddSerie' [E:\vs\Projects\PlatformIndependentNuGetPackages\SunamoFileSystem\SunamoFileSystem\SunamoFileSystem.csproj::TargetFramework=net8.0]
E:\vs\Projects\PlatformIndependentNuGetPackages\SunamoFileSystem\SunamoFileSystem\Enums\DirectoryMoveCollisionOption.cs(7,5): warning CS1591: Missing XML comment for publicly visible type or member 'DirectoryMoveCollisionOption.Overwrite' [E:\vs\Projects\PlatformIndependentNuGetPackages\SunamoFileSystem\SunamoFileSystem\SunamoFileSystem.csproj::TargetFramework=net8.0]
E:\vs\Projects\PlatformIndependentNuGetPackages\SunamoFileSystem\SunamoFileSystem\Enums\DirectoryMoveCollisionOption.cs(8,5): warning CS1591: Missing XML comment for publicly visible type or member 'DirectoryMoveCollisionOption.DiscardFrom' [E:\vs\Projects\PlatformIndependentNuGetPackages\SunamoFileSystem\SunamoFileSystem\SunamoFileSystem.csproj::TargetFramework=net8.0]
E:\vs\Projects\PlatformIndependentNuGetPackages\SunamoFileSystem\SunamoFileSystem\Enums\DirectoryMoveCollisionOption.cs(9,5): warning CS1591: Missing XML comment for publicly visible type or member 'DirectoryMoveCollisionOption.ThrowEx' [E:\vs\Projects\PlatformIndependentNuGetPackages\SunamoFileSystem\SunamoFileSystem\SunamoFileSystem.csproj::TargetFramework=net8.0]
E:\vs\Projects\PlatformIndependentNuGetPackages\SunamoFileSystem\SunamoFileSystem\Enums\FileMoveCollisionOption.cs(4,13): warning CS1591: Missing XML comment for publicly visible type or member 'FileMoveCollisionOption' [E:\vs\Projects\PlatformIndependentNuGetPackages\SunamoFileSystem\SunamoFileSystem\SunamoFileSystem.csproj::TargetFramework=net8.0]
E:\vs\Projects\PlatformIndependentNuGetPackages\SunamoFileSystem\SunamoFileSystem\Enums\FileMoveCollisionOption.cs(6,5): warning CS1591: Missing XML comment for publicly visible type or member 'FileMoveCollisionOption.AddSerie' [E:\vs\Projects\PlatformIndependentNuGetPackages\SunamoFileSystem\SunamoFileSystem\SunamoFileSystem.csproj::TargetFramework=net8.0]
E:\vs\Projects\PlatformIndependentNuGetPackages\SunamoFileSystem\SunamoFileSystem\Enums\FileMoveCollisionOption.cs(7,5): warning CS1591: Missing XML comment for publicly visible type or member 'FileMoveCollisionOption.AddFileSize' [E:\vs\Projects\PlatformIndependentNuGetPackages\SunamoFileSystem\SunamoFileSystem\SunamoFileSystem.csproj::TargetFramework=net8.0]
E:\vs\Projects\PlatformIndependentNuGetPackages\SunamoFileSystem\SunamoFileSystem\Enums\FileMoveCollisionOption.cs(8,5): warning CS1591: Missing XML comment for publicly visible type or member 'FileMoveCollisionOption.Overwrite' [E:\vs\Projects\PlatformIndependentNuGetPackages\SunamoFileSystem\SunamoFileSystem\SunamoFileSystem.csproj::TargetFramework=net8.0]
E:\vs\Projects\PlatformIndependentNuGetPackages\SunamoFileSystem\SunamoFileSystem\Enums\FileMoveCollisionOption.cs(9,5): warning CS1591: Missing XML comment for publicly visible type or member 'FileMoveCollisionOption.DiscardFrom' [E:\vs\Projects\PlatformIndependentNuGetPackages\SunamoFileSystem\SunamoFileSystem\SunamoFileSystem.csproj::TargetFramework=net8.0]
E:\vs\Projects\PlatformIndependentNuGetPackages\SunamoFileSystem\SunamoFileSystem\Enums\FileMoveCollisionOption.cs(10,5): warning CS1591: Missing XML comment for publicly visible type or member 'FileMoveCollisionOption.LeaveLarger' [E:\vs\Projects\PlatformIndependentNuGetPackages\SunamoFileSystem\SunamoFileSystem\SunamoFileSystem.csproj::TargetFramework=net8.0]
E:\vs\Projects\PlatformIndependentNuGetPackages\SunamoFileSystem\SunamoFileSystem\Enums\FileMoveCollisionOption.cs(11,5): warning CS1591: Missing XML comment for publicly visible type or member 'FileMoveCollisionOption.DontManipulate' [E:\vs\Projects\PlatformIndependentNuGetPackages\SunamoFileSystem\SunamoFileSystem\SunamoFileSystem.csproj::TargetFramework=net8.0]
E:\vs\Projects\PlatformIndependentNuGetPackages\SunamoFileSystem\SunamoFileSystem\Enums\FileMoveCollisionOption.cs(12,5): warning CS1591: Missing XML comment for publicly visible type or member 'FileMoveCollisionOption.ThrowEx' [E:\vs\Projects\PlatformIndependentNuGetPackages\SunamoFileSystem\SunamoFileSystem\SunamoFileSystem.csproj::TargetFramework=net8.0]
E:\vs\Projects\PlatformIndependentNuGetPackages\SunamoFileSystem\SunamoFileSystem\FS.cs(12,25): warning CS1591: Missing XML comment for publicly visible type or member 'FS.DEndsWithReplaceInFile' [E:\vs\Projects\PlatformIndependentNuGetPackages\SunamoFileSystem\SunamoFileSystem\SunamoFileSystem.csproj::TargetFramework=net8.0]
E:\vs\Projects\PlatformIndependentNuGetPackages\SunamoFileSystem\SunamoFileSystem\FS.cs(13,42): warning CS1591: Missing XML comment for publicly visible type or member 'FS.invalidFileNameCharsReadonly' [E:\vs\Projects\PlatformIndependentNuGetPackages\SunamoFileSystem\SunamoFileSystem\SunamoFileSystem.csproj::TargetFramework=net8.0]
E:\vs\Projects\PlatformIndependentNuGetPackages\SunamoFileSystem\SunamoFileSystem\FS.cs(14,44): warning CS1591: Missing XML comment for publicly visible type or member 'FS.invalidFileNameStringsReadonly' [E:\vs\Projects\PlatformIndependentNuGetPackages\SunamoFileSystem\SunamoFileSystem\SunamoFileSystem.csproj::TargetFramework=net8.0]
E:\vs\Projects\PlatformIndependentNuGetPackages\SunamoFileSystem\SunamoFileSystem\FS.cs(15,24): warning CS1591: Missing XML comment for publicly visible type or member 'FS.IsAbsolutePath(string)' [E:\vs\Projects\PlatformIndependentNuGetPackages\SunamoFileSystem\SunamoFileSystem\SunamoFileSystem.csproj::TargetFramework=net8.0]
E:\vs\Projects\PlatformIndependentNuGetPackages\SunamoFileSystem\SunamoFileSystem\FS.cs(35,33): warning CS1591: Missing XML comment for publicly visible type or member 'FS.invalidPathChars' [E:\vs\Projects\PlatformIndependentNuGetPackages\SunamoFileSystem\SunamoFileSystem\SunamoFileSystem.csproj::TargetFramework=net8.0]
E:\vs\Projects\PlatformIndependentNuGetPackages\SunamoFileSystem\SunamoFileSystem\FS.cs(40,30): warning CS1591: Missing XML comment for publicly visible type or member 'FS.InvalidFileNameChars' [E:\vs\Projects\PlatformIndependentNuGetPackages\SunamoFileSystem\SunamoFileSystem\SunamoFileSystem.csproj::TargetFramework=net8.0]
E:\vs\Projects\PlatformIndependentNuGetPackages\SunamoFileSystem\SunamoFileSystem\FS.cs(41,33): warning CS1591: Missing XML comment for publicly visible type or member 'FS.invalidCharsForMapPath' [E:\vs\Projects\PlatformIndependentNuGetPackages\SunamoFileSystem\SunamoFileSystem\SunamoFileSystem.csproj::TargetFramework=net8.0]
E:\vs\Projects\PlatformIndependentNuGetPackages\SunamoFileSystem\SunamoFileSystem\FS.cs(42,33): warning CS1591: Missing XML comment for publicly visible type or member 'FS.invalidFileNameCharsWithoutDelimiterOfFolders' [E:\vs\Projects\PlatformIndependentNuGetPackages\SunamoFileSystem\SunamoFileSystem\SunamoFileSystem.csproj::TargetFramework=net8.0]
E:\vs\Projects\PlatformIndependentNuGetPackages\SunamoFileSystem\SunamoFileSystem\FS.cs(43,26): warning CS1591: Missing XML comment for publicly visible type or member 'FS.ReplaceIncorrectFor' [E:\vs\Projects\PlatformIndependentNuGetPackages\SunamoFileSystem\SunamoFileSystem\SunamoFileSystem.csproj::TargetFramework=net8.0]
E:\vs\Projects\PlatformIndependentNuGetPackages\SunamoFileSystem\SunamoFileSystem\FS.cs(44,35): warning CS1591: Missing XML comment for publicly visible type or member 'FS.DeleteFileMaybeLocked' [E:\vs\Projects\PlatformIndependentNuGetPackages\SunamoFileSystem\SunamoFileSystem\SunamoFileSystem.csproj::TargetFramework=net8.0]
E:\vs\Projects\PlatformIndependentNuGetPackages\SunamoFileSystem\SunamoFileSystem\FS.cs(45,54): warning CS1591: Missing XML comment for publicly visible type or member 'FS.FileUtilWhoIsLocking' [E:\vs\Projects\PlatformIndependentNuGetPackages\SunamoFileSystem\SunamoFileSystem\SunamoFileSystem.csproj::TargetFramework=net8.0]
E:\vs\Projects\PlatformIndependentNuGetPackages\SunamoFileSystem\SunamoFileSystem\FS.cs(74,24): warning CS1591: Missing XML comment for publicly visible type or member 'FS.ExistsDirectory(string)' [E:\vs\Projects\PlatformIndependentNuGetPackages\SunamoFileSystem\SunamoFileSystem\SunamoFileSystem.csproj::TargetFramework=net8.0]
E:\vs\Projects\PlatformIndependentNuGetPackages\SunamoFileSystem\SunamoFileSystem\FS.cs(106,22): warning CS1572: XML comment has a param tag for 'v', but there is no parameter by that name [E:\vs\Projects\PlatformIndependentNuGetPackages\SunamoFileSystem\SunamoFileSystem\SunamoFileSystem.csproj::TargetFramework=net8.0]
E:\vs\Projects\PlatformIndependentNuGetPackages\SunamoFileSystem\SunamoFileSystem\FS.cs(107,47): warning CS1573: Parameter 'value' has no matching param tag in the XML comment for 'FS.CreateDirectory(string)' (but other parameters do) [E:\vs\Projects\PlatformIndependentNuGetPackages\SunamoFileSystem\SunamoFileSystem\SunamoFileSystem.csproj::TargetFramework=net8.0]
E:\vs\Projects\PlatformIndependentNuGetPackages\SunamoFileSystem\SunamoFileSystem\FS.cs(117,24): warning CS1591: Missing XML comment for publicly visible type or member 'FS.CreateDirectoryIfNotExists(string)' [E:\vs\Projects\PlatformIndependentNuGetPackages\SunamoFileSystem\SunamoFileSystem\SunamoFileSystem.csproj::TargetFramework=net8.0]
E:\vs\Projects\PlatformIndependentNuGetPackages\SunamoFileSystem\SunamoFileSystem\FS.cs(122,26): warning CS1591: Missing XML comment for publicly visible type or member 'FS.WithEndSlash(string)' [E:\vs\Projects\PlatformIndependentNuGetPackages\SunamoFileSystem\SunamoFileSystem\SunamoFileSystem.csproj::TargetFramework=net8.0]
E:\vs\Projects\PlatformIndependentNuGetPackages\SunamoFileSystem\SunamoFileSystem\FS.cs(129,22): warning CS1572: XML comment has a param tag for 'v', but there is no parameter by that name [E:\vs\Projects\PlatformIndependentNuGetPackages\SunamoFileSystem\SunamoFileSystem\SunamoFileSystem.csproj::TargetFramework=net8.0]
E:\vs\Projects\PlatformIndependentNuGetPackages\SunamoFileSystem\SunamoFileSystem\FS.cs(131,50): warning CS1573: Parameter 'value' has no matching param tag in the XML comment for 'FS.WithEndSlash(ref string)' (but other parameters do) [E:\vs\Projects\PlatformIndependentNuGetPackages\SunamoFileSystem\SunamoFileSystem\SunamoFileSystem.csproj::TargetFramework=net8.0]
E:\vs\Projects\PlatformIndependentNuGetPackages\SunamoFileSystem\SunamoFileSystem\FS.cs(137,32): warning CS1591: Missing XML comment for publicly visible type or member 'FS.FoldersWithSubfolder(string, string)' [E:\vs\Projects\PlatformIndependentNuGetPackages\SunamoFileSystem\SunamoFileSystem\SunamoFileSystem.csproj::TargetFramework=net8.0]
E:\vs\Projects\PlatformIndependentNuGetPackages\SunamoFileSystem\SunamoFileSystem\FS.cs(166,24): warning CS1591: Missing XML comment for publicly visible type or member 'FS.TryDeleteFile(string)' [E:\vs\Projects\PlatformIndependentNuGetPackages\SunamoFileSystem\SunamoFileSystem\SunamoFileSystem.csproj::TargetFramework=net8.0]
E:\vs\Projects\PlatformIndependentNuGetPackages\SunamoFileSystem\SunamoFileSystem\FS.cs(197,30): warning CS1591: Missing XML comment for publicly visible type or member 'FS.CreateFileIfDoesntExists(string)' [E:\vs\Projects\PlatformIndependentNuGetPackages\SunamoFileSystem\SunamoFileSystem\SunamoFileSystem.csproj::TargetFramework=net8.0]
E:\vs\Projects\PlatformIndependentNuGetPackages\SunamoFileSystem\SunamoFileSystem\FS.cs(212,26): warning CS1591: Missing XML comment for publicly visible type or member 'FS.InsertBetweenFileNameAndExtension(string, string)' [E:\vs\Projects\PlatformIndependentNuGetPackages\SunamoFileSystem\SunamoFileSystem\SunamoFileSystem.csproj::TargetFramework=net8.0]
E:\vs\Projects\PlatformIndependentNuGetPackages\SunamoFileSystem\SunamoFileSystem\FS.cs(242,5): warning CS1587: XML comment is not placed on a valid language element [E:\vs\Projects\PlatformIndependentNuGetPackages\SunamoFileSystem\SunamoFileSystem\SunamoFileSystem.csproj::TargetFramework=net8.0]
E:\vs\Projects\PlatformIndependentNuGetPackages\SunamoFileSystem\SunamoFileSystem\FS.cs(288,24): warning CS1591: Missing XML comment for publicly visible type or member 'FS.IsExtension(string)' [E:\vs\Projects\PlatformIndependentNuGetPackages\SunamoFileSystem\SunamoFileSystem\SunamoFileSystem.csproj::TargetFramework=net8.0]
E:\vs\Projects\PlatformIndependentNuGetPackages\SunamoFileSystem\SunamoFileSystem\FS.cs(303,24): warning CS1591: Missing XML comment for publicly visible type or member 'FS.ExistsFile(string)' [E:\vs\Projects\PlatformIndependentNuGetPackages\SunamoFileSystem\SunamoFileSystem\SunamoFileSystem.csproj::TargetFramework=net8.0]
E:\vs\Projects\PlatformIndependentNuGetPackages\SunamoFileSystem\SunamoFileSystem\FS.cs(307,24): warning CS1591: Missing XML comment for publicly visible type or member 'FS.MoveSubfoldersToFolder(ILogger, List<string>, string, string, FileMoveCollisionOption)' [E:\vs\Projects\PlatformIndependentNuGetPackages\SunamoFileSystem\SunamoFileSystem\SunamoFileSystem.csproj::TargetFramework=net8.0]
E:\vs\Projects\PlatformIndependentNuGetPackages\SunamoFileSystem\SunamoFileSystem\FS.cs(317,24): warning CS1591: Missing XML comment for publicly visible type or member 'FS.TrimBasePathAndTrailingBs(List<string>, string)' [E:\vs\Projects\PlatformIndependentNuGetPackages\SunamoFileSystem\SunamoFileSystem\SunamoFileSystem.csproj::TargetFramework=net8.0]
E:\vs\Projects\PlatformIndependentNuGetPackages\SunamoFileSystem\SunamoFileSystem\FS.cs(325,26): warning CS1591: Missing XML comment for publicly visible type or member 'FS.GetFileNameWithoutOneExtension(string)' [E:\vs\Projects\PlatformIndependentNuGetPackages\SunamoFileSystem\SunamoFileSystem\SunamoFileSystem.csproj::TargetFramework=net8.0]
E:\vs\Projects\PlatformIndependentNuGetPackages\SunamoFileSystem\SunamoFileSystem\FS.cs(329,26): warning CS1591: Missing XML comment for publicly visible type or member 'FS.GetActualDateTime()' [E:\vs\Projects\PlatformIndependentNuGetPackages\SunamoFileSystem\SunamoFileSystem\SunamoFileSystem.csproj::TargetFramework=net8.0]
E:\vs\Projects\PlatformIndependentNuGetPackages\SunamoFileSystem\SunamoFileSystem\FS.cs(340,9): warning CS1591: Missing XML comment for publicly visible type or member 'FS.KeepOnlyWhichIsNotInFiles(List<string>, List<string>)' [E:\vs\Projects\PlatformIndependentNuGetPackages\SunamoFileSystem\SunamoFileSystem\SunamoFileSystem.csproj::TargetFramework=net8.0]
E:\vs\Projects\PlatformIndependentNuGetPackages\SunamoFileSystem\SunamoFileSystem\FS.cs(403,32): warning CS1591: Missing XML comment for publicly visible type or member 'FS.FilterInRootAndInSubFolder(string, List<string>)' [E:\vs\Projects\PlatformIndependentNuGetPackages\SunamoFileSystem\SunamoFileSystem\SunamoFileSystem.csproj::TargetFramework=net8.0]
E:\vs\Projects\PlatformIndependentNuGetPackages\SunamoFileSystem\SunamoFileSystem\FS.cs(419,24): warning CS1591: Missing XML comment for publicly visible type or member 'FS.OnlyNames(List<string>)' [E:\vs\Projects\PlatformIndependentNuGetPackages\SunamoFileSystem\SunamoFileSystem\SunamoFileSystem.csproj::TargetFramework=net8.0]
E:\vs\Projects\PlatformIndependentNuGetPackages\SunamoFileSystem\SunamoFileSystem\FS.cs(423,32): warning CS1591: Missing XML comment for publicly visible type or member 'FS.FilesWhichContainsAll(object, string, params string[])' [E:\vs\Projects\PlatformIndependentNuGetPackages\SunamoFileSystem\SunamoFileSystem\SunamoFileSystem.csproj::TargetFramework=net8.0]
E:\vs\Projects\PlatformIndependentNuGetPackages\SunamoFileSystem\SunamoFileSystem\FS.cs(427,26): warning CS1591: Missing XML comment for publicly visible type or member 'FS.PathSpecialAndLevel(string, string, int)' [E:\vs\Projects\PlatformIndependentNuGetPackages\SunamoFileSystem\SunamoFileSystem\SunamoFileSystem.csproj::TargetFramework=net8.0]
E:\vs\Projects\PlatformIndependentNuGetPackages\SunamoFileSystem\SunamoFileSystem\FS.cs(449,26): warning CS1591: Missing XML comment for publicly visible type or member 'FS.GetDirectoryNameIfIsFile(string)' [E:\vs\Projects\PlatformIndependentNuGetPackages\SunamoFileSystem\SunamoFileSystem\SunamoFileSystem.csproj::TargetFramework=net8.0]
E:\vs\Projects\PlatformIndependentNuGetPackages\SunamoFileSystem\SunamoFileSystem\FS.cs(454,26): warning CS1591: Missing XML comment for publicly visible type or member 'FS.MaskFromExtensions(List<string>)' [E:\vs\Projects\PlatformIndependentNuGetPackages\SunamoFileSystem\SunamoFileSystem\SunamoFileSystem.csproj::TargetFramework=net8.0]
E:\vs\Projects\PlatformIndependentNuGetPackages\SunamoFileSystem\SunamoFileSystem\FS.cs(538,52): warning CS1573: Parameter 'logger' has no matching param tag in the XML comment for 'FS.CopyMoveFilesInList(ILogger, List<string>, string, string, List<string>, bool, bool, Dictionary<string, List<string>>, bool)' (but other parameters do) [E:\vs\Projects\PlatformIndependentNuGetPackages\SunamoFileSystem\SunamoFileSystem\SunamoFileSystem.csproj::TargetFramework=net8.0]
E:\vs\Projects\PlatformIndependentNuGetPackages\SunamoFileSystem\SunamoFileSystem\FS.cs(539,110): warning CS1573: Parameter 'files' has no matching param tag in the XML comment for 'FS.CopyMoveFilesInList(ILogger, List<string>, string, string, List<string>, bool, bool, Dictionary<string, List<string>>, bool)' (but other parameters do) [E:\vs\Projects\PlatformIndependentNuGetPackages\SunamoFileSystem\SunamoFileSystem\SunamoFileSystem.csproj::TargetFramework=net8.0]
E:\vs\Projects\PlatformIndependentNuGetPackages\SunamoFileSystem\SunamoFileSystem\FS.cs(540,14): warning CS1573: Parameter 'overwrite' has no matching param tag in the XML comment for 'FS.CopyMoveFilesInList(ILogger, List<string>, string, string, List<string>, bool, bool, Dictionary<string, List<string>>, bool)' (but other parameters do) [E:\vs\Projects\PlatformIndependentNuGetPackages\SunamoFileSystem\SunamoFileSystem\SunamoFileSystem.csproj::TargetFramework=net8.0]
E:\vs\Projects\PlatformIndependentNuGetPackages\SunamoFileSystem\SunamoFileSystem\FS.cs(577,24): warning CS1591: Missing XML comment for publicly visible type or member 'FS.CopyMoveFilesInListSimple(ILogger, List<string>, string, string, bool, bool)' [E:\vs\Projects\PlatformIndependentNuGetPackages\SunamoFileSystem\SunamoFileSystem\SunamoFileSystem.csproj::TargetFramework=net8.0]
E:\vs\Projects\PlatformIndependentNuGetPackages\SunamoFileSystem\SunamoFileSystem\FS.cs(585,24): warning CS1591: Missing XML comment for publicly visible type or member 'FS.CreateInOtherLocationSameFolderStructure(string, string)' [E:\vs\Projects\PlatformIndependentNuGetPackages\SunamoFileSystem\SunamoFileSystem\SunamoFileSystem.csproj::TargetFramework=net8.0]
E:\vs\Projects\PlatformIndependentNuGetPackages\SunamoFileSystem\SunamoFileSystem\FS.cs(602,65): warning CS1573: Parameter 'logger' has no matching param tag in the XML comment for 'FS.CopyMoveFromMultiLocationIntoOne(ILogger, List<string>, string, string)' (but other parameters do) [E:\vs\Projects\PlatformIndependentNuGetPackages\SunamoFileSystem\SunamoFileSystem\SunamoFileSystem.csproj::TargetFramework=net8.0]
E:\vs\Projects\PlatformIndependentNuGetPackages\SunamoFileSystem\SunamoFileSystem\FS.cs(683,22): warning CS1572: XML comment has a param tag for 'v', but there is no parameter by that name [E:\vs\Projects\PlatformIndependentNuGetPackages\SunamoFileSystem\SunamoFileSystem\SunamoFileSystem.csproj::TargetFramework=net8.0]
E:\vs\Projects\PlatformIndependentNuGetPackages\SunamoFileSystem\SunamoFileSystem\FS.cs(698,54): warning CS1573: Parameter 'so' has no matching param tag in the XML comment for 'FS.DeleteEmptyFiles(string, SearchOption)' (but other parameters do) [E:\vs\Projects\PlatformIndependentNuGetPackages\SunamoFileSystem\SunamoFileSystem\SunamoFileSystem.csproj::TargetFramework=net8.0]
E:\vs\Projects\PlatformIndependentNuGetPackages\SunamoFileSystem\SunamoFileSystem\FS.cs(759,30): warning CS1591: Missing XML comment for publicly visible type or member 'FS.ReplaceInAllFiles(string, string, ReplaceInAllFilesArgsBase, Func<string, bool>)' [E:\vs\Projects\PlatformIndependentNuGetPackages\SunamoFileSystem\SunamoFileSystem\SunamoFileSystem.csproj::TargetFramework=net8.0]
E:\vs\Projects\PlatformIndependentNuGetPackages\SunamoFileSystem\SunamoFileSystem\FS.cs(769,30): warning CS1591: Missing XML comment for publicly visible type or member 'FS.ReplaceInAllFiles(string, string, List<string>, List<string>, bool, Func<string, bool>)' [E:\vs\Projects\PlatformIndependentNuGetPackages\SunamoFileSystem\SunamoFileSystem\SunamoFileSystem.csproj::TargetFramework=net8.0]
E:\vs\Projects\PlatformIndependentNuGetPackages\SunamoFileSystem\SunamoFileSystem\FS.cs(788,22): warning CS1572: XML comment has a param tag for 'files', but there is no parameter by that name [E:\vs\Projects\PlatformIndependentNuGetPackages\SunamoFileSystem\SunamoFileSystem\SunamoFileSystem.csproj::TargetFramework=net8.0]
E:\vs\Projects\PlatformIndependentNuGetPackages\SunamoFileSystem\SunamoFileSystem\FS.cs(789,22): warning CS1572: XML comment has a param tag for 'dontReplaceAll', but there is no parameter by that name [E:\vs\Projects\PlatformIndependentNuGetPackages\SunamoFileSystem\SunamoFileSystem\SunamoFileSystem.csproj::TargetFramework=net8.0]
E:\vs\Projects\PlatformIndependentNuGetPackages\SunamoFileSystem\SunamoFileSystem\FS.cs(796,105): warning CS1573: Parameter 'args' has no matching param tag in the XML comment for 'FS.ReplaceInAllFiles(IList<string>, IList<string>, ReplaceInAllFilesArgsBase, Func<string, bool>)' (but other parameters do) [E:\vs\Projects\PlatformIndependentNuGetPackages\SunamoFileSystem\SunamoFileSystem\SunamoFileSystem.csproj::TargetFramework=net8.0]
E:\vs\Projects\PlatformIndependentNuGetPackages\SunamoFileSystem\SunamoFileSystem\FS.cs(797,32): warning CS1573: Parameter 'EncodingHelperIsBinary' has no matching param tag in the XML comment for 'FS.ReplaceInAllFiles(IList<string>, IList<string>, ReplaceInAllFilesArgsBase, Func<string, bool>)' (but other parameters do) [E:\vs\Projects\PlatformIndependentNuGetPackages\SunamoFileSystem\SunamoFileSystem\SunamoFileSystem.csproj::TargetFramework=net8.0]
E:\vs\Projects\PlatformIndependentNuGetPackages\SunamoFileSystem\SunamoFileSystem\FS.cs(857,22): warning CS1572: XML comment has a param tag for 'v', but there is no parameter by that name [E:\vs\Projects\PlatformIndependentNuGetPackages\SunamoFileSystem\SunamoFileSystem\SunamoFileSystem.csproj::TargetFramework=net8.0]
E:\vs\Projects\PlatformIndependentNuGetPackages\SunamoFileSystem\SunamoFileSystem\FS.cs(858,54): warning CS1573: Parameter 'value' has no matching param tag in the XML comment for 'FS.GetFileInStartupPath(string)' (but other parameters do) [E:\vs\Projects\PlatformIndependentNuGetPackages\SunamoFileSystem\SunamoFileSystem\SunamoFileSystem.csproj::TargetFramework=net8.0]
E:\vs\Projects\PlatformIndependentNuGetPackages\SunamoFileSystem\SunamoFileSystem\FS.cs(868,9): warning CS1591: Missing XML comment for publicly visible type or member 'FS.RemoveDiacriticInFileContents(string, string)' [E:\vs\Projects\PlatformIndependentNuGetPackages\SunamoFileSystem\SunamoFileSystem\SunamoFileSystem.csproj::TargetFramework=net8.0]
E:\vs\Projects\PlatformIndependentNuGetPackages\SunamoFileSystem\SunamoFileSystem\FS.cs(901,26): warning CS1591: Missing XML comment for publicly visible type or member 'FS.RemoveFile(string)' [E:\vs\Projects\PlatformIndependentNuGetPackages\SunamoFileSystem\SunamoFileSystem\SunamoFileSystem.csproj::TargetFramework=net8.0]
E:\vs\Projects\PlatformIndependentNuGetPackages\SunamoFileSystem\SunamoFileSystem\FS.cs(910,26): warning CS1591: Missing XML comment for publicly visible type or member 'FS.MakeFromLastPartFile(string, string)' [E:\vs\Projects\PlatformIndependentNuGetPackages\SunamoFileSystem\SunamoFileSystem\SunamoFileSystem.csproj::TargetFramework=net8.0]
E:\vs\Projects\PlatformIndependentNuGetPackages\SunamoFileSystem\SunamoFileSystem\FS.cs(924,24): warning CS1591: Missing XML comment for publicly visible type or member 'FS.CopyAs0KbFilesSubfolders(string, string)' [E:\vs\Projects\PlatformIndependentNuGetPackages\SunamoFileSystem\SunamoFileSystem\SunamoFileSystem.csproj::TargetFramework=net8.0]
E:\vs\Projects\PlatformIndependentNuGetPackages\SunamoFileSystem\SunamoFileSystem\FS.cs(932,24): warning CS1591: Missing XML comment for publicly visible type or member 'FS.CopyAs0KbFiles(string, string)' [E:\vs\Projects\PlatformIndependentNuGetPackages\SunamoFileSystem\SunamoFileSystem\SunamoFileSystem.csproj::TargetFramework=net8.0]
E:\vs\Projects\PlatformIndependentNuGetPackages\SunamoFileSystem\SunamoFileSystem\FS.cs(944,26): warning CS1591: Missing XML comment for publicly visible type or member 'FS.ShrinkLongPath(string)' [E:\vs\Projects\PlatformIndependentNuGetPackages\SunamoFileSystem\SunamoFileSystem\SunamoFileSystem.csproj::TargetFramework=net8.0]
E:\vs\Projects\PlatformIndependentNuGetPackages\SunamoFileSystem\SunamoFileSystem\FS.cs(954,26): warning CS1591: Missing XML comment for publicly visible type or member 'FS.CreateNewFolderPathWithEndingNextTo(string, string)' [E:\vs\Projects\PlatformIndependentNuGetPackages\SunamoFileSystem\SunamoFileSystem\SunamoFileSystem.csproj::TargetFramework=net8.0]
E:\vs\Projects\PlatformIndependentNuGetPackages\SunamoFileSystem\SunamoFileSystem\FS.cs(962,24): warning CS1591: Missing XML comment for publicly visible type or member 'FS.CopyFilesOfExtensions(string, string, params string[])' [E:\vs\Projects\PlatformIndependentNuGetPackages\SunamoFileSystem\SunamoFileSystem\SunamoFileSystem.csproj::TargetFramework=net8.0]
E:\vs\Projects\PlatformIndependentNuGetPackages\SunamoFileSystem\SunamoFileSystem\FS.cs(1033,26): warning CS1591: Missing XML comment for publicly visible type or member 'FS.GetUpFolderWhichContainsExtension(string, string)' [E:\vs\Projects\PlatformIndependentNuGetPackages\SunamoFileSystem\SunamoFileSystem\SunamoFileSystem.csproj::TargetFramework=net8.0]
E:\vs\Projects\PlatformIndependentNuGetPackages\SunamoFileSystem\SunamoFileSystem\FS.cs(1042,24): warning CS1591: Missing XML comment for publicly visible type or member 'FS.TrimContentInFilesOfFolder(string, string, SearchOption)' [E:\vs\Projects\PlatformIndependentNuGetPackages\SunamoFileSystem\SunamoFileSystem\SunamoFileSystem.csproj::TargetFramework=net8.0]
E:\vs\Projects\PlatformIndependentNuGetPackages\SunamoFileSystem\SunamoFileSystem\FS.cs(1073,24): warning CS1591: Missing XML comment for publicly visible type or member 'FS.GetSizeIn(long, ComputerSizeUnits, ComputerSizeUnits)' [E:\vs\Projects\PlatformIndependentNuGetPackages\SunamoFileSystem\SunamoFileSystem\SunamoFileSystem.csproj::TargetFramework=net8.0]
E:\vs\Projects\PlatformIndependentNuGetPackages\SunamoFileSystem\SunamoFileSystem\FS.cs(1125,23): warning CS1591: Missing XML comment for publicly visible type or member 'FS.CompareTWithInt<T>(TWithInt<T>, TWithInt<T>)' [E:\vs\Projects\PlatformIndependentNuGetPackages\SunamoFileSystem\SunamoFileSystem\SunamoFileSystem.csproj::TargetFramework=net8.0]
E:\vs\Projects\PlatformIndependentNuGetPackages\SunamoFileSystem\SunamoFileSystem\FS.cs(1132,42): warning CS1591: Missing XML comment for publicly visible type or member 'FS.DirectoriesWithToken(string, AscDesc)' [E:\vs\Projects\PlatformIndependentNuGetPackages\SunamoFileSystem\SunamoFileSystem\SunamoFileSystem.csproj::TargetFramework=net8.0]
E:\vs\Projects\PlatformIndependentNuGetPackages\SunamoFileSystem\SunamoFileSystem\FS.cs(1238,24): warning CS1591: Missing XML comment for publicly visible type or member 'FS.MoveAllFilesRecursively(ILogger, string, string, FileMoveCollisionOption, string)' [E:\vs\Projects\PlatformIndependentNuGetPackages\SunamoFileSystem\SunamoFileSystem\SunamoFileSystem.csproj::TargetFramework=net8.0]
E:\vs\Projects\PlatformIndependentNuGetPackages\SunamoFileSystem\SunamoFileSystem\FS.cs(1327,52): warning CS1591: Missing XML comment for publicly visible type or member 'FS.SortPathsByFileName(List<string>, bool)' [E:\vs\Projects\PlatformIndependentNuGetPackages\SunamoFileSystem\SunamoFileSystem\SunamoFileSystem.csproj::TargetFramework=net8.0]
E:\vs\Projects\PlatformIndependentNuGetPackages\SunamoFileSystem\SunamoFileSystem\FS.cs(1342,24): warning CS1591: Missing XML comment for publicly visible type or member 'FS.DeleteAllRecursively(string, bool)' [E:\vs\Projects\PlatformIndependentNuGetPackages\SunamoFileSystem\SunamoFileSystem\SunamoFileSystem.csproj::TargetFramework=net8.0]
E:\vs\Projects\PlatformIndependentNuGetPackages\SunamoFileSystem\SunamoFileSystem\FS.cs(1355,24): warning CS1591: Missing XML comment for publicly visible type or member 'FS.DeleteFoldersWhichNotContains(string, string, IList<string>)' [E:\vs\Projects\PlatformIndependentNuGetPackages\SunamoFileSystem\SunamoFileSystem\SunamoFileSystem.csproj::TargetFramework=net8.0]
E:\vs\Projects\PlatformIndependentNuGetPackages\SunamoFileSystem\SunamoFileSystem\FS.cs(1378,32): warning CS1591: Missing XML comment for publicly visible type or member 'FS.OnlyExtensions(List<string>)' [E:\vs\Projects\PlatformIndependentNuGetPackages\SunamoFileSystem\SunamoFileSystem\SunamoFileSystem.csproj::TargetFramework=net8.0]
E:\vs\Projects\PlatformIndependentNuGetPackages\SunamoFileSystem\SunamoFileSystem\FS.cs(1409,32): warning CS1591: Missing XML comment for publicly visible type or member 'FS.OnlyExtensionsToLower(List<string>, GetExtensionArgs)' [E:\vs\Projects\PlatformIndependentNuGetPackages\SunamoFileSystem\SunamoFileSystem\SunamoFileSystem.csproj::TargetFramework=net8.0]
E:\vs\Projects\PlatformIndependentNuGetPackages\SunamoFileSystem\SunamoFileSystem\FS.cs(1419,32): warning CS1591: Missing XML comment for publicly visible type or member 'FS.OnlyExtensionsToLowerWithPath(List<string>)' [E:\vs\Projects\PlatformIndependentNuGetPackages\SunamoFileSystem\SunamoFileSystem\SunamoFileSystem.csproj::TargetFramework=net8.0]
E:\vs\Projects\PlatformIndependentNuGetPackages\SunamoFileSystem\SunamoFileSystem\FS.cs(1426,26): warning CS1591: Missing XML comment for publicly visible type or member 'FS.OnlyExtensionToLowerWithPath(string)' [E:\vs\Projects\PlatformIndependentNuGetPackages\SunamoFileSystem\SunamoFileSystem\SunamoFileSystem.csproj::TargetFramework=net8.0]
E:\vs\Projects\PlatformIndependentNuGetPackages\SunamoFileSystem\SunamoFileSystem\FS.cs(1433,32): warning CS1591: Missing XML comment for publicly visible type or member 'FS.AllExtensionsInFolders(SearchOption, params string[])' [E:\vs\Projects\PlatformIndependentNuGetPackages\SunamoFileSystem\SunamoFileSystem\SunamoFileSystem.csproj::TargetFramework=net8.0]
E:\vs\Projects\PlatformIndependentNuGetPackages\SunamoFileSystem\SunamoFileSystem\FS.cs(1442,22): warning CS1572: XML comment has a param tag for 'so', but there is no parameter by that name [E:\vs\Projects\PlatformIndependentNuGetPackages\SunamoFileSystem\SunamoFileSystem\SunamoFileSystem.csproj::TargetFramework=net8.0]
E:\vs\Projects\PlatformIndependentNuGetPackages\SunamoFileSystem\SunamoFileSystem\FS.cs(1443,22): warning CS1572: XML comment has a param tag for 'folders', but there is no parameter by that name [E:\vs\Projects\PlatformIndependentNuGetPackages\SunamoFileSystem\SunamoFileSystem\SunamoFileSystem.csproj::TargetFramework=net8.0]
E:\vs\Projects\PlatformIndependentNuGetPackages\SunamoFileSystem\SunamoFileSystem\FS.cs(1444,68): warning CS1573: Parameter 'filesFull' has no matching param tag in the XML comment for 'FS.AllExtensionsInFolders(List<string>, GetExtensionArgs)' (but other parameters do) [E:\vs\Projects\PlatformIndependentNuGetPackages\SunamoFileSystem\SunamoFileSystem\SunamoFileSystem.csproj::TargetFramework=net8.0]
E:\vs\Projects\PlatformIndependentNuGetPackages\SunamoFileSystem\SunamoFileSystem\FS.cs(1444,96): warning CS1573: Parameter 'args' has no matching param tag in the XML comment for 'FS.AllExtensionsInFolders(List<string>, GetExtensionArgs)' (but other parameters do) [E:\vs\Projects\PlatformIndependentNuGetPackages\SunamoFileSystem\SunamoFileSystem\SunamoFileSystem.csproj::TargetFramework=net8.0]
E:\vs\Projects\PlatformIndependentNuGetPackages\SunamoFileSystem\SunamoFileSystem\FS.cs(1462,26): warning CS1591: Missing XML comment for publicly visible type or member 'FS.ExpandEnvironmentVariables(EnvironmentVariables)' [E:\vs\Projects\PlatformIndependentNuGetPackages\SunamoFileSystem\SunamoFileSystem\SunamoFileSystem.csproj::TargetFramework=net8.0]
E:\vs\Projects\PlatformIndependentNuGetPackages\SunamoFileSystem\SunamoFileSystem\FS.cs(1474,26): warning CS1591: Missing XML comment for publicly visible type or member 'FS.AddUpfoldersToRelativePath(int, string, char)' [E:\vs\Projects\PlatformIndependentNuGetPackages\SunamoFileSystem\SunamoFileSystem\SunamoFileSystem.csproj::TargetFramework=net8.0]
E:\vs\Projects\PlatformIndependentNuGetPackages\SunamoFileSystem\SunamoFileSystem\FS.cs(1486,22): warning CS1572: XML comment has a param tag for 'item', but there is no parameter by that name [E:\vs\Projects\PlatformIndependentNuGetPackages\SunamoFileSystem\SunamoFileSystem\SunamoFileSystem.csproj::TargetFramework=net8.0]
E:\vs\Projects\PlatformIndependentNuGetPackages\SunamoFileSystem\SunamoFileSystem\FS.cs(1488,52): warning CS1573: Parameter 'extension' has no matching param tag in the XML comment for 'FS.NormalizeExtension(string)' (but other parameters do) [E:\vs\Projects\PlatformIndependentNuGetPackages\SunamoFileSystem\SunamoFileSystem\SunamoFileSystem.csproj::TargetFramework=net8.0]
E:\vs\Projects\PlatformIndependentNuGetPackages\SunamoFileSystem\SunamoFileSystem\FS.cs(1492,26): warning CS1591: Missing XML comment for publicly visible type or member 'FS.GetNormalizedExtension(string)' [E:\vs\Projects\PlatformIndependentNuGetPackages\SunamoFileSystem\SunamoFileSystem\SunamoFileSystem.csproj::TargetFramework=net8.0]
E:\vs\Projects\PlatformIndependentNuGetPackages\SunamoFileSystem\SunamoFileSystem\FS.cs(1496,24): warning CS1591: Missing XML comment for publicly visible type or member 'FS.ModifiedinUnix(string)' [E:\vs\Projects\PlatformIndependentNuGetPackages\SunamoFileSystem\SunamoFileSystem\SunamoFileSystem.csproj::TargetFramework=net8.0]
E:\vs\Projects\PlatformIndependentNuGetPackages\SunamoFileSystem\SunamoFileSystem\FS.cs(1500,24): warning CS1591: Missing XML comment for publicly visible type or member 'FS.ReplaceDiacriticRecursive(ILogger, string, bool, bool, DirectoryMoveCollisionOption, FileMoveCollisionOption)' [E:\vs\Projects\PlatformIndependentNuGetPackages\SunamoFileSystem\SunamoFileSystem\SunamoFileSystem.csproj::TargetFramework=net8.0]
E:\vs\Projects\PlatformIndependentNuGetPackages\SunamoFileSystem\SunamoFileSystem\FS.cs(1540,43): warning CS1573: Parameter 'logger' has no matching param tag in the XML comment for 'FS.RenameFile(ILogger, string, string, FileMoveCollisionOption)' (but other parameters do) [E:\vs\Projects\PlatformIndependentNuGetPackages\SunamoFileSystem\SunamoFileSystem\SunamoFileSystem.csproj::TargetFramework=net8.0]
E:\vs\Projects\PlatformIndependentNuGetPackages\SunamoFileSystem\SunamoFileSystem\FS.cs(1551,50): warning CS1573: Parameter 'logger' has no matching param tag in the XML comment for 'FS.RenameDirectory(ILogger, string, string, DirectoryMoveCollisionOption, FileMoveCollisionOption)' (but other parameters do) [E:\vs\Projects\PlatformIndependentNuGetPackages\SunamoFileSystem\SunamoFileSystem\SunamoFileSystem.csproj::TargetFramework=net8.0]
E:\vs\Projects\PlatformIndependentNuGetPackages\SunamoFileSystem\SunamoFileSystem\FS.cs(1551,116): warning CS1573: Parameter 'directoryCollisionOption' has no matching param tag in the XML comment for 'FS.RenameDirectory(ILogger, string, string, DirectoryMoveCollisionOption, FileMoveCollisionOption)' (but other parameters do) [E:\vs\Projects\PlatformIndependentNuGetPackages\SunamoFileSystem\SunamoFileSystem\SunamoFileSystem.csproj::TargetFramework=net8.0]
E:\vs\Projects\PlatformIndependentNuGetPackages\SunamoFileSystem\SunamoFileSystem\FS.cs(1552,33): warning CS1573: Parameter 'fileCollisionOption' has no matching param tag in the XML comment for 'FS.RenameDirectory(ILogger, string, string, DirectoryMoveCollisionOption, FileMoveCollisionOption)' (but other parameters do) [E:\vs\Projects\PlatformIndependentNuGetPackages\SunamoFileSystem\SunamoFileSystem\SunamoFileSystem.csproj::TargetFramework=net8.0]
E:\vs\Projects\PlatformIndependentNuGetPackages\SunamoFileSystem\SunamoFileSystem\FS.cs(1572,22): warning CS1572: XML comment has a param tag for 'fn', but there is no parameter by that name [E:\vs\Projects\PlatformIndependentNuGetPackages\SunamoFileSystem\SunamoFileSystem\SunamoFileSystem.csproj::TargetFramework=net8.0]
E:\vs\Projects\PlatformIndependentNuGetPackages\SunamoFileSystem\SunamoFileSystem\FS.cs(1573,22): warning CS1572: XML comment has a param tag for 'path', but there is no parameter by that name [E:\vs\Projects\PlatformIndependentNuGetPackages\SunamoFileSystem\SunamoFileSystem\SunamoFileSystem.csproj::TargetFramework=net8.0]
E:\vs\Projects\PlatformIndependentNuGetPackages\SunamoFileSystem\SunamoFileSystem\FS.cs(1576,71): warning CS1573: Parameter 'filePath' has no matching param tag in the XML comment for 'FS.GetFileNameWithoutExtensionAndExtension(string, out string, out string)' (but other parameters do) [E:\vs\Projects\PlatformIndependentNuGetPackages\SunamoFileSystem\SunamoFileSystem\SunamoFileSystem.csproj::TargetFramework=net8.0]
E:\vs\Projects\PlatformIndependentNuGetPackages\SunamoFileSystem\SunamoFileSystem\FS.cs(1581,24): warning CS1591: Missing XML comment for publicly visible type or member 'FS.SaveStream(string, Stream)' [E:\vs\Projects\PlatformIndependentNuGetPackages\SunamoFileSystem\SunamoFileSystem\SunamoFileSystem.csproj::TargetFramework=net8.0]
E:\vs\Projects\PlatformIndependentNuGetPackages\SunamoFileSystem\SunamoFileSystem\FS.cs(1589,32): warning CS1591: Missing XML comment for publicly visible type or member 'FS.OnlyNamesWithoutExtensionCopy(List<string>)' [E:\vs\Projects\PlatformIndependentNuGetPackages\SunamoFileSystem\SunamoFileSystem\SunamoFileSystem.csproj::TargetFramework=net8.0]
E:\vs\Projects\PlatformIndependentNuGetPackages\SunamoFileSystem\SunamoFileSystem\FS.cs(1595,24): warning CS1591: Missing XML comment for publicly visible type or member 'FS.DirectoryExistsAndIsNotEmpty(string)' [E:\vs\Projects\PlatformIndependentNuGetPackages\SunamoFileSystem\SunamoFileSystem\SunamoFileSystem.csproj::TargetFramework=net8.0]
E:\vs\Projects\PlatformIndependentNuGetPackages\SunamoFileSystem\SunamoFileSystem\FS.cs(1600,32): warning CS1591: Missing XML comment for publicly visible type or member 'FS.OnlyNamesWithoutExtension(string, List<string>)' [E:\vs\Projects\PlatformIndependentNuGetPackages\SunamoFileSystem\SunamoFileSystem\SunamoFileSystem.csproj::TargetFramework=net8.0]
E:\vs\Projects\PlatformIndependentNuGetPackages\SunamoFileSystem\SunamoFileSystem\FS.cs(1607,26): warning CS1591: Missing XML comment for publicly visible type or member 'FS.Postfix(string, string)' [E:\vs\Projects\PlatformIndependentNuGetPackages\SunamoFileSystem\SunamoFileSystem\SunamoFileSystem.csproj::TargetFramework=net8.0]
E:\vs\Projects\PlatformIndependentNuGetPackages\SunamoFileSystem\SunamoFileSystem\FS.cs(1619,9): warning CS1591: Missing XML comment for publicly visible type or member 'FS.ReadAllText(string)' [E:\vs\Projects\PlatformIndependentNuGetPackages\SunamoFileSystem\SunamoFileSystem\SunamoFileSystem.csproj::TargetFramework=net8.0]
E:\vs\Projects\PlatformIndependentNuGetPackages\SunamoFileSystem\SunamoFileSystem\FS.cs(1627,26): warning CS1591: Missing XML comment for publicly visible type or member 'FS.GetFileNameWithoutExtension(string)' [E:\vs\Projects\PlatformIndependentNuGetPackages\SunamoFileSystem\SunamoFileSystem\SunamoFileSystem.csproj::TargetFramework=net8.0]
E:\vs\Projects\PlatformIndependentNuGetPackages\SunamoFileSystem\SunamoFileSystem\FS.cs(1636,22): warning CS1572: XML comment has a param tag for 's', but there is no parameter by that name [E:\vs\Projects\PlatformIndependentNuGetPackages\SunamoFileSystem\SunamoFileSystem\SunamoFileSystem.csproj::TargetFramework=net8.0]
E:\vs\Projects\PlatformIndependentNuGetPackages\SunamoFileSystem\SunamoFileSystem\FS.cs(1638,88): warning CS1573: Parameter 'text' has no matching param tag in the XML comment for 'FS.GetFileNameWithoutExtensionNoAc<StorageFile>(StorageFile)' (but other parameters do) [E:\vs\Projects\PlatformIndependentNuGetPackages\SunamoFileSystem\SunamoFileSystem\SunamoFileSystem.csproj::TargetFramework=net8.0]
E:\vs\Projects\PlatformIndependentNuGetPackages\SunamoFileSystem\SunamoFileSystem\FS.cs(1665,24): warning CS1591: Missing XML comment for publicly visible type or member 'FS.ThrowNotImplementedUwp()' [E:\vs\Projects\PlatformIndependentNuGetPackages\SunamoFileSystem\SunamoFileSystem\SunamoFileSystem.csproj::TargetFramework=net8.0]
E:\vs\Projects\PlatformIndependentNuGetPackages\SunamoFileSystem\SunamoFileSystem\FS.cs(1669,24): warning CS1591: Missing XML comment for publicly visible type or member 'FS.IsFileOlderThanXHours(string, int, bool)' [E:\vs\Projects\PlatformIndependentNuGetPackages\SunamoFileSystem\SunamoFileSystem\SunamoFileSystem.csproj::TargetFramework=net8.0]
E:\vs\Projects\PlatformIndependentNuGetPackages\SunamoFileSystem\SunamoFileSystem\FS.cs(1684,32): warning CS1591: Missing XML comment for publicly visible type or member 'FS.GetFileNamesWoExtension(List<string>)' [E:\vs\Projects\PlatformIndependentNuGetPackages\SunamoFileSystem\SunamoFileSystem\SunamoFileSystem.csproj::TargetFramework=net8.0]
E:\vs\Projects\PlatformIndependentNuGetPackages\SunamoFileSystem\SunamoFileSystem\FS.cs(1702,93): warning CS1573: Parameter 'collisionOption' has no matching param tag in the XML comment for 'FS.CopyTo(string, string, FileMoveCollisionOption)' (but other parameters do) [E:\vs\Projects\PlatformIndependentNuGetPackages\SunamoFileSystem\SunamoFileSystem\SunamoFileSystem.csproj::TargetFramework=net8.0]
E:\vs\Projects\PlatformIndependentNuGetPackages\SunamoFileSystem\SunamoFileSystem\FS.cs(1731,22): warning CS1572: XML comment has a param tag for 'p', but there is no parameter by that name [E:\vs\Projects\PlatformIndependentNuGetPackages\SunamoFileSystem\SunamoFileSystem\SunamoFileSystem.csproj::TargetFramework=net8.0]
E:\vs\Projects\PlatformIndependentNuGetPackages\SunamoFileSystem\SunamoFileSystem\FS.cs(1734,82): warning CS1573: Parameter 'path' has no matching param tag in the XML comment for 'FS.ReplaceDirectoryThrowExceptionIfFromDoesntExists(string, string, string)' (but other parameters do) [E:\vs\Projects\PlatformIndependentNuGetPackages\SunamoFileSystem\SunamoFileSystem\SunamoFileSystem.csproj::TargetFramework=net8.0]
E:\vs\Projects\PlatformIndependentNuGetPackages\SunamoFileSystem\SunamoFileSystem\FS.cs(1750,22): warning CS1572: XML comment has a param tag for 'p', but there is no parameter by that name [E:\vs\Projects\PlatformIndependentNuGetPackages\SunamoFileSystem\SunamoFileSystem\SunamoFileSystem.csproj::TargetFramework=net8.0]
E:\vs\Projects\PlatformIndependentNuGetPackages\SunamoFileSystem\SunamoFileSystem\FS.cs(1752,71): warning CS1573: Parameter 'path' has no matching param tag in the XML comment for 'FS.OnlyNamesWithoutExtension(List<string>)' (but other parameters do) [E:\vs\Projects\PlatformIndependentNuGetPackages\SunamoFileSystem\SunamoFileSystem\SunamoFileSystem.csproj::TargetFramework=net8.0]
E:\vs\Projects\PlatformIndependentNuGetPackages\SunamoFileSystem\SunamoFileSystem\FS.cs(1760,22): warning CS1572: XML comment has a param tag for 'fn', but there is no parameter by that name [E:\vs\Projects\PlatformIndependentNuGetPackages\SunamoFileSystem\SunamoFileSystem\SunamoFileSystem.csproj::TargetFramework=net8.0]
E:\vs\Projects\PlatformIndependentNuGetPackages\SunamoFileSystem\SunamoFileSystem\FS.cs(1764,50): warning CS1573: Parameter 'filePath' has no matching param tag in the XML comment for 'FS.GetPathAndFileName(string, out string, out string, out string)' (but other parameters do) [E:\vs\Projects\PlatformIndependentNuGetPackages\SunamoFileSystem\SunamoFileSystem\SunamoFileSystem.csproj::TargetFramework=net8.0]
E:\vs\Projects\PlatformIndependentNuGetPackages\SunamoFileSystem\SunamoFileSystem\FS.cs(1815,32): warning CS1591: Missing XML comment for publicly visible type or member 'FS.GetTokens(string)' [E:\vs\Projects\PlatformIndependentNuGetPackages\SunamoFileSystem\SunamoFileSystem\SunamoFileSystem.csproj::TargetFramework=net8.0]
E:\vs\Projects\PlatformIndependentNuGetPackages\SunamoFileSystem\SunamoFileSystem\FS.cs(1827,24): warning CS1591: Missing XML comment for publicly visible type or member 'FS.CopyStream(Stream, Stream)' [E:\vs\Projects\PlatformIndependentNuGetPackages\SunamoFileSystem\SunamoFileSystem\SunamoFileSystem.csproj::TargetFramework=net8.0]
E:\vs\Projects\PlatformIndependentNuGetPackages\SunamoFileSystem\SunamoFileSystem\FS.cs(1836,22): warning CS1572: XML comment has a param tag for 's', but there is no parameter by that name [E:\vs\Projects\PlatformIndependentNuGetPackages\SunamoFileSystem\SunamoFileSystem\SunamoFileSystem.csproj::TargetFramework=net8.0]
E:\vs\Projects\PlatformIndependentNuGetPackages\SunamoFileSystem\SunamoFileSystem\FS.cs(1837,71): warning CS1573: Parameter 'text' has no matching param tag in the XML comment for 'FS.CombineWithoutFirstCharUpper(params string[])' (but other parameters do) [E:\vs\Projects\PlatformIndependentNuGetPackages\SunamoFileSystem\SunamoFileSystem\SunamoFileSystem.csproj::TargetFramework=net8.0]
E:\vs\Projects\PlatformIndependentNuGetPackages\SunamoFileSystem\SunamoFileSystem\FS.cs(1841,24): warning CS1591: Missing XML comment for publicly visible type or member 'FS.SaveMemoryStream(MemoryStream, string)' [E:\vs\Projects\PlatformIndependentNuGetPackages\SunamoFileSystem\SunamoFileSystem\SunamoFileSystem.csproj::TargetFramework=net8.0]
E:\vs\Projects\PlatformIndependentNuGetPackages\SunamoFileSystem\SunamoFileSystem\FS.cs(1878,26): warning CS1591: Missing XML comment for publicly visible type or member 'FS.DeleteWrongCharsInDirectoryName(string)' [E:\vs\Projects\PlatformIndependentNuGetPackages\SunamoFileSystem\SunamoFileSystem\SunamoFileSystem.csproj::TargetFramework=net8.0]
E:\vs\Projects\PlatformIndependentNuGetPackages\SunamoFileSystem\SunamoFileSystem\FS.cs(1888,26): warning CS1591: Missing XML comment for publicly visible type or member 'FS.DeleteWrongCharsInFileName(string, bool)' [E:\vs\Projects\PlatformIndependentNuGetPackages\SunamoFileSystem\SunamoFileSystem\SunamoFileSystem.csproj::TargetFramework=net8.0]
E:\vs\Projects\PlatformIndependentNuGetPackages\SunamoFileSystem\SunamoFileSystem\FS.cs(1903,24): warning CS1591: Missing XML comment for publicly visible type or member 'FS.ContainsInvalidPathCharForPartOfMapPath(string)' [E:\vs\Projects\PlatformIndependentNuGetPackages\SunamoFileSystem\SunamoFileSystem\SunamoFileSystem.csproj::TargetFramework=net8.0]
E:\vs\Projects\PlatformIndependentNuGetPackages\SunamoFileSystem\SunamoFileSystem\FS.cs(1933,22): warning CS1572: XML comment has a param tag for 'files', but there is no parameter by that name [E:\vs\Projects\PlatformIndependentNuGetPackages\SunamoFileSystem\SunamoFileSystem\SunamoFileSystem.csproj::TargetFramework=net8.0]
E:\vs\Projects\PlatformIndependentNuGetPackages\SunamoFileSystem\SunamoFileSystem\FS.cs(1934,67): warning CS1573: Parameter 'files2' has no matching param tag in the XML comment for 'FS.OnlyNamesNoDirectEdit(List<string>)' (but other parameters do) [E:\vs\Projects\PlatformIndependentNuGetPackages\SunamoFileSystem\SunamoFileSystem\SunamoFileSystem.csproj::TargetFramework=net8.0]
E:\vs\Projects\PlatformIndependentNuGetPackages\SunamoFileSystem\SunamoFileSystem\FS.cs(1955,22): warning CS1572: XML comment has a param tag for 'item', but there is no parameter by that name [E:\vs\Projects\PlatformIndependentNuGetPackages\SunamoFileSystem\SunamoFileSystem\SunamoFileSystem.csproj::TargetFramework=net8.0]
E:\vs\Projects\PlatformIndependentNuGetPackages\SunamoFileSystem\SunamoFileSystem\FS.cs(1956,22): warning CS1572: XML comment has a param tag for 'fileTo', but there is no parameter by that name [E:\vs\Projects\PlatformIndependentNuGetPackages\SunamoFileSystem\SunamoFileSystem\SunamoFileSystem.csproj::TargetFramework=net8.0]
E:\vs\Projects\PlatformIndependentNuGetPackages\SunamoFileSystem\SunamoFileSystem\FS.cs(1957,22): warning CS1572: XML comment has a param tag for 'co', but there is no parameter by that name [E:\vs\Projects\PlatformIndependentNuGetPackages\SunamoFileSystem\SunamoFileSystem\SunamoFileSystem.csproj::TargetFramework=net8.0]
E:\vs\Projects\PlatformIndependentNuGetPackages\SunamoFileSystem\SunamoFileSystem\FS.cs(2006,49): warning CS1573: Parameter 'filePath' has no matching param tag in the XML comment for 'FS.ChangeExtension(string, string, bool)' (but other parameters do) [E:\vs\Projects\PlatformIndependentNuGetPackages\SunamoFileSystem\SunamoFileSystem\SunamoFileSystem.csproj::TargetFramework=net8.0]
E:\vs\Projects\PlatformIndependentNuGetPackages\SunamoFileSystem\SunamoFileSystem\FS.cs(2006,66): warning CS1573: Parameter 'newExt' has no matching param tag in the XML comment for 'FS.ChangeExtension(string, string, bool)' (but other parameters do) [E:\vs\Projects\PlatformIndependentNuGetPackages\SunamoFileSystem\SunamoFileSystem\SunamoFileSystem.csproj::TargetFramework=net8.0]
E:\vs\Projects\PlatformIndependentNuGetPackages\SunamoFileSystem\SunamoFileSystem\FS.cs(2006,79): warning CS1573: Parameter 'physically' has no matching param tag in the XML comment for 'FS.ChangeExtension(string, string, bool)' (but other parameters do) [E:\vs\Projects\PlatformIndependentNuGetPackages\SunamoFileSystem\SunamoFileSystem\SunamoFileSystem.csproj::TargetFramework=net8.0]
E:\vs\Projects\PlatformIndependentNuGetPackages\SunamoFileSystem\SunamoFileSystem\FS.cs(2027,26): warning CS1591: Missing XML comment for publicly visible type or member 'FS.CreateDirectory(string, DirectoryCreateCollisionOption, SerieStyleFS, bool)' [E:\vs\Projects\PlatformIndependentNuGetPackages\SunamoFileSystem\SunamoFileSystem\SunamoFileSystem.csproj::TargetFramework=net8.0]
E:\vs\Projects\PlatformIndependentNuGetPackages\SunamoFileSystem\SunamoFileSystem\FS.cs(2070,26): warning CS1591: Missing XML comment for publicly visible type or member 'FS.StreamToArrayBytes(Stream)' [E:\vs\Projects\PlatformIndependentNuGetPackages\SunamoFileSystem\SunamoFileSystem\SunamoFileSystem.csproj::TargetFramework=net8.0]
E:\vs\Projects\PlatformIndependentNuGetPackages\SunamoFileSystem\SunamoFileSystem\FS.cs(2113,26): warning CS1591: Missing XML comment for publicly visible type or member 'FS.AddExtensionIfDontHave(string, string)' [E:\vs\Projects\PlatformIndependentNuGetPackages\SunamoFileSystem\SunamoFileSystem\SunamoFileSystem.csproj::TargetFramework=net8.0]
E:\vs\Projects\PlatformIndependentNuGetPackages\SunamoFileSystem\SunamoFileSystem\FS.cs(2135,22): warning CS1572: XML comment has a param tag for 'linesFiles', but there is no parameter by that name [E:\vs\Projects\PlatformIndependentNuGetPackages\SunamoFileSystem\SunamoFileSystem\SunamoFileSystem.csproj::TargetFramework=net8.0]
E:\vs\Projects\PlatformIndependentNuGetPackages\SunamoFileSystem\SunamoFileSystem\FS.cs(2136,22): warning CS1572: XML comment has a param tag for 'searchOnlyWithExtension', but there is no parameter by that name [E:\vs\Projects\PlatformIndependentNuGetPackages\SunamoFileSystem\SunamoFileSystem\SunamoFileSystem.csproj::TargetFramework=net8.0]
E:\vs\Projects\PlatformIndependentNuGetPackages\SunamoFileSystem\SunamoFileSystem\FS.cs(2137,102): warning CS1573: Parameter 'files' has no matching param tag in the XML comment for 'FS.GetDictionaryByFileNameWithExtension(List<string>)' (but other parameters do) [E:\vs\Projects\PlatformIndependentNuGetPackages\SunamoFileSystem\SunamoFileSystem\SunamoFileSystem.csproj::TargetFramework=net8.0]
E:\vs\Projects\PlatformIndependentNuGetPackages\SunamoFileSystem\SunamoFileSystem\FS.cs(2147,26): warning CS1591: Missing XML comment for publicly visible type or member 'FS.ChangeFilename(string, string, bool)' [E:\vs\Projects\PlatformIndependentNuGetPackages\SunamoFileSystem\SunamoFileSystem\SunamoFileSystem.csproj::TargetFramework=net8.0]
E:\vs\Projects\PlatformIndependentNuGetPackages\SunamoFileSystem\SunamoFileSystem\FS.cs(2162,5): warning CS1587: XML comment is not placed on a valid language element [E:\vs\Projects\PlatformIndependentNuGetPackages\SunamoFileSystem\SunamoFileSystem\SunamoFileSystem.csproj::TargetFramework=net8.0]
E:\vs\Projects\PlatformIndependentNuGetPackages\SunamoFileSystem\SunamoFileSystem\FS.cs(2215,24): warning CS1591: Missing XML comment for publicly visible type or member 'FS.TryDeleteFile(string, out string)' [E:\vs\Projects\PlatformIndependentNuGetPackages\SunamoFileSystem\SunamoFileSystem\SunamoFileSystem.csproj::TargetFramework=net8.0]
E:\vs\Projects\PlatformIndependentNuGetPackages\SunamoFileSystem\SunamoFileSystem\FS.cs(2229,26): warning CS1591: Missing XML comment for publicly visible type or member 'FS.GetSizeInAutoString(double)' [E:\vs\Projects\PlatformIndependentNuGetPackages\SunamoFileSystem\SunamoFileSystem\SunamoFileSystem.csproj::TargetFramework=net8.0]
E:\vs\Projects\PlatformIndependentNuGetPackages\SunamoFileSystem\SunamoFileSystem\FS.cs(2254,26): warning CS1591: Missing XML comment for publicly visible type or member 'FS.GetSizeInAutoString(long, ComputerSizeUnits)' [E:\vs\Projects\PlatformIndependentNuGetPackages\SunamoFileSystem\SunamoFileSystem\SunamoFileSystem.csproj::TargetFramework=net8.0]
E:\vs\Projects\PlatformIndependentNuGetPackages\SunamoFileSystem\SunamoFileSystem\FS.cs(2262,22): warning CS1572: XML comment has a param tag for 'b', but there is no parameter by that name [E:\vs\Projects\PlatformIndependentNuGetPackages\SunamoFileSystem\SunamoFileSystem\SunamoFileSystem.csproj::TargetFramework=net8.0]
E:\vs\Projects\PlatformIndependentNuGetPackages\SunamoFileSystem\SunamoFileSystem\FS.cs(2264,78): warning CS1573: Parameter 'fromUnit' has no matching param tag in the XML comment for 'FS.GetSizeInAutoString(double, ComputerSizeUnits)' (but other parameters do) [E:\vs\Projects\PlatformIndependentNuGetPackages\SunamoFileSystem\SunamoFileSystem\SunamoFileSystem.csproj::TargetFramework=net8.0]
E:\vs\Projects\PlatformIndependentNuGetPackages\SunamoFileSystem\SunamoFileSystem\FS.cs(2418,32): warning CS1591: Missing XML comment for publicly visible type or member 'FS.DirectoryListing(string, string, SearchOption)' [E:\vs\Projects\PlatformIndependentNuGetPackages\SunamoFileSystem\SunamoFileSystem\SunamoFileSystem.csproj::TargetFramework=net8.0]
E:\vs\Projects\PlatformIndependentNuGetPackages\SunamoFileSystem\SunamoFileSystem\FS.cs(2423,26): warning CS1591: Missing XML comment for publicly visible type or member 'FS.WithoutEndSlash(string)' [E:\vs\Projects\PlatformIndependentNuGetPackages\SunamoFileSystem\SunamoFileSystem\SunamoFileSystem.csproj::TargetFramework=net8.0]
E:\vs\Projects\PlatformIndependentNuGetPackages\SunamoFileSystem\SunamoFileSystem\FS.cs(2427,26): warning CS1591: Missing XML comment for publicly visible type or member 'FS.WithoutEndSlash(ref string)' [E:\vs\Projects\PlatformIndependentNuGetPackages\SunamoFileSystem\SunamoFileSystem\SunamoFileSystem.csproj::TargetFramework=net8.0]
E:\vs\Projects\PlatformIndependentNuGetPackages\SunamoFileSystem\SunamoFileSystem\FS.cs(2432,26): warning CS1591: Missing XML comment for publicly visible type or member 'FS.MascFromExtension(string)' [E:\vs\Projects\PlatformIndependentNuGetPackages\SunamoFileSystem\SunamoFileSystem\SunamoFileSystem.csproj::TargetFramework=net8.0]
E:\vs\Projects\PlatformIndependentNuGetPackages\SunamoFileSystem\SunamoFileSystem\FS.cs(2470,24): warning CS1591: Missing XML comment for publicly visible type or member 'FS.IsCountOfFilesMoreThan(string, string, int)' [E:\vs\Projects\PlatformIndependentNuGetPackages\SunamoFileSystem\SunamoFileSystem\SunamoFileSystem.csproj::TargetFramework=net8.0]
E:\vs\Projects\PlatformIndependentNuGetPackages\SunamoFileSystem\SunamoFileSystem\FS.cs(2476,32): warning CS1591: Missing XML comment for publicly visible type or member 'FS.GetFiles(string, bool)' [E:\vs\Projects\PlatformIndependentNuGetPackages\SunamoFileSystem\SunamoFileSystem\SunamoFileSystem.csproj::TargetFramework=net8.0]
E:\vs\Projects\PlatformIndependentNuGetPackages\SunamoFileSystem\SunamoFileSystem\FS.cs(2498,22): warning CS1572: XML comment has a param tag for 'item', but there is no parameter by that name [E:\vs\Projects\PlatformIndependentNuGetPackages\SunamoFileSystem\SunamoFileSystem\SunamoFileSystem.csproj::TargetFramework=net8.0]
E:\vs\Projects\PlatformIndependentNuGetPackages\SunamoFileSystem\SunamoFileSystem\FS.cs(2501,41): warning CS1573: Parameter 'logger' has no matching param tag in the XML comment for 'FS.MoveFile(ILogger, string, string, FileMoveCollisionOption)' (but other parameters do) [E:\vs\Projects\PlatformIndependentNuGetPackages\SunamoFileSystem\SunamoFileSystem\SunamoFileSystem.csproj::TargetFramework=net8.0]
E:\vs\Projects\PlatformIndependentNuGetPackages\SunamoFileSystem\SunamoFileSystem\FS.cs(2501,56): warning CS1573: Parameter 'sourceFilePath' has no matching param tag in the XML comment for 'FS.MoveFile(ILogger, string, string, FileMoveCollisionOption)' (but other parameters do) [E:\vs\Projects\PlatformIndependentNuGetPackages\SunamoFileSystem\SunamoFileSystem\SunamoFileSystem.csproj::TargetFramework=net8.0]
E:\vs\Projects\PlatformIndependentNuGetPackages\SunamoFileSystem\SunamoFileSystem\FS.cs(2516,24): warning CS1591: Missing XML comment for publicly visible type or member 'FS.CopyMoveFilePrepare(ref string, ref string, FileMoveCollisionOption)' [E:\vs\Projects\PlatformIndependentNuGetPackages\SunamoFileSystem\SunamoFileSystem\SunamoFileSystem.csproj::TargetFramework=net8.0]
E:\vs\Projects\PlatformIndependentNuGetPackages\SunamoFileSystem\SunamoFileSystem\FS.cs(2584,24): warning CS1591: Missing XML comment for publicly visible type or member 'FS.GetFileSize(string)' [E:\vs\Projects\PlatformIndependentNuGetPackages\SunamoFileSystem\SunamoFileSystem\SunamoFileSystem.csproj::TargetFramework=net8.0]
E:\vs\Projects\PlatformIndependentNuGetPackages\SunamoFileSystem\SunamoFileSystem\FS.cs(2599,24): warning CS1591: Missing XML comment for publicly visible type or member 'FS.CopyAllFilesRecursively(ILogger, string, string, FileMoveCollisionOption, string)' [E:\vs\Projects\PlatformIndependentNuGetPackages\SunamoFileSystem\SunamoFileSystem\SunamoFileSystem.csproj::TargetFramework=net8.0]
E:\vs\Projects\PlatformIndependentNuGetPackages\SunamoFileSystem\SunamoFileSystem\FS.cs(2606,22): warning CS1572: XML comment has a param tag for 'p', but there is no parameter by that name [E:\vs\Projects\PlatformIndependentNuGetPackages\SunamoFileSystem\SunamoFileSystem\SunamoFileSystem.csproj::TargetFramework=net8.0]
E:\vs\Projects\PlatformIndependentNuGetPackages\SunamoFileSystem\SunamoFileSystem\FS.cs(2610,45): warning CS1573: Parameter 'logger' has no matching param tag in the XML comment for 'FS.CopyAllFiles(ILogger, string, string, FileMoveCollisionOption, string)' (but other parameters do) [E:\vs\Projects\PlatformIndependentNuGetPackages\SunamoFileSystem\SunamoFileSystem\SunamoFileSystem.csproj::TargetFramework=net8.0]
E:\vs\Projects\PlatformIndependentNuGetPackages\SunamoFileSystem\SunamoFileSystem\FS.cs(2610,60): warning CS1573: Parameter 'path' has no matching param tag in the XML comment for 'FS.CopyAllFiles(ILogger, string, string, FileMoveCollisionOption, string)' (but other parameters do) [E:\vs\Projects\PlatformIndependentNuGetPackages\SunamoFileSystem\SunamoFileSystem\SunamoFileSystem.csproj::TargetFramework=net8.0]
E:\vs\Projects\PlatformIndependentNuGetPackages\SunamoFileSystem\SunamoFileSystem\FS.cs(2617,22): warning CS1572: XML comment has a param tag for 'p', but there is no parameter by that name [E:\vs\Projects\PlatformIndependentNuGetPackages\SunamoFileSystem\SunamoFileSystem\SunamoFileSystem.csproj::TargetFramework=net8.0]
E:\vs\Projects\PlatformIndependentNuGetPackages\SunamoFileSystem\SunamoFileSystem\FS.cs(2619,22): warning CS1572: XML comment has a param tag for 'co', but there is no parameter by that name [E:\vs\Projects\PlatformIndependentNuGetPackages\SunamoFileSystem\SunamoFileSystem\SunamoFileSystem.csproj::TargetFramework=net8.0]
E:\vs\Projects\PlatformIndependentNuGetPackages\SunamoFileSystem\SunamoFileSystem\FS.cs(2621,61): warning CS1573: Parameter 'logger' has no matching param tag in the XML comment for 'FS.CopyMoveAllFilesRecursively(ILogger, string, string, FileMoveCollisionOption, bool, string, SearchOption)' (but other parameters do) [E:\vs\Projects\PlatformIndependentNuGetPackages\SunamoFileSystem\SunamoFileSystem\SunamoFileSystem.csproj::TargetFramework=net8.0]
E:\vs\Projects\PlatformIndependentNuGetPackages\SunamoFileSystem\SunamoFileSystem\FS.cs(2621,76): warning CS1573: Parameter 'path' has no matching param tag in the XML comment for 'FS.CopyMoveAllFilesRecursively(ILogger, string, string, FileMoveCollisionOption, bool, string, SearchOption)' (but other parameters do) [E:\vs\Projects\PlatformIndependentNuGetPackages\SunamoFileSystem\SunamoFileSystem\SunamoFileSystem.csproj::TargetFramework=net8.0]
E:\vs\Projects\PlatformIndependentNuGetPackages\SunamoFileSystem\SunamoFileSystem\FS.cs(2621,117): warning CS1573: Parameter 'collisionOption' has no matching param tag in the XML comment for 'FS.CopyMoveAllFilesRecursively(ILogger, string, string, FileMoveCollisionOption, bool, string, SearchOption)' (but other parameters do) [E:\vs\Projects\PlatformIndependentNuGetPackages\SunamoFileSystem\SunamoFileSystem\SunamoFileSystem.csproj::TargetFramework=net8.0]
E:\vs\Projects\PlatformIndependentNuGetPackages\SunamoFileSystem\SunamoFileSystem\FS.cs(2621,139): warning CS1573: Parameter 'move' has no matching param tag in the XML comment for 'FS.CopyMoveAllFilesRecursively(ILogger, string, string, FileMoveCollisionOption, bool, string, SearchOption)' (but other parameters do) [E:\vs\Projects\PlatformIndependentNuGetPackages\SunamoFileSystem\SunamoFileSystem\SunamoFileSystem.csproj::TargetFramework=net8.0]
E:\vs\Projects\PlatformIndependentNuGetPackages\SunamoFileSystem\SunamoFileSystem\FS.cs(2622,43): warning CS1573: Parameter 'so' has no matching param tag in the XML comment for 'FS.CopyMoveAllFilesRecursively(ILogger, string, string, FileMoveCollisionOption, bool, string, SearchOption)' (but other parameters do) [E:\vs\Projects\PlatformIndependentNuGetPackages\SunamoFileSystem\SunamoFileSystem\SunamoFileSystem.csproj::TargetFramework=net8.0]
E:\vs\Projects\PlatformIndependentNuGetPackages\SunamoFileSystem\SunamoFileSystem\FS.cs(2648,9): warning CS1591: Missing XML comment for publicly visible type or member 'FS.CopyFile(ILogger, string, string, FileMoveCollisionOption, bool)' [E:\vs\Projects\PlatformIndependentNuGetPackages\SunamoFileSystem\SunamoFileSystem\SunamoFileSystem.csproj::TargetFramework=net8.0]
E:\vs\Projects\PlatformIndependentNuGetPackages\SunamoFileSystem\SunamoFileSystem\_sunamo\SunamoCollections\CA.cs(79,54): warning CS8625: Cannot convert null literal to non-nullable reference type. [E:\vs\Projects\PlatformIndependentNuGetPackages\SunamoFileSystem\SunamoFileSystem\SunamoFileSystem.csproj::TargetFramework=net10.0]
E:\vs\Projects\PlatformIndependentNuGetPackages\SunamoFileSystem\SunamoFileSystem\FS.cs(2669,22): warning CS1572: XML comment has a param tag for 'v', but there is no parameter by that name [E:\vs\Projects\PlatformIndependentNuGetPackages\SunamoFileSystem\SunamoFileSystem\SunamoFileSystem.csproj::TargetFramework=net8.0]
E:\vs\Projects\PlatformIndependentNuGetPackages\SunamoFileSystem\SunamoFileSystem\FS.cs(2670,41): warning CS1573: Parameter 'logger' has no matching param tag in the XML comment for 'FS.CopyFile(ILogger, string, string, bool)' (but other parameters do) [E:\vs\Projects\PlatformIndependentNuGetPackages\SunamoFileSystem\SunamoFileSystem\SunamoFileSystem.csproj::TargetFramework=net8.0]
E:\vs\Projects\PlatformIndependentNuGetPackages\SunamoFileSystem\SunamoFileSystem\FS.cs(2670,72): warning CS1573: Parameter 'value' has no matching param tag in the XML comment for 'FS.CopyFile(ILogger, string, string, bool)' (but other parameters do) [E:\vs\Projects\PlatformIndependentNuGetPackages\SunamoFileSystem\SunamoFileSystem\SunamoFileSystem.csproj::TargetFramework=net8.0]
E:\vs\Projects\PlatformIndependentNuGetPackages\SunamoFileSystem\SunamoFileSystem\FS.cs(2670,84): warning CS1573: Parameter 'terminateProcessIfIsInUsed' has no matching param tag in the XML comment for 'FS.CopyFile(ILogger, string, string, bool)' (but other parameters do) [E:\vs\Projects\PlatformIndependentNuGetPackages\SunamoFileSystem\SunamoFileSystem\SunamoFileSystem.csproj::TargetFramework=net8.0]
E:\vs\Projects\PlatformIndependentNuGetPackages\SunamoFileSystem\SunamoFileSystem\FS.cs(2702,24): warning CS1591: Missing XML comment for publicly visible type or member 'FS.CopyFile(string, string, FileMoveCollisionOption)' [E:\vs\Projects\PlatformIndependentNuGetPackages\SunamoFileSystem\SunamoFileSystem\SunamoFileSystem.csproj::TargetFramework=net8.0]
E:\vs\Projects\PlatformIndependentNuGetPackages\SunamoFileSystem\SunamoFileSystem\_sunamo\SunamoGetFiles\FSGetFiles.cs(206,28): warning CS8625: Cannot convert null literal to non-nullable reference type. [E:\vs\Projects\PlatformIndependentNuGetPackages\SunamoFileSystem\SunamoFileSystem\SunamoFileSystem.csproj::TargetFramework=net10.0]
E:\vs\Projects\PlatformIndependentNuGetPackages\SunamoFileSystem\SunamoFileSystem\FS.cs(2711,28): warning CS1591: Missing XML comment for publicly visible type or member 'FS.LastModified(string)' [E:\vs\Projects\PlatformIndependentNuGetPackages\SunamoFileSystem\SunamoFileSystem\SunamoFileSystem.csproj::TargetFramework=net8.0]
E:\vs\Projects\PlatformIndependentNuGetPackages\SunamoFileSystem\SunamoFileSystem\FS.cs(2720,24): warning CS1591: Missing XML comment for publicly visible type or member 'FS.TryDeleteDirectoryOrFile(string)' [E:\vs\Projects\PlatformIndependentNuGetPackages\SunamoFileSystem\SunamoFileSystem\SunamoFileSystem.csproj::TargetFramework=net8.0]
E:\vs\Projects\PlatformIndependentNuGetPackages\SunamoFileSystem\SunamoFileSystem\FS.cs(2809,22): warning CS1572: XML comment has a param tag for 'v', but there is no parameter by that name [E:\vs\Projects\PlatformIndependentNuGetPackages\SunamoFileSystem\SunamoFileSystem\SunamoFileSystem.csproj::TargetFramework=net8.0]
E:\vs\Projects\PlatformIndependentNuGetPackages\SunamoFileSystem\SunamoFileSystem\FS.cs(2811,50): warning CS1573: Parameter 'value' has no matching param tag in the XML comment for 'FS.TryDeleteDirectory(string)' (but other parameters do) [E:\vs\Projects\PlatformIndependentNuGetPackages\SunamoFileSystem\SunamoFileSystem\SunamoFileSystem.csproj::TargetFramework=net8.0]
E:\vs\Projects\PlatformIndependentNuGetPackages\SunamoFileSystem\SunamoFileSystem\FS.cs(2895,26): warning CS1591: Missing XML comment for publicly visible type or member 'FS.AllIncludeIfOnlyLetters(string)' [E:\vs\Projects\PlatformIndependentNuGetPackages\SunamoFileSystem\SunamoFileSystem\SunamoFileSystem.csproj::TargetFramework=net8.0]
E:\vs\Projects\PlatformIndependentNuGetPackages\SunamoFileSystem\SunamoFileSystem\FS.cs(2929,22): warning CS1572: XML comment has a param tag for 'fn', but there is no parameter by that name [E:\vs\Projects\PlatformIndependentNuGetPackages\SunamoFileSystem\SunamoFileSystem\SunamoFileSystem.csproj::TargetFramework=net8.0]
E:\vs\Projects\PlatformIndependentNuGetPackages\SunamoFileSystem\SunamoFileSystem\FS.cs(2931,62): warning CS1573: Parameter 'fileName' has no matching param tag in the XML comment for 'FS.GetFileSeries(string, string, string)' (but other parameters do) [E:\vs\Projects\PlatformIndependentNuGetPackages\SunamoFileSystem\SunamoFileSystem\SunamoFileSystem.csproj::TargetFramework=net8.0]
E:\vs\Projects\PlatformIndependentNuGetPackages\SunamoFileSystem\SunamoFileSystem\FS.cs(2995,22): warning CS1572: XML comment has a param tag for 'selectedFile', but there is no parameter by that name [E:\vs\Projects\PlatformIndependentNuGetPackages\SunamoFileSystem\SunamoFileSystem\SunamoFileSystem.csproj::TargetFramework=net8.0]
E:\vs\Projects\PlatformIndependentNuGetPackages\SunamoFileSystem\SunamoFileSystem\FS.cs(3044,52): warning CS1573: Parameter 'directoryPath' has no matching param tag in the XML comment for 'FS.ExistsDirectoryNull(string)' (but other parameters do) [E:\vs\Projects\PlatformIndependentNuGetPackages\SunamoFileSystem\SunamoFileSystem\SunamoFileSystem.csproj::TargetFramework=net8.0]
E:\vs\Projects\PlatformIndependentNuGetPackages\SunamoFileSystem\SunamoFileSystem\FS.cs(3048,25): warning CS1591: Missing XML comment for publicly visible type or member 'FS.ExistsDirectoryNull(string, bool)' [E:\vs\Projects\PlatformIndependentNuGetPackages\SunamoFileSystem\SunamoFileSystem\SunamoFileSystem.csproj::TargetFramework=net8.0]
E:\vs\Projects\PlatformIndependentNuGetPackages\SunamoFileSystem\SunamoFileSystem\FS.cs(3052,24): warning CS1591: Missing XML comment for publicly visible type or member 'FS.ExistsDirectory(string, bool)' [E:\vs\Projects\PlatformIndependentNuGetPackages\SunamoFileSystem\SunamoFileSystem\SunamoFileSystem.csproj::TargetFramework=net8.0]
E:\vs\Projects\PlatformIndependentNuGetPackages\SunamoFileSystem\SunamoFileSystem\FS.cs(3129,32): warning CS1591: Missing XML comment for publicly visible type or member 'FS.ToSearchOption(bool?)' [E:\vs\Projects\PlatformIndependentNuGetPackages\SunamoFileSystem\SunamoFileSystem\SunamoFileSystem.csproj::TargetFramework=net8.0]
E:\vs\Projects\PlatformIndependentNuGetPackages\SunamoFileSystem\SunamoFileSystem\FS.cs(3133,30): warning CS1591: Missing XML comment for publicly visible type or member 'FS.WriteAllText(string, string)' [E:\vs\Projects\PlatformIndependentNuGetPackages\SunamoFileSystem\SunamoFileSystem\SunamoFileSystem.csproj::TargetFramework=net8.0]
E:\vs\Projects\PlatformIndependentNuGetPackages\SunamoFileSystem\SunamoFileSystem\FS.cs(3137,24): warning CS1591: Missing XML comment for publicly visible type or member 'FS.IsAllInSameFolder(List<string>)' [E:\vs\Projects\PlatformIndependentNuGetPackages\SunamoFileSystem\SunamoFileSystem\SunamoFileSystem.csproj::TargetFramework=net8.0]
E:\vs\Projects\PlatformIndependentNuGetPackages\SunamoFileSystem\SunamoFileSystem\FS.cs(3148,24): warning CS1591: Missing XML comment for publicly visible type or member 'FS.CreateFileWithTemplateContent(string, string, string, string)' [E:\vs\Projects\PlatformIndependentNuGetPackages\SunamoFileSystem\SunamoFileSystem\SunamoFileSystem.csproj::TargetFramework=net8.0]
E:\vs\Projects\PlatformIndependentNuGetPackages\SunamoFileSystem\SunamoFileSystem\_sunamo\SunamoGetFiles\FSGetFiles.cs(57,39): warning CS8625: Cannot convert null literal to non-nullable reference type. [E:\vs\Projects\PlatformIndependentNuGetPackages\SunamoFileSystem\SunamoFileSystem\SunamoFileSystem.csproj::TargetFramework=net10.0]
E:\vs\Projects\PlatformIndependentNuGetPackages\SunamoFileSystem\SunamoFileSystem\FS.cs(3158,24): warning CS1591: Missing XML comment for publicly visible type or member 'FS.ContainsInvalidFileNameChars(string)' [E:\vs\Projects\PlatformIndependentNuGetPackages\SunamoFileSystem\SunamoFileSystem\SunamoFileSystem.csproj::TargetFramework=net8.0]
E:\vs\Projects\PlatformIndependentNuGetPackages\SunamoFileSystem\SunamoFileSystem\_sunamo\SunamoGetFiles\FSGetFiles.cs(289,34): warning CS8625: Cannot convert null literal to non-nullable reference type. [E:\vs\Projects\PlatformIndependentNuGetPackages\SunamoFileSystem\SunamoFileSystem\SunamoFileSystem.csproj::TargetFramework=net10.0]
E:\vs\Projects\PlatformIndependentNuGetPackages\SunamoFileSystem\SunamoFileSystem\FS.cs(3165,24): warning CS1591: Missing XML comment for publicly visible type or member 'FS.NumberByDateModified(ILogger, string, string, SearchOption)' [E:\vs\Projects\PlatformIndependentNuGetPackages\SunamoFileSystem\SunamoFileSystem\SunamoFileSystem.csproj::TargetFramework=net8.0]
E:\vs\Projects\PlatformIndependentNuGetPackages\SunamoFileSystem\SunamoFileSystem\FS.cs(3180,22): warning CS1572: XML comment has a param tag for 'rp', but there is no parameter by that name [E:\vs\Projects\PlatformIndependentNuGetPackages\SunamoFileSystem\SunamoFileSystem\SunamoFileSystem.csproj::TargetFramework=net8.0]
E:\vs\Projects\PlatformIndependentNuGetPackages\SunamoFileSystem\SunamoFileSystem\FS.cs(3182,50): warning CS1573: Parameter 'path' has no matching param tag in the XML comment for 'FS.GetDirectoryName(string)' (but other parameters do) [E:\vs\Projects\PlatformIndependentNuGetPackages\SunamoFileSystem\SunamoFileSystem\SunamoFileSystem.csproj::TargetFramework=net8.0]
E:\vs\Projects\PlatformIndependentNuGetPackages\SunamoFileSystem\SunamoFileSystem\FS.cs(3198,37): warning CS1591: Missing XML comment for publicly visible type or member 'FS.DetectPathDelimiter(string)' [E:\vs\Projects\PlatformIndependentNuGetPackages\SunamoFileSystem\SunamoFileSystem\SunamoFileSystem.csproj::TargetFramework=net8.0]
E:\vs\Projects\PlatformIndependentNuGetPackages\SunamoFileSystem\SunamoFileSystem\FS.cs(3205,24): warning CS1591: Missing XML comment for publicly visible type or member 'FS.DetectPathDelimiterChar(string)' [E:\vs\Projects\PlatformIndependentNuGetPackages\SunamoFileSystem\SunamoFileSystem\SunamoFileSystem.csproj::TargetFramework=net8.0]
E:\vs\Projects\PlatformIndependentNuGetPackages\SunamoFileSystem\SunamoFileSystem\FS.cs(3231,26): warning CS1591: Missing XML comment for publicly visible type or member 'FS.MakeUncLongPath(string)' [E:\vs\Projects\PlatformIndependentNuGetPackages\SunamoFileSystem\SunamoFileSystem\SunamoFileSystem.csproj::TargetFramework=net8.0]
E:\vs\Projects\PlatformIndependentNuGetPackages\SunamoFileSystem\SunamoFileSystem\FS.cs(3235,26): warning CS1591: Missing XML comment for publicly visible type or member 'FS.MakeUncLongPath(ref string)' [E:\vs\Projects\PlatformIndependentNuGetPackages\SunamoFileSystem\SunamoFileSystem\SunamoFileSystem.csproj::TargetFramework=net8.0]
E:\vs\Projects\PlatformIndependentNuGetPackages\SunamoFileSystem\SunamoFileSystem\FS.cs(3353,26): warning CS1591: Missing XML comment for publicly visible type or member 'FS.FirstCharUpper(ref string)' [E:\vs\Projects\PlatformIndependentNuGetPackages\SunamoFileSystem\SunamoFileSystem\SunamoFileSystem.csproj::TargetFramework=net8.0]
E:\vs\Projects\PlatformIndependentNuGetPackages\SunamoFileSystem\SunamoFileSystem\_sunamo\SunamoGetFiles\FSGetFiles.cs(410,28): warning CS8625: Cannot convert null literal to non-nullable reference type. [E:\vs\Projects\PlatformIndependentNuGetPackages\SunamoFileSystem\SunamoFileSystem\SunamoFileSystem.csproj::TargetFramework=net10.0]
E:\vs\Projects\PlatformIndependentNuGetPackages\SunamoFileSystem\SunamoFileSystem\FS.cs(3358,26): warning CS1591: Missing XML comment for publicly visible type or member 'FS.FirstCharUpper(string, bool)' [E:\vs\Projects\PlatformIndependentNuGetPackages\SunamoFileSystem\SunamoFileSystem\SunamoFileSystem.csproj::TargetFramework=net8.0]
E:\vs\Projects\PlatformIndependentNuGetPackages\SunamoFileSystem\SunamoFileSystem\FS.cs(3372,22): warning CS1572: XML comment has a param tag for 'fn', but there is no parameter by that name [E:\vs\Projects\PlatformIndependentNuGetPackages\SunamoFileSystem\SunamoFileSystem\SunamoFileSystem.csproj::TargetFramework=net8.0]
E:\vs\Projects\PlatformIndependentNuGetPackages\SunamoFileSystem\SunamoFileSystem\FS.cs(3375,50): warning CS1573: Parameter 'filePath' has no matching param tag in the XML comment for 'FS.GetPathAndFileName(string, out string, out string)' (but other parameters do) [E:\vs\Projects\PlatformIndependentNuGetPackages\SunamoFileSystem\SunamoFileSystem\SunamoFileSystem.csproj::TargetFramework=net8.0]
E:\vs\Projects\PlatformIndependentNuGetPackages\SunamoFileSystem\SunamoFileSystem\_sunamo\SunamoGetFolders\FSGetFolders.cs(16,100): warning CS8625: Cannot convert null literal to non-nullable reference type. [E:\vs\Projects\PlatformIndependentNuGetPackages\SunamoFileSystem\SunamoFileSystem\SunamoFileSystem.csproj::TargetFramework=net10.0]
E:\vs\Projects\PlatformIndependentNuGetPackages\SunamoFileSystem\SunamoFileSystem\_sunamo\SunamoGetFolders\FSGetFolders.cs(70,90): warning CS8625: Cannot convert null literal to non-nullable reference type. [E:\vs\Projects\PlatformIndependentNuGetPackages\SunamoFileSystem\SunamoFileSystem\SunamoFileSystem.csproj::TargetFramework=net10.0]
E:\vs\Projects\PlatformIndependentNuGetPackages\SunamoFileSystem\SunamoFileSystem\FS.cs(3380,26): warning CS1591: Missing XML comment for publicly visible type or member 'FS.GetFileName(string)' [E:\vs\Projects\PlatformIndependentNuGetPackages\SunamoFileSystem\SunamoFileSystem\SunamoFileSystem.csproj::TargetFramework=net8.0]
E:\vs\Projects\PlatformIndependentNuGetPackages\SunamoFileSystem\SunamoFileSystem\FS.cs(269,77): warning CS8625: Cannot convert null literal to non-nullable reference type. [E:\vs\Projects\PlatformIndependentNuGetPackages\SunamoFileSystem\SunamoFileSystem\SunamoFileSystem.csproj::TargetFramework=net10.0]
E:\vs\Projects\PlatformIndependentNuGetPackages\SunamoFileSystem\SunamoFileSystem\FS.cs(3385,26): warning CS1591: Missing XML comment for publicly visible type or member 'FS.NormalizeExtension2(string)' [E:\vs\Projects\PlatformIndependentNuGetPackages\SunamoFileSystem\SunamoFileSystem\SunamoFileSystem.csproj::TargetFramework=net8.0]
E:\vs\Projects\PlatformIndependentNuGetPackages\SunamoFileSystem\SunamoFileSystem\FS.cs(3665,5): warning CS1587: XML comment is not placed on a valid language element [E:\vs\Projects\PlatformIndependentNuGetPackages\SunamoFileSystem\SunamoFileSystem\SunamoFileSystem.csproj::TargetFramework=net8.0]
E:\vs\Projects\PlatformIndependentNuGetPackages\SunamoFileSystem\SunamoFileSystem\FS.cs(1238,161): warning CS8625: Cannot convert null literal to non-nullable reference type. [E:\vs\Projects\PlatformIndependentNuGetPackages\SunamoFileSystem\SunamoFileSystem\SunamoFileSystem.csproj::TargetFramework=net10.0]
E:\vs\Projects\PlatformIndependentNuGetPackages\SunamoFileSystem\SunamoFileSystem\FS.cs(1409,98): warning CS8625: Cannot convert null literal to non-nullable reference type. [E:\vs\Projects\PlatformIndependentNuGetPackages\SunamoFileSystem\SunamoFileSystem\SunamoFileSystem.csproj::TargetFramework=net10.0]
E:\vs\Projects\PlatformIndependentNuGetPackages\SunamoFileSystem\SunamoFileSystem\FS.cs(3703,22): warning CS1572: XML comment has a param tag for 'fn', but there is no parameter by that name [E:\vs\Projects\PlatformIndependentNuGetPackages\SunamoFileSystem\SunamoFileSystem\SunamoFileSystem.csproj::TargetFramework=net8.0]
E:\vs\Projects\PlatformIndependentNuGetPackages\SunamoFileSystem\SunamoFileSystem\FS.cs(1444,103): warning CS8625: Cannot convert null literal to non-nullable reference type. [E:\vs\Projects\PlatformIndependentNuGetPackages\SunamoFileSystem\SunamoFileSystem\SunamoFileSystem.csproj::TargetFramework=net10.0]
E:\vs\Projects\PlatformIndependentNuGetPackages\SunamoFileSystem\SunamoFileSystem\FS.cs(3704,22): warning CS1572: XML comment has a param tag for 'path', but there is no parameter by that name [E:\vs\Projects\PlatformIndependentNuGetPackages\SunamoFileSystem\SunamoFileSystem\SunamoFileSystem.csproj::TargetFramework=net8.0]
E:\vs\Projects\PlatformIndependentNuGetPackages\SunamoFileSystem\SunamoFileSystem\FS.cs(2599,147): warning CS8625: Cannot convert null literal to non-nullable reference type. [E:\vs\Projects\PlatformIndependentNuGetPackages\SunamoFileSystem\SunamoFileSystem\SunamoFileSystem.csproj::TargetFramework=net10.0]
E:\vs\Projects\PlatformIndependentNuGetPackages\SunamoFileSystem\SunamoFileSystem\FS.cs(3705,22): warning CS1572: XML comment has a param tag for 'file', but there is no parameter by that name [E:\vs\Projects\PlatformIndependentNuGetPackages\SunamoFileSystem\SunamoFileSystem\SunamoFileSystem.csproj::TargetFramework=net8.0]
E:\vs\Projects\PlatformIndependentNuGetPackages\SunamoFileSystem\SunamoFileSystem\FS.cs(2610,136): warning CS8625: Cannot convert null literal to non-nullable reference type. [E:\vs\Projects\PlatformIndependentNuGetPackages\SunamoFileSystem\SunamoFileSystem\SunamoFileSystem.csproj::TargetFramework=net10.0]
E:\vs\Projects\PlatformIndependentNuGetPackages\SunamoFileSystem\SunamoFileSystem\FS.cs(3767,51): warning CS1573: Parameter 'folder' has no matching param tag in the XML comment for 'FS.FilesWithSameName(string, string, SearchOption)' (but other parameters do) [E:\vs\Projects\PlatformIndependentNuGetPackages\SunamoFileSystem\SunamoFileSystem\SunamoFileSystem.csproj::TargetFramework=net8.0]
E:\vs\Projects\PlatformIndependentNuGetPackages\SunamoFileSystem\SunamoFileSystem\_public\SunamoCollectionsGeneric\Collections\FsWatcherDictionary.cs(14,20): warning CS8603: Possible null reference return. [E:\vs\Projects\PlatformIndependentNuGetPackages\SunamoFileSystem\SunamoFileSystem\SunamoFileSystem.csproj::TargetFramework=net10.0]
E:\vs\Projects\PlatformIndependentNuGetPackages\SunamoFileSystem\SunamoFileSystem\FS.cs(3767,66): warning CS1573: Parameter 'searchPattern' has no matching param tag in the XML comment for 'FS.FilesWithSameName(string, string, SearchOption)' (but other parameters do) [E:\vs\Projects\PlatformIndependentNuGetPackages\SunamoFileSystem\SunamoFileSystem\SunamoFileSystem.csproj::TargetFramework=net8.0]
E:\vs\Projects\PlatformIndependentNuGetPackages\SunamoFileSystem\SunamoFileSystem\FS.cs(20,17): warning CS8602: Dereference of a possibly null reference. [E:\vs\Projects\PlatformIndependentNuGetPackages\SunamoFileSystem\SunamoFileSystem\SunamoFileSystem.csproj::TargetFramework=net10.0]
E:\vs\Projects\PlatformIndependentNuGetPackages\SunamoFileSystem\SunamoFileSystem\FS.cs(3767,94): warning CS1573: Parameter 'searchOption' has no matching param tag in the XML comment for 'FS.FilesWithSameName(string, string, SearchOption)' (but other parameters do) [E:\vs\Projects\PlatformIndependentNuGetPackages\SunamoFileSystem\SunamoFileSystem\SunamoFileSystem.csproj::TargetFramework=net8.0]
E:\vs\Projects\PlatformIndependentNuGetPackages\SunamoFileSystem\SunamoFileSystem\_public\SunamoData\Data\TWithInt.cs(28,16): warning CS8603: Possible null reference return. [E:\vs\Projects\PlatformIndependentNuGetPackages\SunamoFileSystem\SunamoFileSystem\SunamoFileSystem.csproj::TargetFramework=net10.0]
E:\vs\Projects\PlatformIndependentNuGetPackages\SunamoFileSystem\SunamoFileSystem\FS.cs(3806,22): warning CS1572: XML comment has a param tag for 'p', but there is no parameter by that name [E:\vs\Projects\PlatformIndependentNuGetPackages\SunamoFileSystem\SunamoFileSystem\SunamoFileSystem.csproj::TargetFramework=net8.0]
E:\vs\Projects\PlatformIndependentNuGetPackages\SunamoFileSystem\SunamoFileSystem\_public\SunamoCollectionsGeneric\Collections\FsWatcherDictionary.cs(74,45): warning CS8601: Possible null reference assignment. [E:\vs\Projects\PlatformIndependentNuGetPackages\SunamoFileSystem\SunamoFileSystem\SunamoFileSystem.csproj::TargetFramework=net10.0]
E:\vs\Projects\PlatformIndependentNuGetPackages\SunamoFileSystem\SunamoFileSystem\FS.cs(3810,78): warning CS1573: Parameter 'a1IsWithPath' has no matching param tag in the XML comment for 'FS.GetNameWithoutSeriesNoOut(string, bool, SerieStyleFS)' (but other parameters do) [E:\vs\Projects\PlatformIndependentNuGetPackages\SunamoFileSystem\SunamoFileSystem\SunamoFileSystem.csproj::TargetFramework=net8.0]
E:\vs\Projects\PlatformIndependentNuGetPackages\SunamoFileSystem\SunamoFileSystem\_sunamo\SunamoArgs\GetFilesBaseArgsFS.cs(10,51): warning CS8625: Cannot convert null literal to non-nullable reference type. [E:\vs\Projects\PlatformIndependentNuGetPackages\SunamoFileSystem\SunamoFileSystem\SunamoFileSystem.csproj::TargetFramework=net10.0]
E:\vs\Projects\PlatformIndependentNuGetPackages\SunamoFileSystem\SunamoFileSystem\FS.cs(3816,26): warning CS1591: Missing XML comment for publicly visible type or member 'FS.GetNameWithoutSeries(string, bool, out bool, SerieStyleFS)' [E:\vs\Projects\PlatformIndependentNuGetPackages\SunamoFileSystem\SunamoFileSystem\SunamoFileSystem.csproj::TargetFramework=net8.0]
E:\vs\Projects\PlatformIndependentNuGetPackages\SunamoFileSystem\SunamoFileSystem\FS.cs(3828,22): warning CS1572: XML comment has a param tag for 'p', but there is no parameter by that name [E:\vs\Projects\PlatformIndependentNuGetPackages\SunamoFileSystem\SunamoFileSystem\SunamoFileSystem.csproj::TargetFramework=net8.0]
E:\vs\Projects\PlatformIndependentNuGetPackages\SunamoFileSystem\SunamoFileSystem\_sunamo\SunamoStringParts\SHParts.cs(8,36): warning CS8604: Possible null reference argument for parameter 'value' in 'int string.LastIndexOf(string value)'. [E:\vs\Projects\PlatformIndependentNuGetPackages\SunamoFileSystem\SunamoFileSystem\SunamoFileSystem.csproj::TargetFramework=net10.0]
E:\vs\Projects\PlatformIndependentNuGetPackages\SunamoFileSystem\SunamoFileSystem\FS.cs(3831,54): warning CS1573: Parameter 'path' has no matching param tag in the XML comment for 'FS.GetNameWithoutSeries(string, bool, out bool, SerieStyleFS, out int)' (but other parameters do) [E:\vs\Projects\PlatformIndependentNuGetPackages\SunamoFileSystem\SunamoFileSystem\SunamoFileSystem.csproj::TargetFramework=net8.0]
E:\vs\Projects\PlatformIndependentNuGetPackages\SunamoFileSystem\SunamoFileSystem\FS.cs(72,44): warning CS8604: Possible null reference argument for parameter 'path' in 'void FS.CreateFoldersPsysicallyUnlessThere(string path)'. [E:\vs\Projects\PlatformIndependentNuGetPackages\SunamoFileSystem\SunamoFileSystem\SunamoFileSystem.csproj::TargetFramework=net10.0]
E:\vs\Projects\PlatformIndependentNuGetPackages\SunamoFileSystem\SunamoFileSystem\FS.cs(92,20): warning CS8600: Converting null literal or possible null value to non-nullable type. [E:\vs\Projects\PlatformIndependentNuGetPackages\SunamoFileSystem\SunamoFileSystem\SunamoFileSystem.csproj::TargetFramework=net10.0]
E:\vs\Projects\PlatformIndependentNuGetPackages\SunamoFileSystem\SunamoFileSystem\FS.cs(3831,111): warning CS1573: Parameter 'serieStyle' has no matching param tag in the XML comment for 'FS.GetNameWithoutSeries(string, bool, out bool, SerieStyleFS, out int)' (but other parameters do) [E:\vs\Projects\PlatformIndependentNuGetPackages\SunamoFileSystem\SunamoFileSystem\SunamoFileSystem.csproj::TargetFramework=net8.0]
E:\vs\Projects\PlatformIndependentNuGetPackages\SunamoFileSystem\SunamoFileSystem\FS.cs(95,33): warning CS8604: Possible null reference argument for parameter 'item' in 'void List<string>.Add(string item)'. [E:\vs\Projects\PlatformIndependentNuGetPackages\SunamoFileSystem\SunamoFileSystem\SunamoFileSystem.csproj::TargetFramework=net10.0]
E:\vs\Projects\PlatformIndependentNuGetPackages\SunamoFileSystem\SunamoFileSystem\FS.cs(3832,17): warning CS1573: Parameter 'serie' has no matching param tag in the XML comment for 'FS.GetNameWithoutSeries(string, bool, out bool, SerieStyleFS, out int)' (but other parameters do) [E:\vs\Projects\PlatformIndependentNuGetPackages\SunamoFileSystem\SunamoFileSystem\SunamoFileSystem.csproj::TargetFramework=net8.0]
E:\vs\Projects\PlatformIndependentNuGetPackages\SunamoFileSystem\SunamoFileSystem\_sunamo\SunamoGetFolders\FSGetFolders.cs(18,32): warning CS8600: Converting null literal or possible null value to non-nullable type. [E:\vs\Projects\PlatformIndependentNuGetPackages\SunamoFileSystem\SunamoFileSystem\SunamoFileSystem.csproj::TargetFramework=net10.0]
E:\vs\Projects\PlatformIndependentNuGetPackages\SunamoFileSystem\SunamoFileSystem\_sunamo\SunamoGetFolders\FSGetFolders.cs(23,54): warning CS8625: Cannot convert null literal to non-nullable reference type. [E:\vs\Projects\PlatformIndependentNuGetPackages\SunamoFileSystem\SunamoFileSystem\SunamoFileSystem.csproj::TargetFramework=net10.0]
E:\vs\Projects\PlatformIndependentNuGetPackages\SunamoFileSystem\SunamoFileSystem\_sunamo\SunamoCollections\CA.cs(17,50): warning CS8604: Possible null reference argument for parameter 'item' in 'void List<T>.Add(T item)'. [E:\vs\Projects\PlatformIndependentNuGetPackages\SunamoFileSystem\SunamoFileSystem\SunamoFileSystem.csproj::TargetFramework=net10.0]
E:\vs\Projects\PlatformIndependentNuGetPackages\SunamoFileSystem\SunamoFileSystem\FS.cs(3903,26): warning CS1591: Missing XML comment for publicly visible type or member 'FS.RemoveSerieUnderscore(string)' [E:\vs\Projects\PlatformIndependentNuGetPackages\SunamoFileSystem\SunamoFileSystem\SunamoFileSystem.csproj::TargetFramework=net8.0]
E:\vs\Projects\PlatformIndependentNuGetPackages\SunamoFileSystem\SunamoFileSystem\_sunamo\SunamoStringSplit\SHSplit.cs(16,28): warning CS8600: Converting null literal or possible null value to non-nullable type. [E:\vs\Projects\PlatformIndependentNuGetPackages\SunamoFileSystem\SunamoFileSystem\SunamoFileSystem.csproj::TargetFramework=net10.0]
E:\vs\Projects\PlatformIndependentNuGetPackages\SunamoFileSystem\SunamoFileSystem\FS.cs(3929,24): warning CS1591: Missing XML comment for publicly visible type or member 'FS.DeleteFile(string)' [E:\vs\Projects\PlatformIndependentNuGetPackages\SunamoFileSystem\SunamoFileSystem\SunamoFileSystem.csproj::TargetFramework=net8.0]
E:\vs\Projects\PlatformIndependentNuGetPackages\SunamoFileSystem\SunamoFileSystem\_sunamo\SunamoStringSplit\SHSplit.cs(17,37): warning CS8600: Converting null literal or possible null value to non-nullable type. [E:\vs\Projects\PlatformIndependentNuGetPackages\SunamoFileSystem\SunamoFileSystem\SunamoFileSystem.csproj::TargetFramework=net10.0]
E:\vs\Projects\PlatformIndependentNuGetPackages\SunamoFileSystem\SunamoFileSystem\FS.cs(3955,22): warning CS1572: XML comment has a param tag for 'fn', but there is no parameter by that name [E:\vs\Projects\PlatformIndependentNuGetPackages\SunamoFileSystem\SunamoFileSystem\SunamoFileSystem.csproj::TargetFramework=net8.0]
E:\vs\Projects\PlatformIndependentNuGetPackages\SunamoFileSystem\SunamoFileSystem\_sunamo\SunamoStringSplit\SHSplit.cs(18,39): warning CS8600: Converting null literal or possible null value to non-nullable type. [E:\vs\Projects\PlatformIndependentNuGetPackages\SunamoFileSystem\SunamoFileSystem\SunamoFileSystem.csproj::TargetFramework=net10.0]
E:\vs\Projects\PlatformIndependentNuGetPackages\SunamoFileSystem\SunamoFileSystem\FS.cs(3959,66): warning CS1573: Parameter 'filePath' has no matching param tag in the XML comment for 'FS.GetPathAndFileNameWithoutExtension(string, out string, out string, out string)' (but other parameters do) [E:\vs\Projects\PlatformIndependentNuGetPackages\SunamoFileSystem\SunamoFileSystem\SunamoFileSystem.csproj::TargetFramework=net8.0]
E:\vs\Projects\PlatformIndependentNuGetPackages\SunamoFileSystem\SunamoFileSystem\_sunamo\SunamoGetFolders\Args\GetFoldersEveryFolderArgs.cs(14,62): warning CS8625: Cannot convert null literal to non-nullable reference type. [E:\vs\Projects\PlatformIndependentNuGetPackages\SunamoFileSystem\SunamoFileSystem\SunamoFileSystem.csproj::TargetFramework=net10.0]
E:\vs\Projects\PlatformIndependentNuGetPackages\SunamoFileSystem\SunamoFileSystem\FS.cs(3965,26): warning CS1591: Missing XML comment for publicly visible type or member 'FS.PathWithoutExtension(string)' [E:\vs\Projects\PlatformIndependentNuGetPackages\SunamoFileSystem\SunamoFileSystem\SunamoFileSystem.csproj::TargetFramework=net8.0]
E:\vs\Projects\PlatformIndependentNuGetPackages\SunamoFileSystem\SunamoFileSystem\_sunamo\SunamoGetFiles\FSGetFiles.cs(64,29): warning CS8600: Converting null literal or possible null value to non-nullable type. [E:\vs\Projects\PlatformIndependentNuGetPackages\SunamoFileSystem\SunamoFileSystem\SunamoFileSystem.csproj::TargetFramework=net10.0]
E:\vs\Projects\PlatformIndependentNuGetPackages\SunamoFileSystem\SunamoFileSystem\FS.cs(3971,26): warning CS1591: Missing XML comment for publicly visible type or member 'FS.GetFullPath(string)' [E:\vs\Projects\PlatformIndependentNuGetPackages\SunamoFileSystem\SunamoFileSystem\SunamoFileSystem.csproj::TargetFramework=net8.0]
E:\vs\Projects\PlatformIndependentNuGetPackages\SunamoFileSystem\SunamoFileSystem\_sunamo\SunamoGetFiles\FSGetFiles.cs(76,13): warning CS8602: Dereference of a possibly null reference. [E:\vs\Projects\PlatformIndependentNuGetPackages\SunamoFileSystem\SunamoFileSystem\SunamoFileSystem.csproj::TargetFramework=net10.0]
E:\vs\Projects\PlatformIndependentNuGetPackages\SunamoFileSystem\SunamoFileSystem\_sunamo\SunamoGetFiles\FSGetFiles.cs(77,13): warning CS8602: Dereference of a possibly null reference. [E:\vs\Projects\PlatformIndependentNuGetPackages\SunamoFileSystem\SunamoFileSystem\SunamoFileSystem.csproj::TargetFramework=net10.0]
E:\vs\Projects\PlatformIndependentNuGetPackages\SunamoFileSystem\SunamoFileSystem\FS.cs(3977,24): warning CS1591: Missing XML comment for publicly visible type or member 'FS.FileToDirectory(ref string)' [E:\vs\Projects\PlatformIndependentNuGetPackages\SunamoFileSystem\SunamoFileSystem\SunamoFileSystem.csproj::TargetFramework=net8.0]
E:\vs\Projects\PlatformIndependentNuGetPackages\SunamoFileSystem\SunamoFileSystem\_sunamo\SunamoGetFiles\FSGetFiles.cs(86,25): warning CS8600: Converting null literal or possible null value to non-nullable type. [E:\vs\Projects\PlatformIndependentNuGetPackages\SunamoFileSystem\SunamoFileSystem\SunamoFileSystem.csproj::TargetFramework=net10.0]
E:\vs\Projects\PlatformIndependentNuGetPackages\SunamoFileSystem\SunamoFileSystem\FS.cs(4017,32): warning CS1591: Missing XML comment for publicly visible type or member 'FS.FilesWhichSurelyExists' [E:\vs\Projects\PlatformIndependentNuGetPackages\SunamoFileSystem\SunamoFileSystem\SunamoFileSystem.csproj::TargetFramework=net8.0]
E:\vs\Projects\PlatformIndependentNuGetPackages\SunamoFileSystem\SunamoFileSystem\_sunamo\SunamoGetFiles\FSGetFiles.cs(122,13): warning CS8602: Dereference of a possibly null reference. [E:\vs\Projects\PlatformIndependentNuGetPackages\SunamoFileSystem\SunamoFileSystem\SunamoFileSystem.csproj::TargetFramework=net10.0]
E:\vs\Projects\PlatformIndependentNuGetPackages\SunamoFileSystem\SunamoFileSystem\_sunamo\SunamoGetFiles\FSGetFiles.cs(123,13): warning CS8602: Dereference of a possibly null reference. [E:\vs\Projects\PlatformIndependentNuGetPackages\SunamoFileSystem\SunamoFileSystem\SunamoFileSystem.csproj::TargetFramework=net10.0]
E:\vs\Projects\PlatformIndependentNuGetPackages\SunamoFileSystem\SunamoFileSystem\_sunamo\SunamoGetFiles\FSGetFiles.cs(147,47): warning CS8602: Dereference of a possibly null reference. [E:\vs\Projects\PlatformIndependentNuGetPackages\SunamoFileSystem\SunamoFileSystem\SunamoFileSystem.csproj::TargetFramework=net10.0]
E:\vs\Projects\PlatformIndependentNuGetPackages\SunamoFileSystem\SunamoFileSystem\_sunamo\SunamoGetFiles\FSGetFiles.cs(148,32): warning CS8603: Possible null reference return. [E:\vs\Projects\PlatformIndependentNuGetPackages\SunamoFileSystem\SunamoFileSystem\SunamoFileSystem.csproj::TargetFramework=net10.0]
E:\vs\Projects\PlatformIndependentNuGetPackages\SunamoFileSystem\SunamoFileSystem\_sunamo\SunamoGetFiles\FSGetFiles.cs(158,35): warning CS8602: Dereference of a possibly null reference. [E:\vs\Projects\PlatformIndependentNuGetPackages\SunamoFileSystem\SunamoFileSystem\SunamoFileSystem.csproj::TargetFramework=net10.0]
E:\vs\Projects\PlatformIndependentNuGetPackages\SunamoFileSystem\SunamoFileSystem\_sunamo\SunamoGetFiles\FSGetFiles.cs(177,31): warning CS8602: Dereference of a possibly null reference. [E:\vs\Projects\PlatformIndependentNuGetPackages\SunamoFileSystem\SunamoFileSystem\SunamoFileSystem.csproj::TargetFramework=net10.0]
E:\vs\Projects\PlatformIndependentNuGetPackages\SunamoFileSystem\SunamoFileSystem\FS.cs(4034,46): warning CS1573: Parameter 'falseIfSizeZeroOrEmpty' has no matching param tag in the XML comment for 'FS.ExistsFile(string, bool)' (but other parameters do) [E:\vs\Projects\PlatformIndependentNuGetPackages\SunamoFileSystem\SunamoFileSystem\SunamoFileSystem.csproj::TargetFramework=net8.0]
E:\vs\Projects\PlatformIndependentNuGetPackages\SunamoFileSystem\SunamoFileSystem\_sunamo\SunamoGetFiles\FSGetFiles.cs(65,13): warning CS0219: The variable 'measureTime' is assigned but its value is never used [E:\vs\Projects\PlatformIndependentNuGetPackages\SunamoFileSystem\SunamoFileSystem\SunamoFileSystem.csproj::TargetFramework=net10.0]
E:\vs\Projects\PlatformIndependentNuGetPackages\SunamoFileSystem\SunamoFileSystem\FS.cs(4072,22): warning CS1572: XML comment has a param tag for 'upFolderName', but there is no parameter by that name [E:\vs\Projects\PlatformIndependentNuGetPackages\SunamoFileSystem\SunamoFileSystem\SunamoFileSystem.csproj::TargetFramework=net8.0]
E:\vs\Projects\PlatformIndependentNuGetPackages\SunamoFileSystem\SunamoFileSystem\_sunamo\SunamoCollectionsChangeContent\CAChangeContent.cs(20,47): warning CS8625: Cannot convert null literal to non-nullable reference type. [E:\vs\Projects\PlatformIndependentNuGetPackages\SunamoFileSystem\SunamoFileSystem\SunamoFileSystem.csproj::TargetFramework=net10.0]
E:\vs\Projects\PlatformIndependentNuGetPackages\SunamoFileSystem\SunamoFileSystem\FS.cs(4073,22): warning CS1572: XML comment has a param tag for 'dirNameDecoded', but there is no parameter by that name [E:\vs\Projects\PlatformIndependentNuGetPackages\SunamoFileSystem\SunamoFileSystem\SunamoFileSystem.csproj::TargetFramework=net8.0]
E:\vs\Projects\PlatformIndependentNuGetPackages\SunamoFileSystem\SunamoFileSystem\FS.cs(4074,50): warning CS1573: Parameter 'parts' has no matching param tag in the XML comment for 'FS.Combine(params string[])' (but other parameters do) [E:\vs\Projects\PlatformIndependentNuGetPackages\SunamoFileSystem\SunamoFileSystem\SunamoFileSystem.csproj::TargetFramework=net8.0]
E:\vs\Projects\PlatformIndependentNuGetPackages\SunamoFileSystem\SunamoFileSystem\FS.cs(223,33): warning CS8604: Possible null reference argument for parameter 'path1' in 'string Path.Combine(string path1, string path2)'. [E:\vs\Projects\PlatformIndependentNuGetPackages\SunamoFileSystem\SunamoFileSystem\SunamoFileSystem.csproj::TargetFramework=net10.0]
E:\vs\Projects\PlatformIndependentNuGetPackages\SunamoFileSystem\SunamoFileSystem\FS.cs(4079,26): warning CS1591: Missing XML comment for publicly visible type or member 'FS.CombineFile(params string[])' [E:\vs\Projects\PlatformIndependentNuGetPackages\SunamoFileSystem\SunamoFileSystem\SunamoFileSystem.csproj::TargetFramework=net8.0]
E:\vs\Projects\PlatformIndependentNuGetPackages\SunamoFileSystem\SunamoFileSystem\_sunamo\SunamoDictionary\DictionaryHelper.cs(73,21): warning CS8604: Possible null reference argument for parameter 'first' in 'bool Enumerable.SequenceEqual<ColType>(IEnumerable<ColType> first, IEnumerable<ColType> second)'. [E:\vs\Projects\PlatformIndependentNuGetPackages\SunamoFileSystem\SunamoFileSystem\SunamoFileSystem.csproj::TargetFramework=net10.0]
E:\vs\Projects\PlatformIndependentNuGetPackages\SunamoFileSystem\SunamoFileSystem\_sunamo\SunamoDictionary\DictionaryHelper.cs(73,55): warning CS8604: Possible null reference argument for parameter 'second' in 'bool Enumerable.SequenceEqual<ColType>(IEnumerable<ColType> first, IEnumerable<ColType> second)'. [E:\vs\Projects\PlatformIndependentNuGetPackages\SunamoFileSystem\SunamoFileSystem\SunamoFileSystem.csproj::TargetFramework=net10.0]
E:\vs\Projects\PlatformIndependentNuGetPackages\SunamoFileSystem\SunamoFileSystem\FS.cs(4083,26): warning CS1591: Missing XML comment for publicly visible type or member 'FS.CombineDir(params string[])' [E:\vs\Projects\PlatformIndependentNuGetPackages\SunamoFileSystem\SunamoFileSystem\SunamoFileSystem.csproj::TargetFramework=net8.0]
E:\vs\Projects\PlatformIndependentNuGetPackages\SunamoFileSystem\SunamoFileSystem\_sunamo\SunamoDictionary\DictionaryHelper.cs(81,25): warning CS8604: Possible null reference argument for parameter 'first' in 'bool Enumerable.SequenceEqual<ColType>(IEnumerable<ColType> first, IEnumerable<ColType> second)'. [E:\vs\Projects\PlatformIndependentNuGetPackages\SunamoFileSystem\SunamoFileSystem\SunamoFileSystem.csproj::TargetFramework=net10.0]
E:\vs\Projects\PlatformIndependentNuGetPackages\SunamoFileSystem\SunamoFileSystem\FS.cs(4108,24): warning CS1591: Missing XML comment for publicly visible type or member 'FS.GetFolderSize(string)' [E:\vs\Projects\PlatformIndependentNuGetPackages\SunamoFileSystem\SunamoFileSystem\SunamoFileSystem.csproj::TargetFramework=net8.0]
E:\vs\Projects\PlatformIndependentNuGetPackages\SunamoFileSystem\SunamoFileSystem\FS.cs(4112,24): warning CS1591: Missing XML comment for publicly visible type or member 'FS.GetFolderSize(DirectoryInfo)' [E:\vs\Projects\PlatformIndependentNuGetPackages\SunamoFileSystem\SunamoFileSystem\SunamoFileSystem.csproj::TargetFramework=net8.0]
E:\vs\Projects\PlatformIndependentNuGetPackages\SunamoFileSystem\SunamoFileSystem\_sunamo\SunamoDictionary\DictionaryHelper.cs(81,59): warning CS8604: Possible null reference argument for parameter 'second' in 'bool Enumerable.SequenceEqual<ColType>(IEnumerable<ColType> first, IEnumerable<ColType> second)'. [E:\vs\Projects\PlatformIndependentNuGetPackages\SunamoFileSystem\SunamoFileSystem\SunamoFileSystem.csproj::TargetFramework=net10.0]
E:\vs\Projects\PlatformIndependentNuGetPackages\SunamoFileSystem\SunamoFileSystem\FS.cs(4142,52): warning CS1591: Missing XML comment for publicly visible type or member 'FS.GroupFilesByName(List<string>)' [E:\vs\Projects\PlatformIndependentNuGetPackages\SunamoFileSystem\SunamoFileSystem\SunamoFileSystem.csproj::TargetFramework=net8.0]
E:\vs\Projects\PlatformIndependentNuGetPackages\SunamoFileSystem\SunamoFileSystem\_sunamo\SunamoDictionary\DictionaryHelper.cs(99,36): warning CS8602: Dereference of a possibly null reference. [E:\vs\Projects\PlatformIndependentNuGetPackages\SunamoFileSystem\SunamoFileSystem\SunamoFileSystem.csproj::TargetFramework=net10.0]
E:\vs\Projects\PlatformIndependentNuGetPackages\SunamoFileSystem\SunamoFileSystem\FS.cs(4148,26): warning CS1591: Missing XML comment for publicly visible type or member 'FS.BasePath(List<string>, string)' [E:\vs\Projects\PlatformIndependentNuGetPackages\SunamoFileSystem\SunamoFileSystem\SunamoFileSystem.csproj::TargetFramework=net8.0]
E:\vs\Projects\PlatformIndependentNuGetPackages\SunamoFileSystem\SunamoFileSystem\_sunamo\SunamoDictionary\DictionaryHelper.cs(99,36): warning CS8604: Possible null reference argument for parameter 'item' in 'void List<string>.Add(string item)'. [E:\vs\Projects\PlatformIndependentNuGetPackages\SunamoFileSystem\SunamoFileSystem\SunamoFileSystem.csproj::TargetFramework=net10.0]
E:\vs\Projects\PlatformIndependentNuGetPackages\SunamoFileSystem\SunamoFileSystem\FS.cs(4155,24): warning CS1591: Missing XML comment for publicly visible type or member 'FS.HasAnyFoldersOrFiles(string)' [E:\vs\Projects\PlatformIndependentNuGetPackages\SunamoFileSystem\SunamoFileSystem\SunamoFileSystem.csproj::TargetFramework=net8.0]
E:\vs\Projects\PlatformIndependentNuGetPackages\SunamoFileSystem\SunamoFileSystem\_sunamo\SunamoDictionary\DictionaryHelper.cs(100,21): warning CS8602: Dereference of a possibly null reference. [E:\vs\Projects\PlatformIndependentNuGetPackages\SunamoFileSystem\SunamoFileSystem\SunamoFileSystem.csproj::TargetFramework=net10.0]
E:\vs\Projects\PlatformIndependentNuGetPackages\SunamoFileSystem\SunamoFileSystem\FS.cs(4160,24): warning CS1591: Missing XML comment for publicly visible type or member 'FS.MoveDirectoryNoRecursive(string, string, DirectoryMoveCollisionOption, object)' [E:\vs\Projects\PlatformIndependentNuGetPackages\SunamoFileSystem\SunamoFileSystem\SunamoFileSystem.csproj::TargetFramework=net8.0]
E:\vs\Projects\PlatformIndependentNuGetPackages\SunamoFileSystem\SunamoFileSystem\_sunamo\SunamoDictionary\DictionaryHelper.cs(116,33): warning CS8602: Dereference of a possibly null reference. [E:\vs\Projects\PlatformIndependentNuGetPackages\SunamoFileSystem\SunamoFileSystem\SunamoFileSystem.csproj::TargetFramework=net10.0]
E:\vs\Projects\PlatformIndependentNuGetPackages\SunamoFileSystem\SunamoFileSystem\SerieStyleFS.cs(25,5): warning CS1591: Missing XML comment for publicly visible type or member 'SerieStyleFS.All' [E:\vs\Projects\PlatformIndependentNuGetPackages\SunamoFileSystem\SunamoFileSystem\SunamoFileSystem.csproj::TargetFramework=net8.0]
E:\vs\Projects\PlatformIndependentNuGetPackages\SunamoFileSystem\SunamoFileSystem\_sunamo\SunamoDictionary\DictionaryHelper.cs(116,58): warning CS8602: Dereference of a possibly null reference. [E:\vs\Projects\PlatformIndependentNuGetPackages\SunamoFileSystem\SunamoFileSystem\SunamoFileSystem.csproj::TargetFramework=net10.0]
E:\vs\Projects\PlatformIndependentNuGetPackages\SunamoFileSystem\SunamoFileSystem\Services\PathFormatDetectorService.cs(4,14): warning CS1591: Missing XML comment for publicly visible type or member 'PathFormatDetectorService' [E:\vs\Projects\PlatformIndependentNuGetPackages\SunamoFileSystem\SunamoFileSystem\SunamoFileSystem.csproj::TargetFramework=net8.0]
E:\vs\Projects\PlatformIndependentNuGetPackages\SunamoFileSystem\SunamoFileSystem\Services\PathFormatDetectorService.cs(4,14): warning CS1591: Missing XML comment for publicly visible type or member 'PathFormatDetectorService.PathFormatDetectorService(ILogger)' [E:\vs\Projects\PlatformIndependentNuGetPackages\SunamoFileSystem\SunamoFileSystem\SunamoFileSystem.csproj::TargetFramework=net8.0]
E:\vs\Projects\PlatformIndependentNuGetPackages\SunamoFileSystem\SunamoFileSystem\Services\PathFormatDetectorService.cs(6,17): warning CS1591: Missing XML comment for publicly visible type or member 'PathFormatDetectorService.IsWindowsPathFormat(string)' [E:\vs\Projects\PlatformIndependentNuGetPackages\SunamoFileSystem\SunamoFileSystem\SunamoFileSystem.csproj::TargetFramework=net8.0]
E:\vs\Projects\PlatformIndependentNuGetPackages\SunamoFileSystem\SunamoFileSystem\_public\SunamoCollectionsGeneric\Collections\FsWatcherDictionary.cs(4,14): warning CS1591: Missing XML comment for publicly visible type or member 'FsWatcherDictionary<T, U>' [E:\vs\Projects\PlatformIndependentNuGetPackages\SunamoFileSystem\SunamoFileSystem\SunamoFileSystem.csproj::TargetFramework=net8.0]
E:\vs\Projects\PlatformIndependentNuGetPackages\SunamoFileSystem\SunamoFileSystem\_public\SunamoCollectionsGeneric\Collections\FsWatcherDictionary.cs(9,14): warning CS1591: Missing XML comment for publicly visible type or member 'FsWatcherDictionary<T, U>.this[T]' [E:\vs\Projects\PlatformIndependentNuGetPackages\SunamoFileSystem\SunamoFileSystem\SunamoFileSystem.csproj::TargetFramework=net8.0]
E:\vs\Projects\PlatformIndependentNuGetPackages\SunamoFileSystem\SunamoFileSystem\_public\SunamoCollectionsGeneric\Collections\FsWatcherDictionary.cs(19,27): warning CS1591: Missing XML comment for publicly visible type or member 'FsWatcherDictionary<T, U>.Keys' [E:\vs\Projects\PlatformIndependentNuGetPackages\SunamoFileSystem\SunamoFileSystem\SunamoFileSystem.csproj::TargetFramework=net8.0]
E:\vs\Projects\PlatformIndependentNuGetPackages\SunamoFileSystem\SunamoFileSystem\_public\SunamoCollectionsGeneric\Collections\FsWatcherDictionary.cs(20,27): warning CS1591: Missing XML comment for publicly visible type or member 'FsWatcherDictionary<T, U>.Values' [E:\vs\Projects\PlatformIndependentNuGetPackages\SunamoFileSystem\SunamoFileSystem\SunamoFileSystem.csproj::TargetFramework=net8.0]
E:\vs\Projects\PlatformIndependentNuGetPackages\SunamoFileSystem\SunamoFileSystem\_public\SunamoCollectionsGeneric\Collections\FsWatcherDictionary.cs(21,16): warning CS1591: Missing XML comment for publicly visible type or member 'FsWatcherDictionary<T, U>.Count' [E:\vs\Projects\PlatformIndependentNuGetPackages\SunamoFileSystem\SunamoFileSystem\SunamoFileSystem.csproj::TargetFramework=net8.0]
E:\vs\Projects\PlatformIndependentNuGetPackages\SunamoFileSystem\SunamoFileSystem\_public\SunamoCollectionsGeneric\Collections\FsWatcherDictionary.cs(22,17): warning CS1591: Missing XML comment for publicly visible type or member 'FsWatcherDictionary<T, U>.IsReadOnly' [E:\vs\Projects\PlatformIndependentNuGetPackages\SunamoFileSystem\SunamoFileSystem\SunamoFileSystem.csproj::TargetFramework=net8.0]
E:\vs\Projects\PlatformIndependentNuGetPackages\SunamoFileSystem\SunamoFileSystem\_public\SunamoCollectionsGeneric\Collections\FsWatcherDictionary.cs(24,17): warning CS1591: Missing XML comment for publicly visible type or member 'FsWatcherDictionary<T, U>.Add(T, U)' [E:\vs\Projects\PlatformIndependentNuGetPackages\SunamoFileSystem\SunamoFileSystem\SunamoFileSystem.csproj::TargetFramework=net8.0]
E:\vs\Projects\PlatformIndependentNuGetPackages\SunamoFileSystem\SunamoFileSystem\_public\SunamoCollectionsGeneric\Collections\FsWatcherDictionary.cs(32,17): warning CS1591: Missing XML comment for publicly visible type or member 'FsWatcherDictionary<T, U>.Add(KeyValuePair<T, U>)' [E:\vs\Projects\PlatformIndependentNuGetPackages\SunamoFileSystem\SunamoFileSystem\SunamoFileSystem.csproj::TargetFramework=net8.0]
E:\vs\Projects\PlatformIndependentNuGetPackages\SunamoFileSystem\SunamoFileSystem\_public\SunamoCollectionsGeneric\Collections\FsWatcherDictionary.cs(37,17): warning CS1591: Missing XML comment for publicly visible type or member 'FsWatcherDictionary<T, U>.Clear()' [E:\vs\Projects\PlatformIndependentNuGetPackages\SunamoFileSystem\SunamoFileSystem\SunamoFileSystem.csproj::TargetFramework=net8.0]
E:\vs\Projects\PlatformIndependentNuGetPackages\SunamoFileSystem\SunamoFileSystem\_public\SunamoCollectionsGeneric\Collections\FsWatcherDictionary.cs(42,17): warning CS1591: Missing XML comment for publicly visible type or member 'FsWatcherDictionary<T, U>.Contains(KeyValuePair<T, U>)' [E:\vs\Projects\PlatformIndependentNuGetPackages\SunamoFileSystem\SunamoFileSystem\SunamoFileSystem.csproj::TargetFramework=net8.0]
E:\vs\Projects\PlatformIndependentNuGetPackages\SunamoFileSystem\SunamoFileSystem\_public\SunamoCollectionsGeneric\Collections\FsWatcherDictionary.cs(47,17): warning CS1591: Missing XML comment for publicly visible type or member 'FsWatcherDictionary<T, U>.ContainsKey(T)' [E:\vs\Projects\PlatformIndependentNuGetPackages\SunamoFileSystem\SunamoFileSystem\SunamoFileSystem.csproj::TargetFramework=net8.0]
E:\vs\Projects\PlatformIndependentNuGetPackages\SunamoFileSystem\SunamoFileSystem\_public\SunamoCollectionsGeneric\Collections\FsWatcherDictionary.cs(52,17): warning CS1591: Missing XML comment for publicly visible type or member 'FsWatcherDictionary<T, U>.CopyTo(KeyValuePair<T, U>[], int)' [E:\vs\Projects\PlatformIndependentNuGetPackages\SunamoFileSystem\SunamoFileSystem\SunamoFileSystem.csproj::TargetFramework=net8.0]
E:\vs\Projects\PlatformIndependentNuGetPackages\SunamoFileSystem\SunamoFileSystem\_public\SunamoCollectionsGeneric\Collections\FsWatcherDictionary.cs(57,44): warning CS1591: Missing XML comment for publicly visible type or member 'FsWatcherDictionary<T, U>.GetEnumerator()' [E:\vs\Projects\PlatformIndependentNuGetPackages\SunamoFileSystem\SunamoFileSystem\SunamoFileSystem.csproj::TargetFramework=net8.0]
E:\vs\Projects\PlatformIndependentNuGetPackages\SunamoFileSystem\SunamoFileSystem\_public\SunamoCollectionsGeneric\Collections\FsWatcherDictionary.cs(62,17): warning CS1591: Missing XML comment for publicly visible type or member 'FsWatcherDictionary<T, U>.Remove(T)' [E:\vs\Projects\PlatformIndependentNuGetPackages\SunamoFileSystem\SunamoFileSystem\SunamoFileSystem.csproj::TargetFramework=net8.0]
E:\vs\Projects\PlatformIndependentNuGetPackages\SunamoFileSystem\SunamoFileSystem\_public\SunamoCollectionsGeneric\Collections\FsWatcherDictionary.cs(67,17): warning CS1591: Missing XML comment for publicly visible type or member 'FsWatcherDictionary<T, U>.Remove(KeyValuePair<T, U>)' [E:\vs\Projects\PlatformIndependentNuGetPackages\SunamoFileSystem\SunamoFileSystem\SunamoFileSystem.csproj::TargetFramework=net8.0]
E:\vs\Projects\PlatformIndependentNuGetPackages\SunamoFileSystem\SunamoFileSystem\_public\SunamoCollectionsGeneric\Collections\FsWatcherDictionary.cs(72,17): warning CS1591: Missing XML comment for publicly visible type or member 'FsWatcherDictionary<T, U>.TryGetValue(T, out U)' [E:\vs\Projects\PlatformIndependentNuGetPackages\SunamoFileSystem\SunamoFileSystem\SunamoFileSystem.csproj::TargetFramework=net8.0]
E:\vs\Projects\PlatformIndependentNuGetPackages\SunamoFileSystem\SunamoFileSystem\_public\SunamoEnums\Enums\AscDesc.cs(4,13): warning CS1591: Missing XML comment for publicly visible type or member 'AscDesc' [E:\vs\Projects\PlatformIndependentNuGetPackages\SunamoFileSystem\SunamoFileSystem\SunamoFileSystem.csproj::TargetFramework=net8.0]
E:\vs\Projects\PlatformIndependentNuGetPackages\SunamoFileSystem\SunamoFileSystem\_public\SunamoEnums\Enums\AscDesc.cs(6,5): warning CS1591: Missing XML comment for publicly visible type or member 'AscDesc.Asc' [E:\vs\Projects\PlatformIndependentNuGetPackages\SunamoFileSystem\SunamoFileSystem\SunamoFileSystem.csproj::TargetFramework=net8.0]
E:\vs\Projects\PlatformIndependentNuGetPackages\SunamoFileSystem\SunamoFileSystem\_public\SunamoEnums\Enums\AscDesc.cs(7,5): warning CS1591: Missing XML comment for publicly visible type or member 'AscDesc.Desc' [E:\vs\Projects\PlatformIndependentNuGetPackages\SunamoFileSystem\SunamoFileSystem\SunamoFileSystem.csproj::TargetFramework=net8.0]
E:\vs\Projects\PlatformIndependentNuGetPackages\SunamoFileSystem\SunamoFileSystem\_public\SunamoEnums\Enums\DirectoryCreateCollisionOption.cs(4,13): warning CS1591: Missing XML comment for publicly visible type or member 'DirectoryCreateCollisionOption' [E:\vs\Projects\PlatformIndependentNuGetPackages\SunamoFileSystem\SunamoFileSystem\SunamoFileSystem.csproj::TargetFramework=net8.0]
E:\vs\Projects\PlatformIndependentNuGetPackages\SunamoFileSystem\SunamoFileSystem\_public\SunamoEnums\Enums\DirectoryCreateCollisionOption.cs(6,5): warning CS1591: Missing XML comment for publicly visible type or member 'DirectoryCreateCollisionOption.Delete' [E:\vs\Projects\PlatformIndependentNuGetPackages\SunamoFileSystem\SunamoFileSystem\SunamoFileSystem.csproj::TargetFramework=net8.0]
E:\vs\Projects\PlatformIndependentNuGetPackages\SunamoFileSystem\SunamoFileSystem\_public\SunamoEnums\Enums\DirectoryCreateCollisionOption.cs(7,5): warning CS1591: Missing XML comment for publicly visible type or member 'DirectoryCreateCollisionOption.Overwrite' [E:\vs\Projects\PlatformIndependentNuGetPackages\SunamoFileSystem\SunamoFileSystem\SunamoFileSystem.csproj::TargetFramework=net8.0]
E:\vs\Projects\PlatformIndependentNuGetPackages\SunamoFileSystem\SunamoFileSystem\_public\SunamoEnums\Enums\DirectoryCreateCollisionOption.cs(8,5): warning CS1591: Missing XML comment for publicly visible type or member 'DirectoryCreateCollisionOption.AddSerie' [E:\vs\Projects\PlatformIndependentNuGetPackages\SunamoFileSystem\SunamoFileSystem\SunamoFileSystem.csproj::TargetFramework=net8.0]
E:\vs\Projects\PlatformIndependentNuGetPackages\SunamoFileSystem\SunamoFileSystem\_public\SunamoEnums\Enums\EnvironmentVariables.cs(4,13): warning CS1591: Missing XML comment for publicly visible type or member 'EnvironmentVariables' [E:\vs\Projects\PlatformIndependentNuGetPackages\SunamoFileSystem\SunamoFileSystem\SunamoFileSystem.csproj::TargetFramework=net8.0]
E:\vs\Projects\PlatformIndependentNuGetPackages\SunamoFileSystem\SunamoFileSystem\_public\SunamoEnums\Enums\EnvironmentVariables.cs(6,5): warning CS1591: Missing XML comment for publicly visible type or member 'EnvironmentVariables.userprofile' [E:\vs\Projects\PlatformIndependentNuGetPackages\SunamoFileSystem\SunamoFileSystem\SunamoFileSystem.csproj::TargetFramework=net8.0]
E:\vs\Projects\PlatformIndependentNuGetPackages\SunamoFileSystem\SunamoFileSystem\_sunamo\SunamoDictionary\DictionaryHelper.cs(29,22): warning CS1572: XML comment has a param tag for 'sl', but there is no parameter by that name [E:\vs\Projects\PlatformIndependentNuGetPackages\SunamoFileSystem\SunamoFileSystem\SunamoFileSystem.csproj::TargetFramework=net8.0]
E:\vs\Projects\PlatformIndependentNuGetPackages\SunamoFileSystem\SunamoFileSystem\_sunamo\SunamoDictionary\DictionaryHelper.cs(32,91): warning CS1573: Parameter 'dictionary' has no matching param tag in the XML comment for 'DictionaryHelper.AddOrCreateIfDontExists<Key, Value>(Dictionary<Key, List<Value>>, Key, Value)' (but other parameters do) [E:\vs\Projects\PlatformIndependentNuGetPackages\SunamoFileSystem\SunamoFileSystem\SunamoFileSystem.csproj::TargetFramework=net8.0]
E:\vs\Projects\PlatformIndependentNuGetPackages\SunamoFileSystem\SunamoFileSystem\_sunamo\SunamoDictionary\DictionaryHelper.cs(57,22): warning CS1572: XML comment has a param tag for 'sl', but there is no parameter by that name [E:\vs\Projects\PlatformIndependentNuGetPackages\SunamoFileSystem\SunamoFileSystem\SunamoFileSystem.csproj::TargetFramework=net8.0]
E:\vs\Projects\PlatformIndependentNuGetPackages\SunamoFileSystem\SunamoFileSystem\_sunamo\SunamoDictionary\DictionaryHelper.cs(60,89): warning CS1573: Parameter 'dictionary' has no matching param tag in the XML comment for 'DictionaryHelper.AddOrCreate<Key, Value, ColType>(IDictionary<Key, List<Value>>, Key, Value, bool, Dictionary<Key, List<string>>?)' (but other parameters do) [E:\vs\Projects\PlatformIndependentNuGetPackages\SunamoFileSystem\SunamoFileSystem\SunamoFileSystem.csproj::TargetFramework=net8.0]
E:\vs\Projects\PlatformIndependentNuGetPackages\SunamoFileSystem\SunamoFileSystem\_sunamo\SunamoDictionary\DictionaryHelper.cs(61,14): warning CS1573: Parameter 'withoutDuplicitiesInValue' has no matching param tag in the XML comment for 'DictionaryHelper.AddOrCreate<Key, Value, ColType>(IDictionary<Key, List<Value>>, Key, Value, bool, Dictionary<Key, List<string>>?)' (but other parameters do) [E:\vs\Projects\PlatformIndependentNuGetPackages\SunamoFileSystem\SunamoFileSystem\SunamoFileSystem.csproj::TargetFramework=net8.0]
E:\vs\Projects\PlatformIndependentNuGetPackages\SunamoFileSystem\SunamoFileSystem\_sunamo\SunamoDictionary\DictionaryHelper.cs(61,80): warning CS1573: Parameter 'stringDict' has no matching param tag in the XML comment for 'DictionaryHelper.AddOrCreate<Key, Value, ColType>(IDictionary<Key, List<Value>>, Key, Value, bool, Dictionary<Key, List<string>>?)' (but other parameters do) [E:\vs\Projects\PlatformIndependentNuGetPackages\SunamoFileSystem\SunamoFileSystem\SunamoFileSystem.csproj::TargetFramework=net8.0]
E:\vs\Projects\PlatformIndependentNuGetPackages\SunamoFileSystem\SunamoFileSystem\_sunamo\SunamoGetFiles\FSGetFiles.cs(53,22): warning CS1572: XML comment has a param tag for 'ask', but there is no parameter by that name [E:\vs\Projects\PlatformIndependentNuGetPackages\SunamoFileSystem\SunamoFileSystem\SunamoFileSystem.csproj::TargetFramework=net8.0]
E:\vs\Projects\PlatformIndependentNuGetPackages\SunamoFileSystem\SunamoFileSystem\_sunamo\SunamoDictionary\DictionaryHelper.cs(116,58): warning CS8604: Possible null reference argument for parameter 'item' in 'bool List<string>.Contains(string item)'. [E:\vs\Projects\PlatformIndependentNuGetPackages\SunamoFileSystem\SunamoFileSystem\SunamoFileSystem.csproj::TargetFramework=net10.0]
E:\vs\Projects\PlatformIndependentNuGetPackages\SunamoFileSystem\SunamoFileSystem\_sunamo\SunamoGetFiles\FSGetFiles.cs(55,22): warning CS1572: XML comment has a param tag for '_trimA1', but there is no parameter by that name [E:\vs\Projects\PlatformIndependentNuGetPackages\SunamoFileSystem\SunamoFileSystem\SunamoFileSystem.csproj::TargetFramework=net8.0]
E:\vs\Projects\PlatformIndependentNuGetPackages\SunamoFileSystem\SunamoFileSystem\_sunamo\SunamoDictionary\DictionaryHelper.cs(128,56): warning CS8602: Dereference of a possibly null reference. [E:\vs\Projects\PlatformIndependentNuGetPackages\SunamoFileSystem\SunamoFileSystem\SunamoFileSystem.csproj::TargetFramework=net10.0]
E:\vs\Projects\PlatformIndependentNuGetPackages\SunamoFileSystem\SunamoFileSystem\_sunamo\SunamoGetFiles\FSGetFiles.cs(56,76): warning CS1573: Parameter 'mask' has no matching param tag in the XML comment for 'FSGetFiles.GetFilesEveryFolder(string, string, SearchOption, GetFilesEveryFolderArgsFS)' (but other parameters do) [E:\vs\Projects\PlatformIndependentNuGetPackages\SunamoFileSystem\SunamoFileSystem\SunamoFileSystem.csproj::TargetFramework=net8.0]
E:\vs\Projects\PlatformIndependentNuGetPackages\SunamoFileSystem\SunamoFileSystem\_sunamo\SunamoDictionary\DictionaryHelper.cs(130,82): warning CS8602: Dereference of a possibly null reference. [E:\vs\Projects\PlatformIndependentNuGetPackages\SunamoFileSystem\SunamoFileSystem\SunamoFileSystem.csproj::TargetFramework=net10.0]
E:\vs\Projects\PlatformIndependentNuGetPackages\SunamoFileSystem\SunamoFileSystem\_sunamo\SunamoGetFiles\FSGetFiles.cs(57,35): warning CS1573: Parameter 'e' has no matching param tag in the XML comment for 'FSGetFiles.GetFilesEveryFolder(string, string, SearchOption, GetFilesEveryFolderArgsFS)' (but other parameters do) [E:\vs\Projects\PlatformIndependentNuGetPackages\SunamoFileSystem\SunamoFileSystem\SunamoFileSystem.csproj::TargetFramework=net8.0]
E:\vs\Projects\PlatformIndependentNuGetPackages\SunamoFileSystem\SunamoFileSystem\_sunamo\SunamoDictionary\DictionaryHelper.cs(130,82): warning CS8604: Possible null reference argument for parameter 'item' in 'void List<string>.Add(string item)'. [E:\vs\Projects\PlatformIndependentNuGetPackages\SunamoFileSystem\SunamoFileSystem\SunamoFileSystem.csproj::TargetFramework=net10.0]
E:\vs\Projects\PlatformIndependentNuGetPackages\SunamoFileSystem\SunamoFileSystem\_sunamo\SunamoGetFiles\FSGetFiles.cs(202,22): warning CS1572: XML comment has a param tag for 'folder', but there is no parameter by that name [E:\vs\Projects\PlatformIndependentNuGetPackages\SunamoFileSystem\SunamoFileSystem\SunamoFileSystem.csproj::TargetFramework=net8.0]
E:\vs\Projects\PlatformIndependentNuGetPackages\SunamoFileSystem\SunamoFileSystem\_sunamo\SunamoDictionary\DictionaryHelper.cs(149,30): warning CS8602: Dereference of a possibly null reference. [E:\vs\Projects\PlatformIndependentNuGetPackages\SunamoFileSystem\SunamoFileSystem\SunamoFileSystem.csproj::TargetFramework=net10.0]
E:\vs\Projects\PlatformIndependentNuGetPackages\SunamoFileSystem\SunamoFileSystem\_sunamo\SunamoGetFiles\FSGetFiles.cs(205,50): warning CS1573: Parameter 'folder2' has no matching param tag in the XML comment for 'FSGetFiles.GetFiles(string, string, SearchOption, GetFilesArgsFS)' (but other parameters do) [E:\vs\Projects\PlatformIndependentNuGetPackages\SunamoFileSystem\SunamoFileSystem\SunamoFileSystem.csproj::TargetFramework=net8.0]
E:\vs\Projects\PlatformIndependentNuGetPackages\SunamoFileSystem\SunamoFileSystem\_sunamo\SunamoDictionary\DictionaryHelper.cs(152,44): warning CS8602: Dereference of a possibly null reference. [E:\vs\Projects\PlatformIndependentNuGetPackages\SunamoFileSystem\SunamoFileSystem\SunamoFileSystem.csproj::TargetFramework=net10.0]
E:\vs\Projects\PlatformIndependentNuGetPackages\SunamoFileSystem\SunamoFileSystem\_sunamo\SunamoDictionary\DictionaryHelper.cs(152,44): warning CS8604: Possible null reference argument for parameter 'item' in 'void List<string>.Add(string item)'. [E:\vs\Projects\PlatformIndependentNuGetPackages\SunamoFileSystem\SunamoFileSystem\SunamoFileSystem.csproj::TargetFramework=net10.0]
E:\vs\Projects\PlatformIndependentNuGetPackages\SunamoFileSystem\SunamoFileSystem\_sunamo\SunamoGetFiles\FSGetFiles.cs(206,24): warning CS1573: Parameter 'a' has no matching param tag in the XML comment for 'FSGetFiles.GetFiles(string, string, SearchOption, GetFilesArgsFS)' (but other parameters do) [E:\vs\Projects\PlatformIndependentNuGetPackages\SunamoFileSystem\SunamoFileSystem\SunamoFileSystem.csproj::TargetFramework=net8.0]
E:\vs\Projects\PlatformIndependentNuGetPackages\SunamoFileSystem\SunamoFileSystem\_sunamo\SunamoDictionary\DictionaryHelper.cs(157,49): warning CS8602: Dereference of a possibly null reference. [E:\vs\Projects\PlatformIndependentNuGetPackages\SunamoFileSystem\SunamoFileSystem\SunamoFileSystem.csproj::TargetFramework=net10.0]
E:\vs\Projects\PlatformIndependentNuGetPackages\SunamoFileSystem\SunamoFileSystem\_sunamo\SunamoGetFolders\FSGetFolders.cs(69,22): warning CS1572: XML comment has a param tag for 'mask', but there is no parameter by that name [E:\vs\Projects\PlatformIndependentNuGetPackages\SunamoFileSystem\SunamoFileSystem\SunamoFileSystem.csproj::TargetFramework=net8.0]
E:\vs\Projects\PlatformIndependentNuGetPackages\SunamoFileSystem\SunamoFileSystem\_sunamo\SunamoDictionary\DictionaryHelper.cs(157,49): warning CS8604: Possible null reference argument for parameter 'item' in 'void List<string>.Add(string item)'. [E:\vs\Projects\PlatformIndependentNuGetPackages\SunamoFileSystem\SunamoFileSystem\SunamoFileSystem.csproj::TargetFramework=net10.0]
E:\vs\Projects\PlatformIndependentNuGetPackages\SunamoFileSystem\SunamoFileSystem\_sunamo\SunamoGetFolders\FSGetFolders.cs(70,86): warning CS1573: Parameter 'e' has no matching param tag in the XML comment for 'FSGetFolders.GetFoldersEveryFolder(string, GetFilesArgsFS)' (but other parameters do) [E:\vs\Projects\PlatformIndependentNuGetPackages\SunamoFileSystem\SunamoFileSystem\SunamoFileSystem.csproj::TargetFramework=net8.0]
E:\vs\Projects\PlatformIndependentNuGetPackages\SunamoFileSystem\SunamoFileSystem\_sunamo\SunamoGetFiles\FSGetFiles.cs(293,23): warning CS8600: Converting null literal or possible null value to non-nullable type. [E:\vs\Projects\PlatformIndependentNuGetPackages\SunamoFileSystem\SunamoFileSystem\SunamoFileSystem.csproj::TargetFramework=net10.0]
E:\vs\Projects\PlatformIndependentNuGetPackages\SunamoFileSystem\SunamoFileSystem\FS.cs(556,13): warning CS1587: XML comment is not placed on a valid language element [E:\vs\Projects\PlatformIndependentNuGetPackages\SunamoFileSystem\SunamoFileSystem\SunamoFileSystem.csproj::TargetFramework=net8.0]
E:\vs\Projects\PlatformIndependentNuGetPackages\SunamoFileSystem\SunamoFileSystem\_sunamo\SunamoGetFiles\FSGetFiles.cs(356,40): warning CS8625: Cannot convert null literal to non-nullable reference type. [E:\vs\Projects\PlatformIndependentNuGetPackages\SunamoFileSystem\SunamoFileSystem\SunamoFileSystem.csproj::TargetFramework=net10.0]
E:\vs\Projects\PlatformIndependentNuGetPackages\SunamoFileSystem\SunamoFileSystem\FS.cs(364,43): warning CS8604: Possible null reference argument for parameter 'path1' in 'string Path.Combine(string path1, string path2)'. [E:\vs\Projects\PlatformIndependentNuGetPackages\SunamoFileSystem\SunamoFileSystem\SunamoFileSystem.csproj::TargetFramework=net10.0]
E:\vs\Projects\PlatformIndependentNuGetPackages\SunamoFileSystem\SunamoFileSystem\_sunamo\SunamoGetFiles\FSGetFiles.cs(368,40): warning CS8625: Cannot convert null literal to non-nullable reference type. [E:\vs\Projects\PlatformIndependentNuGetPackages\SunamoFileSystem\SunamoFileSystem\SunamoFileSystem.csproj::TargetFramework=net10.0]
E:\vs\Projects\PlatformIndependentNuGetPackages\SunamoFileSystem\SunamoFileSystem\_sunamo\SunamoGetFiles\FSGetFiles.cs(371,55): warning CS8625: Cannot convert null literal to non-nullable reference type. [E:\vs\Projects\PlatformIndependentNuGetPackages\SunamoFileSystem\SunamoFileSystem\SunamoFileSystem.csproj::TargetFramework=net10.0]
E:\vs\Projects\PlatformIndependentNuGetPackages\SunamoFileSystem\SunamoFileSystem\_sunamo\SunamoGetFiles\FSGetFiles.cs(374,55): warning CS8625: Cannot convert null literal to non-nullable reference type. [E:\vs\Projects\PlatformIndependentNuGetPackages\SunamoFileSystem\SunamoFileSystem\SunamoFileSystem.csproj::TargetFramework=net10.0]
E:\vs\Projects\PlatformIndependentNuGetPackages\SunamoFileSystem\SunamoFileSystem\_sunamo\SunamoGetFiles\FSGetFiles.cs(380,57): warning CS8600: Converting null literal or possible null value to non-nullable type. [E:\vs\Projects\PlatformIndependentNuGetPackages\SunamoFileSystem\SunamoFileSystem\SunamoFileSystem.csproj::TargetFramework=net10.0]
E:\vs\Projects\PlatformIndependentNuGetPackages\SunamoFileSystem\SunamoFileSystem\_sunamo\SunamoGetFiles\FSGetFiles.cs(388,48): warning CS8602: Dereference of a possibly null reference. [E:\vs\Projects\PlatformIndependentNuGetPackages\SunamoFileSystem\SunamoFileSystem\SunamoFileSystem.csproj::TargetFramework=net10.0]
E:\vs\Projects\PlatformIndependentNuGetPackages\SunamoFileSystem\SunamoFileSystem\FS.cs(451,39): warning CS8603: Possible null reference return. [E:\vs\Projects\PlatformIndependentNuGetPackages\SunamoFileSystem\SunamoFileSystem\SunamoFileSystem.csproj::TargetFramework=net10.0]
E:\vs\Projects\PlatformIndependentNuGetPackages\SunamoFileSystem\SunamoFileSystem\FS.cs(522,56): warning CS8604: Possible null reference argument for parameter 'path1' in 'string Path.Combine(string path1, string path2)'. [E:\vs\Projects\PlatformIndependentNuGetPackages\SunamoFileSystem\SunamoFileSystem\SunamoFileSystem.csproj::TargetFramework=net10.0]
E:\vs\Projects\PlatformIndependentNuGetPackages\SunamoFileSystem\SunamoFileSystem\FS.cs(580,42): warning CS8600: Converting null literal or possible null value to non-nullable type. [E:\vs\Projects\PlatformIndependentNuGetPackages\SunamoFileSystem\SunamoFileSystem\SunamoFileSystem.csproj::TargetFramework=net10.0]
E:\vs\Projects\PlatformIndependentNuGetPackages\SunamoFileSystem\SunamoFileSystem\FS.cs(582,78): warning CS8604: Possible null reference argument for parameter 'wasntExistsInFrom' in 'void FS.CopyMoveFilesInList(ILogger logger, List<string> filesFrom, string folderFrom, string folderTo, List<string> wasntExistsInFrom, bool mustExistsInTarget, bool copy, Dictionary<string, List<string>> files, bool overwrite = true)'. [E:\vs\Projects\PlatformIndependentNuGetPackages\SunamoFileSystem\SunamoFileSystem\SunamoFileSystem.csproj::TargetFramework=net10.0]
E:\vs\Projects\PlatformIndependentNuGetPackages\SunamoFileSystem\SunamoFileSystem\FS.cs(582,123): warning CS8625: Cannot convert null literal to non-nullable reference type. [E:\vs\Projects\PlatformIndependentNuGetPackages\SunamoFileSystem\SunamoFileSystem\SunamoFileSystem.csproj::TargetFramework=net10.0]
E:\vs\Projects\PlatformIndependentNuGetPackages\SunamoFileSystem\SunamoFileSystem\FS.cs(751,49): warning CS8604: Possible null reference argument for parameter 'args' in 'Task FS.ReplaceInAllFiles(IList<string> replaceFrom, IList<string> replaceTo, ReplaceInAllFilesArgsBase args, Func<string, bool> EncodingHelperIsBinary)'. [E:\vs\Projects\PlatformIndependentNuGetPackages\SunamoFileSystem\SunamoFileSystem\SunamoFileSystem.csproj::TargetFramework=net10.0]
E:\vs\Projects\PlatformIndependentNuGetPackages\SunamoFileSystem\SunamoFileSystem\FS.cs(756,19): warning CS8604: Possible null reference argument for parameter 'args' in 'Task FS.ReplaceInAllFiles(IList<string> replaceFrom, IList<string> replaceTo, ReplaceInAllFilesArgsBase args, Func<string, bool> EncodingHelperIsBinary)'. [E:\vs\Projects\PlatformIndependentNuGetPackages\SunamoFileSystem\SunamoFileSystem\SunamoFileSystem.csproj::TargetFramework=net10.0]
E:\vs\Projects\PlatformIndependentNuGetPackages\SunamoFileSystem\SunamoFileSystem\FS.cs(774,101): warning CS8600: Converting null literal or possible null value to non-nullable type. [E:\vs\Projects\PlatformIndependentNuGetPackages\SunamoFileSystem\SunamoFileSystem\SunamoFileSystem.csproj::TargetFramework=net10.0]
E:\vs\Projects\PlatformIndependentNuGetPackages\SunamoFileSystem\SunamoFileSystem\FS.cs(812,13): warning CS8602: Dereference of a possibly null reference. [E:\vs\Projects\PlatformIndependentNuGetPackages\SunamoFileSystem\SunamoFileSystem\SunamoFileSystem.csproj::TargetFramework=net10.0]
E:\vs\Projects\PlatformIndependentNuGetPackages\SunamoFileSystem\SunamoFileSystem\FS.cs(905,51): warning CS8600: Converting null literal or possible null value to non-nullable type. [E:\vs\Projects\PlatformIndependentNuGetPackages\SunamoFileSystem\SunamoFileSystem\SunamoFileSystem.csproj::TargetFramework=net10.0]
E:\vs\Projects\PlatformIndependentNuGetPackages\SunamoFileSystem\SunamoFileSystem\FS.cs(906,38): warning CS8604: Possible null reference argument for parameter 'value' in 'string FS.WithoutEndSlash(string value)'. [E:\vs\Projects\PlatformIndependentNuGetPackages\SunamoFileSystem\SunamoFileSystem\SunamoFileSystem.csproj::TargetFramework=net10.0]
E:\vs\Projects\PlatformIndependentNuGetPackages\SunamoFileSystem\SunamoFileSystem\FS.cs(1022,35): warning CS0618: 'string.Copy(string)' is obsolete: 'This API should not be used to create mutable strings. See https://go.microsoft.com/fwlink/?linkid=2084035 for alternatives.' [E:\vs\Projects\PlatformIndependentNuGetPackages\SunamoFileSystem\SunamoFileSystem\SunamoFileSystem.csproj::TargetFramework=net10.0]
E:\vs\Projects\PlatformIndependentNuGetPackages\SunamoFileSystem\SunamoFileSystem\FS.cs(991,44): warning CS8604: Possible null reference argument for parameter 'path1' in 'string Path.Combine(string path1, string path2)'. [E:\vs\Projects\PlatformIndependentNuGetPackages\SunamoFileSystem\SunamoFileSystem\SunamoFileSystem.csproj::TargetFramework=net10.0]
E:\vs\Projects\PlatformIndependentNuGetPackages\SunamoFileSystem\SunamoFileSystem\FS.cs(1011,34): warning CS8600: Converting null literal or possible null value to non-nullable type. [E:\vs\Projects\PlatformIndependentNuGetPackages\SunamoFileSystem\SunamoFileSystem\SunamoFileSystem.csproj::TargetFramework=net10.0]
E:\vs\Projects\PlatformIndependentNuGetPackages\SunamoFileSystem\SunamoFileSystem\FS.cs(1014,44): warning CS8604: Possible null reference argument for parameter 'path1' in 'string Path.Combine(string path1, string path2)'. [E:\vs\Projects\PlatformIndependentNuGetPackages\SunamoFileSystem\SunamoFileSystem\SunamoFileSystem.csproj::TargetFramework=net10.0]
E:\vs\Projects\PlatformIndependentNuGetPackages\SunamoFileSystem\SunamoFileSystem\FS.cs(1035,44): warning CS8604: Possible null reference argument for parameter 'folder' in 'List<string> FSGetFiles.FilesOfExtension(string folder, string fileExt)'. [E:\vs\Projects\PlatformIndependentNuGetPackages\SunamoFileSystem\SunamoFileSystem\SunamoFileSystem.csproj::TargetFramework=net10.0]
E:\vs\Projects\PlatformIndependentNuGetPackages\SunamoFileSystem\SunamoFileSystem\FS.cs(1037,41): warning CS8603: Possible null reference return. [E:\vs\Projects\PlatformIndependentNuGetPackages\SunamoFileSystem\SunamoFileSystem\SunamoFileSystem.csproj::TargetFramework=net10.0]
E:\vs\Projects\PlatformIndependentNuGetPackages\SunamoFileSystem\SunamoFileSystem\FS.cs(1038,20): warning CS8600: Converting null literal or possible null value to non-nullable type. [E:\vs\Projects\PlatformIndependentNuGetPackages\SunamoFileSystem\SunamoFileSystem\SunamoFileSystem.csproj::TargetFramework=net10.0]
E:\vs\Projects\PlatformIndependentNuGetPackages\SunamoFileSystem\SunamoFileSystem\FS.cs(1166,32): warning CS8600: Converting null literal or possible null value to non-nullable type. [E:\vs\Projects\PlatformIndependentNuGetPackages\SunamoFileSystem\SunamoFileSystem\SunamoFileSystem.csproj::TargetFramework=net10.0]
E:\vs\Projects\PlatformIndependentNuGetPackages\SunamoFileSystem\SunamoFileSystem\FS.cs(1187,24): warning CS8603: Possible null reference return. [E:\vs\Projects\PlatformIndependentNuGetPackages\SunamoFileSystem\SunamoFileSystem\SunamoFileSystem.csproj::TargetFramework=net10.0]
E:\vs\Projects\PlatformIndependentNuGetPackages\SunamoFileSystem\SunamoFileSystem\FS.cs(1213,16): warning CS8603: Possible null reference return. [E:\vs\Projects\PlatformIndependentNuGetPackages\SunamoFileSystem\SunamoFileSystem\SunamoFileSystem.csproj::TargetFramework=net10.0]
E:\vs\Projects\PlatformIndependentNuGetPackages\SunamoFileSystem\SunamoFileSystem\FS.cs(1208,26): warning CS0168: The variable 'ex' is declared but never used [E:\vs\Projects\PlatformIndependentNuGetPackages\SunamoFileSystem\SunamoFileSystem\SunamoFileSystem.csproj::TargetFramework=net10.0]
E:\vs\Projects\PlatformIndependentNuGetPackages\SunamoFileSystem\SunamoFileSystem\FS.cs(1232,9): warning CS0618: 'FS.MoveAllFilesRecursively(ILogger, string, string, FileMoveCollisionOption, string)' is obsolete: 'Use MoveDirectoryNoRecursive instead' [E:\vs\Projects\PlatformIndependentNuGetPackages\SunamoFileSystem\SunamoFileSystem\SunamoFileSystem.csproj::TargetFramework=net10.0]
E:\vs\Projects\PlatformIndependentNuGetPackages\SunamoFileSystem\SunamoFileSystem\FS.cs(1270,27): warning CS8714: The type 'TContent' cannot be used as type parameter 'T' in the generic type or method 'DictionaryHelper.GroupByValues<U, T, ColType>(Dictionary<U, T>)'. Nullability of type argument 'TContent' doesn't match 'notnull' constraint. [E:\vs\Projects\PlatformIndependentNuGetPackages\SunamoFileSystem\SunamoFileSystem\SunamoFileSystem.csproj::TargetFramework=net10.0]
E:\vs\Projects\PlatformIndependentNuGetPackages\SunamoFileSystem\SunamoFileSystem\FS.cs(1333,31): warning CS8600: Converting null literal or possible null value to non-nullable type. [E:\vs\Projects\PlatformIndependentNuGetPackages\SunamoFileSystem\SunamoFileSystem\SunamoFileSystem.csproj::TargetFramework=net10.0]
E:\vs\Projects\PlatformIndependentNuGetPackages\SunamoFileSystem\SunamoFileSystem\FS.cs(1554,32): warning CS8600: Converting null literal or possible null value to non-nullable type. [E:\vs\Projects\PlatformIndependentNuGetPackages\SunamoFileSystem\SunamoFileSystem\SunamoFileSystem.csproj::TargetFramework=net10.0]
E:\vs\Projects\PlatformIndependentNuGetPackages\SunamoFileSystem\SunamoFileSystem\FS.cs(1557,36): warning CS8604: Possible null reference argument for parameter 'path1' in 'string Path.Combine(string path1, string path2)'. [E:\vs\Projects\PlatformIndependentNuGetPackages\SunamoFileSystem\SunamoFileSystem\SunamoFileSystem.csproj::TargetFramework=net10.0]
E:\vs\Projects\PlatformIndependentNuGetPackages\SunamoFileSystem\SunamoFileSystem\FS.cs(1640,18): warning CS8602: Dereference of a possibly null reference. [E:\vs\Projects\PlatformIndependentNuGetPackages\SunamoFileSystem\SunamoFileSystem\SunamoFileSystem.csproj::TargetFramework=net10.0]
E:\vs\Projects\PlatformIndependentNuGetPackages\SunamoFileSystem\SunamoFileSystem\FS.cs(1641,55): warning CS8602: Dereference of a possibly null reference. [E:\vs\Projects\PlatformIndependentNuGetPackages\SunamoFileSystem\SunamoFileSystem\SunamoFileSystem.csproj::TargetFramework=net10.0]
E:\vs\Projects\PlatformIndependentNuGetPackages\SunamoFileSystem\SunamoFileSystem\FS.cs(1766,29): warning CS8604: Possible null reference argument for parameter 'value' in 'string FS.WithEndSlash(string value)'. [E:\vs\Projects\PlatformIndependentNuGetPackages\SunamoFileSystem\SunamoFileSystem\SunamoFileSystem.csproj::TargetFramework=net10.0]
E:\vs\Projects\PlatformIndependentNuGetPackages\SunamoFileSystem\SunamoFileSystem\FS.cs(1890,44): warning CS8600: Converting null literal or possible null value to non-nullable type. [E:\vs\Projects\PlatformIndependentNuGetPackages\SunamoFileSystem\SunamoFileSystem\SunamoFileSystem.csproj::TargetFramework=net10.0]
E:\vs\Projects\PlatformIndependentNuGetPackages\SunamoFileSystem\SunamoFileSystem\FS.cs(2014,36): warning CS8604: Possible null reference argument for parameter 'path1' in 'string Path.Combine(string path1, string path2)'. [E:\vs\Projects\PlatformIndependentNuGetPackages\SunamoFileSystem\SunamoFileSystem\SunamoFileSystem.csproj::TargetFramework=net10.0]
E:\vs\Projects\PlatformIndependentNuGetPackages\SunamoFileSystem\SunamoFileSystem\FS.cs(2150,36): warning CS8604: Possible null reference argument for parameter 'path1' in 'string Path.Combine(string path1, string path2)'. [E:\vs\Projects\PlatformIndependentNuGetPackages\SunamoFileSystem\SunamoFileSystem\SunamoFileSystem.csproj::TargetFramework=net10.0]
E:\vs\Projects\PlatformIndependentNuGetPackages\SunamoFileSystem\SunamoFileSystem\FS.cs(2186,25): warning CS8600: Converting null literal or possible null value to non-nullable type. [E:\vs\Projects\PlatformIndependentNuGetPackages\SunamoFileSystem\SunamoFileSystem\SunamoFileSystem.csproj::TargetFramework=net10.0]
E:\vs\Projects\PlatformIndependentNuGetPackages\SunamoFileSystem\SunamoFileSystem\FS.cs(2217,19): warning CS8625: Cannot convert null literal to non-nullable reference type. [E:\vs\Projects\PlatformIndependentNuGetPackages\SunamoFileSystem\SunamoFileSystem\SunamoFileSystem.csproj::TargetFramework=net10.0]
E:\vs\Projects\PlatformIndependentNuGetPackages\SunamoFileSystem\SunamoFileSystem\FS.cs(2402,50): warning CS8600: Converting null literal or possible null value to non-nullable type. [E:\vs\Projects\PlatformIndependentNuGetPackages\SunamoFileSystem\SunamoFileSystem\SunamoFileSystem.csproj::TargetFramework=net10.0]
E:\vs\Projects\PlatformIndependentNuGetPackages\SunamoFileSystem\SunamoFileSystem\FS.cs(2403,41): warning CS8604: Possible null reference argument for parameter 'path1' in 'string Path.Combine(string path1, string path2)'. [E:\vs\Projects\PlatformIndependentNuGetPackages\SunamoFileSystem\SunamoFileSystem\SunamoFileSystem.csproj::TargetFramework=net10.0]
E:\vs\Projects\PlatformIndependentNuGetPackages\SunamoFileSystem\SunamoFileSystem\FS.cs(2586,23): warning CS8600: Converting null literal or possible null value to non-nullable type. [E:\vs\Projects\PlatformIndependentNuGetPackages\SunamoFileSystem\SunamoFileSystem\SunamoFileSystem.csproj::TargetFramework=net10.0]
E:\vs\Projects\PlatformIndependentNuGetPackages\SunamoFileSystem\SunamoFileSystem\FS.cs(2591,26): warning CS0168: The variable 'ex' is declared but never used [E:\vs\Projects\PlatformIndependentNuGetPackages\SunamoFileSystem\SunamoFileSystem\SunamoFileSystem.csproj::TargetFramework=net10.0]
E:\vs\Projects\PlatformIndependentNuGetPackages\SunamoFileSystem\SunamoFileSystem\FS.cs(2773,34): warning CS8602: Dereference of a possibly null reference. [E:\vs\Projects\PlatformIndependentNuGetPackages\SunamoFileSystem\SunamoFileSystem\SunamoFileSystem.csproj::TargetFramework=net10.0]
E:\vs\Projects\PlatformIndependentNuGetPackages\SunamoFileSystem\SunamoFileSystem\FS.cs(2885,25): warning CS8602: Dereference of a possibly null reference. [E:\vs\Projects\PlatformIndependentNuGetPackages\SunamoFileSystem\SunamoFileSystem\SunamoFileSystem.csproj::TargetFramework=net10.0]
E:\vs\Projects\PlatformIndependentNuGetPackages\SunamoFileSystem\SunamoFileSystem\FS.cs(2819,26): warning CS0168: The variable 'ex' is declared but never used [E:\vs\Projects\PlatformIndependentNuGetPackages\SunamoFileSystem\SunamoFileSystem\SunamoFileSystem.csproj::TargetFramework=net10.0]
E:\vs\Projects\PlatformIndependentNuGetPackages\SunamoFileSystem\SunamoFileSystem\FS.cs(2836,26): warning CS0168: The variable 'ex' is declared but never used [E:\vs\Projects\PlatformIndependentNuGetPackages\SunamoFileSystem\SunamoFileSystem\SunamoFileSystem.csproj::TargetFramework=net10.0]
E:\vs\Projects\PlatformIndependentNuGetPackages\SunamoFileSystem\SunamoFileSystem\FS.cs(3366,16): warning CS8603: Possible null reference return. [E:\vs\Projects\PlatformIndependentNuGetPackages\SunamoFileSystem\SunamoFileSystem\SunamoFileSystem.csproj::TargetFramework=net10.0]
E:\vs\Projects\PlatformIndependentNuGetPackages\SunamoFileSystem\SunamoFileSystem\FS.cs(3837,52): warning CS8604: Possible null reference argument for parameter 'value' in 'string FS.WithEndSlash(string value)'. [E:\vs\Projects\PlatformIndependentNuGetPackages\SunamoFileSystem\SunamoFileSystem\SunamoFileSystem.csproj::TargetFramework=net10.0]
E:\vs\Projects\PlatformIndependentNuGetPackages\SunamoFileSystem\SunamoFileSystem\FS.cs(4117,28): warning CS8600: Converting null literal or possible null value to non-nullable type. [E:\vs\Projects\PlatformIndependentNuGetPackages\SunamoFileSystem\SunamoFileSystem\SunamoFileSystem.csproj::TargetFramework=net10.0]
E:\vs\Projects\PlatformIndependentNuGetPackages\SunamoFileSystem\SunamoFileSystem\FS.cs(4129,42): warning CS8600: Converting null literal or possible null value to non-nullable type. [E:\vs\Projects\PlatformIndependentNuGetPackages\SunamoFileSystem\SunamoFileSystem\SunamoFileSystem.csproj::TargetFramework=net10.0]
E:\vs\Projects\PlatformIndependentNuGetPackages\SunamoFileSystem\SunamoFileSystem\FS.cs(4122,43): warning CS0168: The variable 'ex' is declared but never used [E:\vs\Projects\PlatformIndependentNuGetPackages\SunamoFileSystem\SunamoFileSystem\SunamoFileSystem.csproj::TargetFramework=net10.0]
E:\vs\Projects\PlatformIndependentNuGetPackages\SunamoFileSystem\SunamoFileSystem\FS.cs(4134,43): warning CS0168: The variable 'ex' is declared but never used [E:\vs\Projects\PlatformIndependentNuGetPackages\SunamoFileSystem\SunamoFileSystem\SunamoFileSystem.csproj::TargetFramework=net10.0]
E:\vs\Projects\PlatformIndependentNuGetPackages\SunamoFileSystem\SunamoFileSystem\FS.cs(4153,16): warning CS8603: Possible null reference return. [E:\vs\Projects\PlatformIndependentNuGetPackages\SunamoFileSystem\SunamoFileSystem\SunamoFileSystem.csproj::TargetFramework=net10.0]
E:\vs\Projects\PlatformIndependentNuGetPackages\SunamoFileSystem\SunamoFileSystem\_sunamo\SunamoData\Data\ReplaceInAllFilesArgs.cs(10,19): warning CS0649: Field 'ReplaceInAllFilesArgs.IsNotReplaceInTemporaryFiles' is never assigned to, and will always have its default value false [E:\vs\Projects\PlatformIndependentNuGetPackages\SunamoFileSystem\SunamoFileSystem\SunamoFileSystem.csproj::TargetFramework=net10.0]
E:\vs\Projects\PlatformIndependentNuGetPackages\SunamoFileSystem\SunamoFileSystem\_sunamo\SunamoArgs\GetFilesArgsFS.cs(22,39): warning CS0649: Field 'GetFilesArgsFS.LastModifiedFromFn' is never assigned to, and will always have its default value null [E:\vs\Projects\PlatformIndependentNuGetPackages\SunamoFileSystem\SunamoFileSystem\SunamoFileSystem.csproj::TargetFramework=net10.0]
E:\vs\Projects\PlatformIndependentNuGetPackages\SunamoFileSystem\SunamoFileSystem\_sunamo\SunamoArgs\GetFilesEveryFolderArgsFS.cs(9,22): warning CS0649: Field 'GetFilesEveryFolderArgsFS.Done' is never assigned to, and will always have its default value null [E:\vs\Projects\PlatformIndependentNuGetPackages\SunamoFileSystem\SunamoFileSystem\SunamoFileSystem.csproj::TargetFramework=net10.0]
E:\vs\Projects\PlatformIndependentNuGetPackages\SunamoFileSystem\SunamoFileSystem\_sunamo\SunamoArgs\GetFilesEveryFolderArgsFS.cs(10,22): warning CS0649: Field 'GetFilesEveryFolderArgsFS.DoneOnePercent' is never assigned to, and will always have its default value null [E:\vs\Projects\PlatformIndependentNuGetPackages\SunamoFileSystem\SunamoFileSystem\SunamoFileSystem.csproj::TargetFramework=net10.0]
E:\vs\Projects\PlatformIndependentNuGetPackages\SunamoFileSystem\SunamoFileSystem\_sunamo\SunamoArgs\GetFilesEveryFolderArgsFS.cs(15,34): warning CS0649: Field 'GetFilesEveryFolderArgsFS.FilterFoundedFiles' is never assigned to, and will always have its default value null [E:\vs\Projects\PlatformIndependentNuGetPackages\SunamoFileSystem\SunamoFileSystem\SunamoFileSystem.csproj::TargetFramework=net10.0]
E:\vs\Projects\PlatformIndependentNuGetPackages\SunamoFileSystem\SunamoFileSystem\_sunamo\SunamoData\Data\ReplaceInAllFilesArgs.cs(12,19): warning CS0649: Field 'ReplaceInAllFilesArgs.ReplaceWithEmpty' is never assigned to, and will always have its default value false [E:\vs\Projects\PlatformIndependentNuGetPackages\SunamoFileSystem\SunamoFileSystem\SunamoFileSystem.csproj::TargetFramework=net10.0]
E:\vs\Projects\PlatformIndependentNuGetPackages\SunamoFileSystem\SunamoFileSystem\_sunamo\SunamoArgs\GetFilesEveryFolderArgsFS.cs(20,34): warning CS0649: Field 'GetFilesEveryFolderArgsFS.FilterFoundedFolders' is never assigned to, and will always have its default value null [E:\vs\Projects\PlatformIndependentNuGetPackages\SunamoFileSystem\SunamoFileSystem\SunamoFileSystem.csproj::TargetFramework=net10.0]
E:\vs\Projects\PlatformIndependentNuGetPackages\SunamoFileSystem\SunamoFileSystem\_sunamo\SunamoData\Data\ReplaceInAllFilesArgs.cs(11,19): warning CS0649: Field 'ReplaceInAllFilesArgs.PairLinesInFromAndTo' is never assigned to, and will always have its default value false [E:\vs\Projects\PlatformIndependentNuGetPackages\SunamoFileSystem\SunamoFileSystem\SunamoFileSystem.csproj::TargetFramework=net10.0]
E:\vs\Projects\PlatformIndependentNuGetPackages\SunamoFileSystem\SunamoFileSystem\_sunamo\SunamoTextOutputGenerator\TextOutputGenerator.cs(11,36): warning CS0414: The field 'TextOutputGenerator.HeadingCharacter' is assigned but its value is never used [E:\vs\Projects\PlatformIndependentNuGetPackages\SunamoFileSystem\SunamoFileSystem\SunamoFileSystem.csproj::TargetFramework=net10.0]
E:\vs\Projects\PlatformIndependentNuGetPackages\SunamoFileSystem\SunamoFileSystem\Enums\ComputerSizeUnits.cs(4,13): warning CS1591: Missing XML comment for publicly visible type or member 'ComputerSizeUnits' [E:\vs\Projects\PlatformIndependentNuGetPackages\SunamoFileSystem\SunamoFileSystem\SunamoFileSystem.csproj::TargetFramework=net10.0]
E:\vs\Projects\PlatformIndependentNuGetPackages\SunamoFileSystem\SunamoFileSystem\Enums\ComputerSizeUnits.cs(6,5): warning CS1591: Missing XML comment for publicly visible type or member 'ComputerSizeUnits.Auto' [E:\vs\Projects\PlatformIndependentNuGetPackages\SunamoFileSystem\SunamoFileSystem\SunamoFileSystem.csproj::TargetFramework=net10.0]
E:\vs\Projects\PlatformIndependentNuGetPackages\SunamoFileSystem\SunamoFileSystem\Enums\ComputerSizeUnits.cs(7,5): warning CS1591: Missing XML comment for publicly visible type or member 'ComputerSizeUnits.B' [E:\vs\Projects\PlatformIndependentNuGetPackages\SunamoFileSystem\SunamoFileSystem\SunamoFileSystem.csproj::TargetFramework=net10.0]
E:\vs\Projects\PlatformIndependentNuGetPackages\SunamoFileSystem\SunamoFileSystem\Enums\ComputerSizeUnits.cs(8,5): warning CS1591: Missing XML comment for publicly visible type or member 'ComputerSizeUnits.KB' [E:\vs\Projects\PlatformIndependentNuGetPackages\SunamoFileSystem\SunamoFileSystem\SunamoFileSystem.csproj::TargetFramework=net10.0]
E:\vs\Projects\PlatformIndependentNuGetPackages\SunamoFileSystem\SunamoFileSystem\Enums\ComputerSizeUnits.cs(9,5): warning CS1591: Missing XML comment for publicly visible type or member 'ComputerSizeUnits.MB' [E:\vs\Projects\PlatformIndependentNuGetPackages\SunamoFileSystem\SunamoFileSystem\SunamoFileSystem.csproj::TargetFramework=net10.0]
E:\vs\Projects\PlatformIndependentNuGetPackages\SunamoFileSystem\SunamoFileSystem\Enums\ComputerSizeUnits.cs(10,5): warning CS1591: Missing XML comment for publicly visible type or member 'ComputerSizeUnits.GB' [E:\vs\Projects\PlatformIndependentNuGetPackages\SunamoFileSystem\SunamoFileSystem\SunamoFileSystem.csproj::TargetFramework=net10.0]
E:\vs\Projects\PlatformIndependentNuGetPackages\SunamoFileSystem\SunamoFileSystem\Enums\ComputerSizeUnits.cs(11,5): warning CS1591: Missing XML comment for publicly visible type or member 'ComputerSizeUnits.TB' [E:\vs\Projects\PlatformIndependentNuGetPackages\SunamoFileSystem\SunamoFileSystem\SunamoFileSystem.csproj::TargetFramework=net10.0]
E:\vs\Projects\PlatformIndependentNuGetPackages\SunamoFileSystem\SunamoFileSystem\Enums\DirectoryMoveCollisionOption.cs(4,13): warning CS1591: Missing XML comment for publicly visible type or member 'DirectoryMoveCollisionOption' [E:\vs\Projects\PlatformIndependentNuGetPackages\SunamoFileSystem\SunamoFileSystem\SunamoFileSystem.csproj::TargetFramework=net10.0]
E:\vs\Projects\PlatformIndependentNuGetPackages\SunamoFileSystem\SunamoFileSystem\Enums\DirectoryMoveCollisionOption.cs(6,5): warning CS1591: Missing XML comment for publicly visible type or member 'DirectoryMoveCollisionOption.AddSerie' [E:\vs\Projects\PlatformIndependentNuGetPackages\SunamoFileSystem\SunamoFileSystem\SunamoFileSystem.csproj::TargetFramework=net10.0]
E:\vs\Projects\PlatformIndependentNuGetPackages\SunamoFileSystem\SunamoFileSystem\Enums\DirectoryMoveCollisionOption.cs(7,5): warning CS1591: Missing XML comment for publicly visible type or member 'DirectoryMoveCollisionOption.Overwrite' [E:\vs\Projects\PlatformIndependentNuGetPackages\SunamoFileSystem\SunamoFileSystem\SunamoFileSystem.csproj::TargetFramework=net10.0]
E:\vs\Projects\PlatformIndependentNuGetPackages\SunamoFileSystem\SunamoFileSystem\Enums\DirectoryMoveCollisionOption.cs(8,5): warning CS1591: Missing XML comment for publicly visible type or member 'DirectoryMoveCollisionOption.DiscardFrom' [E:\vs\Projects\PlatformIndependentNuGetPackages\SunamoFileSystem\SunamoFileSystem\SunamoFileSystem.csproj::TargetFramework=net10.0]
E:\vs\Projects\PlatformIndependentNuGetPackages\SunamoFileSystem\SunamoFileSystem\Enums\DirectoryMoveCollisionOption.cs(9,5): warning CS1591: Missing XML comment for publicly visible type or member 'DirectoryMoveCollisionOption.ThrowEx' [E:\vs\Projects\PlatformIndependentNuGetPackages\SunamoFileSystem\SunamoFileSystem\SunamoFileSystem.csproj::TargetFramework=net10.0]
E:\vs\Projects\PlatformIndependentNuGetPackages\SunamoFileSystem\SunamoFileSystem\Enums\FileMoveCollisionOption.cs(4,13): warning CS1591: Missing XML comment for publicly visible type or member 'FileMoveCollisionOption' [E:\vs\Projects\PlatformIndependentNuGetPackages\SunamoFileSystem\SunamoFileSystem\SunamoFileSystem.csproj::TargetFramework=net10.0]
E:\vs\Projects\PlatformIndependentNuGetPackages\SunamoFileSystem\SunamoFileSystem\Enums\FileMoveCollisionOption.cs(6,5): warning CS1591: Missing XML comment for publicly visible type or member 'FileMoveCollisionOption.AddSerie' [E:\vs\Projects\PlatformIndependentNuGetPackages\SunamoFileSystem\SunamoFileSystem\SunamoFileSystem.csproj::TargetFramework=net10.0]
E:\vs\Projects\PlatformIndependentNuGetPackages\SunamoFileSystem\SunamoFileSystem\Enums\FileMoveCollisionOption.cs(7,5): warning CS1591: Missing XML comment for publicly visible type or member 'FileMoveCollisionOption.AddFileSize' [E:\vs\Projects\PlatformIndependentNuGetPackages\SunamoFileSystem\SunamoFileSystem\SunamoFileSystem.csproj::TargetFramework=net10.0]
E:\vs\Projects\PlatformIndependentNuGetPackages\SunamoFileSystem\SunamoFileSystem\Enums\FileMoveCollisionOption.cs(8,5): warning CS1591: Missing XML comment for publicly visible type or member 'FileMoveCollisionOption.Overwrite' [E:\vs\Projects\PlatformIndependentNuGetPackages\SunamoFileSystem\SunamoFileSystem\SunamoFileSystem.csproj::TargetFramework=net10.0]
E:\vs\Projects\PlatformIndependentNuGetPackages\SunamoFileSystem\SunamoFileSystem\Enums\FileMoveCollisionOption.cs(9,5): warning CS1591: Missing XML comment for publicly visible type or member 'FileMoveCollisionOption.DiscardFrom' [E:\vs\Projects\PlatformIndependentNuGetPackages\SunamoFileSystem\SunamoFileSystem\SunamoFileSystem.csproj::TargetFramework=net10.0]
E:\vs\Projects\PlatformIndependentNuGetPackages\SunamoFileSystem\SunamoFileSystem\Enums\FileMoveCollisionOption.cs(10,5): warning CS1591: Missing XML comment for publicly visible type or member 'FileMoveCollisionOption.LeaveLarger' [E:\vs\Projects\PlatformIndependentNuGetPackages\SunamoFileSystem\SunamoFileSystem\SunamoFileSystem.csproj::TargetFramework=net10.0]
E:\vs\Projects\PlatformIndependentNuGetPackages\SunamoFileSystem\SunamoFileSystem\Enums\FileMoveCollisionOption.cs(11,5): warning CS1591: Missing XML comment for publicly visible type or member 'FileMoveCollisionOption.DontManipulate' [E:\vs\Projects\PlatformIndependentNuGetPackages\SunamoFileSystem\SunamoFileSystem\SunamoFileSystem.csproj::TargetFramework=net10.0]
E:\vs\Projects\PlatformIndependentNuGetPackages\SunamoFileSystem\SunamoFileSystem\Enums\FileMoveCollisionOption.cs(12,5): warning CS1591: Missing XML comment for publicly visible type or member 'FileMoveCollisionOption.ThrowEx' [E:\vs\Projects\PlatformIndependentNuGetPackages\SunamoFileSystem\SunamoFileSystem\SunamoFileSystem.csproj::TargetFramework=net10.0]
E:\vs\Projects\PlatformIndependentNuGetPackages\SunamoFileSystem\SunamoFileSystem\FS.cs(12,25): warning CS1591: Missing XML comment for publicly visible type or member 'FS.DEndsWithReplaceInFile' [E:\vs\Projects\PlatformIndependentNuGetPackages\SunamoFileSystem\SunamoFileSystem\SunamoFileSystem.csproj::TargetFramework=net10.0]
E:\vs\Projects\PlatformIndependentNuGetPackages\SunamoFileSystem\SunamoFileSystem\FS.cs(13,42): warning CS1591: Missing XML comment for publicly visible type or member 'FS.invalidFileNameCharsReadonly' [E:\vs\Projects\PlatformIndependentNuGetPackages\SunamoFileSystem\SunamoFileSystem\SunamoFileSystem.csproj::TargetFramework=net10.0]
E:\vs\Projects\PlatformIndependentNuGetPackages\SunamoFileSystem\SunamoFileSystem\FS.cs(14,44): warning CS1591: Missing XML comment for publicly visible type or member 'FS.invalidFileNameStringsReadonly' [E:\vs\Projects\PlatformIndependentNuGetPackages\SunamoFileSystem\SunamoFileSystem\SunamoFileSystem.csproj::TargetFramework=net10.0]
E:\vs\Projects\PlatformIndependentNuGetPackages\SunamoFileSystem\SunamoFileSystem\FS.cs(15,24): warning CS1591: Missing XML comment for publicly visible type or member 'FS.IsAbsolutePath(string)' [E:\vs\Projects\PlatformIndependentNuGetPackages\SunamoFileSystem\SunamoFileSystem\SunamoFileSystem.csproj::TargetFramework=net10.0]
E:\vs\Projects\PlatformIndependentNuGetPackages\SunamoFileSystem\SunamoFileSystem\FS.cs(35,33): warning CS1591: Missing XML comment for publicly visible type or member 'FS.invalidPathChars' [E:\vs\Projects\PlatformIndependentNuGetPackages\SunamoFileSystem\SunamoFileSystem\SunamoFileSystem.csproj::TargetFramework=net10.0]
E:\vs\Projects\PlatformIndependentNuGetPackages\SunamoFileSystem\SunamoFileSystem\FS.cs(40,30): warning CS1591: Missing XML comment for publicly visible type or member 'FS.InvalidFileNameChars' [E:\vs\Projects\PlatformIndependentNuGetPackages\SunamoFileSystem\SunamoFileSystem\SunamoFileSystem.csproj::TargetFramework=net10.0]
E:\vs\Projects\PlatformIndependentNuGetPackages\SunamoFileSystem\SunamoFileSystem\FS.cs(41,33): warning CS1591: Missing XML comment for publicly visible type or member 'FS.invalidCharsForMapPath' [E:\vs\Projects\PlatformIndependentNuGetPackages\SunamoFileSystem\SunamoFileSystem\SunamoFileSystem.csproj::TargetFramework=net10.0]
E:\vs\Projects\PlatformIndependentNuGetPackages\SunamoFileSystem\SunamoFileSystem\FS.cs(42,33): warning CS1591: Missing XML comment for publicly visible type or member 'FS.invalidFileNameCharsWithoutDelimiterOfFolders' [E:\vs\Projects\PlatformIndependentNuGetPackages\SunamoFileSystem\SunamoFileSystem\SunamoFileSystem.csproj::TargetFramework=net10.0]
E:\vs\Projects\PlatformIndependentNuGetPackages\SunamoFileSystem\SunamoFileSystem\FS.cs(43,26): warning CS1591: Missing XML comment for publicly visible type or member 'FS.ReplaceIncorrectFor' [E:\vs\Projects\PlatformIndependentNuGetPackages\SunamoFileSystem\SunamoFileSystem\SunamoFileSystem.csproj::TargetFramework=net10.0]
E:\vs\Projects\PlatformIndependentNuGetPackages\SunamoFileSystem\SunamoFileSystem\FS.cs(44,35): warning CS1591: Missing XML comment for publicly visible type or member 'FS.DeleteFileMaybeLocked' [E:\vs\Projects\PlatformIndependentNuGetPackages\SunamoFileSystem\SunamoFileSystem\SunamoFileSystem.csproj::TargetFramework=net10.0]
E:\vs\Projects\PlatformIndependentNuGetPackages\SunamoFileSystem\SunamoFileSystem\FS.cs(45,54): warning CS1591: Missing XML comment for publicly visible type or member 'FS.FileUtilWhoIsLocking' [E:\vs\Projects\PlatformIndependentNuGetPackages\SunamoFileSystem\SunamoFileSystem\SunamoFileSystem.csproj::TargetFramework=net10.0]
E:\vs\Projects\PlatformIndependentNuGetPackages\SunamoFileSystem\SunamoFileSystem\FS.cs(74,24): warning CS1591: Missing XML comment for publicly visible type or member 'FS.ExistsDirectory(string)' [E:\vs\Projects\PlatformIndependentNuGetPackages\SunamoFileSystem\SunamoFileSystem\SunamoFileSystem.csproj::TargetFramework=net10.0]
E:\vs\Projects\PlatformIndependentNuGetPackages\SunamoFileSystem\SunamoFileSystem\FS.cs(106,22): warning CS1572: XML comment has a param tag for 'v', but there is no parameter by that name [E:\vs\Projects\PlatformIndependentNuGetPackages\SunamoFileSystem\SunamoFileSystem\SunamoFileSystem.csproj::TargetFramework=net10.0]
E:\vs\Projects\PlatformIndependentNuGetPackages\SunamoFileSystem\SunamoFileSystem\FS.cs(107,47): warning CS1573: Parameter 'value' has no matching param tag in the XML comment for 'FS.CreateDirectory(string)' (but other parameters do) [E:\vs\Projects\PlatformIndependentNuGetPackages\SunamoFileSystem\SunamoFileSystem\SunamoFileSystem.csproj::TargetFramework=net10.0]
E:\vs\Projects\PlatformIndependentNuGetPackages\SunamoFileSystem\SunamoFileSystem\FS.cs(117,24): warning CS1591: Missing XML comment for publicly visible type or member 'FS.CreateDirectoryIfNotExists(string)' [E:\vs\Projects\PlatformIndependentNuGetPackages\SunamoFileSystem\SunamoFileSystem\SunamoFileSystem.csproj::TargetFramework=net10.0]
E:\vs\Projects\PlatformIndependentNuGetPackages\SunamoFileSystem\SunamoFileSystem\FS.cs(122,26): warning CS1591: Missing XML comment for publicly visible type or member 'FS.WithEndSlash(string)' [E:\vs\Projects\PlatformIndependentNuGetPackages\SunamoFileSystem\SunamoFileSystem\SunamoFileSystem.csproj::TargetFramework=net10.0]
E:\vs\Projects\PlatformIndependentNuGetPackages\SunamoFileSystem\SunamoFileSystem\FS.cs(129,22): warning CS1572: XML comment has a param tag for 'v', but there is no parameter by that name [E:\vs\Projects\PlatformIndependentNuGetPackages\SunamoFileSystem\SunamoFileSystem\SunamoFileSystem.csproj::TargetFramework=net10.0]
E:\vs\Projects\PlatformIndependentNuGetPackages\SunamoFileSystem\SunamoFileSystem\FS.cs(131,50): warning CS1573: Parameter 'value' has no matching param tag in the XML comment for 'FS.WithEndSlash(ref string)' (but other parameters do) [E:\vs\Projects\PlatformIndependentNuGetPackages\SunamoFileSystem\SunamoFileSystem\SunamoFileSystem.csproj::TargetFramework=net10.0]
E:\vs\Projects\PlatformIndependentNuGetPackages\SunamoFileSystem\SunamoFileSystem\FS.cs(137,32): warning CS1591: Missing XML comment for publicly visible type or member 'FS.FoldersWithSubfolder(string, string)' [E:\vs\Projects\PlatformIndependentNuGetPackages\SunamoFileSystem\SunamoFileSystem\SunamoFileSystem.csproj::TargetFramework=net10.0]
E:\vs\Projects\PlatformIndependentNuGetPackages\SunamoFileSystem\SunamoFileSystem\FS.cs(166,24): warning CS1591: Missing XML comment for publicly visible type or member 'FS.TryDeleteFile(string)' [E:\vs\Projects\PlatformIndependentNuGetPackages\SunamoFileSystem\SunamoFileSystem\SunamoFileSystem.csproj::TargetFramework=net10.0]
E:\vs\Projects\PlatformIndependentNuGetPackages\SunamoFileSystem\SunamoFileSystem\FS.cs(197,30): warning CS1591: Missing XML comment for publicly visible type or member 'FS.CreateFileIfDoesntExists(string)' [E:\vs\Projects\PlatformIndependentNuGetPackages\SunamoFileSystem\SunamoFileSystem\SunamoFileSystem.csproj::TargetFramework=net10.0]
E:\vs\Projects\PlatformIndependentNuGetPackages\SunamoFileSystem\SunamoFileSystem\FS.cs(212,26): warning CS1591: Missing XML comment for publicly visible type or member 'FS.InsertBetweenFileNameAndExtension(string, string)' [E:\vs\Projects\PlatformIndependentNuGetPackages\SunamoFileSystem\SunamoFileSystem\SunamoFileSystem.csproj::TargetFramework=net10.0]
E:\vs\Projects\PlatformIndependentNuGetPackages\SunamoFileSystem\SunamoFileSystem\FS.cs(242,5): warning CS1587: XML comment is not placed on a valid language element [E:\vs\Projects\PlatformIndependentNuGetPackages\SunamoFileSystem\SunamoFileSystem\SunamoFileSystem.csproj::TargetFramework=net10.0]
E:\vs\Projects\PlatformIndependentNuGetPackages\SunamoFileSystem\SunamoFileSystem\FS.cs(288,24): warning CS1591: Missing XML comment for publicly visible type or member 'FS.IsExtension(string)' [E:\vs\Projects\PlatformIndependentNuGetPackages\SunamoFileSystem\SunamoFileSystem\SunamoFileSystem.csproj::TargetFramework=net10.0]
E:\vs\Projects\PlatformIndependentNuGetPackages\SunamoFileSystem\SunamoFileSystem\FS.cs(303,24): warning CS1591: Missing XML comment for publicly visible type or member 'FS.ExistsFile(string)' [E:\vs\Projects\PlatformIndependentNuGetPackages\SunamoFileSystem\SunamoFileSystem\SunamoFileSystem.csproj::TargetFramework=net10.0]
E:\vs\Projects\PlatformIndependentNuGetPackages\SunamoFileSystem\SunamoFileSystem\FS.cs(307,24): warning CS1591: Missing XML comment for publicly visible type or member 'FS.MoveSubfoldersToFolder(ILogger, List<string>, string, string, FileMoveCollisionOption)' [E:\vs\Projects\PlatformIndependentNuGetPackages\SunamoFileSystem\SunamoFileSystem\SunamoFileSystem.csproj::TargetFramework=net10.0]
E:\vs\Projects\PlatformIndependentNuGetPackages\SunamoFileSystem\SunamoFileSystem\FS.cs(317,24): warning CS1591: Missing XML comment for publicly visible type or member 'FS.TrimBasePathAndTrailingBs(List<string>, string)' [E:\vs\Projects\PlatformIndependentNuGetPackages\SunamoFileSystem\SunamoFileSystem\SunamoFileSystem.csproj::TargetFramework=net10.0]
E:\vs\Projects\PlatformIndependentNuGetPackages\SunamoFileSystem\SunamoFileSystem\FS.cs(325,26): warning CS1591: Missing XML comment for publicly visible type or member 'FS.GetFileNameWithoutOneExtension(string)' [E:\vs\Projects\PlatformIndependentNuGetPackages\SunamoFileSystem\SunamoFileSystem\SunamoFileSystem.csproj::TargetFramework=net10.0]
E:\vs\Projects\PlatformIndependentNuGetPackages\SunamoFileSystem\SunamoFileSystem\FS.cs(329,26): warning CS1591: Missing XML comment for publicly visible type or member 'FS.GetActualDateTime()' [E:\vs\Projects\PlatformIndependentNuGetPackages\SunamoFileSystem\SunamoFileSystem\SunamoFileSystem.csproj::TargetFramework=net10.0]
E:\vs\Projects\PlatformIndependentNuGetPackages\SunamoFileSystem\SunamoFileSystem\FS.cs(340,9): warning CS1591: Missing XML comment for publicly visible type or member 'FS.KeepOnlyWhichIsNotInFiles(List<string>, List<string>)' [E:\vs\Projects\PlatformIndependentNuGetPackages\SunamoFileSystem\SunamoFileSystem\SunamoFileSystem.csproj::TargetFramework=net10.0]
E:\vs\Projects\PlatformIndependentNuGetPackages\SunamoFileSystem\SunamoFileSystem\FS.cs(403,32): warning CS1591: Missing XML comment for publicly visible type or member 'FS.FilterInRootAndInSubFolder(string, List<string>)' [E:\vs\Projects\PlatformIndependentNuGetPackages\SunamoFileSystem\SunamoFileSystem\SunamoFileSystem.csproj::TargetFramework=net10.0]
E:\vs\Projects\PlatformIndependentNuGetPackages\SunamoFileSystem\SunamoFileSystem\FS.cs(419,24): warning CS1591: Missing XML comment for publicly visible type or member 'FS.OnlyNames(List<string>)' [E:\vs\Projects\PlatformIndependentNuGetPackages\SunamoFileSystem\SunamoFileSystem\SunamoFileSystem.csproj::TargetFramework=net10.0]
E:\vs\Projects\PlatformIndependentNuGetPackages\SunamoFileSystem\SunamoFileSystem\FS.cs(423,32): warning CS1591: Missing XML comment for publicly visible type or member 'FS.FilesWhichContainsAll(object, string, params string[])' [E:\vs\Projects\PlatformIndependentNuGetPackages\SunamoFileSystem\SunamoFileSystem\SunamoFileSystem.csproj::TargetFramework=net10.0]
E:\vs\Projects\PlatformIndependentNuGetPackages\SunamoFileSystem\SunamoFileSystem\FS.cs(427,26): warning CS1591: Missing XML comment for publicly visible type or member 'FS.PathSpecialAndLevel(string, string, int)' [E:\vs\Projects\PlatformIndependentNuGetPackages\SunamoFileSystem\SunamoFileSystem\SunamoFileSystem.csproj::TargetFramework=net10.0]
E:\vs\Projects\PlatformIndependentNuGetPackages\SunamoFileSystem\SunamoFileSystem\FS.cs(449,26): warning CS1591: Missing XML comment for publicly visible type or member 'FS.GetDirectoryNameIfIsFile(string)' [E:\vs\Projects\PlatformIndependentNuGetPackages\SunamoFileSystem\SunamoFileSystem\SunamoFileSystem.csproj::TargetFramework=net10.0]
E:\vs\Projects\PlatformIndependentNuGetPackages\SunamoFileSystem\SunamoFileSystem\FS.cs(454,26): warning CS1591: Missing XML comment for publicly visible type or member 'FS.MaskFromExtensions(List<string>)' [E:\vs\Projects\PlatformIndependentNuGetPackages\SunamoFileSystem\SunamoFileSystem\SunamoFileSystem.csproj::TargetFramework=net10.0]
E:\vs\Projects\PlatformIndependentNuGetPackages\SunamoFileSystem\SunamoFileSystem\FS.cs(538,52): warning CS1573: Parameter 'logger' has no matching param tag in the XML comment for 'FS.CopyMoveFilesInList(ILogger, List<string>, string, string, List<string>, bool, bool, Dictionary<string, List<string>>, bool)' (but other parameters do) [E:\vs\Projects\PlatformIndependentNuGetPackages\SunamoFileSystem\SunamoFileSystem\SunamoFileSystem.csproj::TargetFramework=net10.0]
E:\vs\Projects\PlatformIndependentNuGetPackages\SunamoFileSystem\SunamoFileSystem\FS.cs(539,110): warning CS1573: Parameter 'files' has no matching param tag in the XML comment for 'FS.CopyMoveFilesInList(ILogger, List<string>, string, string, List<string>, bool, bool, Dictionary<string, List<string>>, bool)' (but other parameters do) [E:\vs\Projects\PlatformIndependentNuGetPackages\SunamoFileSystem\SunamoFileSystem\SunamoFileSystem.csproj::TargetFramework=net10.0]
E:\vs\Projects\PlatformIndependentNuGetPackages\SunamoFileSystem\SunamoFileSystem\FS.cs(540,14): warning CS1573: Parameter 'overwrite' has no matching param tag in the XML comment for 'FS.CopyMoveFilesInList(ILogger, List<string>, string, string, List<string>, bool, bool, Dictionary<string, List<string>>, bool)' (but other parameters do) [E:\vs\Projects\PlatformIndependentNuGetPackages\SunamoFileSystem\SunamoFileSystem\SunamoFileSystem.csproj::TargetFramework=net10.0]
E:\vs\Projects\PlatformIndependentNuGetPackages\SunamoFileSystem\SunamoFileSystem\FS.cs(577,24): warning CS1591: Missing XML comment for publicly visible type or member 'FS.CopyMoveFilesInListSimple(ILogger, List<string>, string, string, bool, bool)' [E:\vs\Projects\PlatformIndependentNuGetPackages\SunamoFileSystem\SunamoFileSystem\SunamoFileSystem.csproj::TargetFramework=net10.0]
E:\vs\Projects\PlatformIndependentNuGetPackages\SunamoFileSystem\SunamoFileSystem\FS.cs(585,24): warning CS1591: Missing XML comment for publicly visible type or member 'FS.CreateInOtherLocationSameFolderStructure(string, string)' [E:\vs\Projects\PlatformIndependentNuGetPackages\SunamoFileSystem\SunamoFileSystem\SunamoFileSystem.csproj::TargetFramework=net10.0]
E:\vs\Projects\PlatformIndependentNuGetPackages\SunamoFileSystem\SunamoFileSystem\FS.cs(602,65): warning CS1573: Parameter 'logger' has no matching param tag in the XML comment for 'FS.CopyMoveFromMultiLocationIntoOne(ILogger, List<string>, string, string)' (but other parameters do) [E:\vs\Projects\PlatformIndependentNuGetPackages\SunamoFileSystem\SunamoFileSystem\SunamoFileSystem.csproj::TargetFramework=net10.0]
E:\vs\Projects\PlatformIndependentNuGetPackages\SunamoFileSystem\SunamoFileSystem\FS.cs(683,22): warning CS1572: XML comment has a param tag for 'v', but there is no parameter by that name [E:\vs\Projects\PlatformIndependentNuGetPackages\SunamoFileSystem\SunamoFileSystem\SunamoFileSystem.csproj::TargetFramework=net10.0]
E:\vs\Projects\PlatformIndependentNuGetPackages\SunamoFileSystem\SunamoFileSystem\FS.cs(698,54): warning CS1573: Parameter 'so' has no matching param tag in the XML comment for 'FS.DeleteEmptyFiles(string, SearchOption)' (but other parameters do) [E:\vs\Projects\PlatformIndependentNuGetPackages\SunamoFileSystem\SunamoFileSystem\SunamoFileSystem.csproj::TargetFramework=net10.0]
E:\vs\Projects\PlatformIndependentNuGetPackages\SunamoFileSystem\SunamoFileSystem\FS.cs(759,30): warning CS1591: Missing XML comment for publicly visible type or member 'FS.ReplaceInAllFiles(string, string, ReplaceInAllFilesArgsBase, Func<string, bool>)' [E:\vs\Projects\PlatformIndependentNuGetPackages\SunamoFileSystem\SunamoFileSystem\SunamoFileSystem.csproj::TargetFramework=net10.0]
E:\vs\Projects\PlatformIndependentNuGetPackages\SunamoFileSystem\SunamoFileSystem\FS.cs(769,30): warning CS1591: Missing XML comment for publicly visible type or member 'FS.ReplaceInAllFiles(string, string, List<string>, List<string>, bool, Func<string, bool>)' [E:\vs\Projects\PlatformIndependentNuGetPackages\SunamoFileSystem\SunamoFileSystem\SunamoFileSystem.csproj::TargetFramework=net10.0]
E:\vs\Projects\PlatformIndependentNuGetPackages\SunamoFileSystem\SunamoFileSystem\FS.cs(788,22): warning CS1572: XML comment has a param tag for 'files', but there is no parameter by that name [E:\vs\Projects\PlatformIndependentNuGetPackages\SunamoFileSystem\SunamoFileSystem\SunamoFileSystem.csproj::TargetFramework=net10.0]
E:\vs\Projects\PlatformIndependentNuGetPackages\SunamoFileSystem\SunamoFileSystem\FS.cs(789,22): warning CS1572: XML comment has a param tag for 'dontReplaceAll', but there is no parameter by that name [E:\vs\Projects\PlatformIndependentNuGetPackages\SunamoFileSystem\SunamoFileSystem\SunamoFileSystem.csproj::TargetFramework=net10.0]
E:\vs\Projects\PlatformIndependentNuGetPackages\SunamoFileSystem\SunamoFileSystem\FS.cs(796,105): warning CS1573: Parameter 'args' has no matching param tag in the XML comment for 'FS.ReplaceInAllFiles(IList<string>, IList<string>, ReplaceInAllFilesArgsBase, Func<string, bool>)' (but other parameters do) [E:\vs\Projects\PlatformIndependentNuGetPackages\SunamoFileSystem\SunamoFileSystem\SunamoFileSystem.csproj::TargetFramework=net10.0]
E:\vs\Projects\PlatformIndependentNuGetPackages\SunamoFileSystem\SunamoFileSystem\FS.cs(797,32): warning CS1573: Parameter 'EncodingHelperIsBinary' has no matching param tag in the XML comment for 'FS.ReplaceInAllFiles(IList<string>, IList<string>, ReplaceInAllFilesArgsBase, Func<string, bool>)' (but other parameters do) [E:\vs\Projects\PlatformIndependentNuGetPackages\SunamoFileSystem\SunamoFileSystem\SunamoFileSystem.csproj::TargetFramework=net10.0]
E:\vs\Projects\PlatformIndependentNuGetPackages\SunamoFileSystem\SunamoFileSystem\FS.cs(857,22): warning CS1572: XML comment has a param tag for 'v', but there is no parameter by that name [E:\vs\Projects\PlatformIndependentNuGetPackages\SunamoFileSystem\SunamoFileSystem\SunamoFileSystem.csproj::TargetFramework=net10.0]
E:\vs\Projects\PlatformIndependentNuGetPackages\SunamoFileSystem\SunamoFileSystem\FS.cs(858,54): warning CS1573: Parameter 'value' has no matching param tag in the XML comment for 'FS.GetFileInStartupPath(string)' (but other parameters do) [E:\vs\Projects\PlatformIndependentNuGetPackages\SunamoFileSystem\SunamoFileSystem\SunamoFileSystem.csproj::TargetFramework=net10.0]
E:\vs\Projects\PlatformIndependentNuGetPackages\SunamoFileSystem\SunamoFileSystem\FS.cs(868,9): warning CS1591: Missing XML comment for publicly visible type or member 'FS.RemoveDiacriticInFileContents(string, string)' [E:\vs\Projects\PlatformIndependentNuGetPackages\SunamoFileSystem\SunamoFileSystem\SunamoFileSystem.csproj::TargetFramework=net10.0]
E:\vs\Projects\PlatformIndependentNuGetPackages\SunamoFileSystem\SunamoFileSystem\FS.cs(901,26): warning CS1591: Missing XML comment for publicly visible type or member 'FS.RemoveFile(string)' [E:\vs\Projects\PlatformIndependentNuGetPackages\SunamoFileSystem\SunamoFileSystem\SunamoFileSystem.csproj::TargetFramework=net10.0]
E:\vs\Projects\PlatformIndependentNuGetPackages\SunamoFileSystem\SunamoFileSystem\FS.cs(910,26): warning CS1591: Missing XML comment for publicly visible type or member 'FS.MakeFromLastPartFile(string, string)' [E:\vs\Projects\PlatformIndependentNuGetPackages\SunamoFileSystem\SunamoFileSystem\SunamoFileSystem.csproj::TargetFramework=net10.0]
E:\vs\Projects\PlatformIndependentNuGetPackages\SunamoFileSystem\SunamoFileSystem\FS.cs(924,24): warning CS1591: Missing XML comment for publicly visible type or member 'FS.CopyAs0KbFilesSubfolders(string, string)' [E:\vs\Projects\PlatformIndependentNuGetPackages\SunamoFileSystem\SunamoFileSystem\SunamoFileSystem.csproj::TargetFramework=net10.0]
E:\vs\Projects\PlatformIndependentNuGetPackages\SunamoFileSystem\SunamoFileSystem\FS.cs(932,24): warning CS1591: Missing XML comment for publicly visible type or member 'FS.CopyAs0KbFiles(string, string)' [E:\vs\Projects\PlatformIndependentNuGetPackages\SunamoFileSystem\SunamoFileSystem\SunamoFileSystem.csproj::TargetFramework=net10.0]
E:\vs\Projects\PlatformIndependentNuGetPackages\SunamoFileSystem\SunamoFileSystem\FS.cs(944,26): warning CS1591: Missing XML comment for publicly visible type or member 'FS.ShrinkLongPath(string)' [E:\vs\Projects\PlatformIndependentNuGetPackages\SunamoFileSystem\SunamoFileSystem\SunamoFileSystem.csproj::TargetFramework=net10.0]
E:\vs\Projects\PlatformIndependentNuGetPackages\SunamoFileSystem\SunamoFileSystem\FS.cs(954,26): warning CS1591: Missing XML comment for publicly visible type or member 'FS.CreateNewFolderPathWithEndingNextTo(string, string)' [E:\vs\Projects\PlatformIndependentNuGetPackages\SunamoFileSystem\SunamoFileSystem\SunamoFileSystem.csproj::TargetFramework=net10.0]
E:\vs\Projects\PlatformIndependentNuGetPackages\SunamoFileSystem\SunamoFileSystem\FS.cs(962,24): warning CS1591: Missing XML comment for publicly visible type or member 'FS.CopyFilesOfExtensions(string, string, params string[])' [E:\vs\Projects\PlatformIndependentNuGetPackages\SunamoFileSystem\SunamoFileSystem\SunamoFileSystem.csproj::TargetFramework=net10.0]
E:\vs\Projects\PlatformIndependentNuGetPackages\SunamoFileSystem\SunamoFileSystem\FS.cs(1033,26): warning CS1591: Missing XML comment for publicly visible type or member 'FS.GetUpFolderWhichContainsExtension(string, string)' [E:\vs\Projects\PlatformIndependentNuGetPackages\SunamoFileSystem\SunamoFileSystem\SunamoFileSystem.csproj::TargetFramework=net10.0]
E:\vs\Projects\PlatformIndependentNuGetPackages\SunamoFileSystem\SunamoFileSystem\FS.cs(1042,24): warning CS1591: Missing XML comment for publicly visible type or member 'FS.TrimContentInFilesOfFolder(string, string, SearchOption)' [E:\vs\Projects\PlatformIndependentNuGetPackages\SunamoFileSystem\SunamoFileSystem\SunamoFileSystem.csproj::TargetFramework=net10.0]
E:\vs\Projects\PlatformIndependentNuGetPackages\SunamoFileSystem\SunamoFileSystem\FS.cs(1073,24): warning CS1591: Missing XML comment for publicly visible type or member 'FS.GetSizeIn(long, ComputerSizeUnits, ComputerSizeUnits)' [E:\vs\Projects\PlatformIndependentNuGetPackages\SunamoFileSystem\SunamoFileSystem\SunamoFileSystem.csproj::TargetFramework=net10.0]
E:\vs\Projects\PlatformIndependentNuGetPackages\SunamoFileSystem\SunamoFileSystem\FS.cs(1125,23): warning CS1591: Missing XML comment for publicly visible type or member 'FS.CompareTWithInt<T>(TWithInt<T>, TWithInt<T>)' [E:\vs\Projects\PlatformIndependentNuGetPackages\SunamoFileSystem\SunamoFileSystem\SunamoFileSystem.csproj::TargetFramework=net10.0]
E:\vs\Projects\PlatformIndependentNuGetPackages\SunamoFileSystem\SunamoFileSystem\FS.cs(1132,42): warning CS1591: Missing XML comment for publicly visible type or member 'FS.DirectoriesWithToken(string, AscDesc)' [E:\vs\Projects\PlatformIndependentNuGetPackages\SunamoFileSystem\SunamoFileSystem\SunamoFileSystem.csproj::TargetFramework=net10.0]
E:\vs\Projects\PlatformIndependentNuGetPackages\SunamoFileSystem\SunamoFileSystem\FS.cs(1238,24): warning CS1591: Missing XML comment for publicly visible type or member 'FS.MoveAllFilesRecursively(ILogger, string, string, FileMoveCollisionOption, string)' [E:\vs\Projects\PlatformIndependentNuGetPackages\SunamoFileSystem\SunamoFileSystem\SunamoFileSystem.csproj::TargetFramework=net10.0]
E:\vs\Projects\PlatformIndependentNuGetPackages\SunamoFileSystem\SunamoFileSystem\FS.cs(1327,52): warning CS1591: Missing XML comment for publicly visible type or member 'FS.SortPathsByFileName(List<string>, bool)' [E:\vs\Projects\PlatformIndependentNuGetPackages\SunamoFileSystem\SunamoFileSystem\SunamoFileSystem.csproj::TargetFramework=net10.0]
E:\vs\Projects\PlatformIndependentNuGetPackages\SunamoFileSystem\SunamoFileSystem\FS.cs(1342,24): warning CS1591: Missing XML comment for publicly visible type or member 'FS.DeleteAllRecursively(string, bool)' [E:\vs\Projects\PlatformIndependentNuGetPackages\SunamoFileSystem\SunamoFileSystem\SunamoFileSystem.csproj::TargetFramework=net10.0]
E:\vs\Projects\PlatformIndependentNuGetPackages\SunamoFileSystem\SunamoFileSystem\FS.cs(1355,24): warning CS1591: Missing XML comment for publicly visible type or member 'FS.DeleteFoldersWhichNotContains(string, string, IList<string>)' [E:\vs\Projects\PlatformIndependentNuGetPackages\SunamoFileSystem\SunamoFileSystem\SunamoFileSystem.csproj::TargetFramework=net10.0]
E:\vs\Projects\PlatformIndependentNuGetPackages\SunamoFileSystem\SunamoFileSystem\FS.cs(1378,32): warning CS1591: Missing XML comment for publicly visible type or member 'FS.OnlyExtensions(List<string>)' [E:\vs\Projects\PlatformIndependentNuGetPackages\SunamoFileSystem\SunamoFileSystem\SunamoFileSystem.csproj::TargetFramework=net10.0]
E:\vs\Projects\PlatformIndependentNuGetPackages\SunamoFileSystem\SunamoFileSystem\FS.cs(1409,32): warning CS1591: Missing XML comment for publicly visible type or member 'FS.OnlyExtensionsToLower(List<string>, GetExtensionArgs)' [E:\vs\Projects\PlatformIndependentNuGetPackages\SunamoFileSystem\SunamoFileSystem\SunamoFileSystem.csproj::TargetFramework=net10.0]
E:\vs\Projects\PlatformIndependentNuGetPackages\SunamoFileSystem\SunamoFileSystem\FS.cs(1419,32): warning CS1591: Missing XML comment for publicly visible type or member 'FS.OnlyExtensionsToLowerWithPath(List<string>)' [E:\vs\Projects\PlatformIndependentNuGetPackages\SunamoFileSystem\SunamoFileSystem\SunamoFileSystem.csproj::TargetFramework=net10.0]
E:\vs\Projects\PlatformIndependentNuGetPackages\SunamoFileSystem\SunamoFileSystem\FS.cs(1426,26): warning CS1591: Missing XML comment for publicly visible type or member 'FS.OnlyExtensionToLowerWithPath(string)' [E:\vs\Projects\PlatformIndependentNuGetPackages\SunamoFileSystem\SunamoFileSystem\SunamoFileSystem.csproj::TargetFramework=net10.0]
E:\vs\Projects\PlatformIndependentNuGetPackages\SunamoFileSystem\SunamoFileSystem\FS.cs(1433,32): warning CS1591: Missing XML comment for publicly visible type or member 'FS.AllExtensionsInFolders(SearchOption, params string[])' [E:\vs\Projects\PlatformIndependentNuGetPackages\SunamoFileSystem\SunamoFileSystem\SunamoFileSystem.csproj::TargetFramework=net10.0]
E:\vs\Projects\PlatformIndependentNuGetPackages\SunamoFileSystem\SunamoFileSystem\FS.cs(1442,22): warning CS1572: XML comment has a param tag for 'so', but there is no parameter by that name [E:\vs\Projects\PlatformIndependentNuGetPackages\SunamoFileSystem\SunamoFileSystem\SunamoFileSystem.csproj::TargetFramework=net10.0]
E:\vs\Projects\PlatformIndependentNuGetPackages\SunamoFileSystem\SunamoFileSystem\FS.cs(1443,22): warning CS1572: XML comment has a param tag for 'folders', but there is no parameter by that name [E:\vs\Projects\PlatformIndependentNuGetPackages\SunamoFileSystem\SunamoFileSystem\SunamoFileSystem.csproj::TargetFramework=net10.0]
E:\vs\Projects\PlatformIndependentNuGetPackages\SunamoFileSystem\SunamoFileSystem\FS.cs(1444,68): warning CS1573: Parameter 'filesFull' has no matching param tag in the XML comment for 'FS.AllExtensionsInFolders(List<string>, GetExtensionArgs)' (but other parameters do) [E:\vs\Projects\PlatformIndependentNuGetPackages\SunamoFileSystem\SunamoFileSystem\SunamoFileSystem.csproj::TargetFramework=net10.0]
E:\vs\Projects\PlatformIndependentNuGetPackages\SunamoFileSystem\SunamoFileSystem\FS.cs(1444,96): warning CS1573: Parameter 'args' has no matching param tag in the XML comment for 'FS.AllExtensionsInFolders(List<string>, GetExtensionArgs)' (but other parameters do) [E:\vs\Projects\PlatformIndependentNuGetPackages\SunamoFileSystem\SunamoFileSystem\SunamoFileSystem.csproj::TargetFramework=net10.0]
E:\vs\Projects\PlatformIndependentNuGetPackages\SunamoFileSystem\SunamoFileSystem\FS.cs(1462,26): warning CS1591: Missing XML comment for publicly visible type or member 'FS.ExpandEnvironmentVariables(EnvironmentVariables)' [E:\vs\Projects\PlatformIndependentNuGetPackages\SunamoFileSystem\SunamoFileSystem\SunamoFileSystem.csproj::TargetFramework=net10.0]
E:\vs\Projects\PlatformIndependentNuGetPackages\SunamoFileSystem\SunamoFileSystem\FS.cs(1474,26): warning CS1591: Missing XML comment for publicly visible type or member 'FS.AddUpfoldersToRelativePath(int, string, char)' [E:\vs\Projects\PlatformIndependentNuGetPackages\SunamoFileSystem\SunamoFileSystem\SunamoFileSystem.csproj::TargetFramework=net10.0]
E:\vs\Projects\PlatformIndependentNuGetPackages\SunamoFileSystem\SunamoFileSystem\FS.cs(1486,22): warning CS1572: XML comment has a param tag for 'item', but there is no parameter by that name [E:\vs\Projects\PlatformIndependentNuGetPackages\SunamoFileSystem\SunamoFileSystem\SunamoFileSystem.csproj::TargetFramework=net10.0]
E:\vs\Projects\PlatformIndependentNuGetPackages\SunamoFileSystem\SunamoFileSystem\FS.cs(1488,52): warning CS1573: Parameter 'extension' has no matching param tag in the XML comment for 'FS.NormalizeExtension(string)' (but other parameters do) [E:\vs\Projects\PlatformIndependentNuGetPackages\SunamoFileSystem\SunamoFileSystem\SunamoFileSystem.csproj::TargetFramework=net10.0]
E:\vs\Projects\PlatformIndependentNuGetPackages\SunamoFileSystem\SunamoFileSystem\FS.cs(1492,26): warning CS1591: Missing XML comment for publicly visible type or member 'FS.GetNormalizedExtension(string)' [E:\vs\Projects\PlatformIndependentNuGetPackages\SunamoFileSystem\SunamoFileSystem\SunamoFileSystem.csproj::TargetFramework=net10.0]
E:\vs\Projects\PlatformIndependentNuGetPackages\SunamoFileSystem\SunamoFileSystem\FS.cs(1496,24): warning CS1591: Missing XML comment for publicly visible type or member 'FS.ModifiedinUnix(string)' [E:\vs\Projects\PlatformIndependentNuGetPackages\SunamoFileSystem\SunamoFileSystem\SunamoFileSystem.csproj::TargetFramework=net10.0]
E:\vs\Projects\PlatformIndependentNuGetPackages\SunamoFileSystem\SunamoFileSystem\FS.cs(1500,24): warning CS1591: Missing XML comment for publicly visible type or member 'FS.ReplaceDiacriticRecursive(ILogger, string, bool, bool, DirectoryMoveCollisionOption, FileMoveCollisionOption)' [E:\vs\Projects\PlatformIndependentNuGetPackages\SunamoFileSystem\SunamoFileSystem\SunamoFileSystem.csproj::TargetFramework=net10.0]
E:\vs\Projects\PlatformIndependentNuGetPackages\SunamoFileSystem\SunamoFileSystem\FS.cs(1540,43): warning CS1573: Parameter 'logger' has no matching param tag in the XML comment for 'FS.RenameFile(ILogger, string, string, FileMoveCollisionOption)' (but other parameters do) [E:\vs\Projects\PlatformIndependentNuGetPackages\SunamoFileSystem\SunamoFileSystem\SunamoFileSystem.csproj::TargetFramework=net10.0]
E:\vs\Projects\PlatformIndependentNuGetPackages\SunamoFileSystem\SunamoFileSystem\FS.cs(1551,50): warning CS1573: Parameter 'logger' has no matching param tag in the XML comment for 'FS.RenameDirectory(ILogger, string, string, DirectoryMoveCollisionOption, FileMoveCollisionOption)' (but other parameters do) [E:\vs\Projects\PlatformIndependentNuGetPackages\SunamoFileSystem\SunamoFileSystem\SunamoFileSystem.csproj::TargetFramework=net10.0]
E:\vs\Projects\PlatformIndependentNuGetPackages\SunamoFileSystem\SunamoFileSystem\FS.cs(1551,116): warning CS1573: Parameter 'directoryCollisionOption' has no matching param tag in the XML comment for 'FS.RenameDirectory(ILogger, string, string, DirectoryMoveCollisionOption, FileMoveCollisionOption)' (but other parameters do) [E:\vs\Projects\PlatformIndependentNuGetPackages\SunamoFileSystem\SunamoFileSystem\SunamoFileSystem.csproj::TargetFramework=net10.0]
E:\vs\Projects\PlatformIndependentNuGetPackages\SunamoFileSystem\SunamoFileSystem\FS.cs(1552,33): warning CS1573: Parameter 'fileCollisionOption' has no matching param tag in the XML comment for 'FS.RenameDirectory(ILogger, string, string, DirectoryMoveCollisionOption, FileMoveCollisionOption)' (but other parameters do) [E:\vs\Projects\PlatformIndependentNuGetPackages\SunamoFileSystem\SunamoFileSystem\SunamoFileSystem.csproj::TargetFramework=net10.0]
E:\vs\Projects\PlatformIndependentNuGetPackages\SunamoFileSystem\SunamoFileSystem\FS.cs(1572,22): warning CS1572: XML comment has a param tag for 'fn', but there is no parameter by that name [E:\vs\Projects\PlatformIndependentNuGetPackages\SunamoFileSystem\SunamoFileSystem\SunamoFileSystem.csproj::TargetFramework=net10.0]
E:\vs\Projects\PlatformIndependentNuGetPackages\SunamoFileSystem\SunamoFileSystem\FS.cs(1573,22): warning CS1572: XML comment has a param tag for 'path', but there is no parameter by that name [E:\vs\Projects\PlatformIndependentNuGetPackages\SunamoFileSystem\SunamoFileSystem\SunamoFileSystem.csproj::TargetFramework=net10.0]
E:\vs\Projects\PlatformIndependentNuGetPackages\SunamoFileSystem\SunamoFileSystem\FS.cs(1576,71): warning CS1573: Parameter 'filePath' has no matching param tag in the XML comment for 'FS.GetFileNameWithoutExtensionAndExtension(string, out string, out string)' (but other parameters do) [E:\vs\Projects\PlatformIndependentNuGetPackages\SunamoFileSystem\SunamoFileSystem\SunamoFileSystem.csproj::TargetFramework=net10.0]
E:\vs\Projects\PlatformIndependentNuGetPackages\SunamoFileSystem\SunamoFileSystem\FS.cs(1581,24): warning CS1591: Missing XML comment for publicly visible type or member 'FS.SaveStream(string, Stream)' [E:\vs\Projects\PlatformIndependentNuGetPackages\SunamoFileSystem\SunamoFileSystem\SunamoFileSystem.csproj::TargetFramework=net10.0]
E:\vs\Projects\PlatformIndependentNuGetPackages\SunamoFileSystem\SunamoFileSystem\FS.cs(1589,32): warning CS1591: Missing XML comment for publicly visible type or member 'FS.OnlyNamesWithoutExtensionCopy(List<string>)' [E:\vs\Projects\PlatformIndependentNuGetPackages\SunamoFileSystem\SunamoFileSystem\SunamoFileSystem.csproj::TargetFramework=net10.0]
E:\vs\Projects\PlatformIndependentNuGetPackages\SunamoFileSystem\SunamoFileSystem\FS.cs(1595,24): warning CS1591: Missing XML comment for publicly visible type or member 'FS.DirectoryExistsAndIsNotEmpty(string)' [E:\vs\Projects\PlatformIndependentNuGetPackages\SunamoFileSystem\SunamoFileSystem\SunamoFileSystem.csproj::TargetFramework=net10.0]
E:\vs\Projects\PlatformIndependentNuGetPackages\SunamoFileSystem\SunamoFileSystem\FS.cs(1600,32): warning CS1591: Missing XML comment for publicly visible type or member 'FS.OnlyNamesWithoutExtension(string, List<string>)' [E:\vs\Projects\PlatformIndependentNuGetPackages\SunamoFileSystem\SunamoFileSystem\SunamoFileSystem.csproj::TargetFramework=net10.0]
E:\vs\Projects\PlatformIndependentNuGetPackages\SunamoFileSystem\SunamoFileSystem\FS.cs(1607,26): warning CS1591: Missing XML comment for publicly visible type or member 'FS.Postfix(string, string)' [E:\vs\Projects\PlatformIndependentNuGetPackages\SunamoFileSystem\SunamoFileSystem\SunamoFileSystem.csproj::TargetFramework=net10.0]
E:\vs\Projects\PlatformIndependentNuGetPackages\SunamoFileSystem\SunamoFileSystem\FS.cs(1619,9): warning CS1591: Missing XML comment for publicly visible type or member 'FS.ReadAllText(string)' [E:\vs\Projects\PlatformIndependentNuGetPackages\SunamoFileSystem\SunamoFileSystem\SunamoFileSystem.csproj::TargetFramework=net10.0]
E:\vs\Projects\PlatformIndependentNuGetPackages\SunamoFileSystem\SunamoFileSystem\FS.cs(1627,26): warning CS1591: Missing XML comment for publicly visible type or member 'FS.GetFileNameWithoutExtension(string)' [E:\vs\Projects\PlatformIndependentNuGetPackages\SunamoFileSystem\SunamoFileSystem\SunamoFileSystem.csproj::TargetFramework=net10.0]
E:\vs\Projects\PlatformIndependentNuGetPackages\SunamoFileSystem\SunamoFileSystem\FS.cs(1636,22): warning CS1572: XML comment has a param tag for 's', but there is no parameter by that name [E:\vs\Projects\PlatformIndependentNuGetPackages\SunamoFileSystem\SunamoFileSystem\SunamoFileSystem.csproj::TargetFramework=net10.0]
E:\vs\Projects\PlatformIndependentNuGetPackages\SunamoFileSystem\SunamoFileSystem\FS.cs(1638,88): warning CS1573: Parameter 'text' has no matching param tag in the XML comment for 'FS.GetFileNameWithoutExtensionNoAc<StorageFile>(StorageFile)' (but other parameters do) [E:\vs\Projects\PlatformIndependentNuGetPackages\SunamoFileSystem\SunamoFileSystem\SunamoFileSystem.csproj::TargetFramework=net10.0]
E:\vs\Projects\PlatformIndependentNuGetPackages\SunamoFileSystem\SunamoFileSystem\FS.cs(1665,24): warning CS1591: Missing XML comment for publicly visible type or member 'FS.ThrowNotImplementedUwp()' [E:\vs\Projects\PlatformIndependentNuGetPackages\SunamoFileSystem\SunamoFileSystem\SunamoFileSystem.csproj::TargetFramework=net10.0]
E:\vs\Projects\PlatformIndependentNuGetPackages\SunamoFileSystem\SunamoFileSystem\FS.cs(1669,24): warning CS1591: Missing XML comment for publicly visible type or member 'FS.IsFileOlderThanXHours(string, int, bool)' [E:\vs\Projects\PlatformIndependentNuGetPackages\SunamoFileSystem\SunamoFileSystem\SunamoFileSystem.csproj::TargetFramework=net10.0]
E:\vs\Projects\PlatformIndependentNuGetPackages\SunamoFileSystem\SunamoFileSystem\FS.cs(1684,32): warning CS1591: Missing XML comment for publicly visible type or member 'FS.GetFileNamesWoExtension(List<string>)' [E:\vs\Projects\PlatformIndependentNuGetPackages\SunamoFileSystem\SunamoFileSystem\SunamoFileSystem.csproj::TargetFramework=net10.0]
E:\vs\Projects\PlatformIndependentNuGetPackages\SunamoFileSystem\SunamoFileSystem\FS.cs(1702,93): warning CS1573: Parameter 'collisionOption' has no matching param tag in the XML comment for 'FS.CopyTo(string, string, FileMoveCollisionOption)' (but other parameters do) [E:\vs\Projects\PlatformIndependentNuGetPackages\SunamoFileSystem\SunamoFileSystem\SunamoFileSystem.csproj::TargetFramework=net10.0]
E:\vs\Projects\PlatformIndependentNuGetPackages\SunamoFileSystem\SunamoFileSystem\FS.cs(1731,22): warning CS1572: XML comment has a param tag for 'p', but there is no parameter by that name [E:\vs\Projects\PlatformIndependentNuGetPackages\SunamoFileSystem\SunamoFileSystem\SunamoFileSystem.csproj::TargetFramework=net10.0]
E:\vs\Projects\PlatformIndependentNuGetPackages\SunamoFileSystem\SunamoFileSystem\FS.cs(1734,82): warning CS1573: Parameter 'path' has no matching param tag in the XML comment for 'FS.ReplaceDirectoryThrowExceptionIfFromDoesntExists(string, string, string)' (but other parameters do) [E:\vs\Projects\PlatformIndependentNuGetPackages\SunamoFileSystem\SunamoFileSystem\SunamoFileSystem.csproj::TargetFramework=net10.0]
E:\vs\Projects\PlatformIndependentNuGetPackages\SunamoFileSystem\SunamoFileSystem\FS.cs(1750,22): warning CS1572: XML comment has a param tag for 'p', but there is no parameter by that name [E:\vs\Projects\PlatformIndependentNuGetPackages\SunamoFileSystem\SunamoFileSystem\SunamoFileSystem.csproj::TargetFramework=net10.0]
E:\vs\Projects\PlatformIndependentNuGetPackages\SunamoFileSystem\SunamoFileSystem\FS.cs(1752,71): warning CS1573: Parameter 'path' has no matching param tag in the XML comment for 'FS.OnlyNamesWithoutExtension(List<string>)' (but other parameters do) [E:\vs\Projects\PlatformIndependentNuGetPackages\SunamoFileSystem\SunamoFileSystem\SunamoFileSystem.csproj::TargetFramework=net10.0]
E:\vs\Projects\PlatformIndependentNuGetPackages\SunamoFileSystem\SunamoFileSystem\FS.cs(1760,22): warning CS1572: XML comment has a param tag for 'fn', but there is no parameter by that name [E:\vs\Projects\PlatformIndependentNuGetPackages\SunamoFileSystem\SunamoFileSystem\SunamoFileSystem.csproj::TargetFramework=net10.0]
E:\vs\Projects\PlatformIndependentNuGetPackages\SunamoFileSystem\SunamoFileSystem\FS.cs(1764,50): warning CS1573: Parameter 'filePath' has no matching param tag in the XML comment for 'FS.GetPathAndFileName(string, out string, out string, out string)' (but other parameters do) [E:\vs\Projects\PlatformIndependentNuGetPackages\SunamoFileSystem\SunamoFileSystem\SunamoFileSystem.csproj::TargetFramework=net10.0]
E:\vs\Projects\PlatformIndependentNuGetPackages\SunamoFileSystem\SunamoFileSystem\FS.cs(1815,32): warning CS1591: Missing XML comment for publicly visible type or member 'FS.GetTokens(string)' [E:\vs\Projects\PlatformIndependentNuGetPackages\SunamoFileSystem\SunamoFileSystem\SunamoFileSystem.csproj::TargetFramework=net10.0]
E:\vs\Projects\PlatformIndependentNuGetPackages\SunamoFileSystem\SunamoFileSystem\FS.cs(1827,24): warning CS1591: Missing XML comment for publicly visible type or member 'FS.CopyStream(Stream, Stream)' [E:\vs\Projects\PlatformIndependentNuGetPackages\SunamoFileSystem\SunamoFileSystem\SunamoFileSystem.csproj::TargetFramework=net10.0]
E:\vs\Projects\PlatformIndependentNuGetPackages\SunamoFileSystem\SunamoFileSystem\FS.cs(1836,22): warning CS1572: XML comment has a param tag for 's', but there is no parameter by that name [E:\vs\Projects\PlatformIndependentNuGetPackages\SunamoFileSystem\SunamoFileSystem\SunamoFileSystem.csproj::TargetFramework=net10.0]
E:\vs\Projects\PlatformIndependentNuGetPackages\SunamoFileSystem\SunamoFileSystem\FS.cs(1837,71): warning CS1573: Parameter 'text' has no matching param tag in the XML comment for 'FS.CombineWithoutFirstCharUpper(params string[])' (but other parameters do) [E:\vs\Projects\PlatformIndependentNuGetPackages\SunamoFileSystem\SunamoFileSystem\SunamoFileSystem.csproj::TargetFramework=net10.0]
E:\vs\Projects\PlatformIndependentNuGetPackages\SunamoFileSystem\SunamoFileSystem\FS.cs(1841,24): warning CS1591: Missing XML comment for publicly visible type or member 'FS.SaveMemoryStream(MemoryStream, string)' [E:\vs\Projects\PlatformIndependentNuGetPackages\SunamoFileSystem\SunamoFileSystem\SunamoFileSystem.csproj::TargetFramework=net10.0]
E:\vs\Projects\PlatformIndependentNuGetPackages\SunamoFileSystem\SunamoFileSystem\FS.cs(1878,26): warning CS1591: Missing XML comment for publicly visible type or member 'FS.DeleteWrongCharsInDirectoryName(string)' [E:\vs\Projects\PlatformIndependentNuGetPackages\SunamoFileSystem\SunamoFileSystem\SunamoFileSystem.csproj::TargetFramework=net10.0]
E:\vs\Projects\PlatformIndependentNuGetPackages\SunamoFileSystem\SunamoFileSystem\FS.cs(1888,26): warning CS1591: Missing XML comment for publicly visible type or member 'FS.DeleteWrongCharsInFileName(string, bool)' [E:\vs\Projects\PlatformIndependentNuGetPackages\SunamoFileSystem\SunamoFileSystem\SunamoFileSystem.csproj::TargetFramework=net10.0]
E:\vs\Projects\PlatformIndependentNuGetPackages\SunamoFileSystem\SunamoFileSystem\FS.cs(1903,24): warning CS1591: Missing XML comment for publicly visible type or member 'FS.ContainsInvalidPathCharForPartOfMapPath(string)' [E:\vs\Projects\PlatformIndependentNuGetPackages\SunamoFileSystem\SunamoFileSystem\SunamoFileSystem.csproj::TargetFramework=net10.0]
E:\vs\Projects\PlatformIndependentNuGetPackages\SunamoFileSystem\SunamoFileSystem\FS.cs(1933,22): warning CS1572: XML comment has a param tag for 'files', but there is no parameter by that name [E:\vs\Projects\PlatformIndependentNuGetPackages\SunamoFileSystem\SunamoFileSystem\SunamoFileSystem.csproj::TargetFramework=net10.0]
E:\vs\Projects\PlatformIndependentNuGetPackages\SunamoFileSystem\SunamoFileSystem\FS.cs(1934,67): warning CS1573: Parameter 'files2' has no matching param tag in the XML comment for 'FS.OnlyNamesNoDirectEdit(List<string>)' (but other parameters do) [E:\vs\Projects\PlatformIndependentNuGetPackages\SunamoFileSystem\SunamoFileSystem\SunamoFileSystem.csproj::TargetFramework=net10.0]
E:\vs\Projects\PlatformIndependentNuGetPackages\SunamoFileSystem\SunamoFileSystem\FS.cs(1955,22): warning CS1572: XML comment has a param tag for 'item', but there is no parameter by that name [E:\vs\Projects\PlatformIndependentNuGetPackages\SunamoFileSystem\SunamoFileSystem\SunamoFileSystem.csproj::TargetFramework=net10.0]
E:\vs\Projects\PlatformIndependentNuGetPackages\SunamoFileSystem\SunamoFileSystem\FS.cs(1956,22): warning CS1572: XML comment has a param tag for 'fileTo', but there is no parameter by that name [E:\vs\Projects\PlatformIndependentNuGetPackages\SunamoFileSystem\SunamoFileSystem\SunamoFileSystem.csproj::TargetFramework=net10.0]
E:\vs\Projects\PlatformIndependentNuGetPackages\SunamoFileSystem\SunamoFileSystem\FS.cs(1957,22): warning CS1572: XML comment has a param tag for 'co', but there is no parameter by that name [E:\vs\Projects\PlatformIndependentNuGetPackages\SunamoFileSystem\SunamoFileSystem\SunamoFileSystem.csproj::TargetFramework=net10.0]
E:\vs\Projects\PlatformIndependentNuGetPackages\SunamoFileSystem\SunamoFileSystem\FS.cs(2006,49): warning CS1573: Parameter 'filePath' has no matching param tag in the XML comment for 'FS.ChangeExtension(string, string, bool)' (but other parameters do) [E:\vs\Projects\PlatformIndependentNuGetPackages\SunamoFileSystem\SunamoFileSystem\SunamoFileSystem.csproj::TargetFramework=net10.0]
E:\vs\Projects\PlatformIndependentNuGetPackages\SunamoFileSystem\SunamoFileSystem\FS.cs(2006,66): warning CS1573: Parameter 'newExt' has no matching param tag in the XML comment for 'FS.ChangeExtension(string, string, bool)' (but other parameters do) [E:\vs\Projects\PlatformIndependentNuGetPackages\SunamoFileSystem\SunamoFileSystem\SunamoFileSystem.csproj::TargetFramework=net10.0]
E:\vs\Projects\PlatformIndependentNuGetPackages\SunamoFileSystem\SunamoFileSystem\FS.cs(2006,79): warning CS1573: Parameter 'physically' has no matching param tag in the XML comment for 'FS.ChangeExtension(string, string, bool)' (but other parameters do) [E:\vs\Projects\PlatformIndependentNuGetPackages\SunamoFileSystem\SunamoFileSystem\SunamoFileSystem.csproj::TargetFramework=net10.0]
E:\vs\Projects\PlatformIndependentNuGetPackages\SunamoFileSystem\SunamoFileSystem\FS.cs(2027,26): warning CS1591: Missing XML comment for publicly visible type or member 'FS.CreateDirectory(string, DirectoryCreateCollisionOption, SerieStyleFS, bool)' [E:\vs\Projects\PlatformIndependentNuGetPackages\SunamoFileSystem\SunamoFileSystem\SunamoFileSystem.csproj::TargetFramework=net10.0]
E:\vs\Projects\PlatformIndependentNuGetPackages\SunamoFileSystem\SunamoFileSystem\FS.cs(2070,26): warning CS1591: Missing XML comment for publicly visible type or member 'FS.StreamToArrayBytes(Stream)' [E:\vs\Projects\PlatformIndependentNuGetPackages\SunamoFileSystem\SunamoFileSystem\SunamoFileSystem.csproj::TargetFramework=net10.0]
E:\vs\Projects\PlatformIndependentNuGetPackages\SunamoFileSystem\SunamoFileSystem\FS.cs(2113,26): warning CS1591: Missing XML comment for publicly visible type or member 'FS.AddExtensionIfDontHave(string, string)' [E:\vs\Projects\PlatformIndependentNuGetPackages\SunamoFileSystem\SunamoFileSystem\SunamoFileSystem.csproj::TargetFramework=net10.0]
E:\vs\Projects\PlatformIndependentNuGetPackages\SunamoFileSystem\SunamoFileSystem\FS.cs(2135,22): warning CS1572: XML comment has a param tag for 'linesFiles', but there is no parameter by that name [E:\vs\Projects\PlatformIndependentNuGetPackages\SunamoFileSystem\SunamoFileSystem\SunamoFileSystem.csproj::TargetFramework=net10.0]
E:\vs\Projects\PlatformIndependentNuGetPackages\SunamoFileSystem\SunamoFileSystem\FS.cs(2136,22): warning CS1572: XML comment has a param tag for 'searchOnlyWithExtension', but there is no parameter by that name [E:\vs\Projects\PlatformIndependentNuGetPackages\SunamoFileSystem\SunamoFileSystem\SunamoFileSystem.csproj::TargetFramework=net10.0]
E:\vs\Projects\PlatformIndependentNuGetPackages\SunamoFileSystem\SunamoFileSystem\FS.cs(2137,102): warning CS1573: Parameter 'files' has no matching param tag in the XML comment for 'FS.GetDictionaryByFileNameWithExtension(List<string>)' (but other parameters do) [E:\vs\Projects\PlatformIndependentNuGetPackages\SunamoFileSystem\SunamoFileSystem\SunamoFileSystem.csproj::TargetFramework=net10.0]
E:\vs\Projects\PlatformIndependentNuGetPackages\SunamoFileSystem\SunamoFileSystem\FS.cs(2147,26): warning CS1591: Missing XML comment for publicly visible type or member 'FS.ChangeFilename(string, string, bool)' [E:\vs\Projects\PlatformIndependentNuGetPackages\SunamoFileSystem\SunamoFileSystem\SunamoFileSystem.csproj::TargetFramework=net10.0]
E:\vs\Projects\PlatformIndependentNuGetPackages\SunamoFileSystem\SunamoFileSystem\FS.cs(2162,5): warning CS1587: XML comment is not placed on a valid language element [E:\vs\Projects\PlatformIndependentNuGetPackages\SunamoFileSystem\SunamoFileSystem\SunamoFileSystem.csproj::TargetFramework=net10.0]
E:\vs\Projects\PlatformIndependentNuGetPackages\SunamoFileSystem\SunamoFileSystem\FS.cs(2215,24): warning CS1591: Missing XML comment for publicly visible type or member 'FS.TryDeleteFile(string, out string)' [E:\vs\Projects\PlatformIndependentNuGetPackages\SunamoFileSystem\SunamoFileSystem\SunamoFileSystem.csproj::TargetFramework=net10.0]
E:\vs\Projects\PlatformIndependentNuGetPackages\SunamoFileSystem\SunamoFileSystem\FS.cs(2229,26): warning CS1591: Missing XML comment for publicly visible type or member 'FS.GetSizeInAutoString(double)' [E:\vs\Projects\PlatformIndependentNuGetPackages\SunamoFileSystem\SunamoFileSystem\SunamoFileSystem.csproj::TargetFramework=net10.0]
E:\vs\Projects\PlatformIndependentNuGetPackages\SunamoFileSystem\SunamoFileSystem\FS.cs(2254,26): warning CS1591: Missing XML comment for publicly visible type or member 'FS.GetSizeInAutoString(long, ComputerSizeUnits)' [E:\vs\Projects\PlatformIndependentNuGetPackages\SunamoFileSystem\SunamoFileSystem\SunamoFileSystem.csproj::TargetFramework=net10.0]
E:\vs\Projects\PlatformIndependentNuGetPackages\SunamoFileSystem\SunamoFileSystem\FS.cs(2262,22): warning CS1572: XML comment has a param tag for 'b', but there is no parameter by that name [E:\vs\Projects\PlatformIndependentNuGetPackages\SunamoFileSystem\SunamoFileSystem\SunamoFileSystem.csproj::TargetFramework=net10.0]
E:\vs\Projects\PlatformIndependentNuGetPackages\SunamoFileSystem\SunamoFileSystem\FS.cs(2264,78): warning CS1573: Parameter 'fromUnit' has no matching param tag in the XML comment for 'FS.GetSizeInAutoString(double, ComputerSizeUnits)' (but other parameters do) [E:\vs\Projects\PlatformIndependentNuGetPackages\SunamoFileSystem\SunamoFileSystem\SunamoFileSystem.csproj::TargetFramework=net10.0]
E:\vs\Projects\PlatformIndependentNuGetPackages\SunamoFileSystem\SunamoFileSystem\FS.cs(2418,32): warning CS1591: Missing XML comment for publicly visible type or member 'FS.DirectoryListing(string, string, SearchOption)' [E:\vs\Projects\PlatformIndependentNuGetPackages\SunamoFileSystem\SunamoFileSystem\SunamoFileSystem.csproj::TargetFramework=net10.0]
E:\vs\Projects\PlatformIndependentNuGetPackages\SunamoFileSystem\SunamoFileSystem\FS.cs(2423,26): warning CS1591: Missing XML comment for publicly visible type or member 'FS.WithoutEndSlash(string)' [E:\vs\Projects\PlatformIndependentNuGetPackages\SunamoFileSystem\SunamoFileSystem\SunamoFileSystem.csproj::TargetFramework=net10.0]
E:\vs\Projects\PlatformIndependentNuGetPackages\SunamoFileSystem\SunamoFileSystem\FS.cs(2427,26): warning CS1591: Missing XML comment for publicly visible type or member 'FS.WithoutEndSlash(ref string)' [E:\vs\Projects\PlatformIndependentNuGetPackages\SunamoFileSystem\SunamoFileSystem\SunamoFileSystem.csproj::TargetFramework=net10.0]
E:\vs\Projects\PlatformIndependentNuGetPackages\SunamoFileSystem\SunamoFileSystem\FS.cs(2432,26): warning CS1591: Missing XML comment for publicly visible type or member 'FS.MascFromExtension(string)' [E:\vs\Projects\PlatformIndependentNuGetPackages\SunamoFileSystem\SunamoFileSystem\SunamoFileSystem.csproj::TargetFramework=net10.0]
E:\vs\Projects\PlatformIndependentNuGetPackages\SunamoFileSystem\SunamoFileSystem\FS.cs(2470,24): warning CS1591: Missing XML comment for publicly visible type or member 'FS.IsCountOfFilesMoreThan(string, string, int)' [E:\vs\Projects\PlatformIndependentNuGetPackages\SunamoFileSystem\SunamoFileSystem\SunamoFileSystem.csproj::TargetFramework=net10.0]
E:\vs\Projects\PlatformIndependentNuGetPackages\SunamoFileSystem\SunamoFileSystem\FS.cs(2476,32): warning CS1591: Missing XML comment for publicly visible type or member 'FS.GetFiles(string, bool)' [E:\vs\Projects\PlatformIndependentNuGetPackages\SunamoFileSystem\SunamoFileSystem\SunamoFileSystem.csproj::TargetFramework=net10.0]
E:\vs\Projects\PlatformIndependentNuGetPackages\SunamoFileSystem\SunamoFileSystem\FS.cs(2498,22): warning CS1572: XML comment has a param tag for 'item', but there is no parameter by that name [E:\vs\Projects\PlatformIndependentNuGetPackages\SunamoFileSystem\SunamoFileSystem\SunamoFileSystem.csproj::TargetFramework=net10.0]
E:\vs\Projects\PlatformIndependentNuGetPackages\SunamoFileSystem\SunamoFileSystem\FS.cs(2501,41): warning CS1573: Parameter 'logger' has no matching param tag in the XML comment for 'FS.MoveFile(ILogger, string, string, FileMoveCollisionOption)' (but other parameters do) [E:\vs\Projects\PlatformIndependentNuGetPackages\SunamoFileSystem\SunamoFileSystem\SunamoFileSystem.csproj::TargetFramework=net10.0]
E:\vs\Projects\PlatformIndependentNuGetPackages\SunamoFileSystem\SunamoFileSystem\FS.cs(2501,56): warning CS1573: Parameter 'sourceFilePath' has no matching param tag in the XML comment for 'FS.MoveFile(ILogger, string, string, FileMoveCollisionOption)' (but other parameters do) [E:\vs\Projects\PlatformIndependentNuGetPackages\SunamoFileSystem\SunamoFileSystem\SunamoFileSystem.csproj::TargetFramework=net10.0]
E:\vs\Projects\PlatformIndependentNuGetPackages\SunamoFileSystem\SunamoFileSystem\FS.cs(2516,24): warning CS1591: Missing XML comment for publicly visible type or member 'FS.CopyMoveFilePrepare(ref string, ref string, FileMoveCollisionOption)' [E:\vs\Projects\PlatformIndependentNuGetPackages\SunamoFileSystem\SunamoFileSystem\SunamoFileSystem.csproj::TargetFramework=net10.0]
E:\vs\Projects\PlatformIndependentNuGetPackages\SunamoFileSystem\SunamoFileSystem\FS.cs(2584,24): warning CS1591: Missing XML comment for publicly visible type or member 'FS.GetFileSize(string)' [E:\vs\Projects\PlatformIndependentNuGetPackages\SunamoFileSystem\SunamoFileSystem\SunamoFileSystem.csproj::TargetFramework=net10.0]
E:\vs\Projects\PlatformIndependentNuGetPackages\SunamoFileSystem\SunamoFileSystem\FS.cs(2599,24): warning CS1591: Missing XML comment for publicly visible type or member 'FS.CopyAllFilesRecursively(ILogger, string, string, FileMoveCollisionOption, string)' [E:\vs\Projects\PlatformIndependentNuGetPackages\SunamoFileSystem\SunamoFileSystem\SunamoFileSystem.csproj::TargetFramework=net10.0]
E:\vs\Projects\PlatformIndependentNuGetPackages\SunamoFileSystem\SunamoFileSystem\FS.cs(2606,22): warning CS1572: XML comment has a param tag for 'p', but there is no parameter by that name [E:\vs\Projects\PlatformIndependentNuGetPackages\SunamoFileSystem\SunamoFileSystem\SunamoFileSystem.csproj::TargetFramework=net10.0]
E:\vs\Projects\PlatformIndependentNuGetPackages\SunamoFileSystem\SunamoFileSystem\FS.cs(2610,45): warning CS1573: Parameter 'logger' has no matching param tag in the XML comment for 'FS.CopyAllFiles(ILogger, string, string, FileMoveCollisionOption, string)' (but other parameters do) [E:\vs\Projects\PlatformIndependentNuGetPackages\SunamoFileSystem\SunamoFileSystem\SunamoFileSystem.csproj::TargetFramework=net10.0]
E:\vs\Projects\PlatformIndependentNuGetPackages\SunamoFileSystem\SunamoFileSystem\FS.cs(2610,60): warning CS1573: Parameter 'path' has no matching param tag in the XML comment for 'FS.CopyAllFiles(ILogger, string, string, FileMoveCollisionOption, string)' (but other parameters do) [E:\vs\Projects\PlatformIndependentNuGetPackages\SunamoFileSystem\SunamoFileSystem\SunamoFileSystem.csproj::TargetFramework=net10.0]
E:\vs\Projects\PlatformIndependentNuGetPackages\SunamoFileSystem\SunamoFileSystem\FS.cs(2617,22): warning CS1572: XML comment has a param tag for 'p', but there is no parameter by that name [E:\vs\Projects\PlatformIndependentNuGetPackages\SunamoFileSystem\SunamoFileSystem\SunamoFileSystem.csproj::TargetFramework=net10.0]
E:\vs\Projects\PlatformIndependentNuGetPackages\SunamoFileSystem\SunamoFileSystem\FS.cs(2619,22): warning CS1572: XML comment has a param tag for 'co', but there is no parameter by that name [E:\vs\Projects\PlatformIndependentNuGetPackages\SunamoFileSystem\SunamoFileSystem\SunamoFileSystem.csproj::TargetFramework=net10.0]
E:\vs\Projects\PlatformIndependentNuGetPackages\SunamoFileSystem\SunamoFileSystem\FS.cs(2621,61): warning CS1573: Parameter 'logger' has no matching param tag in the XML comment for 'FS.CopyMoveAllFilesRecursively(ILogger, string, string, FileMoveCollisionOption, bool, string, SearchOption)' (but other parameters do) [E:\vs\Projects\PlatformIndependentNuGetPackages\SunamoFileSystem\SunamoFileSystem\SunamoFileSystem.csproj::TargetFramework=net10.0]
E:\vs\Projects\PlatformIndependentNuGetPackages\SunamoFileSystem\SunamoFileSystem\FS.cs(2621,76): warning CS1573: Parameter 'path' has no matching param tag in the XML comment for 'FS.CopyMoveAllFilesRecursively(ILogger, string, string, FileMoveCollisionOption, bool, string, SearchOption)' (but other parameters do) [E:\vs\Projects\PlatformIndependentNuGetPackages\SunamoFileSystem\SunamoFileSystem\SunamoFileSystem.csproj::TargetFramework=net10.0]
E:\vs\Projects\PlatformIndependentNuGetPackages\SunamoFileSystem\SunamoFileSystem\FS.cs(2621,117): warning CS1573: Parameter 'collisionOption' has no matching param tag in the XML comment for 'FS.CopyMoveAllFilesRecursively(ILogger, string, string, FileMoveCollisionOption, bool, string, SearchOption)' (but other parameters do) [E:\vs\Projects\PlatformIndependentNuGetPackages\SunamoFileSystem\SunamoFileSystem\SunamoFileSystem.csproj::TargetFramework=net10.0]
E:\vs\Projects\PlatformIndependentNuGetPackages\SunamoFileSystem\SunamoFileSystem\FS.cs(2621,139): warning CS1573: Parameter 'move' has no matching param tag in the XML comment for 'FS.CopyMoveAllFilesRecursively(ILogger, string, string, FileMoveCollisionOption, bool, string, SearchOption)' (but other parameters do) [E:\vs\Projects\PlatformIndependentNuGetPackages\SunamoFileSystem\SunamoFileSystem\SunamoFileSystem.csproj::TargetFramework=net10.0]
E:\vs\Projects\PlatformIndependentNuGetPackages\SunamoFileSystem\SunamoFileSystem\FS.cs(2622,43): warning CS1573: Parameter 'so' has no matching param tag in the XML comment for 'FS.CopyMoveAllFilesRecursively(ILogger, string, string, FileMoveCollisionOption, bool, string, SearchOption)' (but other parameters do) [E:\vs\Projects\PlatformIndependentNuGetPackages\SunamoFileSystem\SunamoFileSystem\SunamoFileSystem.csproj::TargetFramework=net10.0]
E:\vs\Projects\PlatformIndependentNuGetPackages\SunamoFileSystem\SunamoFileSystem\FS.cs(2648,9): warning CS1591: Missing XML comment for publicly visible type or member 'FS.CopyFile(ILogger, string, string, FileMoveCollisionOption, bool)' [E:\vs\Projects\PlatformIndependentNuGetPackages\SunamoFileSystem\SunamoFileSystem\SunamoFileSystem.csproj::TargetFramework=net10.0]
E:\vs\Projects\PlatformIndependentNuGetPackages\SunamoFileSystem\SunamoFileSystem\FS.cs(2669,22): warning CS1572: XML comment has a param tag for 'v', but there is no parameter by that name [E:\vs\Projects\PlatformIndependentNuGetPackages\SunamoFileSystem\SunamoFileSystem\SunamoFileSystem.csproj::TargetFramework=net10.0]
E:\vs\Projects\PlatformIndependentNuGetPackages\SunamoFileSystem\SunamoFileSystem\FS.cs(2670,41): warning CS1573: Parameter 'logger' has no matching param tag in the XML comment for 'FS.CopyFile(ILogger, string, string, bool)' (but other parameters do) [E:\vs\Projects\PlatformIndependentNuGetPackages\SunamoFileSystem\SunamoFileSystem\SunamoFileSystem.csproj::TargetFramework=net10.0]
E:\vs\Projects\PlatformIndependentNuGetPackages\SunamoFileSystem\SunamoFileSystem\FS.cs(2670,72): warning CS1573: Parameter 'value' has no matching param tag in the XML comment for 'FS.CopyFile(ILogger, string, string, bool)' (but other parameters do) [E:\vs\Projects\PlatformIndependentNuGetPackages\SunamoFileSystem\SunamoFileSystem\SunamoFileSystem.csproj::TargetFramework=net10.0]
E:\vs\Projects\PlatformIndependentNuGetPackages\SunamoFileSystem\SunamoFileSystem\FS.cs(2670,84): warning CS1573: Parameter 'terminateProcessIfIsInUsed' has no matching param tag in the XML comment for 'FS.CopyFile(ILogger, string, string, bool)' (but other parameters do) [E:\vs\Projects\PlatformIndependentNuGetPackages\SunamoFileSystem\SunamoFileSystem\SunamoFileSystem.csproj::TargetFramework=net10.0]
E:\vs\Projects\PlatformIndependentNuGetPackages\SunamoFileSystem\SunamoFileSystem\FS.cs(2702,24): warning CS1591: Missing XML comment for publicly visible type or member 'FS.CopyFile(string, string, FileMoveCollisionOption)' [E:\vs\Projects\PlatformIndependentNuGetPackages\SunamoFileSystem\SunamoFileSystem\SunamoFileSystem.csproj::TargetFramework=net10.0]
E:\vs\Projects\PlatformIndependentNuGetPackages\SunamoFileSystem\SunamoFileSystem\FS.cs(2711,28): warning CS1591: Missing XML comment for publicly visible type or member 'FS.LastModified(string)' [E:\vs\Projects\PlatformIndependentNuGetPackages\SunamoFileSystem\SunamoFileSystem\SunamoFileSystem.csproj::TargetFramework=net10.0]
E:\vs\Projects\PlatformIndependentNuGetPackages\SunamoFileSystem\SunamoFileSystem\FS.cs(2720,24): warning CS1591: Missing XML comment for publicly visible type or member 'FS.TryDeleteDirectoryOrFile(string)' [E:\vs\Projects\PlatformIndependentNuGetPackages\SunamoFileSystem\SunamoFileSystem\SunamoFileSystem.csproj::TargetFramework=net10.0]
E:\vs\Projects\PlatformIndependentNuGetPackages\SunamoFileSystem\SunamoFileSystem\FS.cs(2809,22): warning CS1572: XML comment has a param tag for 'v', but there is no parameter by that name [E:\vs\Projects\PlatformIndependentNuGetPackages\SunamoFileSystem\SunamoFileSystem\SunamoFileSystem.csproj::TargetFramework=net10.0]
E:\vs\Projects\PlatformIndependentNuGetPackages\SunamoFileSystem\SunamoFileSystem\FS.cs(2811,50): warning CS1573: Parameter 'value' has no matching param tag in the XML comment for 'FS.TryDeleteDirectory(string)' (but other parameters do) [E:\vs\Projects\PlatformIndependentNuGetPackages\SunamoFileSystem\SunamoFileSystem\SunamoFileSystem.csproj::TargetFramework=net10.0]
E:\vs\Projects\PlatformIndependentNuGetPackages\SunamoFileSystem\SunamoFileSystem\FS.cs(2895,26): warning CS1591: Missing XML comment for publicly visible type or member 'FS.AllIncludeIfOnlyLetters(string)' [E:\vs\Projects\PlatformIndependentNuGetPackages\SunamoFileSystem\SunamoFileSystem\SunamoFileSystem.csproj::TargetFramework=net10.0]
E:\vs\Projects\PlatformIndependentNuGetPackages\SunamoFileSystem\SunamoFileSystem\FS.cs(2929,22): warning CS1572: XML comment has a param tag for 'fn', but there is no parameter by that name [E:\vs\Projects\PlatformIndependentNuGetPackages\SunamoFileSystem\SunamoFileSystem\SunamoFileSystem.csproj::TargetFramework=net10.0]
E:\vs\Projects\PlatformIndependentNuGetPackages\SunamoFileSystem\SunamoFileSystem\FS.cs(2931,62): warning CS1573: Parameter 'fileName' has no matching param tag in the XML comment for 'FS.GetFileSeries(string, string, string)' (but other parameters do) [E:\vs\Projects\PlatformIndependentNuGetPackages\SunamoFileSystem\SunamoFileSystem\SunamoFileSystem.csproj::TargetFramework=net10.0]
E:\vs\Projects\PlatformIndependentNuGetPackages\SunamoFileSystem\SunamoFileSystem\FS.cs(2995,22): warning CS1572: XML comment has a param tag for 'selectedFile', but there is no parameter by that name [E:\vs\Projects\PlatformIndependentNuGetPackages\SunamoFileSystem\SunamoFileSystem\SunamoFileSystem.csproj::TargetFramework=net10.0]
E:\vs\Projects\PlatformIndependentNuGetPackages\SunamoFileSystem\SunamoFileSystem\FS.cs(3044,52): warning CS1573: Parameter 'directoryPath' has no matching param tag in the XML comment for 'FS.ExistsDirectoryNull(string)' (but other parameters do) [E:\vs\Projects\PlatformIndependentNuGetPackages\SunamoFileSystem\SunamoFileSystem\SunamoFileSystem.csproj::TargetFramework=net10.0]
E:\vs\Projects\PlatformIndependentNuGetPackages\SunamoFileSystem\SunamoFileSystem\FS.cs(3048,25): warning CS1591: Missing XML comment for publicly visible type or member 'FS.ExistsDirectoryNull(string, bool)' [E:\vs\Projects\PlatformIndependentNuGetPackages\SunamoFileSystem\SunamoFileSystem\SunamoFileSystem.csproj::TargetFramework=net10.0]
E:\vs\Projects\PlatformIndependentNuGetPackages\SunamoFileSystem\SunamoFileSystem\FS.cs(3052,24): warning CS1591: Missing XML comment for publicly visible type or member 'FS.ExistsDirectory(string, bool)' [E:\vs\Projects\PlatformIndependentNuGetPackages\SunamoFileSystem\SunamoFileSystem\SunamoFileSystem.csproj::TargetFramework=net10.0]
E:\vs\Projects\PlatformIndependentNuGetPackages\SunamoFileSystem\SunamoFileSystem\FS.cs(3129,32): warning CS1591: Missing XML comment for publicly visible type or member 'FS.ToSearchOption(bool?)' [E:\vs\Projects\PlatformIndependentNuGetPackages\SunamoFileSystem\SunamoFileSystem\SunamoFileSystem.csproj::TargetFramework=net10.0]
E:\vs\Projects\PlatformIndependentNuGetPackages\SunamoFileSystem\SunamoFileSystem\FS.cs(3133,30): warning CS1591: Missing XML comment for publicly visible type or member 'FS.WriteAllText(string, string)' [E:\vs\Projects\PlatformIndependentNuGetPackages\SunamoFileSystem\SunamoFileSystem\SunamoFileSystem.csproj::TargetFramework=net10.0]
E:\vs\Projects\PlatformIndependentNuGetPackages\SunamoFileSystem\SunamoFileSystem\FS.cs(3137,24): warning CS1591: Missing XML comment for publicly visible type or member 'FS.IsAllInSameFolder(List<string>)' [E:\vs\Projects\PlatformIndependentNuGetPackages\SunamoFileSystem\SunamoFileSystem\SunamoFileSystem.csproj::TargetFramework=net10.0]
E:\vs\Projects\PlatformIndependentNuGetPackages\SunamoFileSystem\SunamoFileSystem\FS.cs(3148,24): warning CS1591: Missing XML comment for publicly visible type or member 'FS.CreateFileWithTemplateContent(string, string, string, string)' [E:\vs\Projects\PlatformIndependentNuGetPackages\SunamoFileSystem\SunamoFileSystem\SunamoFileSystem.csproj::TargetFramework=net10.0]
E:\vs\Projects\PlatformIndependentNuGetPackages\SunamoFileSystem\SunamoFileSystem\FS.cs(3158,24): warning CS1591: Missing XML comment for publicly visible type or member 'FS.ContainsInvalidFileNameChars(string)' [E:\vs\Projects\PlatformIndependentNuGetPackages\SunamoFileSystem\SunamoFileSystem\SunamoFileSystem.csproj::TargetFramework=net10.0]
E:\vs\Projects\PlatformIndependentNuGetPackages\SunamoFileSystem\SunamoFileSystem\FS.cs(3165,24): warning CS1591: Missing XML comment for publicly visible type or member 'FS.NumberByDateModified(ILogger, string, string, SearchOption)' [E:\vs\Projects\PlatformIndependentNuGetPackages\SunamoFileSystem\SunamoFileSystem\SunamoFileSystem.csproj::TargetFramework=net10.0]
E:\vs\Projects\PlatformIndependentNuGetPackages\SunamoFileSystem\SunamoFileSystem\FS.cs(3180,22): warning CS1572: XML comment has a param tag for 'rp', but there is no parameter by that name [E:\vs\Projects\PlatformIndependentNuGetPackages\SunamoFileSystem\SunamoFileSystem\SunamoFileSystem.csproj::TargetFramework=net10.0]
E:\vs\Projects\PlatformIndependentNuGetPackages\SunamoFileSystem\SunamoFileSystem\FS.cs(3182,50): warning CS1573: Parameter 'path' has no matching param tag in the XML comment for 'FS.GetDirectoryName(string)' (but other parameters do) [E:\vs\Projects\PlatformIndependentNuGetPackages\SunamoFileSystem\SunamoFileSystem\SunamoFileSystem.csproj::TargetFramework=net10.0]
E:\vs\Projects\PlatformIndependentNuGetPackages\SunamoFileSystem\SunamoFileSystem\FS.cs(3198,37): warning CS1591: Missing XML comment for publicly visible type or member 'FS.DetectPathDelimiter(string)' [E:\vs\Projects\PlatformIndependentNuGetPackages\SunamoFileSystem\SunamoFileSystem\SunamoFileSystem.csproj::TargetFramework=net10.0]
E:\vs\Projects\PlatformIndependentNuGetPackages\SunamoFileSystem\SunamoFileSystem\FS.cs(3205,24): warning CS1591: Missing XML comment for publicly visible type or member 'FS.DetectPathDelimiterChar(string)' [E:\vs\Projects\PlatformIndependentNuGetPackages\SunamoFileSystem\SunamoFileSystem\SunamoFileSystem.csproj::TargetFramework=net10.0]
E:\vs\Projects\PlatformIndependentNuGetPackages\SunamoFileSystem\SunamoFileSystem\FS.cs(3231,26): warning CS1591: Missing XML comment for publicly visible type or member 'FS.MakeUncLongPath(string)' [E:\vs\Projects\PlatformIndependentNuGetPackages\SunamoFileSystem\SunamoFileSystem\SunamoFileSystem.csproj::TargetFramework=net10.0]
E:\vs\Projects\PlatformIndependentNuGetPackages\SunamoFileSystem\SunamoFileSystem\FS.cs(3235,26): warning CS1591: Missing XML comment for publicly visible type or member 'FS.MakeUncLongPath(ref string)' [E:\vs\Projects\PlatformIndependentNuGetPackages\SunamoFileSystem\SunamoFileSystem\SunamoFileSystem.csproj::TargetFramework=net10.0]
E:\vs\Projects\PlatformIndependentNuGetPackages\SunamoFileSystem\SunamoFileSystem\FS.cs(3353,26): warning CS1591: Missing XML comment for publicly visible type or member 'FS.FirstCharUpper(ref string)' [E:\vs\Projects\PlatformIndependentNuGetPackages\SunamoFileSystem\SunamoFileSystem\SunamoFileSystem.csproj::TargetFramework=net10.0]
E:\vs\Projects\PlatformIndependentNuGetPackages\SunamoFileSystem\SunamoFileSystem\FS.cs(3358,26): warning CS1591: Missing XML comment for publicly visible type or member 'FS.FirstCharUpper(string, bool)' [E:\vs\Projects\PlatformIndependentNuGetPackages\SunamoFileSystem\SunamoFileSystem\SunamoFileSystem.csproj::TargetFramework=net10.0]
E:\vs\Projects\PlatformIndependentNuGetPackages\SunamoFileSystem\SunamoFileSystem\FS.cs(3372,22): warning CS1572: XML comment has a param tag for 'fn', but there is no parameter by that name [E:\vs\Projects\PlatformIndependentNuGetPackages\SunamoFileSystem\SunamoFileSystem\SunamoFileSystem.csproj::TargetFramework=net10.0]
E:\vs\Projects\PlatformIndependentNuGetPackages\SunamoFileSystem\SunamoFileSystem\FS.cs(3375,50): warning CS1573: Parameter 'filePath' has no matching param tag in the XML comment for 'FS.GetPathAndFileName(string, out string, out string)' (but other parameters do) [E:\vs\Projects\PlatformIndependentNuGetPackages\SunamoFileSystem\SunamoFileSystem\SunamoFileSystem.csproj::TargetFramework=net10.0]
E:\vs\Projects\PlatformIndependentNuGetPackages\SunamoFileSystem\SunamoFileSystem\FS.cs(3380,26): warning CS1591: Missing XML comment for publicly visible type or member 'FS.GetFileName(string)' [E:\vs\Projects\PlatformIndependentNuGetPackages\SunamoFileSystem\SunamoFileSystem\SunamoFileSystem.csproj::TargetFramework=net10.0]
E:\vs\Projects\PlatformIndependentNuGetPackages\SunamoFileSystem\SunamoFileSystem\FS.cs(3385,26): warning CS1591: Missing XML comment for publicly visible type or member 'FS.NormalizeExtension2(string)' [E:\vs\Projects\PlatformIndependentNuGetPackages\SunamoFileSystem\SunamoFileSystem\SunamoFileSystem.csproj::TargetFramework=net10.0]
E:\vs\Projects\PlatformIndependentNuGetPackages\SunamoFileSystem\SunamoFileSystem\FS.cs(3665,5): warning CS1587: XML comment is not placed on a valid language element [E:\vs\Projects\PlatformIndependentNuGetPackages\SunamoFileSystem\SunamoFileSystem\SunamoFileSystem.csproj::TargetFramework=net10.0]
E:\vs\Projects\PlatformIndependentNuGetPackages\SunamoFileSystem\SunamoFileSystem\FS.cs(3703,22): warning CS1572: XML comment has a param tag for 'fn', but there is no parameter by that name [E:\vs\Projects\PlatformIndependentNuGetPackages\SunamoFileSystem\SunamoFileSystem\SunamoFileSystem.csproj::TargetFramework=net10.0]
E:\vs\Projects\PlatformIndependentNuGetPackages\SunamoFileSystem\SunamoFileSystem\FS.cs(3704,22): warning CS1572: XML comment has a param tag for 'path', but there is no parameter by that name [E:\vs\Projects\PlatformIndependentNuGetPackages\SunamoFileSystem\SunamoFileSystem\SunamoFileSystem.csproj::TargetFramework=net10.0]
E:\vs\Projects\PlatformIndependentNuGetPackages\SunamoFileSystem\SunamoFileSystem\FS.cs(3705,22): warning CS1572: XML comment has a param tag for 'file', but there is no parameter by that name [E:\vs\Projects\PlatformIndependentNuGetPackages\SunamoFileSystem\SunamoFileSystem\SunamoFileSystem.csproj::TargetFramework=net10.0]
E:\vs\Projects\PlatformIndependentNuGetPackages\SunamoFileSystem\SunamoFileSystem\FS.cs(3767,51): warning CS1573: Parameter 'folder' has no matching param tag in the XML comment for 'FS.FilesWithSameName(string, string, SearchOption)' (but other parameters do) [E:\vs\Projects\PlatformIndependentNuGetPackages\SunamoFileSystem\SunamoFileSystem\SunamoFileSystem.csproj::TargetFramework=net10.0]
E:\vs\Projects\PlatformIndependentNuGetPackages\SunamoFileSystem\SunamoFileSystem\FS.cs(3767,66): warning CS1573: Parameter 'searchPattern' has no matching param tag in the XML comment for 'FS.FilesWithSameName(string, string, SearchOption)' (but other parameters do) [E:\vs\Projects\PlatformIndependentNuGetPackages\SunamoFileSystem\SunamoFileSystem\SunamoFileSystem.csproj::TargetFramework=net10.0]
E:\vs\Projects\PlatformIndependentNuGetPackages\SunamoFileSystem\SunamoFileSystem\FS.cs(3767,94): warning CS1573: Parameter 'searchOption' has no matching param tag in the XML comment for 'FS.FilesWithSameName(string, string, SearchOption)' (but other parameters do) [E:\vs\Projects\PlatformIndependentNuGetPackages\SunamoFileSystem\SunamoFileSystem\SunamoFileSystem.csproj::TargetFramework=net10.0]
E:\vs\Projects\PlatformIndependentNuGetPackages\SunamoFileSystem\SunamoFileSystem\FS.cs(3806,22): warning CS1572: XML comment has a param tag for 'p', but there is no parameter by that name [E:\vs\Projects\PlatformIndependentNuGetPackages\SunamoFileSystem\SunamoFileSystem\SunamoFileSystem.csproj::TargetFramework=net10.0]
E:\vs\Projects\PlatformIndependentNuGetPackages\SunamoFileSystem\SunamoFileSystem\FS.cs(3810,78): warning CS1573: Parameter 'a1IsWithPath' has no matching param tag in the XML comment for 'FS.GetNameWithoutSeriesNoOut(string, bool, SerieStyleFS)' (but other parameters do) [E:\vs\Projects\PlatformIndependentNuGetPackages\SunamoFileSystem\SunamoFileSystem\SunamoFileSystem.csproj::TargetFramework=net10.0]
E:\vs\Projects\PlatformIndependentNuGetPackages\SunamoFileSystem\SunamoFileSystem\FS.cs(3816,26): warning CS1591: Missing XML comment for publicly visible type or member 'FS.GetNameWithoutSeries(string, bool, out bool, SerieStyleFS)' [E:\vs\Projects\PlatformIndependentNuGetPackages\SunamoFileSystem\SunamoFileSystem\SunamoFileSystem.csproj::TargetFramework=net10.0]
E:\vs\Projects\PlatformIndependentNuGetPackages\SunamoFileSystem\SunamoFileSystem\FS.cs(3828,22): warning CS1572: XML comment has a param tag for 'p', but there is no parameter by that name [E:\vs\Projects\PlatformIndependentNuGetPackages\SunamoFileSystem\SunamoFileSystem\SunamoFileSystem.csproj::TargetFramework=net10.0]
E:\vs\Projects\PlatformIndependentNuGetPackages\SunamoFileSystem\SunamoFileSystem\FS.cs(3831,54): warning CS1573: Parameter 'path' has no matching param tag in the XML comment for 'FS.GetNameWithoutSeries(string, bool, out bool, SerieStyleFS, out int)' (but other parameters do) [E:\vs\Projects\PlatformIndependentNuGetPackages\SunamoFileSystem\SunamoFileSystem\SunamoFileSystem.csproj::TargetFramework=net10.0]
E:\vs\Projects\PlatformIndependentNuGetPackages\SunamoFileSystem\SunamoFileSystem\FS.cs(3831,111): warning CS1573: Parameter 'serieStyle' has no matching param tag in the XML comment for 'FS.GetNameWithoutSeries(string, bool, out bool, SerieStyleFS, out int)' (but other parameters do) [E:\vs\Projects\PlatformIndependentNuGetPackages\SunamoFileSystem\SunamoFileSystem\SunamoFileSystem.csproj::TargetFramework=net10.0]
E:\vs\Projects\PlatformIndependentNuGetPackages\SunamoFileSystem\SunamoFileSystem\FS.cs(3832,17): warning CS1573: Parameter 'serie' has no matching param tag in the XML comment for 'FS.GetNameWithoutSeries(string, bool, out bool, SerieStyleFS, out int)' (but other parameters do) [E:\vs\Projects\PlatformIndependentNuGetPackages\SunamoFileSystem\SunamoFileSystem\SunamoFileSystem.csproj::TargetFramework=net10.0]
E:\vs\Projects\PlatformIndependentNuGetPackages\SunamoFileSystem\SunamoFileSystem\FS.cs(3903,26): warning CS1591: Missing XML comment for publicly visible type or member 'FS.RemoveSerieUnderscore(string)' [E:\vs\Projects\PlatformIndependentNuGetPackages\SunamoFileSystem\SunamoFileSystem\SunamoFileSystem.csproj::TargetFramework=net10.0]
E:\vs\Projects\PlatformIndependentNuGetPackages\SunamoFileSystem\SunamoFileSystem\FS.cs(3929,24): warning CS1591: Missing XML comment for publicly visible type or member 'FS.DeleteFile(string)' [E:\vs\Projects\PlatformIndependentNuGetPackages\SunamoFileSystem\SunamoFileSystem\SunamoFileSystem.csproj::TargetFramework=net10.0]
E:\vs\Projects\PlatformIndependentNuGetPackages\SunamoFileSystem\SunamoFileSystem\FS.cs(3955,22): warning CS1572: XML comment has a param tag for 'fn', but there is no parameter by that name [E:\vs\Projects\PlatformIndependentNuGetPackages\SunamoFileSystem\SunamoFileSystem\SunamoFileSystem.csproj::TargetFramework=net10.0]
E:\vs\Projects\PlatformIndependentNuGetPackages\SunamoFileSystem\SunamoFileSystem\FS.cs(3959,66): warning CS1573: Parameter 'filePath' has no matching param tag in the XML comment for 'FS.GetPathAndFileNameWithoutExtension(string, out string, out string, out string)' (but other parameters do) [E:\vs\Projects\PlatformIndependentNuGetPackages\SunamoFileSystem\SunamoFileSystem\SunamoFileSystem.csproj::TargetFramework=net10.0]
E:\vs\Projects\PlatformIndependentNuGetPackages\SunamoFileSystem\SunamoFileSystem\FS.cs(3965,26): warning CS1591: Missing XML comment for publicly visible type or member 'FS.PathWithoutExtension(string)' [E:\vs\Projects\PlatformIndependentNuGetPackages\SunamoFileSystem\SunamoFileSystem\SunamoFileSystem.csproj::TargetFramework=net10.0]
E:\vs\Projects\PlatformIndependentNuGetPackages\SunamoFileSystem\SunamoFileSystem\FS.cs(3971,26): warning CS1591: Missing XML comment for publicly visible type or member 'FS.GetFullPath(string)' [E:\vs\Projects\PlatformIndependentNuGetPackages\SunamoFileSystem\SunamoFileSystem\SunamoFileSystem.csproj::TargetFramework=net10.0]
E:\vs\Projects\PlatformIndependentNuGetPackages\SunamoFileSystem\SunamoFileSystem\FS.cs(3977,24): warning CS1591: Missing XML comment for publicly visible type or member 'FS.FileToDirectory(ref string)' [E:\vs\Projects\PlatformIndependentNuGetPackages\SunamoFileSystem\SunamoFileSystem\SunamoFileSystem.csproj::TargetFramework=net10.0]
E:\vs\Projects\PlatformIndependentNuGetPackages\SunamoFileSystem\SunamoFileSystem\FS.cs(4017,32): warning CS1591: Missing XML comment for publicly visible type or member 'FS.FilesWhichSurelyExists' [E:\vs\Projects\PlatformIndependentNuGetPackages\SunamoFileSystem\SunamoFileSystem\SunamoFileSystem.csproj::TargetFramework=net10.0]
E:\vs\Projects\PlatformIndependentNuGetPackages\SunamoFileSystem\SunamoFileSystem\FS.cs(4034,46): warning CS1573: Parameter 'falseIfSizeZeroOrEmpty' has no matching param tag in the XML comment for 'FS.ExistsFile(string, bool)' (but other parameters do) [E:\vs\Projects\PlatformIndependentNuGetPackages\SunamoFileSystem\SunamoFileSystem\SunamoFileSystem.csproj::TargetFramework=net10.0]
E:\vs\Projects\PlatformIndependentNuGetPackages\SunamoFileSystem\SunamoFileSystem\FS.cs(4072,22): warning CS1572: XML comment has a param tag for 'upFolderName', but there is no parameter by that name [E:\vs\Projects\PlatformIndependentNuGetPackages\SunamoFileSystem\SunamoFileSystem\SunamoFileSystem.csproj::TargetFramework=net10.0]
E:\vs\Projects\PlatformIndependentNuGetPackages\SunamoFileSystem\SunamoFileSystem\FS.cs(4073,22): warning CS1572: XML comment has a param tag for 'dirNameDecoded', but there is no parameter by that name [E:\vs\Projects\PlatformIndependentNuGetPackages\SunamoFileSystem\SunamoFileSystem\SunamoFileSystem.csproj::TargetFramework=net10.0]
E:\vs\Projects\PlatformIndependentNuGetPackages\SunamoFileSystem\SunamoFileSystem\FS.cs(4074,50): warning CS1573: Parameter 'parts' has no matching param tag in the XML comment for 'FS.Combine(params string[])' (but other parameters do) [E:\vs\Projects\PlatformIndependentNuGetPackages\SunamoFileSystem\SunamoFileSystem\SunamoFileSystem.csproj::TargetFramework=net10.0]
E:\vs\Projects\PlatformIndependentNuGetPackages\SunamoFileSystem\SunamoFileSystem\FS.cs(4079,26): warning CS1591: Missing XML comment for publicly visible type or member 'FS.CombineFile(params string[])' [E:\vs\Projects\PlatformIndependentNuGetPackages\SunamoFileSystem\SunamoFileSystem\SunamoFileSystem.csproj::TargetFramework=net10.0]
E:\vs\Projects\PlatformIndependentNuGetPackages\SunamoFileSystem\SunamoFileSystem\FS.cs(4083,26): warning CS1591: Missing XML comment for publicly visible type or member 'FS.CombineDir(params string[])' [E:\vs\Projects\PlatformIndependentNuGetPackages\SunamoFileSystem\SunamoFileSystem\SunamoFileSystem.csproj::TargetFramework=net10.0]
E:\vs\Projects\PlatformIndependentNuGetPackages\SunamoFileSystem\SunamoFileSystem\FS.cs(4108,24): warning CS1591: Missing XML comment for publicly visible type or member 'FS.GetFolderSize(string)' [E:\vs\Projects\PlatformIndependentNuGetPackages\SunamoFileSystem\SunamoFileSystem\SunamoFileSystem.csproj::TargetFramework=net10.0]
E:\vs\Projects\PlatformIndependentNuGetPackages\SunamoFileSystem\SunamoFileSystem\FS.cs(4112,24): warning CS1591: Missing XML comment for publicly visible type or member 'FS.GetFolderSize(DirectoryInfo)' [E:\vs\Projects\PlatformIndependentNuGetPackages\SunamoFileSystem\SunamoFileSystem\SunamoFileSystem.csproj::TargetFramework=net10.0]
E:\vs\Projects\PlatformIndependentNuGetPackages\SunamoFileSystem\SunamoFileSystem\FS.cs(4142,52): warning CS1591: Missing XML comment for publicly visible type or member 'FS.GroupFilesByName(List<string>)' [E:\vs\Projects\PlatformIndependentNuGetPackages\SunamoFileSystem\SunamoFileSystem\SunamoFileSystem.csproj::TargetFramework=net10.0]
E:\vs\Projects\PlatformIndependentNuGetPackages\SunamoFileSystem\SunamoFileSystem\FS.cs(4148,26): warning CS1591: Missing XML comment for publicly visible type or member 'FS.BasePath(List<string>, string)' [E:\vs\Projects\PlatformIndependentNuGetPackages\SunamoFileSystem\SunamoFileSystem\SunamoFileSystem.csproj::TargetFramework=net10.0]
E:\vs\Projects\PlatformIndependentNuGetPackages\SunamoFileSystem\SunamoFileSystem\FS.cs(4155,24): warning CS1591: Missing XML comment for publicly visible type or member 'FS.HasAnyFoldersOrFiles(string)' [E:\vs\Projects\PlatformIndependentNuGetPackages\SunamoFileSystem\SunamoFileSystem\SunamoFileSystem.csproj::TargetFramework=net10.0]
E:\vs\Projects\PlatformIndependentNuGetPackages\SunamoFileSystem\SunamoFileSystem\FS.cs(4160,24): warning CS1591: Missing XML comment for publicly visible type or member 'FS.MoveDirectoryNoRecursive(string, string, DirectoryMoveCollisionOption, object)' [E:\vs\Projects\PlatformIndependentNuGetPackages\SunamoFileSystem\SunamoFileSystem\SunamoFileSystem.csproj::TargetFramework=net10.0]
E:\vs\Projects\PlatformIndependentNuGetPackages\SunamoFileSystem\SunamoFileSystem\SerieStyleFS.cs(25,5): warning CS1591: Missing XML comment for publicly visible type or member 'SerieStyleFS.All' [E:\vs\Projects\PlatformIndependentNuGetPackages\SunamoFileSystem\SunamoFileSystem\SunamoFileSystem.csproj::TargetFramework=net10.0]
E:\vs\Projects\PlatformIndependentNuGetPackages\SunamoFileSystem\SunamoFileSystem\Services\PathFormatDetectorService.cs(4,14): warning CS1591: Missing XML comment for publicly visible type or member 'PathFormatDetectorService' [E:\vs\Projects\PlatformIndependentNuGetPackages\SunamoFileSystem\SunamoFileSystem\SunamoFileSystem.csproj::TargetFramework=net10.0]
E:\vs\Projects\PlatformIndependentNuGetPackages\SunamoFileSystem\SunamoFileSystem\Services\PathFormatDetectorService.cs(4,14): warning CS1591: Missing XML comment for publicly visible type or member 'PathFormatDetectorService.PathFormatDetectorService(ILogger)' [E:\vs\Projects\PlatformIndependentNuGetPackages\SunamoFileSystem\SunamoFileSystem\SunamoFileSystem.csproj::TargetFramework=net10.0]
E:\vs\Projects\PlatformIndependentNuGetPackages\SunamoFileSystem\SunamoFileSystem\Services\PathFormatDetectorService.cs(6,17): warning CS1591: Missing XML comment for publicly visible type or member 'PathFormatDetectorService.IsWindowsPathFormat(string)' [E:\vs\Projects\PlatformIndependentNuGetPackages\SunamoFileSystem\SunamoFileSystem\SunamoFileSystem.csproj::TargetFramework=net10.0]
E:\vs\Projects\PlatformIndependentNuGetPackages\SunamoFileSystem\SunamoFileSystem\_public\SunamoCollectionsGeneric\Collections\FsWatcherDictionary.cs(4,14): warning CS1591: Missing XML comment for publicly visible type or member 'FsWatcherDictionary<T, U>' [E:\vs\Projects\PlatformIndependentNuGetPackages\SunamoFileSystem\SunamoFileSystem\SunamoFileSystem.csproj::TargetFramework=net10.0]
E:\vs\Projects\PlatformIndependentNuGetPackages\SunamoFileSystem\SunamoFileSystem\_public\SunamoCollectionsGeneric\Collections\FsWatcherDictionary.cs(9,14): warning CS1591: Missing XML comment for publicly visible type or member 'FsWatcherDictionary<T, U>.this[T]' [E:\vs\Projects\PlatformIndependentNuGetPackages\SunamoFileSystem\SunamoFileSystem\SunamoFileSystem.csproj::TargetFramework=net10.0]
E:\vs\Projects\PlatformIndependentNuGetPackages\SunamoFileSystem\SunamoFileSystem\_public\SunamoCollectionsGeneric\Collections\FsWatcherDictionary.cs(19,27): warning CS1591: Missing XML comment for publicly visible type or member 'FsWatcherDictionary<T, U>.Keys' [E:\vs\Projects\PlatformIndependentNuGetPackages\SunamoFileSystem\SunamoFileSystem\SunamoFileSystem.csproj::TargetFramework=net10.0]
E:\vs\Projects\PlatformIndependentNuGetPackages\SunamoFileSystem\SunamoFileSystem\_public\SunamoCollectionsGeneric\Collections\FsWatcherDictionary.cs(20,27): warning CS1591: Missing XML comment for publicly visible type or member 'FsWatcherDictionary<T, U>.Values' [E:\vs\Projects\PlatformIndependentNuGetPackages\SunamoFileSystem\SunamoFileSystem\SunamoFileSystem.csproj::TargetFramework=net10.0]
E:\vs\Projects\PlatformIndependentNuGetPackages\SunamoFileSystem\SunamoFileSystem\_public\SunamoCollectionsGeneric\Collections\FsWatcherDictionary.cs(21,16): warning CS1591: Missing XML comment for publicly visible type or member 'FsWatcherDictionary<T, U>.Count' [E:\vs\Projects\PlatformIndependentNuGetPackages\SunamoFileSystem\SunamoFileSystem\SunamoFileSystem.csproj::TargetFramework=net10.0]
E:\vs\Projects\PlatformIndependentNuGetPackages\SunamoFileSystem\SunamoFileSystem\_public\SunamoCollectionsGeneric\Collections\FsWatcherDictionary.cs(22,17): warning CS1591: Missing XML comment for publicly visible type or member 'FsWatcherDictionary<T, U>.IsReadOnly' [E:\vs\Projects\PlatformIndependentNuGetPackages\SunamoFileSystem\SunamoFileSystem\SunamoFileSystem.csproj::TargetFramework=net10.0]
E:\vs\Projects\PlatformIndependentNuGetPackages\SunamoFileSystem\SunamoFileSystem\_public\SunamoCollectionsGeneric\Collections\FsWatcherDictionary.cs(24,17): warning CS1591: Missing XML comment for publicly visible type or member 'FsWatcherDictionary<T, U>.Add(T, U)' [E:\vs\Projects\PlatformIndependentNuGetPackages\SunamoFileSystem\SunamoFileSystem\SunamoFileSystem.csproj::TargetFramework=net10.0]
E:\vs\Projects\PlatformIndependentNuGetPackages\SunamoFileSystem\SunamoFileSystem\_public\SunamoCollectionsGeneric\Collections\FsWatcherDictionary.cs(32,17): warning CS1591: Missing XML comment for publicly visible type or member 'FsWatcherDictionary<T, U>.Add(KeyValuePair<T, U>)' [E:\vs\Projects\PlatformIndependentNuGetPackages\SunamoFileSystem\SunamoFileSystem\SunamoFileSystem.csproj::TargetFramework=net10.0]
E:\vs\Projects\PlatformIndependentNuGetPackages\SunamoFileSystem\SunamoFileSystem\_public\SunamoCollectionsGeneric\Collections\FsWatcherDictionary.cs(37,17): warning CS1591: Missing XML comment for publicly visible type or member 'FsWatcherDictionary<T, U>.Clear()' [E:\vs\Projects\PlatformIndependentNuGetPackages\SunamoFileSystem\SunamoFileSystem\SunamoFileSystem.csproj::TargetFramework=net10.0]
E:\vs\Projects\PlatformIndependentNuGetPackages\SunamoFileSystem\SunamoFileSystem\_public\SunamoCollectionsGeneric\Collections\FsWatcherDictionary.cs(42,17): warning CS1591: Missing XML comment for publicly visible type or member 'FsWatcherDictionary<T, U>.Contains(KeyValuePair<T, U>)' [E:\vs\Projects\PlatformIndependentNuGetPackages\SunamoFileSystem\SunamoFileSystem\SunamoFileSystem.csproj::TargetFramework=net10.0]
E:\vs\Projects\PlatformIndependentNuGetPackages\SunamoFileSystem\SunamoFileSystem\_public\SunamoCollectionsGeneric\Collections\FsWatcherDictionary.cs(47,17): warning CS1591: Missing XML comment for publicly visible type or member 'FsWatcherDictionary<T, U>.ContainsKey(T)' [E:\vs\Projects\PlatformIndependentNuGetPackages\SunamoFileSystem\SunamoFileSystem\SunamoFileSystem.csproj::TargetFramework=net10.0]
E:\vs\Projects\PlatformIndependentNuGetPackages\SunamoFileSystem\SunamoFileSystem\_public\SunamoCollectionsGeneric\Collections\FsWatcherDictionary.cs(52,17): warning CS1591: Missing XML comment for publicly visible type or member 'FsWatcherDictionary<T, U>.CopyTo(KeyValuePair<T, U>[], int)' [E:\vs\Projects\PlatformIndependentNuGetPackages\SunamoFileSystem\SunamoFileSystem\SunamoFileSystem.csproj::TargetFramework=net10.0]
E:\vs\Projects\PlatformIndependentNuGetPackages\SunamoFileSystem\SunamoFileSystem\_public\SunamoCollectionsGeneric\Collections\FsWatcherDictionary.cs(57,44): warning CS1591: Missing XML comment for publicly visible type or member 'FsWatcherDictionary<T, U>.GetEnumerator()' [E:\vs\Projects\PlatformIndependentNuGetPackages\SunamoFileSystem\SunamoFileSystem\SunamoFileSystem.csproj::TargetFramework=net10.0]
E:\vs\Projects\PlatformIndependentNuGetPackages\SunamoFileSystem\SunamoFileSystem\_public\SunamoCollectionsGeneric\Collections\FsWatcherDictionary.cs(62,17): warning CS1591: Missing XML comment for publicly visible type or member 'FsWatcherDictionary<T, U>.Remove(T)' [E:\vs\Projects\PlatformIndependentNuGetPackages\SunamoFileSystem\SunamoFileSystem\SunamoFileSystem.csproj::TargetFramework=net10.0]
E:\vs\Projects\PlatformIndependentNuGetPackages\SunamoFileSystem\SunamoFileSystem\_public\SunamoCollectionsGeneric\Collections\FsWatcherDictionary.cs(67,17): warning CS1591: Missing XML comment for publicly visible type or member 'FsWatcherDictionary<T, U>.Remove(KeyValuePair<T, U>)' [E:\vs\Projects\PlatformIndependentNuGetPackages\SunamoFileSystem\SunamoFileSystem\SunamoFileSystem.csproj::TargetFramework=net10.0]
E:\vs\Projects\PlatformIndependentNuGetPackages\SunamoFileSystem\SunamoFileSystem\_public\SunamoCollectionsGeneric\Collections\FsWatcherDictionary.cs(72,17): warning CS1591: Missing XML comment for publicly visible type or member 'FsWatcherDictionary<T, U>.TryGetValue(T, out U)' [E:\vs\Projects\PlatformIndependentNuGetPackages\SunamoFileSystem\SunamoFileSystem\SunamoFileSystem.csproj::TargetFramework=net10.0]
E:\vs\Projects\PlatformIndependentNuGetPackages\SunamoFileSystem\SunamoFileSystem\_public\SunamoEnums\Enums\AscDesc.cs(4,13): warning CS1591: Missing XML comment for publicly visible type or member 'AscDesc' [E:\vs\Projects\PlatformIndependentNuGetPackages\SunamoFileSystem\SunamoFileSystem\SunamoFileSystem.csproj::TargetFramework=net10.0]
E:\vs\Projects\PlatformIndependentNuGetPackages\SunamoFileSystem\SunamoFileSystem\_public\SunamoEnums\Enums\AscDesc.cs(6,5): warning CS1591: Missing XML comment for publicly visible type or member 'AscDesc.Asc' [E:\vs\Projects\PlatformIndependentNuGetPackages\SunamoFileSystem\SunamoFileSystem\SunamoFileSystem.csproj::TargetFramework=net10.0]
E:\vs\Projects\PlatformIndependentNuGetPackages\SunamoFileSystem\SunamoFileSystem\_public\SunamoEnums\Enums\AscDesc.cs(7,5): warning CS1591: Missing XML comment for publicly visible type or member 'AscDesc.Desc' [E:\vs\Projects\PlatformIndependentNuGetPackages\SunamoFileSystem\SunamoFileSystem\SunamoFileSystem.csproj::TargetFramework=net10.0]
E:\vs\Projects\PlatformIndependentNuGetPackages\SunamoFileSystem\SunamoFileSystem\_public\SunamoEnums\Enums\DirectoryCreateCollisionOption.cs(4,13): warning CS1591: Missing XML comment for publicly visible type or member 'DirectoryCreateCollisionOption' [E:\vs\Projects\PlatformIndependentNuGetPackages\SunamoFileSystem\SunamoFileSystem\SunamoFileSystem.csproj::TargetFramework=net10.0]
E:\vs\Projects\PlatformIndependentNuGetPackages\SunamoFileSystem\SunamoFileSystem\_public\SunamoEnums\Enums\DirectoryCreateCollisionOption.cs(6,5): warning CS1591: Missing XML comment for publicly visible type or member 'DirectoryCreateCollisionOption.Delete' [E:\vs\Projects\PlatformIndependentNuGetPackages\SunamoFileSystem\SunamoFileSystem\SunamoFileSystem.csproj::TargetFramework=net10.0]
E:\vs\Projects\PlatformIndependentNuGetPackages\SunamoFileSystem\SunamoFileSystem\_public\SunamoEnums\Enums\DirectoryCreateCollisionOption.cs(7,5): warning CS1591: Missing XML comment for publicly visible type or member 'DirectoryCreateCollisionOption.Overwrite' [E:\vs\Projects\PlatformIndependentNuGetPackages\SunamoFileSystem\SunamoFileSystem\SunamoFileSystem.csproj::TargetFramework=net10.0]
E:\vs\Projects\PlatformIndependentNuGetPackages\SunamoFileSystem\SunamoFileSystem\_public\SunamoEnums\Enums\DirectoryCreateCollisionOption.cs(8,5): warning CS1591: Missing XML comment for publicly visible type or member 'DirectoryCreateCollisionOption.AddSerie' [E:\vs\Projects\PlatformIndependentNuGetPackages\SunamoFileSystem\SunamoFileSystem\SunamoFileSystem.csproj::TargetFramework=net10.0]
E:\vs\Projects\PlatformIndependentNuGetPackages\SunamoFileSystem\SunamoFileSystem\_public\SunamoEnums\Enums\EnvironmentVariables.cs(4,13): warning CS1591: Missing XML comment for publicly visible type or member 'EnvironmentVariables' [E:\vs\Projects\PlatformIndependentNuGetPackages\SunamoFileSystem\SunamoFileSystem\SunamoFileSystem.csproj::TargetFramework=net10.0]
E:\vs\Projects\PlatformIndependentNuGetPackages\SunamoFileSystem\SunamoFileSystem\_public\SunamoEnums\Enums\EnvironmentVariables.cs(6,5): warning CS1591: Missing XML comment for publicly visible type or member 'EnvironmentVariables.userprofile' [E:\vs\Projects\PlatformIndependentNuGetPackages\SunamoFileSystem\SunamoFileSystem\SunamoFileSystem.csproj::TargetFramework=net10.0]
E:\vs\Projects\PlatformIndependentNuGetPackages\SunamoFileSystem\SunamoFileSystem\_sunamo\SunamoDictionary\DictionaryHelper.cs(29,22): warning CS1572: XML comment has a param tag for 'sl', but there is no parameter by that name [E:\vs\Projects\PlatformIndependentNuGetPackages\SunamoFileSystem\SunamoFileSystem\SunamoFileSystem.csproj::TargetFramework=net10.0]
E:\vs\Projects\PlatformIndependentNuGetPackages\SunamoFileSystem\SunamoFileSystem\_sunamo\SunamoDictionary\DictionaryHelper.cs(32,91): warning CS1573: Parameter 'dictionary' has no matching param tag in the XML comment for 'DictionaryHelper.AddOrCreateIfDontExists<Key, Value>(Dictionary<Key, List<Value>>, Key, Value)' (but other parameters do) [E:\vs\Projects\PlatformIndependentNuGetPackages\SunamoFileSystem\SunamoFileSystem\SunamoFileSystem.csproj::TargetFramework=net10.0]
E:\vs\Projects\PlatformIndependentNuGetPackages\SunamoFileSystem\SunamoFileSystem\_sunamo\SunamoDictionary\DictionaryHelper.cs(57,22): warning CS1572: XML comment has a param tag for 'sl', but there is no parameter by that name [E:\vs\Projects\PlatformIndependentNuGetPackages\SunamoFileSystem\SunamoFileSystem\SunamoFileSystem.csproj::TargetFramework=net10.0]
E:\vs\Projects\PlatformIndependentNuGetPackages\SunamoFileSystem\SunamoFileSystem\_sunamo\SunamoDictionary\DictionaryHelper.cs(60,89): warning CS1573: Parameter 'dictionary' has no matching param tag in the XML comment for 'DictionaryHelper.AddOrCreate<Key, Value, ColType>(IDictionary<Key, List<Value>>, Key, Value, bool, Dictionary<Key, List<string>>?)' (but other parameters do) [E:\vs\Projects\PlatformIndependentNuGetPackages\SunamoFileSystem\SunamoFileSystem\SunamoFileSystem.csproj::TargetFramework=net10.0]
E:\vs\Projects\PlatformIndependentNuGetPackages\SunamoFileSystem\SunamoFileSystem\_sunamo\SunamoDictionary\DictionaryHelper.cs(61,14): warning CS1573: Parameter 'withoutDuplicitiesInValue' has no matching param tag in the XML comment for 'DictionaryHelper.AddOrCreate<Key, Value, ColType>(IDictionary<Key, List<Value>>, Key, Value, bool, Dictionary<Key, List<string>>?)' (but other parameters do) [E:\vs\Projects\PlatformIndependentNuGetPackages\SunamoFileSystem\SunamoFileSystem\SunamoFileSystem.csproj::TargetFramework=net10.0]
E:\vs\Projects\PlatformIndependentNuGetPackages\SunamoFileSystem\SunamoFileSystem\_sunamo\SunamoDictionary\DictionaryHelper.cs(61,80): warning CS1573: Parameter 'stringDict' has no matching param tag in the XML comment for 'DictionaryHelper.AddOrCreate<Key, Value, ColType>(IDictionary<Key, List<Value>>, Key, Value, bool, Dictionary<Key, List<string>>?)' (but other parameters do) [E:\vs\Projects\PlatformIndependentNuGetPackages\SunamoFileSystem\SunamoFileSystem\SunamoFileSystem.csproj::TargetFramework=net10.0]
E:\vs\Projects\PlatformIndependentNuGetPackages\SunamoFileSystem\SunamoFileSystem\_sunamo\SunamoGetFiles\FSGetFiles.cs(53,22): warning CS1572: XML comment has a param tag for 'ask', but there is no parameter by that name [E:\vs\Projects\PlatformIndependentNuGetPackages\SunamoFileSystem\SunamoFileSystem\SunamoFileSystem.csproj::TargetFramework=net10.0]
E:\vs\Projects\PlatformIndependentNuGetPackages\SunamoFileSystem\SunamoFileSystem\_sunamo\SunamoGetFiles\FSGetFiles.cs(55,22): warning CS1572: XML comment has a param tag for '_trimA1', but there is no parameter by that name [E:\vs\Projects\PlatformIndependentNuGetPackages\SunamoFileSystem\SunamoFileSystem\SunamoFileSystem.csproj::TargetFramework=net10.0]
E:\vs\Projects\PlatformIndependentNuGetPackages\SunamoFileSystem\SunamoFileSystem\_sunamo\SunamoGetFiles\FSGetFiles.cs(56,76): warning CS1573: Parameter 'mask' has no matching param tag in the XML comment for 'FSGetFiles.GetFilesEveryFolder(string, string, SearchOption, GetFilesEveryFolderArgsFS)' (but other parameters do) [E:\vs\Projects\PlatformIndependentNuGetPackages\SunamoFileSystem\SunamoFileSystem\SunamoFileSystem.csproj::TargetFramework=net10.0]
E:\vs\Projects\PlatformIndependentNuGetPackages\SunamoFileSystem\SunamoFileSystem\_sunamo\SunamoGetFiles\FSGetFiles.cs(57,35): warning CS1573: Parameter 'e' has no matching param tag in the XML comment for 'FSGetFiles.GetFilesEveryFolder(string, string, SearchOption, GetFilesEveryFolderArgsFS)' (but other parameters do) [E:\vs\Projects\PlatformIndependentNuGetPackages\SunamoFileSystem\SunamoFileSystem\SunamoFileSystem.csproj::TargetFramework=net10.0]
E:\vs\Projects\PlatformIndependentNuGetPackages\SunamoFileSystem\SunamoFileSystem\_sunamo\SunamoGetFiles\FSGetFiles.cs(202,22): warning CS1572: XML comment has a param tag for 'folder', but there is no parameter by that name [E:\vs\Projects\PlatformIndependentNuGetPackages\SunamoFileSystem\SunamoFileSystem\SunamoFileSystem.csproj::TargetFramework=net10.0]
E:\vs\Projects\PlatformIndependentNuGetPackages\SunamoFileSystem\SunamoFileSystem\_sunamo\SunamoGetFiles\FSGetFiles.cs(205,50): warning CS1573: Parameter 'folder2' has no matching param tag in the XML comment for 'FSGetFiles.GetFiles(string, string, SearchOption, GetFilesArgsFS)' (but other parameters do) [E:\vs\Projects\PlatformIndependentNuGetPackages\SunamoFileSystem\SunamoFileSystem\SunamoFileSystem.csproj::TargetFramework=net10.0]
E:\vs\Projects\PlatformIndependentNuGetPackages\SunamoFileSystem\SunamoFileSystem\_sunamo\SunamoGetFiles\FSGetFiles.cs(206,24): warning CS1573: Parameter 'a' has no matching param tag in the XML comment for 'FSGetFiles.GetFiles(string, string, SearchOption, GetFilesArgsFS)' (but other parameters do) [E:\vs\Projects\PlatformIndependentNuGetPackages\SunamoFileSystem\SunamoFileSystem\SunamoFileSystem.csproj::TargetFramework=net10.0]
E:\vs\Projects\PlatformIndependentNuGetPackages\SunamoFileSystem\SunamoFileSystem\_sunamo\SunamoGetFolders\FSGetFolders.cs(69,22): warning CS1572: XML comment has a param tag for 'mask', but there is no parameter by that name [E:\vs\Projects\PlatformIndependentNuGetPackages\SunamoFileSystem\SunamoFileSystem\SunamoFileSystem.csproj::TargetFramework=net10.0]
E:\vs\Projects\PlatformIndependentNuGetPackages\SunamoFileSystem\SunamoFileSystem\_sunamo\SunamoGetFolders\FSGetFolders.cs(70,86): warning CS1573: Parameter 'e' has no matching param tag in the XML comment for 'FSGetFolders.GetFoldersEveryFolder(string, GetFilesArgsFS)' (but other parameters do) [E:\vs\Projects\PlatformIndependentNuGetPackages\SunamoFileSystem\SunamoFileSystem\SunamoFileSystem.csproj::TargetFramework=net10.0]
E:\vs\Projects\PlatformIndependentNuGetPackages\SunamoFileSystem\SunamoFileSystem\FS.cs(556,13): warning CS1587: XML comment is not placed on a valid language element [E:\vs\Projects\PlatformIndependentNuGetPackages\SunamoFileSystem\SunamoFileSystem\SunamoFileSystem.csproj::TargetFramework=net10.0]
E:\vs\Projects\PlatformIndependentNuGetPackages\SunamoFileSystem\SunamoFileSystem\_sunamo\SunamoCollections\CA.cs(79,54): warning CS8625: Cannot convert null literal to non-nullable reference type. [E:\vs\Projects\PlatformIndependentNuGetPackages\SunamoFileSystem\SunamoFileSystem\SunamoFileSystem.csproj::TargetFramework=net9.0]
E:\vs\Projects\PlatformIndependentNuGetPackages\SunamoFileSystem\SunamoFileSystem\_sunamo\SunamoGetFiles\FSGetFiles.cs(206,28): warning CS8625: Cannot convert null literal to non-nullable reference type. [E:\vs\Projects\PlatformIndependentNuGetPackages\SunamoFileSystem\SunamoFileSystem\SunamoFileSystem.csproj::TargetFramework=net9.0]
E:\vs\Projects\PlatformIndependentNuGetPackages\SunamoFileSystem\SunamoFileSystem\_sunamo\SunamoGetFiles\FSGetFiles.cs(57,39): warning CS8625: Cannot convert null literal to non-nullable reference type. [E:\vs\Projects\PlatformIndependentNuGetPackages\SunamoFileSystem\SunamoFileSystem\SunamoFileSystem.csproj::TargetFramework=net9.0]
E:\vs\Projects\PlatformIndependentNuGetPackages\SunamoFileSystem\SunamoFileSystem\_sunamo\SunamoGetFiles\FSGetFiles.cs(289,34): warning CS8625: Cannot convert null literal to non-nullable reference type. [E:\vs\Projects\PlatformIndependentNuGetPackages\SunamoFileSystem\SunamoFileSystem\SunamoFileSystem.csproj::TargetFramework=net9.0]
E:\vs\Projects\PlatformIndependentNuGetPackages\SunamoFileSystem\SunamoFileSystem\_sunamo\SunamoGetFiles\FSGetFiles.cs(410,28): warning CS8625: Cannot convert null literal to non-nullable reference type. [E:\vs\Projects\PlatformIndependentNuGetPackages\SunamoFileSystem\SunamoFileSystem\SunamoFileSystem.csproj::TargetFramework=net9.0]
E:\vs\Projects\PlatformIndependentNuGetPackages\SunamoFileSystem\SunamoFileSystem\_sunamo\SunamoGetFolders\FSGetFolders.cs(16,100): warning CS8625: Cannot convert null literal to non-nullable reference type. [E:\vs\Projects\PlatformIndependentNuGetPackages\SunamoFileSystem\SunamoFileSystem\SunamoFileSystem.csproj::TargetFramework=net9.0]
E:\vs\Projects\PlatformIndependentNuGetPackages\SunamoFileSystem\SunamoFileSystem\_sunamo\SunamoGetFolders\FSGetFolders.cs(70,90): warning CS8625: Cannot convert null literal to non-nullable reference type. [E:\vs\Projects\PlatformIndependentNuGetPackages\SunamoFileSystem\SunamoFileSystem\SunamoFileSystem.csproj::TargetFramework=net9.0]
E:\vs\Projects\PlatformIndependentNuGetPackages\SunamoFileSystem\SunamoFileSystem\FS.cs(269,77): warning CS8625: Cannot convert null literal to non-nullable reference type. [E:\vs\Projects\PlatformIndependentNuGetPackages\SunamoFileSystem\SunamoFileSystem\SunamoFileSystem.csproj::TargetFramework=net9.0]
E:\vs\Projects\PlatformIndependentNuGetPackages\SunamoFileSystem\SunamoFileSystem\FS.cs(1238,161): warning CS8625: Cannot convert null literal to non-nullable reference type. [E:\vs\Projects\PlatformIndependentNuGetPackages\SunamoFileSystem\SunamoFileSystem\SunamoFileSystem.csproj::TargetFramework=net9.0]
E:\vs\Projects\PlatformIndependentNuGetPackages\SunamoFileSystem\SunamoFileSystem\FS.cs(1409,98): warning CS8625: Cannot convert null literal to non-nullable reference type. [E:\vs\Projects\PlatformIndependentNuGetPackages\SunamoFileSystem\SunamoFileSystem\SunamoFileSystem.csproj::TargetFramework=net9.0]
E:\vs\Projects\PlatformIndependentNuGetPackages\SunamoFileSystem\SunamoFileSystem\FS.cs(1444,103): warning CS8625: Cannot convert null literal to non-nullable reference type. [E:\vs\Projects\PlatformIndependentNuGetPackages\SunamoFileSystem\SunamoFileSystem\SunamoFileSystem.csproj::TargetFramework=net9.0]
E:\vs\Projects\PlatformIndependentNuGetPackages\SunamoFileSystem\SunamoFileSystem\FS.cs(2599,147): warning CS8625: Cannot convert null literal to non-nullable reference type. [E:\vs\Projects\PlatformIndependentNuGetPackages\SunamoFileSystem\SunamoFileSystem\SunamoFileSystem.csproj::TargetFramework=net9.0]
E:\vs\Projects\PlatformIndependentNuGetPackages\SunamoFileSystem\SunamoFileSystem\FS.cs(2610,136): warning CS8625: Cannot convert null literal to non-nullable reference type. [E:\vs\Projects\PlatformIndependentNuGetPackages\SunamoFileSystem\SunamoFileSystem\SunamoFileSystem.csproj::TargetFramework=net9.0]
E:\vs\Projects\PlatformIndependentNuGetPackages\SunamoFileSystem\SunamoFileSystem\_sunamo\SunamoArgs\GetFilesBaseArgsFS.cs(10,51): warning CS8625: Cannot convert null literal to non-nullable reference type. [E:\vs\Projects\PlatformIndependentNuGetPackages\SunamoFileSystem\SunamoFileSystem\SunamoFileSystem.csproj::TargetFramework=net9.0]
E:\vs\Projects\PlatformIndependentNuGetPackages\SunamoFileSystem\SunamoFileSystem\_public\SunamoData\Data\TWithInt.cs(28,16): warning CS8603: Possible null reference return. [E:\vs\Projects\PlatformIndependentNuGetPackages\SunamoFileSystem\SunamoFileSystem\SunamoFileSystem.csproj::TargetFramework=net9.0]
E:\vs\Projects\PlatformIndependentNuGetPackages\SunamoFileSystem\SunamoFileSystem\_sunamo\SunamoCollections\CA.cs(17,50): warning CS8604: Possible null reference argument for parameter 'item' in 'void List<T>.Add(T item)'. [E:\vs\Projects\PlatformIndependentNuGetPackages\SunamoFileSystem\SunamoFileSystem\SunamoFileSystem.csproj::TargetFramework=net9.0]
E:\vs\Projects\PlatformIndependentNuGetPackages\SunamoFileSystem\SunamoFileSystem\_sunamo\SunamoGetFolders\Args\GetFoldersEveryFolderArgs.cs(14,62): warning CS8625: Cannot convert null literal to non-nullable reference type. [E:\vs\Projects\PlatformIndependentNuGetPackages\SunamoFileSystem\SunamoFileSystem\SunamoFileSystem.csproj::TargetFramework=net9.0]
E:\vs\Projects\PlatformIndependentNuGetPackages\SunamoFileSystem\SunamoFileSystem\_public\SunamoCollectionsGeneric\Collections\FsWatcherDictionary.cs(14,20): warning CS8603: Possible null reference return. [E:\vs\Projects\PlatformIndependentNuGetPackages\SunamoFileSystem\SunamoFileSystem\SunamoFileSystem.csproj::TargetFramework=net9.0]
E:\vs\Projects\PlatformIndependentNuGetPackages\SunamoFileSystem\SunamoFileSystem\_sunamo\SunamoGetFolders\FSGetFolders.cs(18,32): warning CS8600: Converting null literal or possible null value to non-nullable type. [E:\vs\Projects\PlatformIndependentNuGetPackages\SunamoFileSystem\SunamoFileSystem\SunamoFileSystem.csproj::TargetFramework=net9.0]
E:\vs\Projects\PlatformIndependentNuGetPackages\SunamoFileSystem\SunamoFileSystem\_sunamo\SunamoGetFolders\FSGetFolders.cs(23,54): warning CS8625: Cannot convert null literal to non-nullable reference type. [E:\vs\Projects\PlatformIndependentNuGetPackages\SunamoFileSystem\SunamoFileSystem\SunamoFileSystem.csproj::TargetFramework=net9.0]
E:\vs\Projects\PlatformIndependentNuGetPackages\SunamoFileSystem\SunamoFileSystem\_sunamo\SunamoCollectionsChangeContent\CAChangeContent.cs(20,47): warning CS8625: Cannot convert null literal to non-nullable reference type. [E:\vs\Projects\PlatformIndependentNuGetPackages\SunamoFileSystem\SunamoFileSystem\SunamoFileSystem.csproj::TargetFramework=net9.0]
E:\vs\Projects\PlatformIndependentNuGetPackages\SunamoFileSystem\SunamoFileSystem\FS.cs(20,17): warning CS8602: Dereference of a possibly null reference. [E:\vs\Projects\PlatformIndependentNuGetPackages\SunamoFileSystem\SunamoFileSystem\SunamoFileSystem.csproj::TargetFramework=net9.0]
E:\vs\Projects\PlatformIndependentNuGetPackages\SunamoFileSystem\SunamoFileSystem\_sunamo\SunamoStringParts\SHParts.cs(8,36): warning CS8604: Possible null reference argument for parameter 'value' in 'int string.LastIndexOf(string value)'. [E:\vs\Projects\PlatformIndependentNuGetPackages\SunamoFileSystem\SunamoFileSystem\SunamoFileSystem.csproj::TargetFramework=net9.0]
E:\vs\Projects\PlatformIndependentNuGetPackages\SunamoFileSystem\SunamoFileSystem\FS.cs(72,44): warning CS8604: Possible null reference argument for parameter 'path' in 'void FS.CreateFoldersPsysicallyUnlessThere(string path)'. [E:\vs\Projects\PlatformIndependentNuGetPackages\SunamoFileSystem\SunamoFileSystem\SunamoFileSystem.csproj::TargetFramework=net9.0]
E:\vs\Projects\PlatformIndependentNuGetPackages\SunamoFileSystem\SunamoFileSystem\_public\SunamoCollectionsGeneric\Collections\FsWatcherDictionary.cs(74,45): warning CS8601: Possible null reference assignment. [E:\vs\Projects\PlatformIndependentNuGetPackages\SunamoFileSystem\SunamoFileSystem\SunamoFileSystem.csproj::TargetFramework=net9.0]
E:\vs\Projects\PlatformIndependentNuGetPackages\SunamoFileSystem\SunamoFileSystem\_sunamo\SunamoDictionary\DictionaryHelper.cs(73,21): warning CS8604: Possible null reference argument for parameter 'first' in 'bool Enumerable.SequenceEqual<ColType>(IEnumerable<ColType> first, IEnumerable<ColType> second)'. [E:\vs\Projects\PlatformIndependentNuGetPackages\SunamoFileSystem\SunamoFileSystem\SunamoFileSystem.csproj::TargetFramework=net9.0]
E:\vs\Projects\PlatformIndependentNuGetPackages\SunamoFileSystem\SunamoFileSystem\_sunamo\SunamoDictionary\DictionaryHelper.cs(73,55): warning CS8604: Possible null reference argument for parameter 'second' in 'bool Enumerable.SequenceEqual<ColType>(IEnumerable<ColType> first, IEnumerable<ColType> second)'. [E:\vs\Projects\PlatformIndependentNuGetPackages\SunamoFileSystem\SunamoFileSystem\SunamoFileSystem.csproj::TargetFramework=net9.0]
E:\vs\Projects\PlatformIndependentNuGetPackages\SunamoFileSystem\SunamoFileSystem\_sunamo\SunamoDictionary\DictionaryHelper.cs(81,25): warning CS8604: Possible null reference argument for parameter 'first' in 'bool Enumerable.SequenceEqual<ColType>(IEnumerable<ColType> first, IEnumerable<ColType> second)'. [E:\vs\Projects\PlatformIndependentNuGetPackages\SunamoFileSystem\SunamoFileSystem\SunamoFileSystem.csproj::TargetFramework=net9.0]
E:\vs\Projects\PlatformIndependentNuGetPackages\SunamoFileSystem\SunamoFileSystem\_sunamo\SunamoDictionary\DictionaryHelper.cs(81,59): warning CS8604: Possible null reference argument for parameter 'second' in 'bool Enumerable.SequenceEqual<ColType>(IEnumerable<ColType> first, IEnumerable<ColType> second)'. [E:\vs\Projects\PlatformIndependentNuGetPackages\SunamoFileSystem\SunamoFileSystem\SunamoFileSystem.csproj::TargetFramework=net9.0]
E:\vs\Projects\PlatformIndependentNuGetPackages\SunamoFileSystem\SunamoFileSystem\_sunamo\SunamoDictionary\DictionaryHelper.cs(99,36): warning CS8602: Dereference of a possibly null reference. [E:\vs\Projects\PlatformIndependentNuGetPackages\SunamoFileSystem\SunamoFileSystem\SunamoFileSystem.csproj::TargetFramework=net9.0]
E:\vs\Projects\PlatformIndependentNuGetPackages\SunamoFileSystem\SunamoFileSystem\_sunamo\SunamoDictionary\DictionaryHelper.cs(99,36): warning CS8604: Possible null reference argument for parameter 'item' in 'void List<string>.Add(string item)'. [E:\vs\Projects\PlatformIndependentNuGetPackages\SunamoFileSystem\SunamoFileSystem\SunamoFileSystem.csproj::TargetFramework=net9.0]
E:\vs\Projects\PlatformIndependentNuGetPackages\SunamoFileSystem\SunamoFileSystem\_sunamo\SunamoDictionary\DictionaryHelper.cs(100,21): warning CS8602: Dereference of a possibly null reference. [E:\vs\Projects\PlatformIndependentNuGetPackages\SunamoFileSystem\SunamoFileSystem\SunamoFileSystem.csproj::TargetFramework=net9.0]
E:\vs\Projects\PlatformIndependentNuGetPackages\SunamoFileSystem\SunamoFileSystem\_sunamo\SunamoDictionary\DictionaryHelper.cs(116,33): warning CS8602: Dereference of a possibly null reference. [E:\vs\Projects\PlatformIndependentNuGetPackages\SunamoFileSystem\SunamoFileSystem\SunamoFileSystem.csproj::TargetFramework=net9.0]
E:\vs\Projects\PlatformIndependentNuGetPackages\SunamoFileSystem\SunamoFileSystem\_sunamo\SunamoDictionary\DictionaryHelper.cs(116,58): warning CS8602: Dereference of a possibly null reference. [E:\vs\Projects\PlatformIndependentNuGetPackages\SunamoFileSystem\SunamoFileSystem\SunamoFileSystem.csproj::TargetFramework=net9.0]
E:\vs\Projects\PlatformIndependentNuGetPackages\SunamoFileSystem\SunamoFileSystem\_sunamo\SunamoDictionary\DictionaryHelper.cs(116,58): warning CS8604: Possible null reference argument for parameter 'item' in 'bool List<string>.Contains(string item)'. [E:\vs\Projects\PlatformIndependentNuGetPackages\SunamoFileSystem\SunamoFileSystem\SunamoFileSystem.csproj::TargetFramework=net9.0]
E:\vs\Projects\PlatformIndependentNuGetPackages\SunamoFileSystem\SunamoFileSystem\_sunamo\SunamoDictionary\DictionaryHelper.cs(128,56): warning CS8602: Dereference of a possibly null reference. [E:\vs\Projects\PlatformIndependentNuGetPackages\SunamoFileSystem\SunamoFileSystem\SunamoFileSystem.csproj::TargetFramework=net9.0]
E:\vs\Projects\PlatformIndependentNuGetPackages\SunamoFileSystem\SunamoFileSystem\_sunamo\SunamoDictionary\DictionaryHelper.cs(130,82): warning CS8602: Dereference of a possibly null reference. [E:\vs\Projects\PlatformIndependentNuGetPackages\SunamoFileSystem\SunamoFileSystem\SunamoFileSystem.csproj::TargetFramework=net9.0]
E:\vs\Projects\PlatformIndependentNuGetPackages\SunamoFileSystem\SunamoFileSystem\_sunamo\SunamoDictionary\DictionaryHelper.cs(130,82): warning CS8604: Possible null reference argument for parameter 'item' in 'void List<string>.Add(string item)'. [E:\vs\Projects\PlatformIndependentNuGetPackages\SunamoFileSystem\SunamoFileSystem\SunamoFileSystem.csproj::TargetFramework=net9.0]
E:\vs\Projects\PlatformIndependentNuGetPackages\SunamoFileSystem\SunamoFileSystem\_sunamo\SunamoDictionary\DictionaryHelper.cs(149,30): warning CS8602: Dereference of a possibly null reference. [E:\vs\Projects\PlatformIndependentNuGetPackages\SunamoFileSystem\SunamoFileSystem\SunamoFileSystem.csproj::TargetFramework=net9.0]
E:\vs\Projects\PlatformIndependentNuGetPackages\SunamoFileSystem\SunamoFileSystem\_sunamo\SunamoDictionary\DictionaryHelper.cs(152,44): warning CS8602: Dereference of a possibly null reference. [E:\vs\Projects\PlatformIndependentNuGetPackages\SunamoFileSystem\SunamoFileSystem\SunamoFileSystem.csproj::TargetFramework=net9.0]
E:\vs\Projects\PlatformIndependentNuGetPackages\SunamoFileSystem\SunamoFileSystem\_sunamo\SunamoDictionary\DictionaryHelper.cs(152,44): warning CS8604: Possible null reference argument for parameter 'item' in 'void List<string>.Add(string item)'. [E:\vs\Projects\PlatformIndependentNuGetPackages\SunamoFileSystem\SunamoFileSystem\SunamoFileSystem.csproj::TargetFramework=net9.0]
E:\vs\Projects\PlatformIndependentNuGetPackages\SunamoFileSystem\SunamoFileSystem\_sunamo\SunamoDictionary\DictionaryHelper.cs(157,49): warning CS8602: Dereference of a possibly null reference. [E:\vs\Projects\PlatformIndependentNuGetPackages\SunamoFileSystem\SunamoFileSystem\SunamoFileSystem.csproj::TargetFramework=net9.0]
E:\vs\Projects\PlatformIndependentNuGetPackages\SunamoFileSystem\SunamoFileSystem\_sunamo\SunamoDictionary\DictionaryHelper.cs(157,49): warning CS8604: Possible null reference argument for parameter 'item' in 'void List<string>.Add(string item)'. [E:\vs\Projects\PlatformIndependentNuGetPackages\SunamoFileSystem\SunamoFileSystem\SunamoFileSystem.csproj::TargetFramework=net9.0]
E:\vs\Projects\PlatformIndependentNuGetPackages\SunamoFileSystem\SunamoFileSystem\FS.cs(92,20): warning CS8600: Converting null literal or possible null value to non-nullable type. [E:\vs\Projects\PlatformIndependentNuGetPackages\SunamoFileSystem\SunamoFileSystem\SunamoFileSystem.csproj::TargetFramework=net9.0]
E:\vs\Projects\PlatformIndependentNuGetPackages\SunamoFileSystem\SunamoFileSystem\FS.cs(95,33): warning CS8604: Possible null reference argument for parameter 'item' in 'void List<string>.Add(string item)'. [E:\vs\Projects\PlatformIndependentNuGetPackages\SunamoFileSystem\SunamoFileSystem\SunamoFileSystem.csproj::TargetFramework=net9.0]
E:\vs\Projects\PlatformIndependentNuGetPackages\SunamoFileSystem\SunamoFileSystem\_sunamo\SunamoStringSplit\SHSplit.cs(16,28): warning CS8600: Converting null literal or possible null value to non-nullable type. [E:\vs\Projects\PlatformIndependentNuGetPackages\SunamoFileSystem\SunamoFileSystem\SunamoFileSystem.csproj::TargetFramework=net9.0]
E:\vs\Projects\PlatformIndependentNuGetPackages\SunamoFileSystem\SunamoFileSystem\_sunamo\SunamoStringSplit\SHSplit.cs(17,37): warning CS8600: Converting null literal or possible null value to non-nullable type. [E:\vs\Projects\PlatformIndependentNuGetPackages\SunamoFileSystem\SunamoFileSystem\SunamoFileSystem.csproj::TargetFramework=net9.0]
E:\vs\Projects\PlatformIndependentNuGetPackages\SunamoFileSystem\SunamoFileSystem\_sunamo\SunamoStringSplit\SHSplit.cs(18,39): warning CS8600: Converting null literal or possible null value to non-nullable type. [E:\vs\Projects\PlatformIndependentNuGetPackages\SunamoFileSystem\SunamoFileSystem\SunamoFileSystem.csproj::TargetFramework=net9.0]
E:\vs\Projects\PlatformIndependentNuGetPackages\SunamoFileSystem\SunamoFileSystem\_sunamo\SunamoGetFiles\FSGetFiles.cs(64,29): warning CS8600: Converting null literal or possible null value to non-nullable type. [E:\vs\Projects\PlatformIndependentNuGetPackages\SunamoFileSystem\SunamoFileSystem\SunamoFileSystem.csproj::TargetFramework=net9.0]
E:\vs\Projects\PlatformIndependentNuGetPackages\SunamoFileSystem\SunamoFileSystem\_sunamo\SunamoGetFiles\FSGetFiles.cs(76,13): warning CS8602: Dereference of a possibly null reference. [E:\vs\Projects\PlatformIndependentNuGetPackages\SunamoFileSystem\SunamoFileSystem\SunamoFileSystem.csproj::TargetFramework=net9.0]
E:\vs\Projects\PlatformIndependentNuGetPackages\SunamoFileSystem\SunamoFileSystem\_sunamo\SunamoGetFiles\FSGetFiles.cs(77,13): warning CS8602: Dereference of a possibly null reference. [E:\vs\Projects\PlatformIndependentNuGetPackages\SunamoFileSystem\SunamoFileSystem\SunamoFileSystem.csproj::TargetFramework=net9.0]
E:\vs\Projects\PlatformIndependentNuGetPackages\SunamoFileSystem\SunamoFileSystem\_sunamo\SunamoGetFiles\FSGetFiles.cs(86,25): warning CS8600: Converting null literal or possible null value to non-nullable type. [E:\vs\Projects\PlatformIndependentNuGetPackages\SunamoFileSystem\SunamoFileSystem\SunamoFileSystem.csproj::TargetFramework=net9.0]
E:\vs\Projects\PlatformIndependentNuGetPackages\SunamoFileSystem\SunamoFileSystem\_sunamo\SunamoGetFiles\FSGetFiles.cs(122,13): warning CS8602: Dereference of a possibly null reference. [E:\vs\Projects\PlatformIndependentNuGetPackages\SunamoFileSystem\SunamoFileSystem\SunamoFileSystem.csproj::TargetFramework=net9.0]
E:\vs\Projects\PlatformIndependentNuGetPackages\SunamoFileSystem\SunamoFileSystem\_sunamo\SunamoGetFiles\FSGetFiles.cs(123,13): warning CS8602: Dereference of a possibly null reference. [E:\vs\Projects\PlatformIndependentNuGetPackages\SunamoFileSystem\SunamoFileSystem\SunamoFileSystem.csproj::TargetFramework=net9.0]
E:\vs\Projects\PlatformIndependentNuGetPackages\SunamoFileSystem\SunamoFileSystem\_sunamo\SunamoGetFiles\FSGetFiles.cs(147,47): warning CS8602: Dereference of a possibly null reference. [E:\vs\Projects\PlatformIndependentNuGetPackages\SunamoFileSystem\SunamoFileSystem\SunamoFileSystem.csproj::TargetFramework=net9.0]
E:\vs\Projects\PlatformIndependentNuGetPackages\SunamoFileSystem\SunamoFileSystem\_sunamo\SunamoGetFiles\FSGetFiles.cs(148,32): warning CS8603: Possible null reference return. [E:\vs\Projects\PlatformIndependentNuGetPackages\SunamoFileSystem\SunamoFileSystem\SunamoFileSystem.csproj::TargetFramework=net9.0]
E:\vs\Projects\PlatformIndependentNuGetPackages\SunamoFileSystem\SunamoFileSystem\_sunamo\SunamoGetFiles\FSGetFiles.cs(158,35): warning CS8602: Dereference of a possibly null reference. [E:\vs\Projects\PlatformIndependentNuGetPackages\SunamoFileSystem\SunamoFileSystem\SunamoFileSystem.csproj::TargetFramework=net9.0]
E:\vs\Projects\PlatformIndependentNuGetPackages\SunamoFileSystem\SunamoFileSystem\_sunamo\SunamoGetFiles\FSGetFiles.cs(177,31): warning CS8602: Dereference of a possibly null reference. [E:\vs\Projects\PlatformIndependentNuGetPackages\SunamoFileSystem\SunamoFileSystem\SunamoFileSystem.csproj::TargetFramework=net9.0]
E:\vs\Projects\PlatformIndependentNuGetPackages\SunamoFileSystem\SunamoFileSystem\_sunamo\SunamoGetFiles\FSGetFiles.cs(65,13): warning CS0219: The variable 'measureTime' is assigned but its value is never used [E:\vs\Projects\PlatformIndependentNuGetPackages\SunamoFileSystem\SunamoFileSystem\SunamoFileSystem.csproj::TargetFramework=net9.0]
E:\vs\Projects\PlatformIndependentNuGetPackages\SunamoFileSystem\SunamoFileSystem\FS.cs(223,33): warning CS8604: Possible null reference argument for parameter 'path1' in 'string Path.Combine(string path1, string path2)'. [E:\vs\Projects\PlatformIndependentNuGetPackages\SunamoFileSystem\SunamoFileSystem\SunamoFileSystem.csproj::TargetFramework=net9.0]
E:\vs\Projects\PlatformIndependentNuGetPackages\SunamoFileSystem\SunamoFileSystem\_sunamo\SunamoGetFiles\FSGetFiles.cs(293,23): warning CS8600: Converting null literal or possible null value to non-nullable type. [E:\vs\Projects\PlatformIndependentNuGetPackages\SunamoFileSystem\SunamoFileSystem\SunamoFileSystem.csproj::TargetFramework=net9.0]
E:\vs\Projects\PlatformIndependentNuGetPackages\SunamoFileSystem\SunamoFileSystem\_sunamo\SunamoGetFiles\FSGetFiles.cs(356,40): warning CS8625: Cannot convert null literal to non-nullable reference type. [E:\vs\Projects\PlatformIndependentNuGetPackages\SunamoFileSystem\SunamoFileSystem\SunamoFileSystem.csproj::TargetFramework=net9.0]
E:\vs\Projects\PlatformIndependentNuGetPackages\SunamoFileSystem\SunamoFileSystem\FS.cs(364,43): warning CS8604: Possible null reference argument for parameter 'path1' in 'string Path.Combine(string path1, string path2)'. [E:\vs\Projects\PlatformIndependentNuGetPackages\SunamoFileSystem\SunamoFileSystem\SunamoFileSystem.csproj::TargetFramework=net9.0]
E:\vs\Projects\PlatformIndependentNuGetPackages\SunamoFileSystem\SunamoFileSystem\_sunamo\SunamoGetFiles\FSGetFiles.cs(368,40): warning CS8625: Cannot convert null literal to non-nullable reference type. [E:\vs\Projects\PlatformIndependentNuGetPackages\SunamoFileSystem\SunamoFileSystem\SunamoFileSystem.csproj::TargetFramework=net9.0]
E:\vs\Projects\PlatformIndependentNuGetPackages\SunamoFileSystem\SunamoFileSystem\_sunamo\SunamoGetFiles\FSGetFiles.cs(371,55): warning CS8625: Cannot convert null literal to non-nullable reference type. [E:\vs\Projects\PlatformIndependentNuGetPackages\SunamoFileSystem\SunamoFileSystem\SunamoFileSystem.csproj::TargetFramework=net9.0]
E:\vs\Projects\PlatformIndependentNuGetPackages\SunamoFileSystem\SunamoFileSystem\_sunamo\SunamoGetFiles\FSGetFiles.cs(374,55): warning CS8625: Cannot convert null literal to non-nullable reference type. [E:\vs\Projects\PlatformIndependentNuGetPackages\SunamoFileSystem\SunamoFileSystem\SunamoFileSystem.csproj::TargetFramework=net9.0]
E:\vs\Projects\PlatformIndependentNuGetPackages\SunamoFileSystem\SunamoFileSystem\_sunamo\SunamoGetFiles\FSGetFiles.cs(380,57): warning CS8600: Converting null literal or possible null value to non-nullable type. [E:\vs\Projects\PlatformIndependentNuGetPackages\SunamoFileSystem\SunamoFileSystem\SunamoFileSystem.csproj::TargetFramework=net9.0]
E:\vs\Projects\PlatformIndependentNuGetPackages\SunamoFileSystem\SunamoFileSystem\_sunamo\SunamoGetFiles\FSGetFiles.cs(388,48): warning CS8602: Dereference of a possibly null reference. [E:\vs\Projects\PlatformIndependentNuGetPackages\SunamoFileSystem\SunamoFileSystem\SunamoFileSystem.csproj::TargetFramework=net9.0]
E:\vs\Projects\PlatformIndependentNuGetPackages\SunamoFileSystem\SunamoFileSystem\FS.cs(451,39): warning CS8603: Possible null reference return. [E:\vs\Projects\PlatformIndependentNuGetPackages\SunamoFileSystem\SunamoFileSystem\SunamoFileSystem.csproj::TargetFramework=net9.0]
E:\vs\Projects\PlatformIndependentNuGetPackages\SunamoFileSystem\SunamoFileSystem\FS.cs(522,56): warning CS8604: Possible null reference argument for parameter 'path1' in 'string Path.Combine(string path1, string path2)'. [E:\vs\Projects\PlatformIndependentNuGetPackages\SunamoFileSystem\SunamoFileSystem\SunamoFileSystem.csproj::TargetFramework=net9.0]
E:\vs\Projects\PlatformIndependentNuGetPackages\SunamoFileSystem\SunamoFileSystem\FS.cs(580,42): warning CS8600: Converting null literal or possible null value to non-nullable type. [E:\vs\Projects\PlatformIndependentNuGetPackages\SunamoFileSystem\SunamoFileSystem\SunamoFileSystem.csproj::TargetFramework=net9.0]
E:\vs\Projects\PlatformIndependentNuGetPackages\SunamoFileSystem\SunamoFileSystem\FS.cs(582,78): warning CS8604: Possible null reference argument for parameter 'wasntExistsInFrom' in 'void FS.CopyMoveFilesInList(ILogger logger, List<string> filesFrom, string folderFrom, string folderTo, List<string> wasntExistsInFrom, bool mustExistsInTarget, bool copy, Dictionary<string, List<string>> files, bool overwrite = true)'. [E:\vs\Projects\PlatformIndependentNuGetPackages\SunamoFileSystem\SunamoFileSystem\SunamoFileSystem.csproj::TargetFramework=net9.0]
E:\vs\Projects\PlatformIndependentNuGetPackages\SunamoFileSystem\SunamoFileSystem\FS.cs(582,123): warning CS8625: Cannot convert null literal to non-nullable reference type. [E:\vs\Projects\PlatformIndependentNuGetPackages\SunamoFileSystem\SunamoFileSystem\SunamoFileSystem.csproj::TargetFramework=net9.0]
E:\vs\Projects\PlatformIndependentNuGetPackages\SunamoFileSystem\SunamoFileSystem\FS.cs(751,49): warning CS8604: Possible null reference argument for parameter 'args' in 'Task FS.ReplaceInAllFiles(IList<string> replaceFrom, IList<string> replaceTo, ReplaceInAllFilesArgsBase args, Func<string, bool> EncodingHelperIsBinary)'. [E:\vs\Projects\PlatformIndependentNuGetPackages\SunamoFileSystem\SunamoFileSystem\SunamoFileSystem.csproj::TargetFramework=net9.0]
E:\vs\Projects\PlatformIndependentNuGetPackages\SunamoFileSystem\SunamoFileSystem\FS.cs(756,19): warning CS8604: Possible null reference argument for parameter 'args' in 'Task FS.ReplaceInAllFiles(IList<string> replaceFrom, IList<string> replaceTo, ReplaceInAllFilesArgsBase args, Func<string, bool> EncodingHelperIsBinary)'. [E:\vs\Projects\PlatformIndependentNuGetPackages\SunamoFileSystem\SunamoFileSystem\SunamoFileSystem.csproj::TargetFramework=net9.0]
E:\vs\Projects\PlatformIndependentNuGetPackages\SunamoFileSystem\SunamoFileSystem\FS.cs(774,101): warning CS8600: Converting null literal or possible null value to non-nullable type. [E:\vs\Projects\PlatformIndependentNuGetPackages\SunamoFileSystem\SunamoFileSystem\SunamoFileSystem.csproj::TargetFramework=net9.0]
E:\vs\Projects\PlatformIndependentNuGetPackages\SunamoFileSystem\SunamoFileSystem\FS.cs(812,13): warning CS8602: Dereference of a possibly null reference. [E:\vs\Projects\PlatformIndependentNuGetPackages\SunamoFileSystem\SunamoFileSystem\SunamoFileSystem.csproj::TargetFramework=net9.0]
E:\vs\Projects\PlatformIndependentNuGetPackages\SunamoFileSystem\SunamoFileSystem\FS.cs(905,51): warning CS8600: Converting null literal or possible null value to non-nullable type. [E:\vs\Projects\PlatformIndependentNuGetPackages\SunamoFileSystem\SunamoFileSystem\SunamoFileSystem.csproj::TargetFramework=net9.0]
E:\vs\Projects\PlatformIndependentNuGetPackages\SunamoFileSystem\SunamoFileSystem\FS.cs(906,38): warning CS8604: Possible null reference argument for parameter 'value' in 'string FS.WithoutEndSlash(string value)'. [E:\vs\Projects\PlatformIndependentNuGetPackages\SunamoFileSystem\SunamoFileSystem\SunamoFileSystem.csproj::TargetFramework=net9.0]
E:\vs\Projects\PlatformIndependentNuGetPackages\SunamoFileSystem\SunamoFileSystem\FS.cs(1022,35): warning CS0618: 'string.Copy(string)' is obsolete: 'This API should not be used to create mutable strings. See https://go.microsoft.com/fwlink/?linkid=2084035 for alternatives.' [E:\vs\Projects\PlatformIndependentNuGetPackages\SunamoFileSystem\SunamoFileSystem\SunamoFileSystem.csproj::TargetFramework=net9.0]
E:\vs\Projects\PlatformIndependentNuGetPackages\SunamoFileSystem\SunamoFileSystem\FS.cs(991,44): warning CS8604: Possible null reference argument for parameter 'path1' in 'string Path.Combine(string path1, string path2)'. [E:\vs\Projects\PlatformIndependentNuGetPackages\SunamoFileSystem\SunamoFileSystem\SunamoFileSystem.csproj::TargetFramework=net9.0]
E:\vs\Projects\PlatformIndependentNuGetPackages\SunamoFileSystem\SunamoFileSystem\FS.cs(1011,34): warning CS8600: Converting null literal or possible null value to non-nullable type. [E:\vs\Projects\PlatformIndependentNuGetPackages\SunamoFileSystem\SunamoFileSystem\SunamoFileSystem.csproj::TargetFramework=net9.0]
E:\vs\Projects\PlatformIndependentNuGetPackages\SunamoFileSystem\SunamoFileSystem\FS.cs(1014,44): warning CS8604: Possible null reference argument for parameter 'path1' in 'string Path.Combine(string path1, string path2)'. [E:\vs\Projects\PlatformIndependentNuGetPackages\SunamoFileSystem\SunamoFileSystem\SunamoFileSystem.csproj::TargetFramework=net9.0]
E:\vs\Projects\PlatformIndependentNuGetPackages\SunamoFileSystem\SunamoFileSystem\FS.cs(1035,44): warning CS8604: Possible null reference argument for parameter 'folder' in 'List<string> FSGetFiles.FilesOfExtension(string folder, string fileExt)'. [E:\vs\Projects\PlatformIndependentNuGetPackages\SunamoFileSystem\SunamoFileSystem\SunamoFileSystem.csproj::TargetFramework=net9.0]
E:\vs\Projects\PlatformIndependentNuGetPackages\SunamoFileSystem\SunamoFileSystem\FS.cs(1037,41): warning CS8603: Possible null reference return. [E:\vs\Projects\PlatformIndependentNuGetPackages\SunamoFileSystem\SunamoFileSystem\SunamoFileSystem.csproj::TargetFramework=net9.0]
E:\vs\Projects\PlatformIndependentNuGetPackages\SunamoFileSystem\SunamoFileSystem\FS.cs(1038,20): warning CS8600: Converting null literal or possible null value to non-nullable type. [E:\vs\Projects\PlatformIndependentNuGetPackages\SunamoFileSystem\SunamoFileSystem\SunamoFileSystem.csproj::TargetFramework=net9.0]
E:\vs\Projects\PlatformIndependentNuGetPackages\SunamoFileSystem\SunamoFileSystem\FS.cs(1166,32): warning CS8600: Converting null literal or possible null value to non-nullable type. [E:\vs\Projects\PlatformIndependentNuGetPackages\SunamoFileSystem\SunamoFileSystem\SunamoFileSystem.csproj::TargetFramework=net9.0]
E:\vs\Projects\PlatformIndependentNuGetPackages\SunamoFileSystem\SunamoFileSystem\FS.cs(1187,24): warning CS8603: Possible null reference return. [E:\vs\Projects\PlatformIndependentNuGetPackages\SunamoFileSystem\SunamoFileSystem\SunamoFileSystem.csproj::TargetFramework=net9.0]
E:\vs\Projects\PlatformIndependentNuGetPackages\SunamoFileSystem\SunamoFileSystem\FS.cs(1213,16): warning CS8603: Possible null reference return. [E:\vs\Projects\PlatformIndependentNuGetPackages\SunamoFileSystem\SunamoFileSystem\SunamoFileSystem.csproj::TargetFramework=net9.0]
E:\vs\Projects\PlatformIndependentNuGetPackages\SunamoFileSystem\SunamoFileSystem\FS.cs(1208,26): warning CS0168: The variable 'ex' is declared but never used [E:\vs\Projects\PlatformIndependentNuGetPackages\SunamoFileSystem\SunamoFileSystem\SunamoFileSystem.csproj::TargetFramework=net9.0]
E:\vs\Projects\PlatformIndependentNuGetPackages\SunamoFileSystem\SunamoFileSystem\FS.cs(1232,9): warning CS0618: 'FS.MoveAllFilesRecursively(ILogger, string, string, FileMoveCollisionOption, string)' is obsolete: 'Use MoveDirectoryNoRecursive instead' [E:\vs\Projects\PlatformIndependentNuGetPackages\SunamoFileSystem\SunamoFileSystem\SunamoFileSystem.csproj::TargetFramework=net9.0]
E:\vs\Projects\PlatformIndependentNuGetPackages\SunamoFileSystem\SunamoFileSystem\FS.cs(1270,27): warning CS8714: The type 'TContent' cannot be used as type parameter 'T' in the generic type or method 'DictionaryHelper.GroupByValues<U, T, ColType>(Dictionary<U, T>)'. Nullability of type argument 'TContent' doesn't match 'notnull' constraint. [E:\vs\Projects\PlatformIndependentNuGetPackages\SunamoFileSystem\SunamoFileSystem\SunamoFileSystem.csproj::TargetFramework=net9.0]
E:\vs\Projects\PlatformIndependentNuGetPackages\SunamoFileSystem\SunamoFileSystem\FS.cs(1333,31): warning CS8600: Converting null literal or possible null value to non-nullable type. [E:\vs\Projects\PlatformIndependentNuGetPackages\SunamoFileSystem\SunamoFileSystem\SunamoFileSystem.csproj::TargetFramework=net9.0]
E:\vs\Projects\PlatformIndependentNuGetPackages\SunamoFileSystem\SunamoFileSystem\FS.cs(1554,32): warning CS8600: Converting null literal or possible null value to non-nullable type. [E:\vs\Projects\PlatformIndependentNuGetPackages\SunamoFileSystem\SunamoFileSystem\SunamoFileSystem.csproj::TargetFramework=net9.0]
E:\vs\Projects\PlatformIndependentNuGetPackages\SunamoFileSystem\SunamoFileSystem\FS.cs(1557,36): warning CS8604: Possible null reference argument for parameter 'path1' in 'string Path.Combine(string path1, string path2)'. [E:\vs\Projects\PlatformIndependentNuGetPackages\SunamoFileSystem\SunamoFileSystem\SunamoFileSystem.csproj::TargetFramework=net9.0]
E:\vs\Projects\PlatformIndependentNuGetPackages\SunamoFileSystem\SunamoFileSystem\FS.cs(1640,18): warning CS8602: Dereference of a possibly null reference. [E:\vs\Projects\PlatformIndependentNuGetPackages\SunamoFileSystem\SunamoFileSystem\SunamoFileSystem.csproj::TargetFramework=net9.0]
E:\vs\Projects\PlatformIndependentNuGetPackages\SunamoFileSystem\SunamoFileSystem\FS.cs(1641,55): warning CS8602: Dereference of a possibly null reference. [E:\vs\Projects\PlatformIndependentNuGetPackages\SunamoFileSystem\SunamoFileSystem\SunamoFileSystem.csproj::TargetFramework=net9.0]
E:\vs\Projects\PlatformIndependentNuGetPackages\SunamoFileSystem\SunamoFileSystem\FS.cs(1766,29): warning CS8604: Possible null reference argument for parameter 'value' in 'string FS.WithEndSlash(string value)'. [E:\vs\Projects\PlatformIndependentNuGetPackages\SunamoFileSystem\SunamoFileSystem\SunamoFileSystem.csproj::TargetFramework=net9.0]
E:\vs\Projects\PlatformIndependentNuGetPackages\SunamoFileSystem\SunamoFileSystem\FS.cs(1890,44): warning CS8600: Converting null literal or possible null value to non-nullable type. [E:\vs\Projects\PlatformIndependentNuGetPackages\SunamoFileSystem\SunamoFileSystem\SunamoFileSystem.csproj::TargetFramework=net9.0]
E:\vs\Projects\PlatformIndependentNuGetPackages\SunamoFileSystem\SunamoFileSystem\FS.cs(2014,36): warning CS8604: Possible null reference argument for parameter 'path1' in 'string Path.Combine(string path1, string path2)'. [E:\vs\Projects\PlatformIndependentNuGetPackages\SunamoFileSystem\SunamoFileSystem\SunamoFileSystem.csproj::TargetFramework=net9.0]
E:\vs\Projects\PlatformIndependentNuGetPackages\SunamoFileSystem\SunamoFileSystem\FS.cs(2150,36): warning CS8604: Possible null reference argument for parameter 'path1' in 'string Path.Combine(string path1, string path2)'. [E:\vs\Projects\PlatformIndependentNuGetPackages\SunamoFileSystem\SunamoFileSystem\SunamoFileSystem.csproj::TargetFramework=net9.0]
E:\vs\Projects\PlatformIndependentNuGetPackages\SunamoFileSystem\SunamoFileSystem\FS.cs(2186,25): warning CS8600: Converting null literal or possible null value to non-nullable type. [E:\vs\Projects\PlatformIndependentNuGetPackages\SunamoFileSystem\SunamoFileSystem\SunamoFileSystem.csproj::TargetFramework=net9.0]
E:\vs\Projects\PlatformIndependentNuGetPackages\SunamoFileSystem\SunamoFileSystem\FS.cs(2217,19): warning CS8625: Cannot convert null literal to non-nullable reference type. [E:\vs\Projects\PlatformIndependentNuGetPackages\SunamoFileSystem\SunamoFileSystem\SunamoFileSystem.csproj::TargetFramework=net9.0]
E:\vs\Projects\PlatformIndependentNuGetPackages\SunamoFileSystem\SunamoFileSystem\FS.cs(2402,50): warning CS8600: Converting null literal or possible null value to non-nullable type. [E:\vs\Projects\PlatformIndependentNuGetPackages\SunamoFileSystem\SunamoFileSystem\SunamoFileSystem.csproj::TargetFramework=net9.0]
E:\vs\Projects\PlatformIndependentNuGetPackages\SunamoFileSystem\SunamoFileSystem\FS.cs(2403,41): warning CS8604: Possible null reference argument for parameter 'path1' in 'string Path.Combine(string path1, string path2)'. [E:\vs\Projects\PlatformIndependentNuGetPackages\SunamoFileSystem\SunamoFileSystem\SunamoFileSystem.csproj::TargetFramework=net9.0]
E:\vs\Projects\PlatformIndependentNuGetPackages\SunamoFileSystem\SunamoFileSystem\FS.cs(2586,23): warning CS8600: Converting null literal or possible null value to non-nullable type. [E:\vs\Projects\PlatformIndependentNuGetPackages\SunamoFileSystem\SunamoFileSystem\SunamoFileSystem.csproj::TargetFramework=net9.0]
E:\vs\Projects\PlatformIndependentNuGetPackages\SunamoFileSystem\SunamoFileSystem\FS.cs(2591,26): warning CS0168: The variable 'ex' is declared but never used [E:\vs\Projects\PlatformIndependentNuGetPackages\SunamoFileSystem\SunamoFileSystem\SunamoFileSystem.csproj::TargetFramework=net9.0]
E:\vs\Projects\PlatformIndependentNuGetPackages\SunamoFileSystem\SunamoFileSystem\FS.cs(2773,34): warning CS8602: Dereference of a possibly null reference. [E:\vs\Projects\PlatformIndependentNuGetPackages\SunamoFileSystem\SunamoFileSystem\SunamoFileSystem.csproj::TargetFramework=net9.0]
E:\vs\Projects\PlatformIndependentNuGetPackages\SunamoFileSystem\SunamoFileSystem\FS.cs(2885,25): warning CS8602: Dereference of a possibly null reference. [E:\vs\Projects\PlatformIndependentNuGetPackages\SunamoFileSystem\SunamoFileSystem\SunamoFileSystem.csproj::TargetFramework=net9.0]
E:\vs\Projects\PlatformIndependentNuGetPackages\SunamoFileSystem\SunamoFileSystem\FS.cs(2819,26): warning CS0168: The variable 'ex' is declared but never used [E:\vs\Projects\PlatformIndependentNuGetPackages\SunamoFileSystem\SunamoFileSystem\SunamoFileSystem.csproj::TargetFramework=net9.0]
E:\vs\Projects\PlatformIndependentNuGetPackages\SunamoFileSystem\SunamoFileSystem\FS.cs(2836,26): warning CS0168: The variable 'ex' is declared but never used [E:\vs\Projects\PlatformIndependentNuGetPackages\SunamoFileSystem\SunamoFileSystem\SunamoFileSystem.csproj::TargetFramework=net9.0]
E:\vs\Projects\PlatformIndependentNuGetPackages\SunamoFileSystem\SunamoFileSystem\FS.cs(3366,16): warning CS8603: Possible null reference return. [E:\vs\Projects\PlatformIndependentNuGetPackages\SunamoFileSystem\SunamoFileSystem\SunamoFileSystem.csproj::TargetFramework=net9.0]
E:\vs\Projects\PlatformIndependentNuGetPackages\SunamoFileSystem\SunamoFileSystem\FS.cs(3837,52): warning CS8604: Possible null reference argument for parameter 'value' in 'string FS.WithEndSlash(string value)'. [E:\vs\Projects\PlatformIndependentNuGetPackages\SunamoFileSystem\SunamoFileSystem\SunamoFileSystem.csproj::TargetFramework=net9.0]
E:\vs\Projects\PlatformIndependentNuGetPackages\SunamoFileSystem\SunamoFileSystem\FS.cs(4117,28): warning CS8600: Converting null literal or possible null value to non-nullable type. [E:\vs\Projects\PlatformIndependentNuGetPackages\SunamoFileSystem\SunamoFileSystem\SunamoFileSystem.csproj::TargetFramework=net9.0]
E:\vs\Projects\PlatformIndependentNuGetPackages\SunamoFileSystem\SunamoFileSystem\FS.cs(4129,42): warning CS8600: Converting null literal or possible null value to non-nullable type. [E:\vs\Projects\PlatformIndependentNuGetPackages\SunamoFileSystem\SunamoFileSystem\SunamoFileSystem.csproj::TargetFramework=net9.0]
E:\vs\Projects\PlatformIndependentNuGetPackages\SunamoFileSystem\SunamoFileSystem\FS.cs(4122,43): warning CS0168: The variable 'ex' is declared but never used [E:\vs\Projects\PlatformIndependentNuGetPackages\SunamoFileSystem\SunamoFileSystem\SunamoFileSystem.csproj::TargetFramework=net9.0]
E:\vs\Projects\PlatformIndependentNuGetPackages\SunamoFileSystem\SunamoFileSystem\FS.cs(4134,43): warning CS0168: The variable 'ex' is declared but never used [E:\vs\Projects\PlatformIndependentNuGetPackages\SunamoFileSystem\SunamoFileSystem\SunamoFileSystem.csproj::TargetFramework=net9.0]
E:\vs\Projects\PlatformIndependentNuGetPackages\SunamoFileSystem\SunamoFileSystem\FS.cs(4153,16): warning CS8603: Possible null reference return. [E:\vs\Projects\PlatformIndependentNuGetPackages\SunamoFileSystem\SunamoFileSystem\SunamoFileSystem.csproj::TargetFramework=net9.0]
E:\vs\Projects\PlatformIndependentNuGetPackages\SunamoFileSystem\SunamoFileSystem\_sunamo\SunamoArgs\GetFilesEveryFolderArgsFS.cs(10,22): warning CS0649: Field 'GetFilesEveryFolderArgsFS.DoneOnePercent' is never assigned to, and will always have its default value null [E:\vs\Projects\PlatformIndependentNuGetPackages\SunamoFileSystem\SunamoFileSystem\SunamoFileSystem.csproj::TargetFramework=net9.0]
E:\vs\Projects\PlatformIndependentNuGetPackages\SunamoFileSystem\SunamoFileSystem\_sunamo\SunamoArgs\GetFilesEveryFolderArgsFS.cs(20,34): warning CS0649: Field 'GetFilesEveryFolderArgsFS.FilterFoundedFolders' is never assigned to, and will always have its default value null [E:\vs\Projects\PlatformIndependentNuGetPackages\SunamoFileSystem\SunamoFileSystem\SunamoFileSystem.csproj::TargetFramework=net9.0]
E:\vs\Projects\PlatformIndependentNuGetPackages\SunamoFileSystem\SunamoFileSystem\_sunamo\SunamoData\Data\ReplaceInAllFilesArgs.cs(10,19): warning CS0649: Field 'ReplaceInAllFilesArgs.IsNotReplaceInTemporaryFiles' is never assigned to, and will always have its default value false [E:\vs\Projects\PlatformIndependentNuGetPackages\SunamoFileSystem\SunamoFileSystem\SunamoFileSystem.csproj::TargetFramework=net9.0]
E:\vs\Projects\PlatformIndependentNuGetPackages\SunamoFileSystem\SunamoFileSystem\_sunamo\SunamoData\Data\ReplaceInAllFilesArgs.cs(11,19): warning CS0649: Field 'ReplaceInAllFilesArgs.PairLinesInFromAndTo' is never assigned to, and will always have its default value false [E:\vs\Projects\PlatformIndependentNuGetPackages\SunamoFileSystem\SunamoFileSystem\SunamoFileSystem.csproj::TargetFramework=net9.0]
E:\vs\Projects\PlatformIndependentNuGetPackages\SunamoFileSystem\SunamoFileSystem\_sunamo\SunamoArgs\GetFilesEveryFolderArgsFS.cs(9,22): warning CS0649: Field 'GetFilesEveryFolderArgsFS.Done' is never assigned to, and will always have its default value null [E:\vs\Projects\PlatformIndependentNuGetPackages\SunamoFileSystem\SunamoFileSystem\SunamoFileSystem.csproj::TargetFramework=net9.0]
E:\vs\Projects\PlatformIndependentNuGetPackages\SunamoFileSystem\SunamoFileSystem\_sunamo\SunamoArgs\GetFilesEveryFolderArgsFS.cs(15,34): warning CS0649: Field 'GetFilesEveryFolderArgsFS.FilterFoundedFiles' is never assigned to, and will always have its default value null [E:\vs\Projects\PlatformIndependentNuGetPackages\SunamoFileSystem\SunamoFileSystem\SunamoFileSystem.csproj::TargetFramework=net9.0]
E:\vs\Projects\PlatformIndependentNuGetPackages\SunamoFileSystem\SunamoFileSystem\_sunamo\SunamoArgs\GetFilesArgsFS.cs(22,39): warning CS0649: Field 'GetFilesArgsFS.LastModifiedFromFn' is never assigned to, and will always have its default value null [E:\vs\Projects\PlatformIndependentNuGetPackages\SunamoFileSystem\SunamoFileSystem\SunamoFileSystem.csproj::TargetFramework=net9.0]
E:\vs\Projects\PlatformIndependentNuGetPackages\SunamoFileSystem\SunamoFileSystem\_sunamo\SunamoData\Data\ReplaceInAllFilesArgs.cs(12,19): warning CS0649: Field 'ReplaceInAllFilesArgs.ReplaceWithEmpty' is never assigned to, and will always have its default value false [E:\vs\Projects\PlatformIndependentNuGetPackages\SunamoFileSystem\SunamoFileSystem\SunamoFileSystem.csproj::TargetFramework=net9.0]
E:\vs\Projects\PlatformIndependentNuGetPackages\SunamoFileSystem\SunamoFileSystem\_sunamo\SunamoTextOutputGenerator\TextOutputGenerator.cs(11,36): warning CS0414: The field 'TextOutputGenerator.HeadingCharacter' is assigned but its value is never used [E:\vs\Projects\PlatformIndependentNuGetPackages\SunamoFileSystem\SunamoFileSystem\SunamoFileSystem.csproj::TargetFramework=net9.0]
E:\vs\Projects\PlatformIndependentNuGetPackages\SunamoFileSystem\SunamoFileSystem\Enums\ComputerSizeUnits.cs(4,13): warning CS1591: Missing XML comment for publicly visible type or member 'ComputerSizeUnits' [E:\vs\Projects\PlatformIndependentNuGetPackages\SunamoFileSystem\SunamoFileSystem\SunamoFileSystem.csproj::TargetFramework=net9.0]
E:\vs\Projects\PlatformIndependentNuGetPackages\SunamoFileSystem\SunamoFileSystem\Enums\ComputerSizeUnits.cs(6,5): warning CS1591: Missing XML comment for publicly visible type or member 'ComputerSizeUnits.Auto' [E:\vs\Projects\PlatformIndependentNuGetPackages\SunamoFileSystem\SunamoFileSystem\SunamoFileSystem.csproj::TargetFramework=net9.0]
E:\vs\Projects\PlatformIndependentNuGetPackages\SunamoFileSystem\SunamoFileSystem\Enums\ComputerSizeUnits.cs(7,5): warning CS1591: Missing XML comment for publicly visible type or member 'ComputerSizeUnits.B' [E:\vs\Projects\PlatformIndependentNuGetPackages\SunamoFileSystem\SunamoFileSystem\SunamoFileSystem.csproj::TargetFramework=net9.0]
E:\vs\Projects\PlatformIndependentNuGetPackages\SunamoFileSystem\SunamoFileSystem\Enums\ComputerSizeUnits.cs(8,5): warning CS1591: Missing XML comment for publicly visible type or member 'ComputerSizeUnits.KB' [E:\vs\Projects\PlatformIndependentNuGetPackages\SunamoFileSystem\SunamoFileSystem\SunamoFileSystem.csproj::TargetFramework=net9.0]
E:\vs\Projects\PlatformIndependentNuGetPackages\SunamoFileSystem\SunamoFileSystem\Enums\ComputerSizeUnits.cs(9,5): warning CS1591: Missing XML comment for publicly visible type or member 'ComputerSizeUnits.MB' [E:\vs\Projects\PlatformIndependentNuGetPackages\SunamoFileSystem\SunamoFileSystem\SunamoFileSystem.csproj::TargetFramework=net9.0]
E:\vs\Projects\PlatformIndependentNuGetPackages\SunamoFileSystem\SunamoFileSystem\Enums\ComputerSizeUnits.cs(10,5): warning CS1591: Missing XML comment for publicly visible type or member 'ComputerSizeUnits.GB' [E:\vs\Projects\PlatformIndependentNuGetPackages\SunamoFileSystem\SunamoFileSystem\SunamoFileSystem.csproj::TargetFramework=net9.0]
E:\vs\Projects\PlatformIndependentNuGetPackages\SunamoFileSystem\SunamoFileSystem\Enums\ComputerSizeUnits.cs(11,5): warning CS1591: Missing XML comment for publicly visible type or member 'ComputerSizeUnits.TB' [E:\vs\Projects\PlatformIndependentNuGetPackages\SunamoFileSystem\SunamoFileSystem\SunamoFileSystem.csproj::TargetFramework=net9.0]
E:\vs\Projects\PlatformIndependentNuGetPackages\SunamoFileSystem\SunamoFileSystem\Enums\DirectoryMoveCollisionOption.cs(4,13): warning CS1591: Missing XML comment for publicly visible type or member 'DirectoryMoveCollisionOption' [E:\vs\Projects\PlatformIndependentNuGetPackages\SunamoFileSystem\SunamoFileSystem\SunamoFileSystem.csproj::TargetFramework=net9.0]
E:\vs\Projects\PlatformIndependentNuGetPackages\SunamoFileSystem\SunamoFileSystem\Enums\DirectoryMoveCollisionOption.cs(6,5): warning CS1591: Missing XML comment for publicly visible type or member 'DirectoryMoveCollisionOption.AddSerie' [E:\vs\Projects\PlatformIndependentNuGetPackages\SunamoFileSystem\SunamoFileSystem\SunamoFileSystem.csproj::TargetFramework=net9.0]
E:\vs\Projects\PlatformIndependentNuGetPackages\SunamoFileSystem\SunamoFileSystem\Enums\DirectoryMoveCollisionOption.cs(7,5): warning CS1591: Missing XML comment for publicly visible type or member 'DirectoryMoveCollisionOption.Overwrite' [E:\vs\Projects\PlatformIndependentNuGetPackages\SunamoFileSystem\SunamoFileSystem\SunamoFileSystem.csproj::TargetFramework=net9.0]
E:\vs\Projects\PlatformIndependentNuGetPackages\SunamoFileSystem\SunamoFileSystem\Enums\DirectoryMoveCollisionOption.cs(8,5): warning CS1591: Missing XML comment for publicly visible type or member 'DirectoryMoveCollisionOption.DiscardFrom' [E:\vs\Projects\PlatformIndependentNuGetPackages\SunamoFileSystem\SunamoFileSystem\SunamoFileSystem.csproj::TargetFramework=net9.0]
E:\vs\Projects\PlatformIndependentNuGetPackages\SunamoFileSystem\SunamoFileSystem\Enums\DirectoryMoveCollisionOption.cs(9,5): warning CS1591: Missing XML comment for publicly visible type or member 'DirectoryMoveCollisionOption.ThrowEx' [E:\vs\Projects\PlatformIndependentNuGetPackages\SunamoFileSystem\SunamoFileSystem\SunamoFileSystem.csproj::TargetFramework=net9.0]
E:\vs\Projects\PlatformIndependentNuGetPackages\SunamoFileSystem\SunamoFileSystem\Enums\FileMoveCollisionOption.cs(4,13): warning CS1591: Missing XML comment for publicly visible type or member 'FileMoveCollisionOption' [E:\vs\Projects\PlatformIndependentNuGetPackages\SunamoFileSystem\SunamoFileSystem\SunamoFileSystem.csproj::TargetFramework=net9.0]
E:\vs\Projects\PlatformIndependentNuGetPackages\SunamoFileSystem\SunamoFileSystem\Enums\FileMoveCollisionOption.cs(6,5): warning CS1591: Missing XML comment for publicly visible type or member 'FileMoveCollisionOption.AddSerie' [E:\vs\Projects\PlatformIndependentNuGetPackages\SunamoFileSystem\SunamoFileSystem\SunamoFileSystem.csproj::TargetFramework=net9.0]
E:\vs\Projects\PlatformIndependentNuGetPackages\SunamoFileSystem\SunamoFileSystem\Enums\FileMoveCollisionOption.cs(7,5): warning CS1591: Missing XML comment for publicly visible type or member 'FileMoveCollisionOption.AddFileSize' [E:\vs\Projects\PlatformIndependentNuGetPackages\SunamoFileSystem\SunamoFileSystem\SunamoFileSystem.csproj::TargetFramework=net9.0]
E:\vs\Projects\PlatformIndependentNuGetPackages\SunamoFileSystem\SunamoFileSystem\Enums\FileMoveCollisionOption.cs(8,5): warning CS1591: Missing XML comment for publicly visible type or member 'FileMoveCollisionOption.Overwrite' [E:\vs\Projects\PlatformIndependentNuGetPackages\SunamoFileSystem\SunamoFileSystem\SunamoFileSystem.csproj::TargetFramework=net9.0]
E:\vs\Projects\PlatformIndependentNuGetPackages\SunamoFileSystem\SunamoFileSystem\Enums\FileMoveCollisionOption.cs(9,5): warning CS1591: Missing XML comment for publicly visible type or member 'FileMoveCollisionOption.DiscardFrom' [E:\vs\Projects\PlatformIndependentNuGetPackages\SunamoFileSystem\SunamoFileSystem\SunamoFileSystem.csproj::TargetFramework=net9.0]
E:\vs\Projects\PlatformIndependentNuGetPackages\SunamoFileSystem\SunamoFileSystem\Enums\FileMoveCollisionOption.cs(10,5): warning CS1591: Missing XML comment for publicly visible type or member 'FileMoveCollisionOption.LeaveLarger' [E:\vs\Projects\PlatformIndependentNuGetPackages\SunamoFileSystem\SunamoFileSystem\SunamoFileSystem.csproj::TargetFramework=net9.0]
E:\vs\Projects\PlatformIndependentNuGetPackages\SunamoFileSystem\SunamoFileSystem\Enums\FileMoveCollisionOption.cs(11,5): warning CS1591: Missing XML comment for publicly visible type or member 'FileMoveCollisionOption.DontManipulate' [E:\vs\Projects\PlatformIndependentNuGetPackages\SunamoFileSystem\SunamoFileSystem\SunamoFileSystem.csproj::TargetFramework=net9.0]
E:\vs\Projects\PlatformIndependentNuGetPackages\SunamoFileSystem\SunamoFileSystem\Enums\FileMoveCollisionOption.cs(12,5): warning CS1591: Missing XML comment for publicly visible type or member 'FileMoveCollisionOption.ThrowEx' [E:\vs\Projects\PlatformIndependentNuGetPackages\SunamoFileSystem\SunamoFileSystem\SunamoFileSystem.csproj::TargetFramework=net9.0]
E:\vs\Projects\PlatformIndependentNuGetPackages\SunamoFileSystem\SunamoFileSystem\FS.cs(12,25): warning CS1591: Missing XML comment for publicly visible type or member 'FS.DEndsWithReplaceInFile' [E:\vs\Projects\PlatformIndependentNuGetPackages\SunamoFileSystem\SunamoFileSystem\SunamoFileSystem.csproj::TargetFramework=net9.0]
E:\vs\Projects\PlatformIndependentNuGetPackages\SunamoFileSystem\SunamoFileSystem\FS.cs(13,42): warning CS1591: Missing XML comment for publicly visible type or member 'FS.invalidFileNameCharsReadonly' [E:\vs\Projects\PlatformIndependentNuGetPackages\SunamoFileSystem\SunamoFileSystem\SunamoFileSystem.csproj::TargetFramework=net9.0]
E:\vs\Projects\PlatformIndependentNuGetPackages\SunamoFileSystem\SunamoFileSystem\FS.cs(14,44): warning CS1591: Missing XML comment for publicly visible type or member 'FS.invalidFileNameStringsReadonly' [E:\vs\Projects\PlatformIndependentNuGetPackages\SunamoFileSystem\SunamoFileSystem\SunamoFileSystem.csproj::TargetFramework=net9.0]
E:\vs\Projects\PlatformIndependentNuGetPackages\SunamoFileSystem\SunamoFileSystem\FS.cs(15,24): warning CS1591: Missing XML comment for publicly visible type or member 'FS.IsAbsolutePath(string)' [E:\vs\Projects\PlatformIndependentNuGetPackages\SunamoFileSystem\SunamoFileSystem\SunamoFileSystem.csproj::TargetFramework=net9.0]
E:\vs\Projects\PlatformIndependentNuGetPackages\SunamoFileSystem\SunamoFileSystem\FS.cs(35,33): warning CS1591: Missing XML comment for publicly visible type or member 'FS.invalidPathChars' [E:\vs\Projects\PlatformIndependentNuGetPackages\SunamoFileSystem\SunamoFileSystem\SunamoFileSystem.csproj::TargetFramework=net9.0]
E:\vs\Projects\PlatformIndependentNuGetPackages\SunamoFileSystem\SunamoFileSystem\FS.cs(40,30): warning CS1591: Missing XML comment for publicly visible type or member 'FS.InvalidFileNameChars' [E:\vs\Projects\PlatformIndependentNuGetPackages\SunamoFileSystem\SunamoFileSystem\SunamoFileSystem.csproj::TargetFramework=net9.0]
E:\vs\Projects\PlatformIndependentNuGetPackages\SunamoFileSystem\SunamoFileSystem\FS.cs(41,33): warning CS1591: Missing XML comment for publicly visible type or member 'FS.invalidCharsForMapPath' [E:\vs\Projects\PlatformIndependentNuGetPackages\SunamoFileSystem\SunamoFileSystem\SunamoFileSystem.csproj::TargetFramework=net9.0]
E:\vs\Projects\PlatformIndependentNuGetPackages\SunamoFileSystem\SunamoFileSystem\FS.cs(42,33): warning CS1591: Missing XML comment for publicly visible type or member 'FS.invalidFileNameCharsWithoutDelimiterOfFolders' [E:\vs\Projects\PlatformIndependentNuGetPackages\SunamoFileSystem\SunamoFileSystem\SunamoFileSystem.csproj::TargetFramework=net9.0]
E:\vs\Projects\PlatformIndependentNuGetPackages\SunamoFileSystem\SunamoFileSystem\FS.cs(43,26): warning CS1591: Missing XML comment for publicly visible type or member 'FS.ReplaceIncorrectFor' [E:\vs\Projects\PlatformIndependentNuGetPackages\SunamoFileSystem\SunamoFileSystem\SunamoFileSystem.csproj::TargetFramework=net9.0]
E:\vs\Projects\PlatformIndependentNuGetPackages\SunamoFileSystem\SunamoFileSystem\FS.cs(44,35): warning CS1591: Missing XML comment for publicly visible type or member 'FS.DeleteFileMaybeLocked' [E:\vs\Projects\PlatformIndependentNuGetPackages\SunamoFileSystem\SunamoFileSystem\SunamoFileSystem.csproj::TargetFramework=net9.0]
E:\vs\Projects\PlatformIndependentNuGetPackages\SunamoFileSystem\SunamoFileSystem\FS.cs(45,54): warning CS1591: Missing XML comment for publicly visible type or member 'FS.FileUtilWhoIsLocking' [E:\vs\Projects\PlatformIndependentNuGetPackages\SunamoFileSystem\SunamoFileSystem\SunamoFileSystem.csproj::TargetFramework=net9.0]
E:\vs\Projects\PlatformIndependentNuGetPackages\SunamoFileSystem\SunamoFileSystem\FS.cs(74,24): warning CS1591: Missing XML comment for publicly visible type or member 'FS.ExistsDirectory(string)' [E:\vs\Projects\PlatformIndependentNuGetPackages\SunamoFileSystem\SunamoFileSystem\SunamoFileSystem.csproj::TargetFramework=net9.0]
E:\vs\Projects\PlatformIndependentNuGetPackages\SunamoFileSystem\SunamoFileSystem\FS.cs(106,22): warning CS1572: XML comment has a param tag for 'v', but there is no parameter by that name [E:\vs\Projects\PlatformIndependentNuGetPackages\SunamoFileSystem\SunamoFileSystem\SunamoFileSystem.csproj::TargetFramework=net9.0]
E:\vs\Projects\PlatformIndependentNuGetPackages\SunamoFileSystem\SunamoFileSystem\FS.cs(107,47): warning CS1573: Parameter 'value' has no matching param tag in the XML comment for 'FS.CreateDirectory(string)' (but other parameters do) [E:\vs\Projects\PlatformIndependentNuGetPackages\SunamoFileSystem\SunamoFileSystem\SunamoFileSystem.csproj::TargetFramework=net9.0]
E:\vs\Projects\PlatformIndependentNuGetPackages\SunamoFileSystem\SunamoFileSystem\FS.cs(117,24): warning CS1591: Missing XML comment for publicly visible type or member 'FS.CreateDirectoryIfNotExists(string)' [E:\vs\Projects\PlatformIndependentNuGetPackages\SunamoFileSystem\SunamoFileSystem\SunamoFileSystem.csproj::TargetFramework=net9.0]
E:\vs\Projects\PlatformIndependentNuGetPackages\SunamoFileSystem\SunamoFileSystem\FS.cs(122,26): warning CS1591: Missing XML comment for publicly visible type or member 'FS.WithEndSlash(string)' [E:\vs\Projects\PlatformIndependentNuGetPackages\SunamoFileSystem\SunamoFileSystem\SunamoFileSystem.csproj::TargetFramework=net9.0]
E:\vs\Projects\PlatformIndependentNuGetPackages\SunamoFileSystem\SunamoFileSystem\FS.cs(129,22): warning CS1572: XML comment has a param tag for 'v', but there is no parameter by that name [E:\vs\Projects\PlatformIndependentNuGetPackages\SunamoFileSystem\SunamoFileSystem\SunamoFileSystem.csproj::TargetFramework=net9.0]
E:\vs\Projects\PlatformIndependentNuGetPackages\SunamoFileSystem\SunamoFileSystem\FS.cs(131,50): warning CS1573: Parameter 'value' has no matching param tag in the XML comment for 'FS.WithEndSlash(ref string)' (but other parameters do) [E:\vs\Projects\PlatformIndependentNuGetPackages\SunamoFileSystem\SunamoFileSystem\SunamoFileSystem.csproj::TargetFramework=net9.0]
E:\vs\Projects\PlatformIndependentNuGetPackages\SunamoFileSystem\SunamoFileSystem\FS.cs(137,32): warning CS1591: Missing XML comment for publicly visible type or member 'FS.FoldersWithSubfolder(string, string)' [E:\vs\Projects\PlatformIndependentNuGetPackages\SunamoFileSystem\SunamoFileSystem\SunamoFileSystem.csproj::TargetFramework=net9.0]
E:\vs\Projects\PlatformIndependentNuGetPackages\SunamoFileSystem\SunamoFileSystem\FS.cs(166,24): warning CS1591: Missing XML comment for publicly visible type or member 'FS.TryDeleteFile(string)' [E:\vs\Projects\PlatformIndependentNuGetPackages\SunamoFileSystem\SunamoFileSystem\SunamoFileSystem.csproj::TargetFramework=net9.0]
E:\vs\Projects\PlatformIndependentNuGetPackages\SunamoFileSystem\SunamoFileSystem\FS.cs(197,30): warning CS1591: Missing XML comment for publicly visible type or member 'FS.CreateFileIfDoesntExists(string)' [E:\vs\Projects\PlatformIndependentNuGetPackages\SunamoFileSystem\SunamoFileSystem\SunamoFileSystem.csproj::TargetFramework=net9.0]
E:\vs\Projects\PlatformIndependentNuGetPackages\SunamoFileSystem\SunamoFileSystem\FS.cs(212,26): warning CS1591: Missing XML comment for publicly visible type or member 'FS.InsertBetweenFileNameAndExtension(string, string)' [E:\vs\Projects\PlatformIndependentNuGetPackages\SunamoFileSystem\SunamoFileSystem\SunamoFileSystem.csproj::TargetFramework=net9.0]
E:\vs\Projects\PlatformIndependentNuGetPackages\SunamoFileSystem\SunamoFileSystem\FS.cs(242,5): warning CS1587: XML comment is not placed on a valid language element [E:\vs\Projects\PlatformIndependentNuGetPackages\SunamoFileSystem\SunamoFileSystem\SunamoFileSystem.csproj::TargetFramework=net9.0]
E:\vs\Projects\PlatformIndependentNuGetPackages\SunamoFileSystem\SunamoFileSystem\FS.cs(288,24): warning CS1591: Missing XML comment for publicly visible type or member 'FS.IsExtension(string)' [E:\vs\Projects\PlatformIndependentNuGetPackages\SunamoFileSystem\SunamoFileSystem\SunamoFileSystem.csproj::TargetFramework=net9.0]
E:\vs\Projects\PlatformIndependentNuGetPackages\SunamoFileSystem\SunamoFileSystem\FS.cs(303,24): warning CS1591: Missing XML comment for publicly visible type or member 'FS.ExistsFile(string)' [E:\vs\Projects\PlatformIndependentNuGetPackages\SunamoFileSystem\SunamoFileSystem\SunamoFileSystem.csproj::TargetFramework=net9.0]
E:\vs\Projects\PlatformIndependentNuGetPackages\SunamoFileSystem\SunamoFileSystem\FS.cs(307,24): warning CS1591: Missing XML comment for publicly visible type or member 'FS.MoveSubfoldersToFolder(ILogger, List<string>, string, string, FileMoveCollisionOption)' [E:\vs\Projects\PlatformIndependentNuGetPackages\SunamoFileSystem\SunamoFileSystem\SunamoFileSystem.csproj::TargetFramework=net9.0]
E:\vs\Projects\PlatformIndependentNuGetPackages\SunamoFileSystem\SunamoFileSystem\FS.cs(317,24): warning CS1591: Missing XML comment for publicly visible type or member 'FS.TrimBasePathAndTrailingBs(List<string>, string)' [E:\vs\Projects\PlatformIndependentNuGetPackages\SunamoFileSystem\SunamoFileSystem\SunamoFileSystem.csproj::TargetFramework=net9.0]
E:\vs\Projects\PlatformIndependentNuGetPackages\SunamoFileSystem\SunamoFileSystem\FS.cs(325,26): warning CS1591: Missing XML comment for publicly visible type or member 'FS.GetFileNameWithoutOneExtension(string)' [E:\vs\Projects\PlatformIndependentNuGetPackages\SunamoFileSystem\SunamoFileSystem\SunamoFileSystem.csproj::TargetFramework=net9.0]
E:\vs\Projects\PlatformIndependentNuGetPackages\SunamoFileSystem\SunamoFileSystem\FS.cs(329,26): warning CS1591: Missing XML comment for publicly visible type or member 'FS.GetActualDateTime()' [E:\vs\Projects\PlatformIndependentNuGetPackages\SunamoFileSystem\SunamoFileSystem\SunamoFileSystem.csproj::TargetFramework=net9.0]
E:\vs\Projects\PlatformIndependentNuGetPackages\SunamoFileSystem\SunamoFileSystem\FS.cs(340,9): warning CS1591: Missing XML comment for publicly visible type or member 'FS.KeepOnlyWhichIsNotInFiles(List<string>, List<string>)' [E:\vs\Projects\PlatformIndependentNuGetPackages\SunamoFileSystem\SunamoFileSystem\SunamoFileSystem.csproj::TargetFramework=net9.0]
E:\vs\Projects\PlatformIndependentNuGetPackages\SunamoFileSystem\SunamoFileSystem\FS.cs(403,32): warning CS1591: Missing XML comment for publicly visible type or member 'FS.FilterInRootAndInSubFolder(string, List<string>)' [E:\vs\Projects\PlatformIndependentNuGetPackages\SunamoFileSystem\SunamoFileSystem\SunamoFileSystem.csproj::TargetFramework=net9.0]
E:\vs\Projects\PlatformIndependentNuGetPackages\SunamoFileSystem\SunamoFileSystem\FS.cs(419,24): warning CS1591: Missing XML comment for publicly visible type or member 'FS.OnlyNames(List<string>)' [E:\vs\Projects\PlatformIndependentNuGetPackages\SunamoFileSystem\SunamoFileSystem\SunamoFileSystem.csproj::TargetFramework=net9.0]
E:\vs\Projects\PlatformIndependentNuGetPackages\SunamoFileSystem\SunamoFileSystem\FS.cs(423,32): warning CS1591: Missing XML comment for publicly visible type or member 'FS.FilesWhichContainsAll(object, string, params string[])' [E:\vs\Projects\PlatformIndependentNuGetPackages\SunamoFileSystem\SunamoFileSystem\SunamoFileSystem.csproj::TargetFramework=net9.0]
E:\vs\Projects\PlatformIndependentNuGetPackages\SunamoFileSystem\SunamoFileSystem\FS.cs(427,26): warning CS1591: Missing XML comment for publicly visible type or member 'FS.PathSpecialAndLevel(string, string, int)' [E:\vs\Projects\PlatformIndependentNuGetPackages\SunamoFileSystem\SunamoFileSystem\SunamoFileSystem.csproj::TargetFramework=net9.0]
E:\vs\Projects\PlatformIndependentNuGetPackages\SunamoFileSystem\SunamoFileSystem\FS.cs(449,26): warning CS1591: Missing XML comment for publicly visible type or member 'FS.GetDirectoryNameIfIsFile(string)' [E:\vs\Projects\PlatformIndependentNuGetPackages\SunamoFileSystem\SunamoFileSystem\SunamoFileSystem.csproj::TargetFramework=net9.0]
E:\vs\Projects\PlatformIndependentNuGetPackages\SunamoFileSystem\SunamoFileSystem\FS.cs(454,26): warning CS1591: Missing XML comment for publicly visible type or member 'FS.MaskFromExtensions(List<string>)' [E:\vs\Projects\PlatformIndependentNuGetPackages\SunamoFileSystem\SunamoFileSystem\SunamoFileSystem.csproj::TargetFramework=net9.0]
E:\vs\Projects\PlatformIndependentNuGetPackages\SunamoFileSystem\SunamoFileSystem\FS.cs(538,52): warning CS1573: Parameter 'logger' has no matching param tag in the XML comment for 'FS.CopyMoveFilesInList(ILogger, List<string>, string, string, List<string>, bool, bool, Dictionary<string, List<string>>, bool)' (but other parameters do) [E:\vs\Projects\PlatformIndependentNuGetPackages\SunamoFileSystem\SunamoFileSystem\SunamoFileSystem.csproj::TargetFramework=net9.0]
E:\vs\Projects\PlatformIndependentNuGetPackages\SunamoFileSystem\SunamoFileSystem\FS.cs(539,110): warning CS1573: Parameter 'files' has no matching param tag in the XML comment for 'FS.CopyMoveFilesInList(ILogger, List<string>, string, string, List<string>, bool, bool, Dictionary<string, List<string>>, bool)' (but other parameters do) [E:\vs\Projects\PlatformIndependentNuGetPackages\SunamoFileSystem\SunamoFileSystem\SunamoFileSystem.csproj::TargetFramework=net9.0]
E:\vs\Projects\PlatformIndependentNuGetPackages\SunamoFileSystem\SunamoFileSystem\FS.cs(540,14): warning CS1573: Parameter 'overwrite' has no matching param tag in the XML comment for 'FS.CopyMoveFilesInList(ILogger, List<string>, string, string, List<string>, bool, bool, Dictionary<string, List<string>>, bool)' (but other parameters do) [E:\vs\Projects\PlatformIndependentNuGetPackages\SunamoFileSystem\SunamoFileSystem\SunamoFileSystem.csproj::TargetFramework=net9.0]
E:\vs\Projects\PlatformIndependentNuGetPackages\SunamoFileSystem\SunamoFileSystem\FS.cs(577,24): warning CS1591: Missing XML comment for publicly visible type or member 'FS.CopyMoveFilesInListSimple(ILogger, List<string>, string, string, bool, bool)' [E:\vs\Projects\PlatformIndependentNuGetPackages\SunamoFileSystem\SunamoFileSystem\SunamoFileSystem.csproj::TargetFramework=net9.0]
E:\vs\Projects\PlatformIndependentNuGetPackages\SunamoFileSystem\SunamoFileSystem\FS.cs(585,24): warning CS1591: Missing XML comment for publicly visible type or member 'FS.CreateInOtherLocationSameFolderStructure(string, string)' [E:\vs\Projects\PlatformIndependentNuGetPackages\SunamoFileSystem\SunamoFileSystem\SunamoFileSystem.csproj::TargetFramework=net9.0]
E:\vs\Projects\PlatformIndependentNuGetPackages\SunamoFileSystem\SunamoFileSystem\FS.cs(602,65): warning CS1573: Parameter 'logger' has no matching param tag in the XML comment for 'FS.CopyMoveFromMultiLocationIntoOne(ILogger, List<string>, string, string)' (but other parameters do) [E:\vs\Projects\PlatformIndependentNuGetPackages\SunamoFileSystem\SunamoFileSystem\SunamoFileSystem.csproj::TargetFramework=net9.0]
E:\vs\Projects\PlatformIndependentNuGetPackages\SunamoFileSystem\SunamoFileSystem\FS.cs(683,22): warning CS1572: XML comment has a param tag for 'v', but there is no parameter by that name [E:\vs\Projects\PlatformIndependentNuGetPackages\SunamoFileSystem\SunamoFileSystem\SunamoFileSystem.csproj::TargetFramework=net9.0]
E:\vs\Projects\PlatformIndependentNuGetPackages\SunamoFileSystem\SunamoFileSystem\FS.cs(698,54): warning CS1573: Parameter 'so' has no matching param tag in the XML comment for 'FS.DeleteEmptyFiles(string, SearchOption)' (but other parameters do) [E:\vs\Projects\PlatformIndependentNuGetPackages\SunamoFileSystem\SunamoFileSystem\SunamoFileSystem.csproj::TargetFramework=net9.0]
E:\vs\Projects\PlatformIndependentNuGetPackages\SunamoFileSystem\SunamoFileSystem\FS.cs(759,30): warning CS1591: Missing XML comment for publicly visible type or member 'FS.ReplaceInAllFiles(string, string, ReplaceInAllFilesArgsBase, Func<string, bool>)' [E:\vs\Projects\PlatformIndependentNuGetPackages\SunamoFileSystem\SunamoFileSystem\SunamoFileSystem.csproj::TargetFramework=net9.0]
E:\vs\Projects\PlatformIndependentNuGetPackages\SunamoFileSystem\SunamoFileSystem\FS.cs(769,30): warning CS1591: Missing XML comment for publicly visible type or member 'FS.ReplaceInAllFiles(string, string, List<string>, List<string>, bool, Func<string, bool>)' [E:\vs\Projects\PlatformIndependentNuGetPackages\SunamoFileSystem\SunamoFileSystem\SunamoFileSystem.csproj::TargetFramework=net9.0]
E:\vs\Projects\PlatformIndependentNuGetPackages\SunamoFileSystem\SunamoFileSystem\FS.cs(788,22): warning CS1572: XML comment has a param tag for 'files', but there is no parameter by that name [E:\vs\Projects\PlatformIndependentNuGetPackages\SunamoFileSystem\SunamoFileSystem\SunamoFileSystem.csproj::TargetFramework=net9.0]
E:\vs\Projects\PlatformIndependentNuGetPackages\SunamoFileSystem\SunamoFileSystem\FS.cs(789,22): warning CS1572: XML comment has a param tag for 'dontReplaceAll', but there is no parameter by that name [E:\vs\Projects\PlatformIndependentNuGetPackages\SunamoFileSystem\SunamoFileSystem\SunamoFileSystem.csproj::TargetFramework=net9.0]
E:\vs\Projects\PlatformIndependentNuGetPackages\SunamoFileSystem\SunamoFileSystem\FS.cs(796,105): warning CS1573: Parameter 'args' has no matching param tag in the XML comment for 'FS.ReplaceInAllFiles(IList<string>, IList<string>, ReplaceInAllFilesArgsBase, Func<string, bool>)' (but other parameters do) [E:\vs\Projects\PlatformIndependentNuGetPackages\SunamoFileSystem\SunamoFileSystem\SunamoFileSystem.csproj::TargetFramework=net9.0]
E:\vs\Projects\PlatformIndependentNuGetPackages\SunamoFileSystem\SunamoFileSystem\FS.cs(797,32): warning CS1573: Parameter 'EncodingHelperIsBinary' has no matching param tag in the XML comment for 'FS.ReplaceInAllFiles(IList<string>, IList<string>, ReplaceInAllFilesArgsBase, Func<string, bool>)' (but other parameters do) [E:\vs\Projects\PlatformIndependentNuGetPackages\SunamoFileSystem\SunamoFileSystem\SunamoFileSystem.csproj::TargetFramework=net9.0]
E:\vs\Projects\PlatformIndependentNuGetPackages\SunamoFileSystem\SunamoFileSystem\FS.cs(857,22): warning CS1572: XML comment has a param tag for 'v', but there is no parameter by that name [E:\vs\Projects\PlatformIndependentNuGetPackages\SunamoFileSystem\SunamoFileSystem\SunamoFileSystem.csproj::TargetFramework=net9.0]
E:\vs\Projects\PlatformIndependentNuGetPackages\SunamoFileSystem\SunamoFileSystem\FS.cs(858,54): warning CS1573: Parameter 'value' has no matching param tag in the XML comment for 'FS.GetFileInStartupPath(string)' (but other parameters do) [E:\vs\Projects\PlatformIndependentNuGetPackages\SunamoFileSystem\SunamoFileSystem\SunamoFileSystem.csproj::TargetFramework=net9.0]
E:\vs\Projects\PlatformIndependentNuGetPackages\SunamoFileSystem\SunamoFileSystem\FS.cs(868,9): warning CS1591: Missing XML comment for publicly visible type or member 'FS.RemoveDiacriticInFileContents(string, string)' [E:\vs\Projects\PlatformIndependentNuGetPackages\SunamoFileSystem\SunamoFileSystem\SunamoFileSystem.csproj::TargetFramework=net9.0]
E:\vs\Projects\PlatformIndependentNuGetPackages\SunamoFileSystem\SunamoFileSystem\FS.cs(901,26): warning CS1591: Missing XML comment for publicly visible type or member 'FS.RemoveFile(string)' [E:\vs\Projects\PlatformIndependentNuGetPackages\SunamoFileSystem\SunamoFileSystem\SunamoFileSystem.csproj::TargetFramework=net9.0]
E:\vs\Projects\PlatformIndependentNuGetPackages\SunamoFileSystem\SunamoFileSystem\FS.cs(910,26): warning CS1591: Missing XML comment for publicly visible type or member 'FS.MakeFromLastPartFile(string, string)' [E:\vs\Projects\PlatformIndependentNuGetPackages\SunamoFileSystem\SunamoFileSystem\SunamoFileSystem.csproj::TargetFramework=net9.0]
E:\vs\Projects\PlatformIndependentNuGetPackages\SunamoFileSystem\SunamoFileSystem\FS.cs(924,24): warning CS1591: Missing XML comment for publicly visible type or member 'FS.CopyAs0KbFilesSubfolders(string, string)' [E:\vs\Projects\PlatformIndependentNuGetPackages\SunamoFileSystem\SunamoFileSystem\SunamoFileSystem.csproj::TargetFramework=net9.0]
E:\vs\Projects\PlatformIndependentNuGetPackages\SunamoFileSystem\SunamoFileSystem\FS.cs(932,24): warning CS1591: Missing XML comment for publicly visible type or member 'FS.CopyAs0KbFiles(string, string)' [E:\vs\Projects\PlatformIndependentNuGetPackages\SunamoFileSystem\SunamoFileSystem\SunamoFileSystem.csproj::TargetFramework=net9.0]
E:\vs\Projects\PlatformIndependentNuGetPackages\SunamoFileSystem\SunamoFileSystem\FS.cs(944,26): warning CS1591: Missing XML comment for publicly visible type or member 'FS.ShrinkLongPath(string)' [E:\vs\Projects\PlatformIndependentNuGetPackages\SunamoFileSystem\SunamoFileSystem\SunamoFileSystem.csproj::TargetFramework=net9.0]
E:\vs\Projects\PlatformIndependentNuGetPackages\SunamoFileSystem\SunamoFileSystem\FS.cs(954,26): warning CS1591: Missing XML comment for publicly visible type or member 'FS.CreateNewFolderPathWithEndingNextTo(string, string)' [E:\vs\Projects\PlatformIndependentNuGetPackages\SunamoFileSystem\SunamoFileSystem\SunamoFileSystem.csproj::TargetFramework=net9.0]
E:\vs\Projects\PlatformIndependentNuGetPackages\SunamoFileSystem\SunamoFileSystem\FS.cs(962,24): warning CS1591: Missing XML comment for publicly visible type or member 'FS.CopyFilesOfExtensions(string, string, params string[])' [E:\vs\Projects\PlatformIndependentNuGetPackages\SunamoFileSystem\SunamoFileSystem\SunamoFileSystem.csproj::TargetFramework=net9.0]
E:\vs\Projects\PlatformIndependentNuGetPackages\SunamoFileSystem\SunamoFileSystem\FS.cs(1033,26): warning CS1591: Missing XML comment for publicly visible type or member 'FS.GetUpFolderWhichContainsExtension(string, string)' [E:\vs\Projects\PlatformIndependentNuGetPackages\SunamoFileSystem\SunamoFileSystem\SunamoFileSystem.csproj::TargetFramework=net9.0]
E:\vs\Projects\PlatformIndependentNuGetPackages\SunamoFileSystem\SunamoFileSystem\FS.cs(1042,24): warning CS1591: Missing XML comment for publicly visible type or member 'FS.TrimContentInFilesOfFolder(string, string, SearchOption)' [E:\vs\Projects\PlatformIndependentNuGetPackages\SunamoFileSystem\SunamoFileSystem\SunamoFileSystem.csproj::TargetFramework=net9.0]
E:\vs\Projects\PlatformIndependentNuGetPackages\SunamoFileSystem\SunamoFileSystem\FS.cs(1073,24): warning CS1591: Missing XML comment for publicly visible type or member 'FS.GetSizeIn(long, ComputerSizeUnits, ComputerSizeUnits)' [E:\vs\Projects\PlatformIndependentNuGetPackages\SunamoFileSystem\SunamoFileSystem\SunamoFileSystem.csproj::TargetFramework=net9.0]
E:\vs\Projects\PlatformIndependentNuGetPackages\SunamoFileSystem\SunamoFileSystem\FS.cs(1125,23): warning CS1591: Missing XML comment for publicly visible type or member 'FS.CompareTWithInt<T>(TWithInt<T>, TWithInt<T>)' [E:\vs\Projects\PlatformIndependentNuGetPackages\SunamoFileSystem\SunamoFileSystem\SunamoFileSystem.csproj::TargetFramework=net9.0]
E:\vs\Projects\PlatformIndependentNuGetPackages\SunamoFileSystem\SunamoFileSystem\FS.cs(1132,42): warning CS1591: Missing XML comment for publicly visible type or member 'FS.DirectoriesWithToken(string, AscDesc)' [E:\vs\Projects\PlatformIndependentNuGetPackages\SunamoFileSystem\SunamoFileSystem\SunamoFileSystem.csproj::TargetFramework=net9.0]
E:\vs\Projects\PlatformIndependentNuGetPackages\SunamoFileSystem\SunamoFileSystem\FS.cs(1238,24): warning CS1591: Missing XML comment for publicly visible type or member 'FS.MoveAllFilesRecursively(ILogger, string, string, FileMoveCollisionOption, string)' [E:\vs\Projects\PlatformIndependentNuGetPackages\SunamoFileSystem\SunamoFileSystem\SunamoFileSystem.csproj::TargetFramework=net9.0]
E:\vs\Projects\PlatformIndependentNuGetPackages\SunamoFileSystem\SunamoFileSystem\FS.cs(1327,52): warning CS1591: Missing XML comment for publicly visible type or member 'FS.SortPathsByFileName(List<string>, bool)' [E:\vs\Projects\PlatformIndependentNuGetPackages\SunamoFileSystem\SunamoFileSystem\SunamoFileSystem.csproj::TargetFramework=net9.0]
E:\vs\Projects\PlatformIndependentNuGetPackages\SunamoFileSystem\SunamoFileSystem\FS.cs(1342,24): warning CS1591: Missing XML comment for publicly visible type or member 'FS.DeleteAllRecursively(string, bool)' [E:\vs\Projects\PlatformIndependentNuGetPackages\SunamoFileSystem\SunamoFileSystem\SunamoFileSystem.csproj::TargetFramework=net9.0]
E:\vs\Projects\PlatformIndependentNuGetPackages\SunamoFileSystem\SunamoFileSystem\FS.cs(1355,24): warning CS1591: Missing XML comment for publicly visible type or member 'FS.DeleteFoldersWhichNotContains(string, string, IList<string>)' [E:\vs\Projects\PlatformIndependentNuGetPackages\SunamoFileSystem\SunamoFileSystem\SunamoFileSystem.csproj::TargetFramework=net9.0]
E:\vs\Projects\PlatformIndependentNuGetPackages\SunamoFileSystem\SunamoFileSystem\FS.cs(1378,32): warning CS1591: Missing XML comment for publicly visible type or member 'FS.OnlyExtensions(List<string>)' [E:\vs\Projects\PlatformIndependentNuGetPackages\SunamoFileSystem\SunamoFileSystem\SunamoFileSystem.csproj::TargetFramework=net9.0]
E:\vs\Projects\PlatformIndependentNuGetPackages\SunamoFileSystem\SunamoFileSystem\FS.cs(1409,32): warning CS1591: Missing XML comment for publicly visible type or member 'FS.OnlyExtensionsToLower(List<string>, GetExtensionArgs)' [E:\vs\Projects\PlatformIndependentNuGetPackages\SunamoFileSystem\SunamoFileSystem\SunamoFileSystem.csproj::TargetFramework=net9.0]
E:\vs\Projects\PlatformIndependentNuGetPackages\SunamoFileSystem\SunamoFileSystem\FS.cs(1419,32): warning CS1591: Missing XML comment for publicly visible type or member 'FS.OnlyExtensionsToLowerWithPath(List<string>)' [E:\vs\Projects\PlatformIndependentNuGetPackages\SunamoFileSystem\SunamoFileSystem\SunamoFileSystem.csproj::TargetFramework=net9.0]
E:\vs\Projects\PlatformIndependentNuGetPackages\SunamoFileSystem\SunamoFileSystem\FS.cs(1426,26): warning CS1591: Missing XML comment for publicly visible type or member 'FS.OnlyExtensionToLowerWithPath(string)' [E:\vs\Projects\PlatformIndependentNuGetPackages\SunamoFileSystem\SunamoFileSystem\SunamoFileSystem.csproj::TargetFramework=net9.0]
E:\vs\Projects\PlatformIndependentNuGetPackages\SunamoFileSystem\SunamoFileSystem\FS.cs(1433,32): warning CS1591: Missing XML comment for publicly visible type or member 'FS.AllExtensionsInFolders(SearchOption, params string[])' [E:\vs\Projects\PlatformIndependentNuGetPackages\SunamoFileSystem\SunamoFileSystem\SunamoFileSystem.csproj::TargetFramework=net9.0]
E:\vs\Projects\PlatformIndependentNuGetPackages\SunamoFileSystem\SunamoFileSystem\FS.cs(1442,22): warning CS1572: XML comment has a param tag for 'so', but there is no parameter by that name [E:\vs\Projects\PlatformIndependentNuGetPackages\SunamoFileSystem\SunamoFileSystem\SunamoFileSystem.csproj::TargetFramework=net9.0]
E:\vs\Projects\PlatformIndependentNuGetPackages\SunamoFileSystem\SunamoFileSystem\FS.cs(1443,22): warning CS1572: XML comment has a param tag for 'folders', but there is no parameter by that name [E:\vs\Projects\PlatformIndependentNuGetPackages\SunamoFileSystem\SunamoFileSystem\SunamoFileSystem.csproj::TargetFramework=net9.0]
E:\vs\Projects\PlatformIndependentNuGetPackages\SunamoFileSystem\SunamoFileSystem\FS.cs(1444,68): warning CS1573: Parameter 'filesFull' has no matching param tag in the XML comment for 'FS.AllExtensionsInFolders(List<string>, GetExtensionArgs)' (but other parameters do) [E:\vs\Projects\PlatformIndependentNuGetPackages\SunamoFileSystem\SunamoFileSystem\SunamoFileSystem.csproj::TargetFramework=net9.0]
E:\vs\Projects\PlatformIndependentNuGetPackages\SunamoFileSystem\SunamoFileSystem\FS.cs(1444,96): warning CS1573: Parameter 'args' has no matching param tag in the XML comment for 'FS.AllExtensionsInFolders(List<string>, GetExtensionArgs)' (but other parameters do) [E:\vs\Projects\PlatformIndependentNuGetPackages\SunamoFileSystem\SunamoFileSystem\SunamoFileSystem.csproj::TargetFramework=net9.0]
E:\vs\Projects\PlatformIndependentNuGetPackages\SunamoFileSystem\SunamoFileSystem\FS.cs(1462,26): warning CS1591: Missing XML comment for publicly visible type or member 'FS.ExpandEnvironmentVariables(EnvironmentVariables)' [E:\vs\Projects\PlatformIndependentNuGetPackages\SunamoFileSystem\SunamoFileSystem\SunamoFileSystem.csproj::TargetFramework=net9.0]
E:\vs\Projects\PlatformIndependentNuGetPackages\SunamoFileSystem\SunamoFileSystem\FS.cs(1474,26): warning CS1591: Missing XML comment for publicly visible type or member 'FS.AddUpfoldersToRelativePath(int, string, char)' [E:\vs\Projects\PlatformIndependentNuGetPackages\SunamoFileSystem\SunamoFileSystem\SunamoFileSystem.csproj::TargetFramework=net9.0]
E:\vs\Projects\PlatformIndependentNuGetPackages\SunamoFileSystem\SunamoFileSystem\FS.cs(1486,22): warning CS1572: XML comment has a param tag for 'item', but there is no parameter by that name [E:\vs\Projects\PlatformIndependentNuGetPackages\SunamoFileSystem\SunamoFileSystem\SunamoFileSystem.csproj::TargetFramework=net9.0]
E:\vs\Projects\PlatformIndependentNuGetPackages\SunamoFileSystem\SunamoFileSystem\FS.cs(1488,52): warning CS1573: Parameter 'extension' has no matching param tag in the XML comment for 'FS.NormalizeExtension(string)' (but other parameters do) [E:\vs\Projects\PlatformIndependentNuGetPackages\SunamoFileSystem\SunamoFileSystem\SunamoFileSystem.csproj::TargetFramework=net9.0]
E:\vs\Projects\PlatformIndependentNuGetPackages\SunamoFileSystem\SunamoFileSystem\FS.cs(1492,26): warning CS1591: Missing XML comment for publicly visible type or member 'FS.GetNormalizedExtension(string)' [E:\vs\Projects\PlatformIndependentNuGetPackages\SunamoFileSystem\SunamoFileSystem\SunamoFileSystem.csproj::TargetFramework=net9.0]
E:\vs\Projects\PlatformIndependentNuGetPackages\SunamoFileSystem\SunamoFileSystem\FS.cs(1496,24): warning CS1591: Missing XML comment for publicly visible type or member 'FS.ModifiedinUnix(string)' [E:\vs\Projects\PlatformIndependentNuGetPackages\SunamoFileSystem\SunamoFileSystem\SunamoFileSystem.csproj::TargetFramework=net9.0]
E:\vs\Projects\PlatformIndependentNuGetPackages\SunamoFileSystem\SunamoFileSystem\FS.cs(1500,24): warning CS1591: Missing XML comment for publicly visible type or member 'FS.ReplaceDiacriticRecursive(ILogger, string, bool, bool, DirectoryMoveCollisionOption, FileMoveCollisionOption)' [E:\vs\Projects\PlatformIndependentNuGetPackages\SunamoFileSystem\SunamoFileSystem\SunamoFileSystem.csproj::TargetFramework=net9.0]
E:\vs\Projects\PlatformIndependentNuGetPackages\SunamoFileSystem\SunamoFileSystem\FS.cs(1540,43): warning CS1573: Parameter 'logger' has no matching param tag in the XML comment for 'FS.RenameFile(ILogger, string, string, FileMoveCollisionOption)' (but other parameters do) [E:\vs\Projects\PlatformIndependentNuGetPackages\SunamoFileSystem\SunamoFileSystem\SunamoFileSystem.csproj::TargetFramework=net9.0]
E:\vs\Projects\PlatformIndependentNuGetPackages\SunamoFileSystem\SunamoFileSystem\FS.cs(1551,50): warning CS1573: Parameter 'logger' has no matching param tag in the XML comment for 'FS.RenameDirectory(ILogger, string, string, DirectoryMoveCollisionOption, FileMoveCollisionOption)' (but other parameters do) [E:\vs\Projects\PlatformIndependentNuGetPackages\SunamoFileSystem\SunamoFileSystem\SunamoFileSystem.csproj::TargetFramework=net9.0]
E:\vs\Projects\PlatformIndependentNuGetPackages\SunamoFileSystem\SunamoFileSystem\FS.cs(1551,116): warning CS1573: Parameter 'directoryCollisionOption' has no matching param tag in the XML comment for 'FS.RenameDirectory(ILogger, string, string, DirectoryMoveCollisionOption, FileMoveCollisionOption)' (but other parameters do) [E:\vs\Projects\PlatformIndependentNuGetPackages\SunamoFileSystem\SunamoFileSystem\SunamoFileSystem.csproj::TargetFramework=net9.0]
E:\vs\Projects\PlatformIndependentNuGetPackages\SunamoFileSystem\SunamoFileSystem\FS.cs(1552,33): warning CS1573: Parameter 'fileCollisionOption' has no matching param tag in the XML comment for 'FS.RenameDirectory(ILogger, string, string, DirectoryMoveCollisionOption, FileMoveCollisionOption)' (but other parameters do) [E:\vs\Projects\PlatformIndependentNuGetPackages\SunamoFileSystem\SunamoFileSystem\SunamoFileSystem.csproj::TargetFramework=net9.0]
E:\vs\Projects\PlatformIndependentNuGetPackages\SunamoFileSystem\SunamoFileSystem\FS.cs(1572,22): warning CS1572: XML comment has a param tag for 'fn', but there is no parameter by that name [E:\vs\Projects\PlatformIndependentNuGetPackages\SunamoFileSystem\SunamoFileSystem\SunamoFileSystem.csproj::TargetFramework=net9.0]
E:\vs\Projects\PlatformIndependentNuGetPackages\SunamoFileSystem\SunamoFileSystem\FS.cs(1573,22): warning CS1572: XML comment has a param tag for 'path', but there is no parameter by that name [E:\vs\Projects\PlatformIndependentNuGetPackages\SunamoFileSystem\SunamoFileSystem\SunamoFileSystem.csproj::TargetFramework=net9.0]
E:\vs\Projects\PlatformIndependentNuGetPackages\SunamoFileSystem\SunamoFileSystem\FS.cs(1576,71): warning CS1573: Parameter 'filePath' has no matching param tag in the XML comment for 'FS.GetFileNameWithoutExtensionAndExtension(string, out string, out string)' (but other parameters do) [E:\vs\Projects\PlatformIndependentNuGetPackages\SunamoFileSystem\SunamoFileSystem\SunamoFileSystem.csproj::TargetFramework=net9.0]
E:\vs\Projects\PlatformIndependentNuGetPackages\SunamoFileSystem\SunamoFileSystem\FS.cs(1581,24): warning CS1591: Missing XML comment for publicly visible type or member 'FS.SaveStream(string, Stream)' [E:\vs\Projects\PlatformIndependentNuGetPackages\SunamoFileSystem\SunamoFileSystem\SunamoFileSystem.csproj::TargetFramework=net9.0]
E:\vs\Projects\PlatformIndependentNuGetPackages\SunamoFileSystem\SunamoFileSystem\FS.cs(1589,32): warning CS1591: Missing XML comment for publicly visible type or member 'FS.OnlyNamesWithoutExtensionCopy(List<string>)' [E:\vs\Projects\PlatformIndependentNuGetPackages\SunamoFileSystem\SunamoFileSystem\SunamoFileSystem.csproj::TargetFramework=net9.0]
E:\vs\Projects\PlatformIndependentNuGetPackages\SunamoFileSystem\SunamoFileSystem\FS.cs(1595,24): warning CS1591: Missing XML comment for publicly visible type or member 'FS.DirectoryExistsAndIsNotEmpty(string)' [E:\vs\Projects\PlatformIndependentNuGetPackages\SunamoFileSystem\SunamoFileSystem\SunamoFileSystem.csproj::TargetFramework=net9.0]
E:\vs\Projects\PlatformIndependentNuGetPackages\SunamoFileSystem\SunamoFileSystem\FS.cs(1600,32): warning CS1591: Missing XML comment for publicly visible type or member 'FS.OnlyNamesWithoutExtension(string, List<string>)' [E:\vs\Projects\PlatformIndependentNuGetPackages\SunamoFileSystem\SunamoFileSystem\SunamoFileSystem.csproj::TargetFramework=net9.0]
E:\vs\Projects\PlatformIndependentNuGetPackages\SunamoFileSystem\SunamoFileSystem\FS.cs(1607,26): warning CS1591: Missing XML comment for publicly visible type or member 'FS.Postfix(string, string)' [E:\vs\Projects\PlatformIndependentNuGetPackages\SunamoFileSystem\SunamoFileSystem\SunamoFileSystem.csproj::TargetFramework=net9.0]
E:\vs\Projects\PlatformIndependentNuGetPackages\SunamoFileSystem\SunamoFileSystem\FS.cs(1619,9): warning CS1591: Missing XML comment for publicly visible type or member 'FS.ReadAllText(string)' [E:\vs\Projects\PlatformIndependentNuGetPackages\SunamoFileSystem\SunamoFileSystem\SunamoFileSystem.csproj::TargetFramework=net9.0]
E:\vs\Projects\PlatformIndependentNuGetPackages\SunamoFileSystem\SunamoFileSystem\FS.cs(1627,26): warning CS1591: Missing XML comment for publicly visible type or member 'FS.GetFileNameWithoutExtension(string)' [E:\vs\Projects\PlatformIndependentNuGetPackages\SunamoFileSystem\SunamoFileSystem\SunamoFileSystem.csproj::TargetFramework=net9.0]
E:\vs\Projects\PlatformIndependentNuGetPackages\SunamoFileSystem\SunamoFileSystem\FS.cs(1636,22): warning CS1572: XML comment has a param tag for 's', but there is no parameter by that name [E:\vs\Projects\PlatformIndependentNuGetPackages\SunamoFileSystem\SunamoFileSystem\SunamoFileSystem.csproj::TargetFramework=net9.0]
E:\vs\Projects\PlatformIndependentNuGetPackages\SunamoFileSystem\SunamoFileSystem\FS.cs(1638,88): warning CS1573: Parameter 'text' has no matching param tag in the XML comment for 'FS.GetFileNameWithoutExtensionNoAc<StorageFile>(StorageFile)' (but other parameters do) [E:\vs\Projects\PlatformIndependentNuGetPackages\SunamoFileSystem\SunamoFileSystem\SunamoFileSystem.csproj::TargetFramework=net9.0]
E:\vs\Projects\PlatformIndependentNuGetPackages\SunamoFileSystem\SunamoFileSystem\FS.cs(1665,24): warning CS1591: Missing XML comment for publicly visible type or member 'FS.ThrowNotImplementedUwp()' [E:\vs\Projects\PlatformIndependentNuGetPackages\SunamoFileSystem\SunamoFileSystem\SunamoFileSystem.csproj::TargetFramework=net9.0]
E:\vs\Projects\PlatformIndependentNuGetPackages\SunamoFileSystem\SunamoFileSystem\FS.cs(1669,24): warning CS1591: Missing XML comment for publicly visible type or member 'FS.IsFileOlderThanXHours(string, int, bool)' [E:\vs\Projects\PlatformIndependentNuGetPackages\SunamoFileSystem\SunamoFileSystem\SunamoFileSystem.csproj::TargetFramework=net9.0]
E:\vs\Projects\PlatformIndependentNuGetPackages\SunamoFileSystem\SunamoFileSystem\FS.cs(1684,32): warning CS1591: Missing XML comment for publicly visible type or member 'FS.GetFileNamesWoExtension(List<string>)' [E:\vs\Projects\PlatformIndependentNuGetPackages\SunamoFileSystem\SunamoFileSystem\SunamoFileSystem.csproj::TargetFramework=net9.0]
E:\vs\Projects\PlatformIndependentNuGetPackages\SunamoFileSystem\SunamoFileSystem\FS.cs(1702,93): warning CS1573: Parameter 'collisionOption' has no matching param tag in the XML comment for 'FS.CopyTo(string, string, FileMoveCollisionOption)' (but other parameters do) [E:\vs\Projects\PlatformIndependentNuGetPackages\SunamoFileSystem\SunamoFileSystem\SunamoFileSystem.csproj::TargetFramework=net9.0]
E:\vs\Projects\PlatformIndependentNuGetPackages\SunamoFileSystem\SunamoFileSystem\FS.cs(1731,22): warning CS1572: XML comment has a param tag for 'p', but there is no parameter by that name [E:\vs\Projects\PlatformIndependentNuGetPackages\SunamoFileSystem\SunamoFileSystem\SunamoFileSystem.csproj::TargetFramework=net9.0]
E:\vs\Projects\PlatformIndependentNuGetPackages\SunamoFileSystem\SunamoFileSystem\FS.cs(1734,82): warning CS1573: Parameter 'path' has no matching param tag in the XML comment for 'FS.ReplaceDirectoryThrowExceptionIfFromDoesntExists(string, string, string)' (but other parameters do) [E:\vs\Projects\PlatformIndependentNuGetPackages\SunamoFileSystem\SunamoFileSystem\SunamoFileSystem.csproj::TargetFramework=net9.0]
E:\vs\Projects\PlatformIndependentNuGetPackages\SunamoFileSystem\SunamoFileSystem\FS.cs(1750,22): warning CS1572: XML comment has a param tag for 'p', but there is no parameter by that name [E:\vs\Projects\PlatformIndependentNuGetPackages\SunamoFileSystem\SunamoFileSystem\SunamoFileSystem.csproj::TargetFramework=net9.0]
E:\vs\Projects\PlatformIndependentNuGetPackages\SunamoFileSystem\SunamoFileSystem\FS.cs(1752,71): warning CS1573: Parameter 'path' has no matching param tag in the XML comment for 'FS.OnlyNamesWithoutExtension(List<string>)' (but other parameters do) [E:\vs\Projects\PlatformIndependentNuGetPackages\SunamoFileSystem\SunamoFileSystem\SunamoFileSystem.csproj::TargetFramework=net9.0]
E:\vs\Projects\PlatformIndependentNuGetPackages\SunamoFileSystem\SunamoFileSystem\FS.cs(1760,22): warning CS1572: XML comment has a param tag for 'fn', but there is no parameter by that name [E:\vs\Projects\PlatformIndependentNuGetPackages\SunamoFileSystem\SunamoFileSystem\SunamoFileSystem.csproj::TargetFramework=net9.0]
E:\vs\Projects\PlatformIndependentNuGetPackages\SunamoFileSystem\SunamoFileSystem\FS.cs(1764,50): warning CS1573: Parameter 'filePath' has no matching param tag in the XML comment for 'FS.GetPathAndFileName(string, out string, out string, out string)' (but other parameters do) [E:\vs\Projects\PlatformIndependentNuGetPackages\SunamoFileSystem\SunamoFileSystem\SunamoFileSystem.csproj::TargetFramework=net9.0]
E:\vs\Projects\PlatformIndependentNuGetPackages\SunamoFileSystem\SunamoFileSystem\FS.cs(1815,32): warning CS1591: Missing XML comment for publicly visible type or member 'FS.GetTokens(string)' [E:\vs\Projects\PlatformIndependentNuGetPackages\SunamoFileSystem\SunamoFileSystem\SunamoFileSystem.csproj::TargetFramework=net9.0]
E:\vs\Projects\PlatformIndependentNuGetPackages\SunamoFileSystem\SunamoFileSystem\FS.cs(1827,24): warning CS1591: Missing XML comment for publicly visible type or member 'FS.CopyStream(Stream, Stream)' [E:\vs\Projects\PlatformIndependentNuGetPackages\SunamoFileSystem\SunamoFileSystem\SunamoFileSystem.csproj::TargetFramework=net9.0]
E:\vs\Projects\PlatformIndependentNuGetPackages\SunamoFileSystem\SunamoFileSystem\FS.cs(1836,22): warning CS1572: XML comment has a param tag for 's', but there is no parameter by that name [E:\vs\Projects\PlatformIndependentNuGetPackages\SunamoFileSystem\SunamoFileSystem\SunamoFileSystem.csproj::TargetFramework=net9.0]
E:\vs\Projects\PlatformIndependentNuGetPackages\SunamoFileSystem\SunamoFileSystem\FS.cs(1837,71): warning CS1573: Parameter 'text' has no matching param tag in the XML comment for 'FS.CombineWithoutFirstCharUpper(params string[])' (but other parameters do) [E:\vs\Projects\PlatformIndependentNuGetPackages\SunamoFileSystem\SunamoFileSystem\SunamoFileSystem.csproj::TargetFramework=net9.0]
E:\vs\Projects\PlatformIndependentNuGetPackages\SunamoFileSystem\SunamoFileSystem\FS.cs(1841,24): warning CS1591: Missing XML comment for publicly visible type or member 'FS.SaveMemoryStream(MemoryStream, string)' [E:\vs\Projects\PlatformIndependentNuGetPackages\SunamoFileSystem\SunamoFileSystem\SunamoFileSystem.csproj::TargetFramework=net9.0]
E:\vs\Projects\PlatformIndependentNuGetPackages\SunamoFileSystem\SunamoFileSystem\FS.cs(1878,26): warning CS1591: Missing XML comment for publicly visible type or member 'FS.DeleteWrongCharsInDirectoryName(string)' [E:\vs\Projects\PlatformIndependentNuGetPackages\SunamoFileSystem\SunamoFileSystem\SunamoFileSystem.csproj::TargetFramework=net9.0]
E:\vs\Projects\PlatformIndependentNuGetPackages\SunamoFileSystem\SunamoFileSystem\FS.cs(1888,26): warning CS1591: Missing XML comment for publicly visible type or member 'FS.DeleteWrongCharsInFileName(string, bool)' [E:\vs\Projects\PlatformIndependentNuGetPackages\SunamoFileSystem\SunamoFileSystem\SunamoFileSystem.csproj::TargetFramework=net9.0]
E:\vs\Projects\PlatformIndependentNuGetPackages\SunamoFileSystem\SunamoFileSystem\FS.cs(1903,24): warning CS1591: Missing XML comment for publicly visible type or member 'FS.ContainsInvalidPathCharForPartOfMapPath(string)' [E:\vs\Projects\PlatformIndependentNuGetPackages\SunamoFileSystem\SunamoFileSystem\SunamoFileSystem.csproj::TargetFramework=net9.0]
E:\vs\Projects\PlatformIndependentNuGetPackages\SunamoFileSystem\SunamoFileSystem\FS.cs(1933,22): warning CS1572: XML comment has a param tag for 'files', but there is no parameter by that name [E:\vs\Projects\PlatformIndependentNuGetPackages\SunamoFileSystem\SunamoFileSystem\SunamoFileSystem.csproj::TargetFramework=net9.0]
E:\vs\Projects\PlatformIndependentNuGetPackages\SunamoFileSystem\SunamoFileSystem\FS.cs(1934,67): warning CS1573: Parameter 'files2' has no matching param tag in the XML comment for 'FS.OnlyNamesNoDirectEdit(List<string>)' (but other parameters do) [E:\vs\Projects\PlatformIndependentNuGetPackages\SunamoFileSystem\SunamoFileSystem\SunamoFileSystem.csproj::TargetFramework=net9.0]
E:\vs\Projects\PlatformIndependentNuGetPackages\SunamoFileSystem\SunamoFileSystem\FS.cs(1955,22): warning CS1572: XML comment has a param tag for 'item', but there is no parameter by that name [E:\vs\Projects\PlatformIndependentNuGetPackages\SunamoFileSystem\SunamoFileSystem\SunamoFileSystem.csproj::TargetFramework=net9.0]
E:\vs\Projects\PlatformIndependentNuGetPackages\SunamoFileSystem\SunamoFileSystem\FS.cs(1956,22): warning CS1572: XML comment has a param tag for 'fileTo', but there is no parameter by that name [E:\vs\Projects\PlatformIndependentNuGetPackages\SunamoFileSystem\SunamoFileSystem\SunamoFileSystem.csproj::TargetFramework=net9.0]
E:\vs\Projects\PlatformIndependentNuGetPackages\SunamoFileSystem\SunamoFileSystem\FS.cs(1957,22): warning CS1572: XML comment has a param tag for 'co', but there is no parameter by that name [E:\vs\Projects\PlatformIndependentNuGetPackages\SunamoFileSystem\SunamoFileSystem\SunamoFileSystem.csproj::TargetFramework=net9.0]
E:\vs\Projects\PlatformIndependentNuGetPackages\SunamoFileSystem\SunamoFileSystem\FS.cs(2006,49): warning CS1573: Parameter 'filePath' has no matching param tag in the XML comment for 'FS.ChangeExtension(string, string, bool)' (but other parameters do) [E:\vs\Projects\PlatformIndependentNuGetPackages\SunamoFileSystem\SunamoFileSystem\SunamoFileSystem.csproj::TargetFramework=net9.0]
E:\vs\Projects\PlatformIndependentNuGetPackages\SunamoFileSystem\SunamoFileSystem\FS.cs(2006,66): warning CS1573: Parameter 'newExt' has no matching param tag in the XML comment for 'FS.ChangeExtension(string, string, bool)' (but other parameters do) [E:\vs\Projects\PlatformIndependentNuGetPackages\SunamoFileSystem\SunamoFileSystem\SunamoFileSystem.csproj::TargetFramework=net9.0]
E:\vs\Projects\PlatformIndependentNuGetPackages\SunamoFileSystem\SunamoFileSystem\FS.cs(2006,79): warning CS1573: Parameter 'physically' has no matching param tag in the XML comment for 'FS.ChangeExtension(string, string, bool)' (but other parameters do) [E:\vs\Projects\PlatformIndependentNuGetPackages\SunamoFileSystem\SunamoFileSystem\SunamoFileSystem.csproj::TargetFramework=net9.0]
E:\vs\Projects\PlatformIndependentNuGetPackages\SunamoFileSystem\SunamoFileSystem\FS.cs(2027,26): warning CS1591: Missing XML comment for publicly visible type or member 'FS.CreateDirectory(string, DirectoryCreateCollisionOption, SerieStyleFS, bool)' [E:\vs\Projects\PlatformIndependentNuGetPackages\SunamoFileSystem\SunamoFileSystem\SunamoFileSystem.csproj::TargetFramework=net9.0]
E:\vs\Projects\PlatformIndependentNuGetPackages\SunamoFileSystem\SunamoFileSystem\FS.cs(2070,26): warning CS1591: Missing XML comment for publicly visible type or member 'FS.StreamToArrayBytes(Stream)' [E:\vs\Projects\PlatformIndependentNuGetPackages\SunamoFileSystem\SunamoFileSystem\SunamoFileSystem.csproj::TargetFramework=net9.0]
E:\vs\Projects\PlatformIndependentNuGetPackages\SunamoFileSystem\SunamoFileSystem\FS.cs(2113,26): warning CS1591: Missing XML comment for publicly visible type or member 'FS.AddExtensionIfDontHave(string, string)' [E:\vs\Projects\PlatformIndependentNuGetPackages\SunamoFileSystem\SunamoFileSystem\SunamoFileSystem.csproj::TargetFramework=net9.0]
E:\vs\Projects\PlatformIndependentNuGetPackages\SunamoFileSystem\SunamoFileSystem\FS.cs(2135,22): warning CS1572: XML comment has a param tag for 'linesFiles', but there is no parameter by that name [E:\vs\Projects\PlatformIndependentNuGetPackages\SunamoFileSystem\SunamoFileSystem\SunamoFileSystem.csproj::TargetFramework=net9.0]
E:\vs\Projects\PlatformIndependentNuGetPackages\SunamoFileSystem\SunamoFileSystem\FS.cs(2136,22): warning CS1572: XML comment has a param tag for 'searchOnlyWithExtension', but there is no parameter by that name [E:\vs\Projects\PlatformIndependentNuGetPackages\SunamoFileSystem\SunamoFileSystem\SunamoFileSystem.csproj::TargetFramework=net9.0]
E:\vs\Projects\PlatformIndependentNuGetPackages\SunamoFileSystem\SunamoFileSystem\FS.cs(2137,102): warning CS1573: Parameter 'files' has no matching param tag in the XML comment for 'FS.GetDictionaryByFileNameWithExtension(List<string>)' (but other parameters do) [E:\vs\Projects\PlatformIndependentNuGetPackages\SunamoFileSystem\SunamoFileSystem\SunamoFileSystem.csproj::TargetFramework=net9.0]
E:\vs\Projects\PlatformIndependentNuGetPackages\SunamoFileSystem\SunamoFileSystem\FS.cs(2147,26): warning CS1591: Missing XML comment for publicly visible type or member 'FS.ChangeFilename(string, string, bool)' [E:\vs\Projects\PlatformIndependentNuGetPackages\SunamoFileSystem\SunamoFileSystem\SunamoFileSystem.csproj::TargetFramework=net9.0]
E:\vs\Projects\PlatformIndependentNuGetPackages\SunamoFileSystem\SunamoFileSystem\FS.cs(2162,5): warning CS1587: XML comment is not placed on a valid language element [E:\vs\Projects\PlatformIndependentNuGetPackages\SunamoFileSystem\SunamoFileSystem\SunamoFileSystem.csproj::TargetFramework=net9.0]
E:\vs\Projects\PlatformIndependentNuGetPackages\SunamoFileSystem\SunamoFileSystem\FS.cs(2215,24): warning CS1591: Missing XML comment for publicly visible type or member 'FS.TryDeleteFile(string, out string)' [E:\vs\Projects\PlatformIndependentNuGetPackages\SunamoFileSystem\SunamoFileSystem\SunamoFileSystem.csproj::TargetFramework=net9.0]
E:\vs\Projects\PlatformIndependentNuGetPackages\SunamoFileSystem\SunamoFileSystem\FS.cs(2229,26): warning CS1591: Missing XML comment for publicly visible type or member 'FS.GetSizeInAutoString(double)' [E:\vs\Projects\PlatformIndependentNuGetPackages\SunamoFileSystem\SunamoFileSystem\SunamoFileSystem.csproj::TargetFramework=net9.0]
E:\vs\Projects\PlatformIndependentNuGetPackages\SunamoFileSystem\SunamoFileSystem\FS.cs(2254,26): warning CS1591: Missing XML comment for publicly visible type or member 'FS.GetSizeInAutoString(long, ComputerSizeUnits)' [E:\vs\Projects\PlatformIndependentNuGetPackages\SunamoFileSystem\SunamoFileSystem\SunamoFileSystem.csproj::TargetFramework=net9.0]
E:\vs\Projects\PlatformIndependentNuGetPackages\SunamoFileSystem\SunamoFileSystem\FS.cs(2262,22): warning CS1572: XML comment has a param tag for 'b', but there is no parameter by that name [E:\vs\Projects\PlatformIndependentNuGetPackages\SunamoFileSystem\SunamoFileSystem\SunamoFileSystem.csproj::TargetFramework=net9.0]
E:\vs\Projects\PlatformIndependentNuGetPackages\SunamoFileSystem\SunamoFileSystem\FS.cs(2264,78): warning CS1573: Parameter 'fromUnit' has no matching param tag in the XML comment for 'FS.GetSizeInAutoString(double, ComputerSizeUnits)' (but other parameters do) [E:\vs\Projects\PlatformIndependentNuGetPackages\SunamoFileSystem\SunamoFileSystem\SunamoFileSystem.csproj::TargetFramework=net9.0]
E:\vs\Projects\PlatformIndependentNuGetPackages\SunamoFileSystem\SunamoFileSystem\FS.cs(2418,32): warning CS1591: Missing XML comment for publicly visible type or member 'FS.DirectoryListing(string, string, SearchOption)' [E:\vs\Projects\PlatformIndependentNuGetPackages\SunamoFileSystem\SunamoFileSystem\SunamoFileSystem.csproj::TargetFramework=net9.0]
E:\vs\Projects\PlatformIndependentNuGetPackages\SunamoFileSystem\SunamoFileSystem\FS.cs(2423,26): warning CS1591: Missing XML comment for publicly visible type or member 'FS.WithoutEndSlash(string)' [E:\vs\Projects\PlatformIndependentNuGetPackages\SunamoFileSystem\SunamoFileSystem\SunamoFileSystem.csproj::TargetFramework=net9.0]
E:\vs\Projects\PlatformIndependentNuGetPackages\SunamoFileSystem\SunamoFileSystem\FS.cs(2427,26): warning CS1591: Missing XML comment for publicly visible type or member 'FS.WithoutEndSlash(ref string)' [E:\vs\Projects\PlatformIndependentNuGetPackages\SunamoFileSystem\SunamoFileSystem\SunamoFileSystem.csproj::TargetFramework=net9.0]
E:\vs\Projects\PlatformIndependentNuGetPackages\SunamoFileSystem\SunamoFileSystem\FS.cs(2432,26): warning CS1591: Missing XML comment for publicly visible type or member 'FS.MascFromExtension(string)' [E:\vs\Projects\PlatformIndependentNuGetPackages\SunamoFileSystem\SunamoFileSystem\SunamoFileSystem.csproj::TargetFramework=net9.0]
E:\vs\Projects\PlatformIndependentNuGetPackages\SunamoFileSystem\SunamoFileSystem\FS.cs(2470,24): warning CS1591: Missing XML comment for publicly visible type or member 'FS.IsCountOfFilesMoreThan(string, string, int)' [E:\vs\Projects\PlatformIndependentNuGetPackages\SunamoFileSystem\SunamoFileSystem\SunamoFileSystem.csproj::TargetFramework=net9.0]
E:\vs\Projects\PlatformIndependentNuGetPackages\SunamoFileSystem\SunamoFileSystem\FS.cs(2476,32): warning CS1591: Missing XML comment for publicly visible type or member 'FS.GetFiles(string, bool)' [E:\vs\Projects\PlatformIndependentNuGetPackages\SunamoFileSystem\SunamoFileSystem\SunamoFileSystem.csproj::TargetFramework=net9.0]
E:\vs\Projects\PlatformIndependentNuGetPackages\SunamoFileSystem\SunamoFileSystem\FS.cs(2498,22): warning CS1572: XML comment has a param tag for 'item', but there is no parameter by that name [E:\vs\Projects\PlatformIndependentNuGetPackages\SunamoFileSystem\SunamoFileSystem\SunamoFileSystem.csproj::TargetFramework=net9.0]
E:\vs\Projects\PlatformIndependentNuGetPackages\SunamoFileSystem\SunamoFileSystem\FS.cs(2501,41): warning CS1573: Parameter 'logger' has no matching param tag in the XML comment for 'FS.MoveFile(ILogger, string, string, FileMoveCollisionOption)' (but other parameters do) [E:\vs\Projects\PlatformIndependentNuGetPackages\SunamoFileSystem\SunamoFileSystem\SunamoFileSystem.csproj::TargetFramework=net9.0]
E:\vs\Projects\PlatformIndependentNuGetPackages\SunamoFileSystem\SunamoFileSystem\FS.cs(2501,56): warning CS1573: Parameter 'sourceFilePath' has no matching param tag in the XML comment for 'FS.MoveFile(ILogger, string, string, FileMoveCollisionOption)' (but other parameters do) [E:\vs\Projects\PlatformIndependentNuGetPackages\SunamoFileSystem\SunamoFileSystem\SunamoFileSystem.csproj::TargetFramework=net9.0]
E:\vs\Projects\PlatformIndependentNuGetPackages\SunamoFileSystem\SunamoFileSystem\FS.cs(2516,24): warning CS1591: Missing XML comment for publicly visible type or member 'FS.CopyMoveFilePrepare(ref string, ref string, FileMoveCollisionOption)' [E:\vs\Projects\PlatformIndependentNuGetPackages\SunamoFileSystem\SunamoFileSystem\SunamoFileSystem.csproj::TargetFramework=net9.0]
E:\vs\Projects\PlatformIndependentNuGetPackages\SunamoFileSystem\SunamoFileSystem\FS.cs(2584,24): warning CS1591: Missing XML comment for publicly visible type or member 'FS.GetFileSize(string)' [E:\vs\Projects\PlatformIndependentNuGetPackages\SunamoFileSystem\SunamoFileSystem\SunamoFileSystem.csproj::TargetFramework=net9.0]
E:\vs\Projects\PlatformIndependentNuGetPackages\SunamoFileSystem\SunamoFileSystem\FS.cs(2599,24): warning CS1591: Missing XML comment for publicly visible type or member 'FS.CopyAllFilesRecursively(ILogger, string, string, FileMoveCollisionOption, string)' [E:\vs\Projects\PlatformIndependentNuGetPackages\SunamoFileSystem\SunamoFileSystem\SunamoFileSystem.csproj::TargetFramework=net9.0]
E:\vs\Projects\PlatformIndependentNuGetPackages\SunamoFileSystem\SunamoFileSystem\FS.cs(2606,22): warning CS1572: XML comment has a param tag for 'p', but there is no parameter by that name [E:\vs\Projects\PlatformIndependentNuGetPackages\SunamoFileSystem\SunamoFileSystem\SunamoFileSystem.csproj::TargetFramework=net9.0]
E:\vs\Projects\PlatformIndependentNuGetPackages\SunamoFileSystem\SunamoFileSystem\FS.cs(2610,45): warning CS1573: Parameter 'logger' has no matching param tag in the XML comment for 'FS.CopyAllFiles(ILogger, string, string, FileMoveCollisionOption, string)' (but other parameters do) [E:\vs\Projects\PlatformIndependentNuGetPackages\SunamoFileSystem\SunamoFileSystem\SunamoFileSystem.csproj::TargetFramework=net9.0]
E:\vs\Projects\PlatformIndependentNuGetPackages\SunamoFileSystem\SunamoFileSystem\FS.cs(2610,60): warning CS1573: Parameter 'path' has no matching param tag in the XML comment for 'FS.CopyAllFiles(ILogger, string, string, FileMoveCollisionOption, string)' (but other parameters do) [E:\vs\Projects\PlatformIndependentNuGetPackages\SunamoFileSystem\SunamoFileSystem\SunamoFileSystem.csproj::TargetFramework=net9.0]
E:\vs\Projects\PlatformIndependentNuGetPackages\SunamoFileSystem\SunamoFileSystem\FS.cs(2617,22): warning CS1572: XML comment has a param tag for 'p', but there is no parameter by that name [E:\vs\Projects\PlatformIndependentNuGetPackages\SunamoFileSystem\SunamoFileSystem\SunamoFileSystem.csproj::TargetFramework=net9.0]
E:\vs\Projects\PlatformIndependentNuGetPackages\SunamoFileSystem\SunamoFileSystem\FS.cs(2619,22): warning CS1572: XML comment has a param tag for 'co', but there is no parameter by that name [E:\vs\Projects\PlatformIndependentNuGetPackages\SunamoFileSystem\SunamoFileSystem\SunamoFileSystem.csproj::TargetFramework=net9.0]
E:\vs\Projects\PlatformIndependentNuGetPackages\SunamoFileSystem\SunamoFileSystem\FS.cs(2621,61): warning CS1573: Parameter 'logger' has no matching param tag in the XML comment for 'FS.CopyMoveAllFilesRecursively(ILogger, string, string, FileMoveCollisionOption, bool, string, SearchOption)' (but other parameters do) [E:\vs\Projects\PlatformIndependentNuGetPackages\SunamoFileSystem\SunamoFileSystem\SunamoFileSystem.csproj::TargetFramework=net9.0]
E:\vs\Projects\PlatformIndependentNuGetPackages\SunamoFileSystem\SunamoFileSystem\FS.cs(2621,76): warning CS1573: Parameter 'path' has no matching param tag in the XML comment for 'FS.CopyMoveAllFilesRecursively(ILogger, string, string, FileMoveCollisionOption, bool, string, SearchOption)' (but other parameters do) [E:\vs\Projects\PlatformIndependentNuGetPackages\SunamoFileSystem\SunamoFileSystem\SunamoFileSystem.csproj::TargetFramework=net9.0]
E:\vs\Projects\PlatformIndependentNuGetPackages\SunamoFileSystem\SunamoFileSystem\FS.cs(2621,117): warning CS1573: Parameter 'collisionOption' has no matching param tag in the XML comment for 'FS.CopyMoveAllFilesRecursively(ILogger, string, string, FileMoveCollisionOption, bool, string, SearchOption)' (but other parameters do) [E:\vs\Projects\PlatformIndependentNuGetPackages\SunamoFileSystem\SunamoFileSystem\SunamoFileSystem.csproj::TargetFramework=net9.0]
E:\vs\Projects\PlatformIndependentNuGetPackages\SunamoFileSystem\SunamoFileSystem\FS.cs(2621,139): warning CS1573: Parameter 'move' has no matching param tag in the XML comment for 'FS.CopyMoveAllFilesRecursively(ILogger, string, string, FileMoveCollisionOption, bool, string, SearchOption)' (but other parameters do) [E:\vs\Projects\PlatformIndependentNuGetPackages\SunamoFileSystem\SunamoFileSystem\SunamoFileSystem.csproj::TargetFramework=net9.0]
E:\vs\Projects\PlatformIndependentNuGetPackages\SunamoFileSystem\SunamoFileSystem\FS.cs(2622,43): warning CS1573: Parameter 'so' has no matching param tag in the XML comment for 'FS.CopyMoveAllFilesRecursively(ILogger, string, string, FileMoveCollisionOption, bool, string, SearchOption)' (but other parameters do) [E:\vs\Projects\PlatformIndependentNuGetPackages\SunamoFileSystem\SunamoFileSystem\SunamoFileSystem.csproj::TargetFramework=net9.0]
E:\vs\Projects\PlatformIndependentNuGetPackages\SunamoFileSystem\SunamoFileSystem\FS.cs(2648,9): warning CS1591: Missing XML comment for publicly visible type or member 'FS.CopyFile(ILogger, string, string, FileMoveCollisionOption, bool)' [E:\vs\Projects\PlatformIndependentNuGetPackages\SunamoFileSystem\SunamoFileSystem\SunamoFileSystem.csproj::TargetFramework=net9.0]
E:\vs\Projects\PlatformIndependentNuGetPackages\SunamoFileSystem\SunamoFileSystem\FS.cs(2669,22): warning CS1572: XML comment has a param tag for 'v', but there is no parameter by that name [E:\vs\Projects\PlatformIndependentNuGetPackages\SunamoFileSystem\SunamoFileSystem\SunamoFileSystem.csproj::TargetFramework=net9.0]
E:\vs\Projects\PlatformIndependentNuGetPackages\SunamoFileSystem\SunamoFileSystem\FS.cs(2670,41): warning CS1573: Parameter 'logger' has no matching param tag in the XML comment for 'FS.CopyFile(ILogger, string, string, bool)' (but other parameters do) [E:\vs\Projects\PlatformIndependentNuGetPackages\SunamoFileSystem\SunamoFileSystem\SunamoFileSystem.csproj::TargetFramework=net9.0]
E:\vs\Projects\PlatformIndependentNuGetPackages\SunamoFileSystem\SunamoFileSystem\FS.cs(2670,72): warning CS1573: Parameter 'value' has no matching param tag in the XML comment for 'FS.CopyFile(ILogger, string, string, bool)' (but other parameters do) [E:\vs\Projects\PlatformIndependentNuGetPackages\SunamoFileSystem\SunamoFileSystem\SunamoFileSystem.csproj::TargetFramework=net9.0]
E:\vs\Projects\PlatformIndependentNuGetPackages\SunamoFileSystem\SunamoFileSystem\FS.cs(2670,84): warning CS1573: Parameter 'terminateProcessIfIsInUsed' has no matching param tag in the XML comment for 'FS.CopyFile(ILogger, string, string, bool)' (but other parameters do) [E:\vs\Projects\PlatformIndependentNuGetPackages\SunamoFileSystem\SunamoFileSystem\SunamoFileSystem.csproj::TargetFramework=net9.0]
E:\vs\Projects\PlatformIndependentNuGetPackages\SunamoFileSystem\SunamoFileSystem\FS.cs(2702,24): warning CS1591: Missing XML comment for publicly visible type or member 'FS.CopyFile(string, string, FileMoveCollisionOption)' [E:\vs\Projects\PlatformIndependentNuGetPackages\SunamoFileSystem\SunamoFileSystem\SunamoFileSystem.csproj::TargetFramework=net9.0]
E:\vs\Projects\PlatformIndependentNuGetPackages\SunamoFileSystem\SunamoFileSystem\FS.cs(2711,28): warning CS1591: Missing XML comment for publicly visible type or member 'FS.LastModified(string)' [E:\vs\Projects\PlatformIndependentNuGetPackages\SunamoFileSystem\SunamoFileSystem\SunamoFileSystem.csproj::TargetFramework=net9.0]
E:\vs\Projects\PlatformIndependentNuGetPackages\SunamoFileSystem\SunamoFileSystem\FS.cs(2720,24): warning CS1591: Missing XML comment for publicly visible type or member 'FS.TryDeleteDirectoryOrFile(string)' [E:\vs\Projects\PlatformIndependentNuGetPackages\SunamoFileSystem\SunamoFileSystem\SunamoFileSystem.csproj::TargetFramework=net9.0]
E:\vs\Projects\PlatformIndependentNuGetPackages\SunamoFileSystem\SunamoFileSystem\FS.cs(2809,22): warning CS1572: XML comment has a param tag for 'v', but there is no parameter by that name [E:\vs\Projects\PlatformIndependentNuGetPackages\SunamoFileSystem\SunamoFileSystem\SunamoFileSystem.csproj::TargetFramework=net9.0]
E:\vs\Projects\PlatformIndependentNuGetPackages\SunamoFileSystem\SunamoFileSystem\FS.cs(2811,50): warning CS1573: Parameter 'value' has no matching param tag in the XML comment for 'FS.TryDeleteDirectory(string)' (but other parameters do) [E:\vs\Projects\PlatformIndependentNuGetPackages\SunamoFileSystem\SunamoFileSystem\SunamoFileSystem.csproj::TargetFramework=net9.0]
E:\vs\Projects\PlatformIndependentNuGetPackages\SunamoFileSystem\SunamoFileSystem\FS.cs(2895,26): warning CS1591: Missing XML comment for publicly visible type or member 'FS.AllIncludeIfOnlyLetters(string)' [E:\vs\Projects\PlatformIndependentNuGetPackages\SunamoFileSystem\SunamoFileSystem\SunamoFileSystem.csproj::TargetFramework=net9.0]
E:\vs\Projects\PlatformIndependentNuGetPackages\SunamoFileSystem\SunamoFileSystem\FS.cs(2929,22): warning CS1572: XML comment has a param tag for 'fn', but there is no parameter by that name [E:\vs\Projects\PlatformIndependentNuGetPackages\SunamoFileSystem\SunamoFileSystem\SunamoFileSystem.csproj::TargetFramework=net9.0]
E:\vs\Projects\PlatformIndependentNuGetPackages\SunamoFileSystem\SunamoFileSystem\FS.cs(2931,62): warning CS1573: Parameter 'fileName' has no matching param tag in the XML comment for 'FS.GetFileSeries(string, string, string)' (but other parameters do) [E:\vs\Projects\PlatformIndependentNuGetPackages\SunamoFileSystem\SunamoFileSystem\SunamoFileSystem.csproj::TargetFramework=net9.0]
E:\vs\Projects\PlatformIndependentNuGetPackages\SunamoFileSystem\SunamoFileSystem\FS.cs(2995,22): warning CS1572: XML comment has a param tag for 'selectedFile', but there is no parameter by that name [E:\vs\Projects\PlatformIndependentNuGetPackages\SunamoFileSystem\SunamoFileSystem\SunamoFileSystem.csproj::TargetFramework=net9.0]
E:\vs\Projects\PlatformIndependentNuGetPackages\SunamoFileSystem\SunamoFileSystem\FS.cs(3044,52): warning CS1573: Parameter 'directoryPath' has no matching param tag in the XML comment for 'FS.ExistsDirectoryNull(string)' (but other parameters do) [E:\vs\Projects\PlatformIndependentNuGetPackages\SunamoFileSystem\SunamoFileSystem\SunamoFileSystem.csproj::TargetFramework=net9.0]
E:\vs\Projects\PlatformIndependentNuGetPackages\SunamoFileSystem\SunamoFileSystem\FS.cs(3048,25): warning CS1591: Missing XML comment for publicly visible type or member 'FS.ExistsDirectoryNull(string, bool)' [E:\vs\Projects\PlatformIndependentNuGetPackages\SunamoFileSystem\SunamoFileSystem\SunamoFileSystem.csproj::TargetFramework=net9.0]
E:\vs\Projects\PlatformIndependentNuGetPackages\SunamoFileSystem\SunamoFileSystem\FS.cs(3052,24): warning CS1591: Missing XML comment for publicly visible type or member 'FS.ExistsDirectory(string, bool)' [E:\vs\Projects\PlatformIndependentNuGetPackages\SunamoFileSystem\SunamoFileSystem\SunamoFileSystem.csproj::TargetFramework=net9.0]
E:\vs\Projects\PlatformIndependentNuGetPackages\SunamoFileSystem\SunamoFileSystem\FS.cs(3129,32): warning CS1591: Missing XML comment for publicly visible type or member 'FS.ToSearchOption(bool?)' [E:\vs\Projects\PlatformIndependentNuGetPackages\SunamoFileSystem\SunamoFileSystem\SunamoFileSystem.csproj::TargetFramework=net9.0]
E:\vs\Projects\PlatformIndependentNuGetPackages\SunamoFileSystem\SunamoFileSystem\FS.cs(3133,30): warning CS1591: Missing XML comment for publicly visible type or member 'FS.WriteAllText(string, string)' [E:\vs\Projects\PlatformIndependentNuGetPackages\SunamoFileSystem\SunamoFileSystem\SunamoFileSystem.csproj::TargetFramework=net9.0]
E:\vs\Projects\PlatformIndependentNuGetPackages\SunamoFileSystem\SunamoFileSystem\FS.cs(3137,24): warning CS1591: Missing XML comment for publicly visible type or member 'FS.IsAllInSameFolder(List<string>)' [E:\vs\Projects\PlatformIndependentNuGetPackages\SunamoFileSystem\SunamoFileSystem\SunamoFileSystem.csproj::TargetFramework=net9.0]
E:\vs\Projects\PlatformIndependentNuGetPackages\SunamoFileSystem\SunamoFileSystem\FS.cs(3148,24): warning CS1591: Missing XML comment for publicly visible type or member 'FS.CreateFileWithTemplateContent(string, string, string, string)' [E:\vs\Projects\PlatformIndependentNuGetPackages\SunamoFileSystem\SunamoFileSystem\SunamoFileSystem.csproj::TargetFramework=net9.0]
E:\vs\Projects\PlatformIndependentNuGetPackages\SunamoFileSystem\SunamoFileSystem\FS.cs(3158,24): warning CS1591: Missing XML comment for publicly visible type or member 'FS.ContainsInvalidFileNameChars(string)' [E:\vs\Projects\PlatformIndependentNuGetPackages\SunamoFileSystem\SunamoFileSystem\SunamoFileSystem.csproj::TargetFramework=net9.0]
E:\vs\Projects\PlatformIndependentNuGetPackages\SunamoFileSystem\SunamoFileSystem\FS.cs(3165,24): warning CS1591: Missing XML comment for publicly visible type or member 'FS.NumberByDateModified(ILogger, string, string, SearchOption)' [E:\vs\Projects\PlatformIndependentNuGetPackages\SunamoFileSystem\SunamoFileSystem\SunamoFileSystem.csproj::TargetFramework=net9.0]
E:\vs\Projects\PlatformIndependentNuGetPackages\SunamoFileSystem\SunamoFileSystem\FS.cs(3180,22): warning CS1572: XML comment has a param tag for 'rp', but there is no parameter by that name [E:\vs\Projects\PlatformIndependentNuGetPackages\SunamoFileSystem\SunamoFileSystem\SunamoFileSystem.csproj::TargetFramework=net9.0]
E:\vs\Projects\PlatformIndependentNuGetPackages\SunamoFileSystem\SunamoFileSystem\FS.cs(3182,50): warning CS1573: Parameter 'path' has no matching param tag in the XML comment for 'FS.GetDirectoryName(string)' (but other parameters do) [E:\vs\Projects\PlatformIndependentNuGetPackages\SunamoFileSystem\SunamoFileSystem\SunamoFileSystem.csproj::TargetFramework=net9.0]
E:\vs\Projects\PlatformIndependentNuGetPackages\SunamoFileSystem\SunamoFileSystem\FS.cs(3198,37): warning CS1591: Missing XML comment for publicly visible type or member 'FS.DetectPathDelimiter(string)' [E:\vs\Projects\PlatformIndependentNuGetPackages\SunamoFileSystem\SunamoFileSystem\SunamoFileSystem.csproj::TargetFramework=net9.0]
E:\vs\Projects\PlatformIndependentNuGetPackages\SunamoFileSystem\SunamoFileSystem\FS.cs(3205,24): warning CS1591: Missing XML comment for publicly visible type or member 'FS.DetectPathDelimiterChar(string)' [E:\vs\Projects\PlatformIndependentNuGetPackages\SunamoFileSystem\SunamoFileSystem\SunamoFileSystem.csproj::TargetFramework=net9.0]
E:\vs\Projects\PlatformIndependentNuGetPackages\SunamoFileSystem\SunamoFileSystem\FS.cs(3231,26): warning CS1591: Missing XML comment for publicly visible type or member 'FS.MakeUncLongPath(string)' [E:\vs\Projects\PlatformIndependentNuGetPackages\SunamoFileSystem\SunamoFileSystem\SunamoFileSystem.csproj::TargetFramework=net9.0]
E:\vs\Projects\PlatformIndependentNuGetPackages\SunamoFileSystem\SunamoFileSystem\FS.cs(3235,26): warning CS1591: Missing XML comment for publicly visible type or member 'FS.MakeUncLongPath(ref string)' [E:\vs\Projects\PlatformIndependentNuGetPackages\SunamoFileSystem\SunamoFileSystem\SunamoFileSystem.csproj::TargetFramework=net9.0]
E:\vs\Projects\PlatformIndependentNuGetPackages\SunamoFileSystem\SunamoFileSystem\FS.cs(3353,26): warning CS1591: Missing XML comment for publicly visible type or member 'FS.FirstCharUpper(ref string)' [E:\vs\Projects\PlatformIndependentNuGetPackages\SunamoFileSystem\SunamoFileSystem\SunamoFileSystem.csproj::TargetFramework=net9.0]
E:\vs\Projects\PlatformIndependentNuGetPackages\SunamoFileSystem\SunamoFileSystem\FS.cs(3358,26): warning CS1591: Missing XML comment for publicly visible type or member 'FS.FirstCharUpper(string, bool)' [E:\vs\Projects\PlatformIndependentNuGetPackages\SunamoFileSystem\SunamoFileSystem\SunamoFileSystem.csproj::TargetFramework=net9.0]
E:\vs\Projects\PlatformIndependentNuGetPackages\SunamoFileSystem\SunamoFileSystem\FS.cs(3372,22): warning CS1572: XML comment has a param tag for 'fn', but there is no parameter by that name [E:\vs\Projects\PlatformIndependentNuGetPackages\SunamoFileSystem\SunamoFileSystem\SunamoFileSystem.csproj::TargetFramework=net9.0]
E:\vs\Projects\PlatformIndependentNuGetPackages\SunamoFileSystem\SunamoFileSystem\FS.cs(3375,50): warning CS1573: Parameter 'filePath' has no matching param tag in the XML comment for 'FS.GetPathAndFileName(string, out string, out string)' (but other parameters do) [E:\vs\Projects\PlatformIndependentNuGetPackages\SunamoFileSystem\SunamoFileSystem\SunamoFileSystem.csproj::TargetFramework=net9.0]
E:\vs\Projects\PlatformIndependentNuGetPackages\SunamoFileSystem\SunamoFileSystem\FS.cs(3380,26): warning CS1591: Missing XML comment for publicly visible type or member 'FS.GetFileName(string)' [E:\vs\Projects\PlatformIndependentNuGetPackages\SunamoFileSystem\SunamoFileSystem\SunamoFileSystem.csproj::TargetFramework=net9.0]
E:\vs\Projects\PlatformIndependentNuGetPackages\SunamoFileSystem\SunamoFileSystem\FS.cs(3385,26): warning CS1591: Missing XML comment for publicly visible type or member 'FS.NormalizeExtension2(string)' [E:\vs\Projects\PlatformIndependentNuGetPackages\SunamoFileSystem\SunamoFileSystem\SunamoFileSystem.csproj::TargetFramework=net9.0]
E:\vs\Projects\PlatformIndependentNuGetPackages\SunamoFileSystem\SunamoFileSystem\FS.cs(3665,5): warning CS1587: XML comment is not placed on a valid language element [E:\vs\Projects\PlatformIndependentNuGetPackages\SunamoFileSystem\SunamoFileSystem\SunamoFileSystem.csproj::TargetFramework=net9.0]
E:\vs\Projects\PlatformIndependentNuGetPackages\SunamoFileSystem\SunamoFileSystem\FS.cs(3703,22): warning CS1572: XML comment has a param tag for 'fn', but there is no parameter by that name [E:\vs\Projects\PlatformIndependentNuGetPackages\SunamoFileSystem\SunamoFileSystem\SunamoFileSystem.csproj::TargetFramework=net9.0]
E:\vs\Projects\PlatformIndependentNuGetPackages\SunamoFileSystem\SunamoFileSystem\FS.cs(3704,22): warning CS1572: XML comment has a param tag for 'path', but there is no parameter by that name [E:\vs\Projects\PlatformIndependentNuGetPackages\SunamoFileSystem\SunamoFileSystem\SunamoFileSystem.csproj::TargetFramework=net9.0]
E:\vs\Projects\PlatformIndependentNuGetPackages\SunamoFileSystem\SunamoFileSystem\FS.cs(3705,22): warning CS1572: XML comment has a param tag for 'file', but there is no parameter by that name [E:\vs\Projects\PlatformIndependentNuGetPackages\SunamoFileSystem\SunamoFileSystem\SunamoFileSystem.csproj::TargetFramework=net9.0]
E:\vs\Projects\PlatformIndependentNuGetPackages\SunamoFileSystem\SunamoFileSystem\FS.cs(3767,51): warning CS1573: Parameter 'folder' has no matching param tag in the XML comment for 'FS.FilesWithSameName(string, string, SearchOption)' (but other parameters do) [E:\vs\Projects\PlatformIndependentNuGetPackages\SunamoFileSystem\SunamoFileSystem\SunamoFileSystem.csproj::TargetFramework=net9.0]
E:\vs\Projects\PlatformIndependentNuGetPackages\SunamoFileSystem\SunamoFileSystem\FS.cs(3767,66): warning CS1573: Parameter 'searchPattern' has no matching param tag in the XML comment for 'FS.FilesWithSameName(string, string, SearchOption)' (but other parameters do) [E:\vs\Projects\PlatformIndependentNuGetPackages\SunamoFileSystem\SunamoFileSystem\SunamoFileSystem.csproj::TargetFramework=net9.0]
E:\vs\Projects\PlatformIndependentNuGetPackages\SunamoFileSystem\SunamoFileSystem\FS.cs(3767,94): warning CS1573: Parameter 'searchOption' has no matching param tag in the XML comment for 'FS.FilesWithSameName(string, string, SearchOption)' (but other parameters do) [E:\vs\Projects\PlatformIndependentNuGetPackages\SunamoFileSystem\SunamoFileSystem\SunamoFileSystem.csproj::TargetFramework=net9.0]
E:\vs\Projects\PlatformIndependentNuGetPackages\SunamoFileSystem\SunamoFileSystem\FS.cs(3806,22): warning CS1572: XML comment has a param tag for 'p', but there is no parameter by that name [E:\vs\Projects\PlatformIndependentNuGetPackages\SunamoFileSystem\SunamoFileSystem\SunamoFileSystem.csproj::TargetFramework=net9.0]
E:\vs\Projects\PlatformIndependentNuGetPackages\SunamoFileSystem\SunamoFileSystem\FS.cs(3810,78): warning CS1573: Parameter 'a1IsWithPath' has no matching param tag in the XML comment for 'FS.GetNameWithoutSeriesNoOut(string, bool, SerieStyleFS)' (but other parameters do) [E:\vs\Projects\PlatformIndependentNuGetPackages\SunamoFileSystem\SunamoFileSystem\SunamoFileSystem.csproj::TargetFramework=net9.0]
E:\vs\Projects\PlatformIndependentNuGetPackages\SunamoFileSystem\SunamoFileSystem\FS.cs(3816,26): warning CS1591: Missing XML comment for publicly visible type or member 'FS.GetNameWithoutSeries(string, bool, out bool, SerieStyleFS)' [E:\vs\Projects\PlatformIndependentNuGetPackages\SunamoFileSystem\SunamoFileSystem\SunamoFileSystem.csproj::TargetFramework=net9.0]
E:\vs\Projects\PlatformIndependentNuGetPackages\SunamoFileSystem\SunamoFileSystem\FS.cs(3828,22): warning CS1572: XML comment has a param tag for 'p', but there is no parameter by that name [E:\vs\Projects\PlatformIndependentNuGetPackages\SunamoFileSystem\SunamoFileSystem\SunamoFileSystem.csproj::TargetFramework=net9.0]
E:\vs\Projects\PlatformIndependentNuGetPackages\SunamoFileSystem\SunamoFileSystem\FS.cs(3831,54): warning CS1573: Parameter 'path' has no matching param tag in the XML comment for 'FS.GetNameWithoutSeries(string, bool, out bool, SerieStyleFS, out int)' (but other parameters do) [E:\vs\Projects\PlatformIndependentNuGetPackages\SunamoFileSystem\SunamoFileSystem\SunamoFileSystem.csproj::TargetFramework=net9.0]
E:\vs\Projects\PlatformIndependentNuGetPackages\SunamoFileSystem\SunamoFileSystem\FS.cs(3831,111): warning CS1573: Parameter 'serieStyle' has no matching param tag in the XML comment for 'FS.GetNameWithoutSeries(string, bool, out bool, SerieStyleFS, out int)' (but other parameters do) [E:\vs\Projects\PlatformIndependentNuGetPackages\SunamoFileSystem\SunamoFileSystem\SunamoFileSystem.csproj::TargetFramework=net9.0]
E:\vs\Projects\PlatformIndependentNuGetPackages\SunamoFileSystem\SunamoFileSystem\FS.cs(3832,17): warning CS1573: Parameter 'serie' has no matching param tag in the XML comment for 'FS.GetNameWithoutSeries(string, bool, out bool, SerieStyleFS, out int)' (but other parameters do) [E:\vs\Projects\PlatformIndependentNuGetPackages\SunamoFileSystem\SunamoFileSystem\SunamoFileSystem.csproj::TargetFramework=net9.0]
E:\vs\Projects\PlatformIndependentNuGetPackages\SunamoFileSystem\SunamoFileSystem\FS.cs(3903,26): warning CS1591: Missing XML comment for publicly visible type or member 'FS.RemoveSerieUnderscore(string)' [E:\vs\Projects\PlatformIndependentNuGetPackages\SunamoFileSystem\SunamoFileSystem\SunamoFileSystem.csproj::TargetFramework=net9.0]
E:\vs\Projects\PlatformIndependentNuGetPackages\SunamoFileSystem\SunamoFileSystem\FS.cs(3929,24): warning CS1591: Missing XML comment for publicly visible type or member 'FS.DeleteFile(string)' [E:\vs\Projects\PlatformIndependentNuGetPackages\SunamoFileSystem\SunamoFileSystem\SunamoFileSystem.csproj::TargetFramework=net9.0]
E:\vs\Projects\PlatformIndependentNuGetPackages\SunamoFileSystem\SunamoFileSystem\FS.cs(3955,22): warning CS1572: XML comment has a param tag for 'fn', but there is no parameter by that name [E:\vs\Projects\PlatformIndependentNuGetPackages\SunamoFileSystem\SunamoFileSystem\SunamoFileSystem.csproj::TargetFramework=net9.0]
E:\vs\Projects\PlatformIndependentNuGetPackages\SunamoFileSystem\SunamoFileSystem\FS.cs(3959,66): warning CS1573: Parameter 'filePath' has no matching param tag in the XML comment for 'FS.GetPathAndFileNameWithoutExtension(string, out string, out string, out string)' (but other parameters do) [E:\vs\Projects\PlatformIndependentNuGetPackages\SunamoFileSystem\SunamoFileSystem\SunamoFileSystem.csproj::TargetFramework=net9.0]
E:\vs\Projects\PlatformIndependentNuGetPackages\SunamoFileSystem\SunamoFileSystem\FS.cs(3965,26): warning CS1591: Missing XML comment for publicly visible type or member 'FS.PathWithoutExtension(string)' [E:\vs\Projects\PlatformIndependentNuGetPackages\SunamoFileSystem\SunamoFileSystem\SunamoFileSystem.csproj::TargetFramework=net9.0]
E:\vs\Projects\PlatformIndependentNuGetPackages\SunamoFileSystem\SunamoFileSystem\FS.cs(3971,26): warning CS1591: Missing XML comment for publicly visible type or member 'FS.GetFullPath(string)' [E:\vs\Projects\PlatformIndependentNuGetPackages\SunamoFileSystem\SunamoFileSystem\SunamoFileSystem.csproj::TargetFramework=net9.0]
E:\vs\Projects\PlatformIndependentNuGetPackages\SunamoFileSystem\SunamoFileSystem\FS.cs(3977,24): warning CS1591: Missing XML comment for publicly visible type or member 'FS.FileToDirectory(ref string)' [E:\vs\Projects\PlatformIndependentNuGetPackages\SunamoFileSystem\SunamoFileSystem\SunamoFileSystem.csproj::TargetFramework=net9.0]
E:\vs\Projects\PlatformIndependentNuGetPackages\SunamoFileSystem\SunamoFileSystem\FS.cs(4017,32): warning CS1591: Missing XML comment for publicly visible type or member 'FS.FilesWhichSurelyExists' [E:\vs\Projects\PlatformIndependentNuGetPackages\SunamoFileSystem\SunamoFileSystem\SunamoFileSystem.csproj::TargetFramework=net9.0]
E:\vs\Projects\PlatformIndependentNuGetPackages\SunamoFileSystem\SunamoFileSystem\FS.cs(4034,46): warning CS1573: Parameter 'falseIfSizeZeroOrEmpty' has no matching param tag in the XML comment for 'FS.ExistsFile(string, bool)' (but other parameters do) [E:\vs\Projects\PlatformIndependentNuGetPackages\SunamoFileSystem\SunamoFileSystem\SunamoFileSystem.csproj::TargetFramework=net9.0]
E:\vs\Projects\PlatformIndependentNuGetPackages\SunamoFileSystem\SunamoFileSystem\FS.cs(4072,22): warning CS1572: XML comment has a param tag for 'upFolderName', but there is no parameter by that name [E:\vs\Projects\PlatformIndependentNuGetPackages\SunamoFileSystem\SunamoFileSystem\SunamoFileSystem.csproj::TargetFramework=net9.0]
E:\vs\Projects\PlatformIndependentNuGetPackages\SunamoFileSystem\SunamoFileSystem\FS.cs(4073,22): warning CS1572: XML comment has a param tag for 'dirNameDecoded', but there is no parameter by that name [E:\vs\Projects\PlatformIndependentNuGetPackages\SunamoFileSystem\SunamoFileSystem\SunamoFileSystem.csproj::TargetFramework=net9.0]
E:\vs\Projects\PlatformIndependentNuGetPackages\SunamoFileSystem\SunamoFileSystem\FS.cs(4074,50): warning CS1573: Parameter 'parts' has no matching param tag in the XML comment for 'FS.Combine(params string[])' (but other parameters do) [E:\vs\Projects\PlatformIndependentNuGetPackages\SunamoFileSystem\SunamoFileSystem\SunamoFileSystem.csproj::TargetFramework=net9.0]
E:\vs\Projects\PlatformIndependentNuGetPackages\SunamoFileSystem\SunamoFileSystem\FS.cs(4079,26): warning CS1591: Missing XML comment for publicly visible type or member 'FS.CombineFile(params string[])' [E:\vs\Projects\PlatformIndependentNuGetPackages\SunamoFileSystem\SunamoFileSystem\SunamoFileSystem.csproj::TargetFramework=net9.0]
E:\vs\Projects\PlatformIndependentNuGetPackages\SunamoFileSystem\SunamoFileSystem\FS.cs(4083,26): warning CS1591: Missing XML comment for publicly visible type or member 'FS.CombineDir(params string[])' [E:\vs\Projects\PlatformIndependentNuGetPackages\SunamoFileSystem\SunamoFileSystem\SunamoFileSystem.csproj::TargetFramework=net9.0]
E:\vs\Projects\PlatformIndependentNuGetPackages\SunamoFileSystem\SunamoFileSystem\FS.cs(4108,24): warning CS1591: Missing XML comment for publicly visible type or member 'FS.GetFolderSize(string)' [E:\vs\Projects\PlatformIndependentNuGetPackages\SunamoFileSystem\SunamoFileSystem\SunamoFileSystem.csproj::TargetFramework=net9.0]
E:\vs\Projects\PlatformIndependentNuGetPackages\SunamoFileSystem\SunamoFileSystem\FS.cs(4112,24): warning CS1591: Missing XML comment for publicly visible type or member 'FS.GetFolderSize(DirectoryInfo)' [E:\vs\Projects\PlatformIndependentNuGetPackages\SunamoFileSystem\SunamoFileSystem\SunamoFileSystem.csproj::TargetFramework=net9.0]
E:\vs\Projects\PlatformIndependentNuGetPackages\SunamoFileSystem\SunamoFileSystem\FS.cs(4142,52): warning CS1591: Missing XML comment for publicly visible type or member 'FS.GroupFilesByName(List<string>)' [E:\vs\Projects\PlatformIndependentNuGetPackages\SunamoFileSystem\SunamoFileSystem\SunamoFileSystem.csproj::TargetFramework=net9.0]
E:\vs\Projects\PlatformIndependentNuGetPackages\SunamoFileSystem\SunamoFileSystem\FS.cs(4148,26): warning CS1591: Missing XML comment for publicly visible type or member 'FS.BasePath(List<string>, string)' [E:\vs\Projects\PlatformIndependentNuGetPackages\SunamoFileSystem\SunamoFileSystem\SunamoFileSystem.csproj::TargetFramework=net9.0]
E:\vs\Projects\PlatformIndependentNuGetPackages\SunamoFileSystem\SunamoFileSystem\FS.cs(4155,24): warning CS1591: Missing XML comment for publicly visible type or member 'FS.HasAnyFoldersOrFiles(string)' [E:\vs\Projects\PlatformIndependentNuGetPackages\SunamoFileSystem\SunamoFileSystem\SunamoFileSystem.csproj::TargetFramework=net9.0]
E:\vs\Projects\PlatformIndependentNuGetPackages\SunamoFileSystem\SunamoFileSystem\FS.cs(4160,24): warning CS1591: Missing XML comment for publicly visible type or member 'FS.MoveDirectoryNoRecursive(string, string, DirectoryMoveCollisionOption, object)' [E:\vs\Projects\PlatformIndependentNuGetPackages\SunamoFileSystem\SunamoFileSystem\SunamoFileSystem.csproj::TargetFramework=net9.0]
E:\vs\Projects\PlatformIndependentNuGetPackages\SunamoFileSystem\SunamoFileSystem\SerieStyleFS.cs(25,5): warning CS1591: Missing XML comment for publicly visible type or member 'SerieStyleFS.All' [E:\vs\Projects\PlatformIndependentNuGetPackages\SunamoFileSystem\SunamoFileSystem\SunamoFileSystem.csproj::TargetFramework=net9.0]
E:\vs\Projects\PlatformIndependentNuGetPackages\SunamoFileSystem\SunamoFileSystem\Services\PathFormatDetectorService.cs(4,14): warning CS1591: Missing XML comment for publicly visible type or member 'PathFormatDetectorService' [E:\vs\Projects\PlatformIndependentNuGetPackages\SunamoFileSystem\SunamoFileSystem\SunamoFileSystem.csproj::TargetFramework=net9.0]
E:\vs\Projects\PlatformIndependentNuGetPackages\SunamoFileSystem\SunamoFileSystem\Services\PathFormatDetectorService.cs(4,14): warning CS1591: Missing XML comment for publicly visible type or member 'PathFormatDetectorService.PathFormatDetectorService(ILogger)' [E:\vs\Projects\PlatformIndependentNuGetPackages\SunamoFileSystem\SunamoFileSystem\SunamoFileSystem.csproj::TargetFramework=net9.0]
E:\vs\Projects\PlatformIndependentNuGetPackages\SunamoFileSystem\SunamoFileSystem\Services\PathFormatDetectorService.cs(6,17): warning CS1591: Missing XML comment for publicly visible type or member 'PathFormatDetectorService.IsWindowsPathFormat(string)' [E:\vs\Projects\PlatformIndependentNuGetPackages\SunamoFileSystem\SunamoFileSystem\SunamoFileSystem.csproj::TargetFramework=net9.0]
E:\vs\Projects\PlatformIndependentNuGetPackages\SunamoFileSystem\SunamoFileSystem\_public\SunamoCollectionsGeneric\Collections\FsWatcherDictionary.cs(4,14): warning CS1591: Missing XML comment for publicly visible type or member 'FsWatcherDictionary<T, U>' [E:\vs\Projects\PlatformIndependentNuGetPackages\SunamoFileSystem\SunamoFileSystem\SunamoFileSystem.csproj::TargetFramework=net9.0]
E:\vs\Projects\PlatformIndependentNuGetPackages\SunamoFileSystem\SunamoFileSystem\_public\SunamoCollectionsGeneric\Collections\FsWatcherDictionary.cs(9,14): warning CS1591: Missing XML comment for publicly visible type or member 'FsWatcherDictionary<T, U>.this[T]' [E:\vs\Projects\PlatformIndependentNuGetPackages\SunamoFileSystem\SunamoFileSystem\SunamoFileSystem.csproj::TargetFramework=net9.0]
E:\vs\Projects\PlatformIndependentNuGetPackages\SunamoFileSystem\SunamoFileSystem\_public\SunamoCollectionsGeneric\Collections\FsWatcherDictionary.cs(19,27): warning CS1591: Missing XML comment for publicly visible type or member 'FsWatcherDictionary<T, U>.Keys' [E:\vs\Projects\PlatformIndependentNuGetPackages\SunamoFileSystem\SunamoFileSystem\SunamoFileSystem.csproj::TargetFramework=net9.0]
E:\vs\Projects\PlatformIndependentNuGetPackages\SunamoFileSystem\SunamoFileSystem\_public\SunamoCollectionsGeneric\Collections\FsWatcherDictionary.cs(20,27): warning CS1591: Missing XML comment for publicly visible type or member 'FsWatcherDictionary<T, U>.Values' [E:\vs\Projects\PlatformIndependentNuGetPackages\SunamoFileSystem\SunamoFileSystem\SunamoFileSystem.csproj::TargetFramework=net9.0]
E:\vs\Projects\PlatformIndependentNuGetPackages\SunamoFileSystem\SunamoFileSystem\_public\SunamoCollectionsGeneric\Collections\FsWatcherDictionary.cs(21,16): warning CS1591: Missing XML comment for publicly visible type or member 'FsWatcherDictionary<T, U>.Count' [E:\vs\Projects\PlatformIndependentNuGetPackages\SunamoFileSystem\SunamoFileSystem\SunamoFileSystem.csproj::TargetFramework=net9.0]
E:\vs\Projects\PlatformIndependentNuGetPackages\SunamoFileSystem\SunamoFileSystem\_public\SunamoCollectionsGeneric\Collections\FsWatcherDictionary.cs(22,17): warning CS1591: Missing XML comment for publicly visible type or member 'FsWatcherDictionary<T, U>.IsReadOnly' [E:\vs\Projects\PlatformIndependentNuGetPackages\SunamoFileSystem\SunamoFileSystem\SunamoFileSystem.csproj::TargetFramework=net9.0]
E:\vs\Projects\PlatformIndependentNuGetPackages\SunamoFileSystem\SunamoFileSystem\_public\SunamoCollectionsGeneric\Collections\FsWatcherDictionary.cs(24,17): warning CS1591: Missing XML comment for publicly visible type or member 'FsWatcherDictionary<T, U>.Add(T, U)' [E:\vs\Projects\PlatformIndependentNuGetPackages\SunamoFileSystem\SunamoFileSystem\SunamoFileSystem.csproj::TargetFramework=net9.0]
E:\vs\Projects\PlatformIndependentNuGetPackages\SunamoFileSystem\SunamoFileSystem\_public\SunamoCollectionsGeneric\Collections\FsWatcherDictionary.cs(32,17): warning CS1591: Missing XML comment for publicly visible type or member 'FsWatcherDictionary<T, U>.Add(KeyValuePair<T, U>)' [E:\vs\Projects\PlatformIndependentNuGetPackages\SunamoFileSystem\SunamoFileSystem\SunamoFileSystem.csproj::TargetFramework=net9.0]
E:\vs\Projects\PlatformIndependentNuGetPackages\SunamoFileSystem\SunamoFileSystem\_public\SunamoCollectionsGeneric\Collections\FsWatcherDictionary.cs(37,17): warning CS1591: Missing XML comment for publicly visible type or member 'FsWatcherDictionary<T, U>.Clear()' [E:\vs\Projects\PlatformIndependentNuGetPackages\SunamoFileSystem\SunamoFileSystem\SunamoFileSystem.csproj::TargetFramework=net9.0]
E:\vs\Projects\PlatformIndependentNuGetPackages\SunamoFileSystem\SunamoFileSystem\_public\SunamoCollectionsGeneric\Collections\FsWatcherDictionary.cs(42,17): warning CS1591: Missing XML comment for publicly visible type or member 'FsWatcherDictionary<T, U>.Contains(KeyValuePair<T, U>)' [E:\vs\Projects\PlatformIndependentNuGetPackages\SunamoFileSystem\SunamoFileSystem\SunamoFileSystem.csproj::TargetFramework=net9.0]
E:\vs\Projects\PlatformIndependentNuGetPackages\SunamoFileSystem\SunamoFileSystem\_public\SunamoCollectionsGeneric\Collections\FsWatcherDictionary.cs(47,17): warning CS1591: Missing XML comment for publicly visible type or member 'FsWatcherDictionary<T, U>.ContainsKey(T)' [E:\vs\Projects\PlatformIndependentNuGetPackages\SunamoFileSystem\SunamoFileSystem\SunamoFileSystem.csproj::TargetFramework=net9.0]
E:\vs\Projects\PlatformIndependentNuGetPackages\SunamoFileSystem\SunamoFileSystem\_public\SunamoCollectionsGeneric\Collections\FsWatcherDictionary.cs(52,17): warning CS1591: Missing XML comment for publicly visible type or member 'FsWatcherDictionary<T, U>.CopyTo(KeyValuePair<T, U>[], int)' [E:\vs\Projects\PlatformIndependentNuGetPackages\SunamoFileSystem\SunamoFileSystem\SunamoFileSystem.csproj::TargetFramework=net9.0]
E:\vs\Projects\PlatformIndependentNuGetPackages\SunamoFileSystem\SunamoFileSystem\_public\SunamoCollectionsGeneric\Collections\FsWatcherDictionary.cs(57,44): warning CS1591: Missing XML comment for publicly visible type or member 'FsWatcherDictionary<T, U>.GetEnumerator()' [E:\vs\Projects\PlatformIndependentNuGetPackages\SunamoFileSystem\SunamoFileSystem\SunamoFileSystem.csproj::TargetFramework=net9.0]
E:\vs\Projects\PlatformIndependentNuGetPackages\SunamoFileSystem\SunamoFileSystem\_public\SunamoCollectionsGeneric\Collections\FsWatcherDictionary.cs(62,17): warning CS1591: Missing XML comment for publicly visible type or member 'FsWatcherDictionary<T, U>.Remove(T)' [E:\vs\Projects\PlatformIndependentNuGetPackages\SunamoFileSystem\SunamoFileSystem\SunamoFileSystem.csproj::TargetFramework=net9.0]
E:\vs\Projects\PlatformIndependentNuGetPackages\SunamoFileSystem\SunamoFileSystem\_public\SunamoCollectionsGeneric\Collections\FsWatcherDictionary.cs(67,17): warning CS1591: Missing XML comment for publicly visible type or member 'FsWatcherDictionary<T, U>.Remove(KeyValuePair<T, U>)' [E:\vs\Projects\PlatformIndependentNuGetPackages\SunamoFileSystem\SunamoFileSystem\SunamoFileSystem.csproj::TargetFramework=net9.0]
E:\vs\Projects\PlatformIndependentNuGetPackages\SunamoFileSystem\SunamoFileSystem\_public\SunamoCollectionsGeneric\Collections\FsWatcherDictionary.cs(72,17): warning CS1591: Missing XML comment for publicly visible type or member 'FsWatcherDictionary<T, U>.TryGetValue(T, out U)' [E:\vs\Projects\PlatformIndependentNuGetPackages\SunamoFileSystem\SunamoFileSystem\SunamoFileSystem.csproj::TargetFramework=net9.0]
E:\vs\Projects\PlatformIndependentNuGetPackages\SunamoFileSystem\SunamoFileSystem\_public\SunamoEnums\Enums\AscDesc.cs(4,13): warning CS1591: Missing XML comment for publicly visible type or member 'AscDesc' [E:\vs\Projects\PlatformIndependentNuGetPackages\SunamoFileSystem\SunamoFileSystem\SunamoFileSystem.csproj::TargetFramework=net9.0]
E:\vs\Projects\PlatformIndependentNuGetPackages\SunamoFileSystem\SunamoFileSystem\_public\SunamoEnums\Enums\AscDesc.cs(6,5): warning CS1591: Missing XML comment for publicly visible type or member 'AscDesc.Asc' [E:\vs\Projects\PlatformIndependentNuGetPackages\SunamoFileSystem\SunamoFileSystem\SunamoFileSystem.csproj::TargetFramework=net9.0]
E:\vs\Projects\PlatformIndependentNuGetPackages\SunamoFileSystem\SunamoFileSystem\_public\SunamoEnums\Enums\AscDesc.cs(7,5): warning CS1591: Missing XML comment for publicly visible type or member 'AscDesc.Desc' [E:\vs\Projects\PlatformIndependentNuGetPackages\SunamoFileSystem\SunamoFileSystem\SunamoFileSystem.csproj::TargetFramework=net9.0]
E:\vs\Projects\PlatformIndependentNuGetPackages\SunamoFileSystem\SunamoFileSystem\_public\SunamoEnums\Enums\DirectoryCreateCollisionOption.cs(4,13): warning CS1591: Missing XML comment for publicly visible type or member 'DirectoryCreateCollisionOption' [E:\vs\Projects\PlatformIndependentNuGetPackages\SunamoFileSystem\SunamoFileSystem\SunamoFileSystem.csproj::TargetFramework=net9.0]
E:\vs\Projects\PlatformIndependentNuGetPackages\SunamoFileSystem\SunamoFileSystem\_public\SunamoEnums\Enums\DirectoryCreateCollisionOption.cs(6,5): warning CS1591: Missing XML comment for publicly visible type or member 'DirectoryCreateCollisionOption.Delete' [E:\vs\Projects\PlatformIndependentNuGetPackages\SunamoFileSystem\SunamoFileSystem\SunamoFileSystem.csproj::TargetFramework=net9.0]
E:\vs\Projects\PlatformIndependentNuGetPackages\SunamoFileSystem\SunamoFileSystem\_public\SunamoEnums\Enums\DirectoryCreateCollisionOption.cs(7,5): warning CS1591: Missing XML comment for publicly visible type or member 'DirectoryCreateCollisionOption.Overwrite' [E:\vs\Projects\PlatformIndependentNuGetPackages\SunamoFileSystem\SunamoFileSystem\SunamoFileSystem.csproj::TargetFramework=net9.0]
E:\vs\Projects\PlatformIndependentNuGetPackages\SunamoFileSystem\SunamoFileSystem\_public\SunamoEnums\Enums\DirectoryCreateCollisionOption.cs(8,5): warning CS1591: Missing XML comment for publicly visible type or member 'DirectoryCreateCollisionOption.AddSerie' [E:\vs\Projects\PlatformIndependentNuGetPackages\SunamoFileSystem\SunamoFileSystem\SunamoFileSystem.csproj::TargetFramework=net9.0]
E:\vs\Projects\PlatformIndependentNuGetPackages\SunamoFileSystem\SunamoFileSystem\_public\SunamoEnums\Enums\EnvironmentVariables.cs(4,13): warning CS1591: Missing XML comment for publicly visible type or member 'EnvironmentVariables' [E:\vs\Projects\PlatformIndependentNuGetPackages\SunamoFileSystem\SunamoFileSystem\SunamoFileSystem.csproj::TargetFramework=net9.0]
E:\vs\Projects\PlatformIndependentNuGetPackages\SunamoFileSystem\SunamoFileSystem\_public\SunamoEnums\Enums\EnvironmentVariables.cs(6,5): warning CS1591: Missing XML comment for publicly visible type or member 'EnvironmentVariables.userprofile' [E:\vs\Projects\PlatformIndependentNuGetPackages\SunamoFileSystem\SunamoFileSystem\SunamoFileSystem.csproj::TargetFramework=net9.0]
E:\vs\Projects\PlatformIndependentNuGetPackages\SunamoFileSystem\SunamoFileSystem\_sunamo\SunamoDictionary\DictionaryHelper.cs(29,22): warning CS1572: XML comment has a param tag for 'sl', but there is no parameter by that name [E:\vs\Projects\PlatformIndependentNuGetPackages\SunamoFileSystem\SunamoFileSystem\SunamoFileSystem.csproj::TargetFramework=net9.0]
E:\vs\Projects\PlatformIndependentNuGetPackages\SunamoFileSystem\SunamoFileSystem\_sunamo\SunamoDictionary\DictionaryHelper.cs(32,91): warning CS1573: Parameter 'dictionary' has no matching param tag in the XML comment for 'DictionaryHelper.AddOrCreateIfDontExists<Key, Value>(Dictionary<Key, List<Value>>, Key, Value)' (but other parameters do) [E:\vs\Projects\PlatformIndependentNuGetPackages\SunamoFileSystem\SunamoFileSystem\SunamoFileSystem.csproj::TargetFramework=net9.0]
E:\vs\Projects\PlatformIndependentNuGetPackages\SunamoFileSystem\SunamoFileSystem\_sunamo\SunamoDictionary\DictionaryHelper.cs(57,22): warning CS1572: XML comment has a param tag for 'sl', but there is no parameter by that name [E:\vs\Projects\PlatformIndependentNuGetPackages\SunamoFileSystem\SunamoFileSystem\SunamoFileSystem.csproj::TargetFramework=net9.0]
E:\vs\Projects\PlatformIndependentNuGetPackages\SunamoFileSystem\SunamoFileSystem\_sunamo\SunamoDictionary\DictionaryHelper.cs(60,89): warning CS1573: Parameter 'dictionary' has no matching param tag in the XML comment for 'DictionaryHelper.AddOrCreate<Key, Value, ColType>(IDictionary<Key, List<Value>>, Key, Value, bool, Dictionary<Key, List<string>>?)' (but other parameters do) [E:\vs\Projects\PlatformIndependentNuGetPackages\SunamoFileSystem\SunamoFileSystem\SunamoFileSystem.csproj::TargetFramework=net9.0]
E:\vs\Projects\PlatformIndependentNuGetPackages\SunamoFileSystem\SunamoFileSystem\_sunamo\SunamoDictionary\DictionaryHelper.cs(61,14): warning CS1573: Parameter 'withoutDuplicitiesInValue' has no matching param tag in the XML comment for 'DictionaryHelper.AddOrCreate<Key, Value, ColType>(IDictionary<Key, List<Value>>, Key, Value, bool, Dictionary<Key, List<string>>?)' (but other parameters do) [E:\vs\Projects\PlatformIndependentNuGetPackages\SunamoFileSystem\SunamoFileSystem\SunamoFileSystem.csproj::TargetFramework=net9.0]
E:\vs\Projects\PlatformIndependentNuGetPackages\SunamoFileSystem\SunamoFileSystem\_sunamo\SunamoDictionary\DictionaryHelper.cs(61,80): warning CS1573: Parameter 'stringDict' has no matching param tag in the XML comment for 'DictionaryHelper.AddOrCreate<Key, Value, ColType>(IDictionary<Key, List<Value>>, Key, Value, bool, Dictionary<Key, List<string>>?)' (but other parameters do) [E:\vs\Projects\PlatformIndependentNuGetPackages\SunamoFileSystem\SunamoFileSystem\SunamoFileSystem.csproj::TargetFramework=net9.0]
E:\vs\Projects\PlatformIndependentNuGetPackages\SunamoFileSystem\SunamoFileSystem\_sunamo\SunamoGetFiles\FSGetFiles.cs(53,22): warning CS1572: XML comment has a param tag for 'ask', but there is no parameter by that name [E:\vs\Projects\PlatformIndependentNuGetPackages\SunamoFileSystem\SunamoFileSystem\SunamoFileSystem.csproj::TargetFramework=net9.0]
E:\vs\Projects\PlatformIndependentNuGetPackages\SunamoFileSystem\SunamoFileSystem\_sunamo\SunamoGetFiles\FSGetFiles.cs(55,22): warning CS1572: XML comment has a param tag for '_trimA1', but there is no parameter by that name [E:\vs\Projects\PlatformIndependentNuGetPackages\SunamoFileSystem\SunamoFileSystem\SunamoFileSystem.csproj::TargetFramework=net9.0]
E:\vs\Projects\PlatformIndependentNuGetPackages\SunamoFileSystem\SunamoFileSystem\_sunamo\SunamoGetFiles\FSGetFiles.cs(56,76): warning CS1573: Parameter 'mask' has no matching param tag in the XML comment for 'FSGetFiles.GetFilesEveryFolder(string, string, SearchOption, GetFilesEveryFolderArgsFS)' (but other parameters do) [E:\vs\Projects\PlatformIndependentNuGetPackages\SunamoFileSystem\SunamoFileSystem\SunamoFileSystem.csproj::TargetFramework=net9.0]
E:\vs\Projects\PlatformIndependentNuGetPackages\SunamoFileSystem\SunamoFileSystem\_sunamo\SunamoGetFiles\FSGetFiles.cs(57,35): warning CS1573: Parameter 'e' has no matching param tag in the XML comment for 'FSGetFiles.GetFilesEveryFolder(string, string, SearchOption, GetFilesEveryFolderArgsFS)' (but other parameters do) [E:\vs\Projects\PlatformIndependentNuGetPackages\SunamoFileSystem\SunamoFileSystem\SunamoFileSystem.csproj::TargetFramework=net9.0]
E:\vs\Projects\PlatformIndependentNuGetPackages\SunamoFileSystem\SunamoFileSystem\_sunamo\SunamoGetFiles\FSGetFiles.cs(202,22): warning CS1572: XML comment has a param tag for 'folder', but there is no parameter by that name [E:\vs\Projects\PlatformIndependentNuGetPackages\SunamoFileSystem\SunamoFileSystem\SunamoFileSystem.csproj::TargetFramework=net9.0]
E:\vs\Projects\PlatformIndependentNuGetPackages\SunamoFileSystem\SunamoFileSystem\_sunamo\SunamoGetFiles\FSGetFiles.cs(205,50): warning CS1573: Parameter 'folder2' has no matching param tag in the XML comment for 'FSGetFiles.GetFiles(string, string, SearchOption, GetFilesArgsFS)' (but other parameters do) [E:\vs\Projects\PlatformIndependentNuGetPackages\SunamoFileSystem\SunamoFileSystem\SunamoFileSystem.csproj::TargetFramework=net9.0]
E:\vs\Projects\PlatformIndependentNuGetPackages\SunamoFileSystem\SunamoFileSystem\_sunamo\SunamoGetFiles\FSGetFiles.cs(206,24): warning CS1573: Parameter 'a' has no matching param tag in the XML comment for 'FSGetFiles.GetFiles(string, string, SearchOption, GetFilesArgsFS)' (but other parameters do) [E:\vs\Projects\PlatformIndependentNuGetPackages\SunamoFileSystem\SunamoFileSystem\SunamoFileSystem.csproj::TargetFramework=net9.0]
E:\vs\Projects\PlatformIndependentNuGetPackages\SunamoFileSystem\SunamoFileSystem\_sunamo\SunamoGetFolders\FSGetFolders.cs(69,22): warning CS1572: XML comment has a param tag for 'mask', but there is no parameter by that name [E:\vs\Projects\PlatformIndependentNuGetPackages\SunamoFileSystem\SunamoFileSystem\SunamoFileSystem.csproj::TargetFramework=net9.0]
E:\vs\Projects\PlatformIndependentNuGetPackages\SunamoFileSystem\SunamoFileSystem\_sunamo\SunamoGetFolders\FSGetFolders.cs(70,86): warning CS1573: Parameter 'e' has no matching param tag in the XML comment for 'FSGetFolders.GetFoldersEveryFolder(string, GetFilesArgsFS)' (but other parameters do) [E:\vs\Projects\PlatformIndependentNuGetPackages\SunamoFileSystem\SunamoFileSystem\SunamoFileSystem.csproj::TargetFramework=net9.0]
E:\vs\Projects\PlatformIndependentNuGetPackages\SunamoFileSystem\SunamoFileSystem\FS.cs(556,13): warning CS1587: XML comment is not placed on a valid language element [E:\vs\Projects\PlatformIndependentNuGetPackages\SunamoFileSystem\SunamoFileSystem\SunamoFileSystem.csproj::TargetFramework=net9.0]
    1269 Warning(s)
    0 Error(s)

Time Elapsed 00:00:11.60
